#
# There is insufficient memory for the Java Runtime Environment to continue.
# Native memory allocation (malloc) failed to allocate 1048576 bytes. Error detail: AllocateHeap
# Possible reasons:
#   The system is out of physical RAM or swap space
# Possible solutions:
#   Reduce memory load on the system
#   Increase physical memory or swap space
#   Check if swap backing store is full
#   Decrease Java heap size (-Xmx/-Xms)
#   Decrease number of Java threads
#   Decrease Java thread stack sizes (-Xss)
#   Set larger code cache with -XX:ReservedCodeCacheSize=
# This output file may be truncated or incomplete.
#
#  Out of Memory Error (allocation.cpp:44), pid=26192, tid=9720
#
# JRE version: OpenJDK Runtime Environment Temurin-21.0.12.1+1 (21.0.12.1+1) (build 21.0.12.1+1-LTS)
# Java VM: OpenJDK 64-Bit Server VM Temurin-21.0.12.1+1 (21.0.12.1+1-LTS, mixed mode, sharing, tiered, compressed class ptrs, parallel gc, windows-amd64)
# No core dump will be written. Minidumps are not enabled by default on client versions of Windows
#

---------------  S U M M A R Y ------------

Command Line: --add-modules=ALL-SYSTEM --add-opens=java.base/java.util=ALL-UNNAMED --add-opens=java.base/java.lang=ALL-UNNAMED --add-opens=java.base/sun.nio.fs=ALL-UNNAMED -Declipse.application=org.eclipse.jdt.ls.core.id1 -Dosgi.bundles.defaultStartLevel=4 -Declipse.product=org.eclipse.jdt.ls.core.product -Djava.import.generatesMetadataFilesAtProjectRoot=false -Dm2e.project.cache.size=50 -DDetectVMInstallationsJob.disabled=true -Dfile.encoding=utf8 -XX:+UseParallelGC -XX:GCTimeRatio=4 -XX:AdaptiveSizePolicyWeight=90 -Dsun.zip.disableMemoryMapping=true -Xmx32G -Xms100m -Xlog:disable -javaagent:c:\Users\user\.vscode\extensions\redhat.java-1.56.0-win32-x64\lombok\lombok-1.18.39-4050.jar -XX:+HeapDumpOnOutOfMemoryError -XX:HeapDumpPath=c:\Users\user\AppData\Roaming\Code\User\workspaceStorage\9d9156ffb6426d8458dc70a5770c4c03\redhat.java -Daether.dependencyCollector.impl=bf c:\Users\user\.vscode\extensions\redhat.java-1.56.0-win32-x64\server\plugins\org.eclipse.equinox.launcher_1.8.0.v20260804-1928.jar -configuration c:\Users\user\AppData\Roaming\Code\User\globalStorage\redhat.java\1.56.0\config_win -data c:\Users\user\AppData\Roaming\Code\User\workspaceStorage\9d9156ffb6426d8458dc70a5770c4c03\redhat.java\jdt_ws --stdio

Host: AMD Ryzen 3 3250U with Radeon Graphics         , 4 cores, 17G,  Windows 11 , 64 bit Build 26100 (10.0.26100.9444)
Time: Wed Sep 23 20:32:37 2026 Hora est. Pacífico, Sudamérica elapsed time: 2674.684364 seconds (0d 0h 44m 34s)

---------------  T H R E A D  ---------------

Current thread (0x0000027de24830b0):  JavaThread "Attach Listener" daemon [_thread_in_vm, id=9720, stack(0x000000f9ba600000,0x000000f9ba700000) (1024K)]

Stack: [0x000000f9ba600000,0x000000f9ba700000]
Native frames: (J=compiled Java code, j=interpreted, Vv=VM code, C=native code)
V  [jvm.dll+0x6d83e9]
V  [jvm.dll+0x8b5736]
V  [jvm.dll+0x8b7cee]
V  [jvm.dll+0x8b83d3]
V  [jvm.dll+0x284596]
V  [jvm.dll+0xc13c7]
V  [jvm.dll+0x6d8c99]
V  [jvm.dll+0x133616]
V  [jvm.dll+0x3f8aae]
V  [jvm.dll+0x8600cd]
V  [jvm.dll+0x6d6c1d]
C  [ucrtbase.dll+0x2cd30]
C  [KERNEL32.DLL+0x2cd87]
C  [ntdll.dll+0xacaec]


---------------  P R O C E S S  ---------------

Threads class SMR info:
_java_thread_list=0x0000027e2cf094c0, length=30, elements={
0x0000027583afdcd0, 0x0000027583bbb840, 0x0000027583bbde20, 0x0000027de2482420,
0x0000027de24830b0, 0x0000027de2483c10, 0x0000027de2484670, 0x0000027de24879d0,
0x0000027de2500c40, 0x0000027e243acf40, 0x0000027e2438ca20, 0x0000027e24907e40,
0x0000027e2447e890, 0x0000027e2462c9f0, 0x0000027e248033f0, 0x0000027e29502420,
0x0000027e2446fbd0, 0x0000027e245609a0, 0x0000027e24df23d0, 0x0000027e24df1d40,
0x0000027e2ad52d40, 0x0000027e2ad554a0, 0x0000027e2ad533d0, 0x0000027e2ad54780,
0x0000027e2ad56ee0, 0x0000027e35f51c80, 0x0000027e35f53030, 0x0000027e35f536c0,
0x0000027e35f564b0, 0x0000027e35f56b40
}

Java Threads: ( => current thread )
  0x0000027583afdcd0 JavaThread "main"                              [_thread_blocked, id=26928, stack(0x000000f9b9f00000,0x000000f9ba000000) (1024K)]
  0x0000027583bbb840 JavaThread "Reference Handler"          daemon [_thread_blocked, id=27940, stack(0x000000f9ba300000,0x000000f9ba400000) (1024K)]
  0x0000027583bbde20 JavaThread "Finalizer"                  daemon [_thread_blocked, id=18300, stack(0x000000f9ba400000,0x000000f9ba500000) (1024K)]
  0x0000027de2482420 JavaThread "Signal Dispatcher"          daemon [_thread_blocked, id=10232, stack(0x000000f9ba500000,0x000000f9ba600000) (1024K)]
=>0x0000027de24830b0 JavaThread "Attach Listener"            daemon [_thread_in_vm, id=9720, stack(0x000000f9ba600000,0x000000f9ba700000) (1024K)]
  0x0000027de2483c10 JavaThread "Service Thread"             daemon [_thread_blocked, id=4080, stack(0x000000f9ba700000,0x000000f9ba800000) (1024K)]
  0x0000027de2484670 JavaThread "Monitor Deflation Thread"   daemon [_thread_blocked, id=25284, stack(0x000000f9ba800000,0x000000f9ba900000) (1024K)]
  0x0000027de24879d0 JavaThread "C2 CompilerThread0"         daemon [_thread_blocked, id=18684, stack(0x000000f9ba900000,0x000000f9baa00000) (1024K)]
  0x0000027de2500c40 JavaThread "C1 CompilerThread0"         daemon [_thread_blocked, id=16792, stack(0x000000f9baa00000,0x000000f9bab00000) (1024K)]
  0x0000027e243acf40 JavaThread "Common-Cleaner"             daemon [_thread_blocked, id=12064, stack(0x000000f9bab00000,0x000000f9bac00000) (1024K)]
  0x0000027e2438ca20 JavaThread "Notification Thread"        daemon [_thread_blocked, id=25452, stack(0x000000f9bac00000,0x000000f9bad00000) (1024K)]
  0x0000027e24907e40 JavaThread "Active Thread: Equinox Container: a7c7b21e-8809-470a-8975-40fae9641d68"        [_thread_blocked, id=6872, stack(0x000000f9bb000000,0x000000f9bb100000) (1024K)]
  0x0000027e2447e890 JavaThread "Refresh Thread: Equinox Container: a7c7b21e-8809-470a-8975-40fae9641d68" daemon [_thread_blocked, id=28476, stack(0x000000f9bb100000,0x000000f9bb200000) (1024K)]
  0x0000027e2462c9f0 JavaThread "Framework Event Dispatcher: Equinox Container: a7c7b21e-8809-470a-8975-40fae9641d68" daemon [_thread_blocked, id=28356, stack(0x000000f9bb200000,0x000000f9bb300000) (1024K)]
  0x0000027e248033f0 JavaThread "Start Level: Equinox Container: a7c7b21e-8809-470a-8975-40fae9641d68" daemon [_thread_blocked, id=14976, stack(0x000000f9bb300000,0x000000f9bb400000) (1024K)]
  0x0000027e29502420 JavaThread "Bundle File Closer"         daemon [_thread_blocked, id=5100, stack(0x000000f9bb400000,0x000000f9bb500000) (1024K)]
  0x0000027e2446fbd0 JavaThread "SCR Component Actor"        daemon [_thread_blocked, id=26396, stack(0x000000f9bb500000,0x000000f9bb600000) (1024K)]
  0x0000027e245609a0 JavaThread "Worker-JM"                         [_thread_blocked, id=27492, stack(0x000000f9bb700000,0x000000f9bb800000) (1024K)]
  0x0000027e24df23d0 JavaThread "JNA Cleaner"                daemon [_thread_blocked, id=18884, stack(0x000000f9bb800000,0x000000f9bb900000) (1024K)]
  0x0000027e24df1d40 JavaThread "Java indexing"              daemon [_thread_blocked, id=20508, stack(0x000000f9bbe00000,0x000000f9bbf00000) (1024K)]
  0x0000027e2ad52d40 JavaThread "Worker-7"                          [_thread_blocked, id=27656, stack(0x000000f9bc200000,0x000000f9bc300000) (1024K)]
  0x0000027e2ad554a0 JavaThread "pool-2-thread-1"                   [_thread_blocked, id=18416, stack(0x000000f9bc400000,0x000000f9bc500000) (1024K)]
  0x0000027e2ad533d0 JavaThread "WorkspaceEventsHandler"            [_thread_blocked, id=15892, stack(0x000000f9bc600000,0x000000f9bc700000) (1024K)]
  0x0000027e2ad54780 JavaThread "pool-1-thread-1"                   [_thread_in_native, id=22104, stack(0x000000f9bc700000,0x000000f9bc800000) (1024K)]
  0x0000027e2ad56ee0 JavaThread "Timer-0"                           [_thread_blocked, id=25936, stack(0x000000f9bc800000,0x000000f9bc900000) (1024K)]
  0x0000027e35f51c80 JavaThread "Compiler Source File Reader" daemon [_thread_blocked, id=4976, stack(0x000000f9b9e00000,0x000000f9b9f00000) (1024K)]
  0x0000027e35f53030 JavaThread "Compiler Source File Reader" daemon [_thread_blocked, id=13396, stack(0x000000f9bba00000,0x000000f9bbb00000) (1024K)]
  0x0000027e35f536c0 JavaThread "Worker-9"                          [_thread_blocked, id=9684, stack(0x000000f9bbc00000,0x000000f9bbd00000) (1024K)]
  0x0000027e35f564b0 JavaThread "Compiler Class File Writer" daemon [_thread_blocked, id=13912, stack(0x000000f9bc900000,0x000000f9bca00000) (1024K)]
  0x0000027e35f56b40 JavaThread "Compiler Class File Writer" daemon [_thread_blocked, id=12868, stack(0x000000f9bca00000,0x000000f9bcb00000) (1024K)]
Total: 30

Other Threads:
  0x0000027583b9f6f0 VMThread "VM Thread"                           [id=16708, stack(0x000000f9ba200000,0x000000f9ba300000) (1024K)]
  0x0000027de241ca00 WatcherThread "VM Periodic Task Thread"        [id=22276, stack(0x000000f9ba100000,0x000000f9ba200000) (1024K)]
  0x0000027583b1bd50 WorkerThread "GC Thread#0"                     [id=25220, stack(0x000000f9ba000000,0x000000f9ba100000) (1024K)]
  0x0000027e244daf80 WorkerThread "GC Thread#1"                     [id=25384, stack(0x000000f9bad00000,0x000000f9bae00000) (1024K)]
  0x0000027e2460d310 WorkerThread "GC Thread#2"                     [id=28136, stack(0x000000f9bae00000,0x000000f9baf00000) (1024K)]
  0x0000027e244db730 WorkerThread "GC Thread#3"                     [id=26372, stack(0x000000f9baf00000,0x000000f9bb000000) (1024K)]
Total: 6

Threads with active compile tasks:
Total: 0

VM state: not at safepoint (normal execution)

VM Mutex/Monitor currently owned by a thread: None

OutOfMemory and StackOverflow Exception counts:
OutOfMemoryError java_heap_errors=1
LinkageErrors=150

CDS archive(s) mapped at: [0x0000027de3000000-0x0000027de3ba0000-0x0000027de3ba0000), size 12189696, SharedBaseAddress: 0x0000027de3000000, ArchiveRelocationMode: 1.
Compressed class space mapped at: 0x0000027de4000000-0x0000027e24000000, reserved size: 1073741824
Narrow klass base: 0x0000027de3000000, Narrow klass shift: 0, Narrow klass range: 0x100000000

GC Precious Log:
 CardTable entry size: 512
 CPUs: 4 total, 4 available
 Memory: 18369M
 Large Page Support: Disabled
 NUMA Support: Disabled
 Compressed Oops: Disabled
 Alignments: Space 512K, Generation 512K, Heap 2M
 Heap Min Capacity: 100M
 Heap Initial Capacity: 100M
 Heap Max Capacity: 32G
 Pre-touch: Disabled
 Parallel Workers: 4

Heap:
 PSYoungGen      total 9728K, used 7825K [0x0000027aecb80000, 0x0000027aedb80000, 0x0000027d97600000)
  eden space 3584K, 55% used [0x0000027aecb80000,0x0000027aecd71250,0x0000027aecf00000)
  from space 6144K, 94% used [0x0000027aecf00000,0x0000027aed4b32a8,0x0000027aed500000)
  to   space 6144K, 0% used [0x0000027aed580000,0x0000027aed580000,0x0000027aedb80000)
 ParOldGen       total 165376K, used 165304K [0x0000027597600000, 0x00000275a1780000, 0x0000027aecb80000)
  object space 165376K, 99% used [0x0000027597600000,0x00000275a176e118,0x00000275a1780000)
 Metaspace       used 84447K, committed 86144K, reserved 1179648K
  class space    used 9227K, committed 10048K, reserved 1048576K

Card table byte_map: [0x0000027d97600000,0x0000027d9b610000] _byte_map_base: 0x0000027c5c945000

Marking Bits: (ParMarkBitMap*) 0x00007ff99ab044a0
 Begin Bits: [0x0000027d9e0c0000, 0x0000027dbe0c0000)
 End Bits:   [0x0000027dbe0c0000, 0x0000027dde0c0000)

Polling page: 0x0000027583bc0000

Metaspace:

Usage:
  Non-class:     73.46 MB used.
      Class:      9.01 MB used.
       Both:     82.47 MB used.

Virtual space:
  Non-class space:      128.00 MB reserved,      74.31 MB ( 58%) committed,  2 nodes.
      Class space:        1.00 GB reserved,       9.81 MB ( <1%) committed,  1 nodes.
             Both:        1.12 GB reserved,      84.12 MB (  7%) committed. 

Chunk freelists:
   Non-Class:  5.65 MB
       Class:  6.28 MB
        Both:  11.93 MB

MaxMetaspaceSize: unlimited
CompressedClassSpaceSize: 1.00 GB
Initial GC threshold: 21.00 MB
Current GC threshold: 139.62 MB
CDS: on
 - commit_granule_bytes: 65536.
 - commit_granule_words: 8192.
 - virtual_space_node_default_size: 8388608.
 - enlarge_chunks_in_place: 1.
 - use_allocation_guard: 0.


Internal statistics:

num_allocs_failed_limit: 11.
num_arena_births: 1468.
num_arena_deaths: 498.
num_vsnodes_births: 3.
num_vsnodes_deaths: 0.
num_space_committed: 1346.
num_space_uncommitted: 0.
num_chunks_returned_to_freelist: 567.
num_chunks_taken_from_freelist: 5399.
num_chunk_merges: 166.
num_chunk_splits: 3194.
num_chunks_enlarged: 1871.
num_inconsistent_stats: 0.

CodeHeap 'non-profiled nmethods': size=120000Kb used=10697Kb max_used=12942Kb free=109302Kb
 bounds [0x000002758fed0000, 0x0000027590b80000, 0x0000027597400000]
CodeHeap 'profiled nmethods': size=120000Kb used=26498Kb max_used=34810Kb free=93501Kb
 bounds [0x0000027588400000, 0x000002758a600000, 0x000002758f930000]
CodeHeap 'non-nmethods': size=5760Kb used=1509Kb max_used=1587Kb free=4250Kb
 bounds [0x000002758f930000, 0x000002758fba0000, 0x000002758fed0000]
CodeCache: size=245760Kb, used=38704Kb, max_used=49339Kb, free=207053Kb
 total_blobs=12654, nmethods=11824, adapters=733, full_count=0
Compilation: enabled, stopped_count=0, restarted_count=0

Compilation events (20 events):
Event: 2425.281 Thread 0x0000027de2500c40 nmethod 16067 0x00000275892a5a90 code [0x00000275892a5c40, 0x00000275892a5d98]
Event: 2425.305 Thread 0x0000027e2912cd00 16068   !   4       lombok.core.FieldAugment$MapFieldAugment::clear (38 bytes)
Event: 2425.309 Thread 0x0000027e2912cd00 nmethod 16068 0x00000275902be710 code [0x00000275902be8e0, 0x00000275902becf0]
Event: 2425.313 Thread 0x0000027e2912cd00 16069       4       lombok.eclipse.agent.PatchExtensionMethod::getTypeNode (47 bytes)
Event: 2425.826 Thread 0x0000027de2500c40 16071   !   3       org.eclipse.jdt.internal.compiler.ast.JavadocSingleNameReference::resolve (117 bytes)
Event: 2425.827 Thread 0x0000027de2500c40 nmethod 16071 0x0000027588964c10 code [0x0000027588964e60, 0x0000027588965a00]
Event: 2425.852 Thread 0x0000027de2500c40 16073       3       org.eclipse.jdt.core.compiler.CharOperation::concat (123 bytes)
Event: 2425.853 Thread 0x0000027de2500c40 nmethod 16073 0x0000027588dc3c10 code [0x0000027588dc3e40, 0x0000027588dc43e0]
Event: 2425.965 Thread 0x0000027de24879d0 nmethod 16030 0x0000027590667890 code [0x0000027590668980, 0x0000027590678108]
Event: 2425.967 Thread 0x0000027de24879d0 16070       4       org.eclipse.jdt.internal.compiler.lookup.MethodScope::isLambdaScope (8 bytes)
Event: 2425.968 Thread 0x0000027de24879d0 nmethod 16070 0x00000275905fe110 code [0x00000275905fe2a0, 0x00000275905fe370]
Event: 2425.968 Thread 0x0000027de24879d0 16072       4       org.eclipse.jdt.core.compiler.CharOperation::indexOf (7 bytes)
Event: 2425.974 Thread 0x0000027de24879d0 nmethod 16072 0x00000275908af010 code [0x00000275908af1a0, 0x00000275908af2c8]
Event: 2426.415 Thread 0x0000027de24879d0 16074       4       java.util.zip.ZipFile$Source$Key::hashCode (46 bytes)
Event: 2426.418 Thread 0x0000027e2912cd00 nmethod 16069 0x00000275907c2690 code [0x00000275907c3800, 0x00000275907d02f8]
Event: 2426.453 Thread 0x0000027de24879d0 nmethod 16074 0x0000027590166990 code [0x0000027590166be0, 0x0000027590167840]
Event: 2621.148 Thread 0x0000027de2500c40 16075       3       org.eclipse.jdt.ls.core.internal.ParentProcessWatcher::run (83 bytes)
Event: 2621.149 Thread 0x0000027de2500c40 nmethod 16075 0x0000027588a31510 code [0x0000027588a317a0, 0x0000027588a32230]
Event: 2621.149 Thread 0x0000027de2500c40 16076       3       org.eclipse.jdt.ls.core.internal.ParentProcessWatcher::parentProcessStillRunning (62 bytes)
Event: 2621.150 Thread 0x0000027de2500c40 nmethod 16076 0x000002758918b690 code [0x000002758918b8c0, 0x000002758918bfd8]

GC Heap History (20 events):
Event: 2424.300 GC heap before
{Heap before GC invocations=715 (full 5):
 PSYoungGen      total 11264K, used 11249K [0x0000027aecb80000, 0x0000027aedf00000, 0x0000027d97600000)
  eden space 3584K, 100% used [0x0000027aecb80000,0x0000027aecf00000,0x0000027aecf00000)
  from space 7680K, 99% used [0x0000027aecf00000,0x0000027aed67c468,0x0000027aed680000)
  to   space 8192K, 0% used [0x0000027aed700000,0x0000027aed700000,0x0000027aedf00000)
 ParOldGen       total 158208K, used 157901K [0x0000027597600000, 0x00000275a1080000, 0x0000027aecb80000)
  object space 158208K, 99% used [0x0000027597600000,0x00000275a1033768,0x00000275a1080000)
 Metaspace       used 84436K, committed 86144K, reserved 1179648K
  class space    used 9227K, committed 10048K, reserved 1048576K
}
Event: 2424.306 GC heap after
{Heap after GC invocations=715 (full 5):
 PSYoungGen      total 10240K, used 8178K [0x0000027aecb80000, 0x0000027aee280000, 0x0000027d97600000)
  eden space 2048K, 0% used [0x0000027aecb80000,0x0000027aecb80000,0x0000027aecd80000)
  from space 8192K, 99% used [0x0000027aed700000,0x0000027aedefc998,0x0000027aedf00000)
  to   space 9728K, 0% used [0x0000027aecd80000,0x0000027aecd80000,0x0000027aed700000)
 ParOldGen       total 159232K, used 158736K [0x0000027597600000, 0x00000275a1180000, 0x0000027aecb80000)
  object space 159232K, 99% used [0x0000027597600000,0x00000275a11042b0,0x00000275a1180000)
 Metaspace       used 84436K, committed 86144K, reserved 1179648K
  class space    used 9227K, committed 10048K, reserved 1048576K
}
Event: 2424.341 GC heap before
{Heap before GC invocations=716 (full 5):
 PSYoungGen      total 10240K, used 10226K [0x0000027aecb80000, 0x0000027aee280000, 0x0000027d97600000)
  eden space 2048K, 100% used [0x0000027aecb80000,0x0000027aecd80000,0x0000027aecd80000)
  from space 8192K, 99% used [0x0000027aed700000,0x0000027aedefc998,0x0000027aedf00000)
  to   space 9728K, 0% used [0x0000027aecd80000,0x0000027aecd80000,0x0000027aed700000)
 ParOldGen       total 159232K, used 158736K [0x0000027597600000, 0x00000275a1180000, 0x0000027aecb80000)
  object space 159232K, 99% used [0x0000027597600000,0x00000275a11042b0,0x00000275a1180000)
 Metaspace       used 84436K, committed 86144K, reserved 1179648K
  class space    used 9227K, committed 10048K, reserved 1048576K
}
Event: 2424.347 GC heap after
{Heap after GC invocations=716 (full 5):
 PSYoungGen      total 7168K, used 5040K [0x0000027aecb80000, 0x0000027aedb00000, 0x0000027d97600000)
  eden space 2048K, 0% used [0x0000027aecb80000,0x0000027aecb80000,0x0000027aecd80000)
  from space 5120K, 98% used [0x0000027aecd80000,0x0000027aed26c358,0x0000027aed280000)
  to   space 6656K, 0% used [0x0000027aed480000,0x0000027aed480000,0x0000027aedb00000)
 ParOldGen       total 163328K, used 162959K [0x0000027597600000, 0x00000275a1580000, 0x0000027aecb80000)
  object space 163328K, 99% used [0x0000027597600000,0x00000275a1523ec8,0x00000275a1580000)
 Metaspace       used 84436K, committed 86144K, reserved 1179648K
  class space    used 9227K, committed 10048K, reserved 1048576K
}
Event: 2424.433 GC heap before
{Heap before GC invocations=717 (full 5):
 PSYoungGen      total 7168K, used 7088K [0x0000027aecb80000, 0x0000027aedb00000, 0x0000027d97600000)
  eden space 2048K, 100% used [0x0000027aecb80000,0x0000027aecd80000,0x0000027aecd80000)
  from space 5120K, 98% used [0x0000027aecd80000,0x0000027aed26c358,0x0000027aed280000)
  to   space 6656K, 0% used [0x0000027aed480000,0x0000027aed480000,0x0000027aedb00000)
 ParOldGen       total 163328K, used 162959K [0x0000027597600000, 0x00000275a1580000, 0x0000027aecb80000)
  object space 163328K, 99% used [0x0000027597600000,0x00000275a1523ec8,0x00000275a1580000)
 Metaspace       used 84436K, committed 86144K, reserved 1179648K
  class space    used 9227K, committed 10048K, reserved 1048576K
}
Event: 2424.440 GC heap after
{Heap after GC invocations=717 (full 5):
 PSYoungGen      total 9216K, used 5952K [0x0000027aecb80000, 0x0000027aedb00000, 0x0000027d97600000)
  eden space 2560K, 0% used [0x0000027aecb80000,0x0000027aecb80000,0x0000027aece00000)
  from space 6656K, 89% used [0x0000027aed480000,0x0000027aeda50320,0x0000027aedb00000)
  to   space 6656K, 0% used [0x0000027aece00000,0x0000027aece00000,0x0000027aed480000)
 ParOldGen       total 163328K, used 162959K [0x0000027597600000, 0x00000275a1580000, 0x0000027aecb80000)
  object space 163328K, 99% used [0x0000027597600000,0x00000275a1523ec8,0x00000275a1580000)
 Metaspace       used 84436K, committed 86144K, reserved 1179648K
  class space    used 9227K, committed 10048K, reserved 1048576K
}
Event: 2424.578 GC heap before
{Heap before GC invocations=718 (full 5):
 PSYoungGen      total 9216K, used 8512K [0x0000027aecb80000, 0x0000027aedb00000, 0x0000027d97600000)
  eden space 2560K, 100% used [0x0000027aecb80000,0x0000027aece00000,0x0000027aece00000)
  from space 6656K, 89% used [0x0000027aed480000,0x0000027aeda50320,0x0000027aedb00000)
  to   space 6656K, 0% used [0x0000027aece00000,0x0000027aece00000,0x0000027aed480000)
 ParOldGen       total 163328K, used 162959K [0x0000027597600000, 0x00000275a1580000, 0x0000027aecb80000)
  object space 163328K, 99% used [0x0000027597600000,0x00000275a1523ec8,0x00000275a1580000)
 Metaspace       used 84436K, committed 86144K, reserved 1179648K
  class space    used 9227K, committed 10048K, reserved 1048576K
}
Event: 2424.583 GC heap after
{Heap after GC invocations=718 (full 5):
 PSYoungGen      total 9216K, used 6542K [0x0000027aecb80000, 0x0000027aedc80000, 0x0000027d97600000)
  eden space 2560K, 0% used [0x0000027aecb80000,0x0000027aecb80000,0x0000027aece00000)
  from space 6656K, 98% used [0x0000027aece00000,0x0000027aed463b88,0x0000027aed480000)
  to   space 7168K, 0% used [0x0000027aed580000,0x0000027aed580000,0x0000027aedc80000)
 ParOldGen       total 163328K, used 162959K [0x0000027597600000, 0x00000275a1580000, 0x0000027aecb80000)
  object space 163328K, 99% used [0x0000027597600000,0x00000275a1523ec8,0x00000275a1580000)
 Metaspace       used 84436K, committed 86144K, reserved 1179648K
  class space    used 9227K, committed 10048K, reserved 1048576K
}
Event: 2424.664 GC heap before
{Heap before GC invocations=719 (full 5):
 PSYoungGen      total 9216K, used 9102K [0x0000027aecb80000, 0x0000027aedc80000, 0x0000027d97600000)
  eden space 2560K, 100% used [0x0000027aecb80000,0x0000027aece00000,0x0000027aece00000)
  from space 6656K, 98% used [0x0000027aece00000,0x0000027aed463b88,0x0000027aed480000)
  to   space 7168K, 0% used [0x0000027aed580000,0x0000027aed580000,0x0000027aedc80000)
 ParOldGen       total 163328K, used 162959K [0x0000027597600000, 0x00000275a1580000, 0x0000027aecb80000)
  object space 163328K, 99% used [0x0000027597600000,0x00000275a1523ec8,0x00000275a1580000)
 Metaspace       used 84436K, committed 86144K, reserved 1179648K
  class space    used 9227K, committed 10048K, reserved 1048576K
}
Event: 2424.672 GC heap after
{Heap after GC invocations=719 (full 5):
 PSYoungGen      total 9728K, used 7160K [0x0000027aecb80000, 0x0000027aedd80000, 0x0000027d97600000)
  eden space 2560K, 0% used [0x0000027aecb80000,0x0000027aecb80000,0x0000027aece00000)
  from space 7168K, 99% used [0x0000027aed580000,0x0000027aedc7e180,0x0000027aedc80000)
  to   space 7680K, 0% used [0x0000027aece00000,0x0000027aece00000,0x0000027aed580000)
 ParOldGen       total 163328K, used 163230K [0x0000027597600000, 0x00000275a1580000, 0x0000027aecb80000)
  object space 163328K, 99% used [0x0000027597600000,0x00000275a1567bf0,0x00000275a1580000)
 Metaspace       used 84436K, committed 86144K, reserved 1179648K
  class space    used 9227K, committed 10048K, reserved 1048576K
}
Event: 2424.682 GC heap before
{Heap before GC invocations=720 (full 5):
 PSYoungGen      total 9728K, used 9720K [0x0000027aecb80000, 0x0000027aedd80000, 0x0000027d97600000)
  eden space 2560K, 100% used [0x0000027aecb80000,0x0000027aece00000,0x0000027aece00000)
  from space 7168K, 99% used [0x0000027aed580000,0x0000027aedc7e180,0x0000027aedc80000)
  to   space 7680K, 0% used [0x0000027aece00000,0x0000027aece00000,0x0000027aed580000)
 ParOldGen       total 163328K, used 163230K [0x0000027597600000, 0x00000275a1580000, 0x0000027aecb80000)
  object space 163328K, 99% used [0x0000027597600000,0x00000275a1567bf0,0x00000275a1580000)
 Metaspace       used 84436K, committed 86144K, reserved 1179648K
  class space    used 9227K, committed 10048K, reserved 1048576K
}
Event: 2424.689 GC heap after
{Heap after GC invocations=720 (full 5):
 PSYoungGen      total 8192K, used 5420K [0x0000027aecb80000, 0x0000027aedb80000, 0x0000027d97600000)
  eden space 2560K, 0% used [0x0000027aecb80000,0x0000027aecb80000,0x0000027aece00000)
  from space 5632K, 96% used [0x0000027aece00000,0x0000027aed34b2a8,0x0000027aed380000)
  to   space 6656K, 0% used [0x0000027aed500000,0x0000027aed500000,0x0000027aedb80000)
 ParOldGen       total 164352K, used 164053K [0x0000027597600000, 0x00000275a1680000, 0x0000027aecb80000)
  object space 164352K, 99% used [0x0000027597600000,0x00000275a1635490,0x00000275a1680000)
 Metaspace       used 84436K, committed 86144K, reserved 1179648K
  class space    used 9227K, committed 10048K, reserved 1048576K
}
Event: 2424.701 GC heap before
{Heap before GC invocations=721 (full 5):
 PSYoungGen      total 8192K, used 7980K [0x0000027aecb80000, 0x0000027aedb80000, 0x0000027d97600000)
  eden space 2560K, 99% used [0x0000027aecb80000,0x0000027aecdffe88,0x0000027aece00000)
  from space 5632K, 96% used [0x0000027aece00000,0x0000027aed34b2a8,0x0000027aed380000)
  to   space 6656K, 0% used [0x0000027aed500000,0x0000027aed500000,0x0000027aedb80000)
 ParOldGen       total 164352K, used 164053K [0x0000027597600000, 0x00000275a1680000, 0x0000027aecb80000)
  object space 164352K, 99% used [0x0000027597600000,0x00000275a1635490,0x00000275a1680000)
 Metaspace       used 84436K, committed 86144K, reserved 1179648K
  class space    used 9227K, committed 10048K, reserved 1048576K
}
Event: 2424.707 GC heap after
{Heap after GC invocations=721 (full 5):
 PSYoungGen      total 8704K, used 5436K [0x0000027aecb80000, 0x0000027aeda80000, 0x0000027d97600000)
  eden space 3072K, 0% used [0x0000027aecb80000,0x0000027aecb80000,0x0000027aece80000)
  from space 5632K, 96% used [0x0000027aed500000,0x0000027aeda4f2b8,0x0000027aeda80000)
  to   space 5632K, 0% used [0x0000027aecf80000,0x0000027aecf80000,0x0000027aed500000)
 ParOldGen       total 164352K, used 164053K [0x0000027597600000, 0x00000275a1680000, 0x0000027aecb80000)
  object space 164352K, 99% used [0x0000027597600000,0x00000275a1635490,0x00000275a1680000)
 Metaspace       used 84436K, committed 86144K, reserved 1179648K
  class space    used 9227K, committed 10048K, reserved 1048576K
}
Event: 2424.763 GC heap before
{Heap before GC invocations=722 (full 5):
 PSYoungGen      total 8704K, used 8508K [0x0000027aecb80000, 0x0000027aeda80000, 0x0000027d97600000)
  eden space 3072K, 100% used [0x0000027aecb80000,0x0000027aece80000,0x0000027aece80000)
  from space 5632K, 96% used [0x0000027aed500000,0x0000027aeda4f2b8,0x0000027aeda80000)
  to   space 5632K, 0% used [0x0000027aecf80000,0x0000027aecf80000,0x0000027aed500000)
 ParOldGen       total 164352K, used 164053K [0x0000027597600000, 0x00000275a1680000, 0x0000027aecb80000)
  object space 164352K, 99% used [0x0000027597600000,0x00000275a1635490,0x00000275a1680000)
 Metaspace       used 84439K, committed 86144K, reserved 1179648K
  class space    used 9227K, committed 10048K, reserved 1048576K
}
Event: 2424.768 GC heap after
{Heap after GC invocations=722 (full 5):
 PSYoungGen      total 9216K, used 5356K [0x0000027aecb80000, 0x0000027aeda00000, 0x0000027d97600000)
  eden space 3584K, 0% used [0x0000027aecb80000,0x0000027aecb80000,0x0000027aecf00000)
  from space 5632K, 95% used [0x0000027aecf80000,0x0000027aed4bb2a8,0x0000027aed500000)
  to   space 5120K, 0% used [0x0000027aed500000,0x0000027aed500000,0x0000027aeda00000)
 ParOldGen       total 164864K, used 164464K [0x0000027597600000, 0x00000275a1700000, 0x0000027aecb80000)
  object space 164864K, 99% used [0x0000027597600000,0x00000275a169c108,0x00000275a1700000)
 Metaspace       used 84439K, committed 86144K, reserved 1179648K
  class space    used 9227K, committed 10048K, reserved 1048576K
}
Event: 2424.867 GC heap before
{Heap before GC invocations=723 (full 5):
 PSYoungGen      total 9216K, used 8940K [0x0000027aecb80000, 0x0000027aeda00000, 0x0000027d97600000)
  eden space 3584K, 100% used [0x0000027aecb80000,0x0000027aecf00000,0x0000027aecf00000)
  from space 5632K, 95% used [0x0000027aecf80000,0x0000027aed4bb2a8,0x0000027aed500000)
  to   space 5120K, 0% used [0x0000027aed500000,0x0000027aed500000,0x0000027aeda00000)
 ParOldGen       total 164864K, used 164464K [0x0000027597600000, 0x00000275a1700000, 0x0000027aecb80000)
  object space 164864K, 99% used [0x0000027597600000,0x00000275a169c108,0x00000275a1700000)
 Metaspace       used 84439K, committed 86144K, reserved 1179648K
  class space    used 9227K, committed 10048K, reserved 1048576K
}
Event: 2424.874 GC heap after
{Heap after GC invocations=723 (full 5):
 PSYoungGen      total 8704K, used 5116K [0x0000027aecb80000, 0x0000027aedb80000, 0x0000027d97600000)
  eden space 3584K, 0% used [0x0000027aecb80000,0x0000027aecb80000,0x0000027aecf00000)
  from space 5120K, 99% used [0x0000027aed500000,0x0000027aed9ff2b8,0x0000027aeda00000)
  to   space 6144K, 0% used [0x0000027aecf00000,0x0000027aecf00000,0x0000027aed500000)
 ParOldGen       total 165376K, used 165280K [0x0000027597600000, 0x00000275a1780000, 0x0000027aecb80000)
  object space 165376K, 99% used [0x0000027597600000,0x00000275a1768108,0x00000275a1780000)
 Metaspace       used 84439K, committed 86144K, reserved 1179648K
  class space    used 9227K, committed 10048K, reserved 1048576K
}
Event: 2425.034 GC heap before
{Heap before GC invocations=724 (full 5):
 PSYoungGen      total 8704K, used 8700K [0x0000027aecb80000, 0x0000027aedb80000, 0x0000027d97600000)
  eden space 3584K, 100% used [0x0000027aecb80000,0x0000027aecf00000,0x0000027aecf00000)
  from space 5120K, 99% used [0x0000027aed500000,0x0000027aed9ff2b8,0x0000027aeda00000)
  to   space 6144K, 0% used [0x0000027aecf00000,0x0000027aecf00000,0x0000027aed500000)
 ParOldGen       total 165376K, used 165280K [0x0000027597600000, 0x00000275a1780000, 0x0000027aecb80000)
  object space 165376K, 99% used [0x0000027597600000,0x00000275a1768108,0x00000275a1780000)
 Metaspace       used 84440K, committed 86144K, reserved 1179648K
  class space    used 9227K, committed 10048K, reserved 1048576K
}
Event: 2425.041 GC heap after
{Heap after GC invocations=724 (full 5):
 PSYoungGen      total 9728K, used 5836K [0x0000027aecb80000, 0x0000027aedb80000, 0x0000027d97600000)
  eden space 3584K, 0% used [0x0000027aecb80000,0x0000027aecb80000,0x0000027aecf00000)
  from space 6144K, 94% used [0x0000027aecf00000,0x0000027aed4b32a8,0x0000027aed500000)
  to   space 6144K, 0% used [0x0000027aed580000,0x0000027aed580000,0x0000027aedb80000)
 ParOldGen       total 165376K, used 165304K [0x0000027597600000, 0x00000275a1780000, 0x0000027aecb80000)
  object space 165376K, 99% used [0x0000027597600000,0x00000275a176e118,0x00000275a1780000)
 Metaspace       used 84440K, committed 86144K, reserved 1179648K
  class space    used 9227K, committed 10048K, reserved 1048576K
}

Dll operation events (20 events):
Event: 0.646 Attempting to load shared library C:\Users\user\.vscode\extensions\redhat.java-1.56.0-win32-x64\jre\21.0.12.1-win32-x86_64\bin\zip.dll
Event: 0.646 Loaded shared library C:\Users\user\.vscode\extensions\redhat.java-1.56.0-win32-x64\jre\21.0.12.1-win32-x86_64\bin\zip.dll
Event: 1.053 Attempting to load shared library C:\Users\user\.vscode\extensions\redhat.java-1.56.0-win32-x64\jre\21.0.12.1-win32-x86_64\bin\jimage.dll
Event: 1.053 Loaded shared library C:\Users\user\.vscode\extensions\redhat.java-1.56.0-win32-x64\jre\21.0.12.1-win32-x86_64\bin\jimage.dll
Event: 1.734 Attempting to load shared library c:\Users\user\.vscode\extensions\redhat.java-1.56.0-win32-x64\jre\21.0.12.1-win32-x86_64\bin\verify.dll
Event: 1.735 Loaded shared library c:\Users\user\.vscode\extensions\redhat.java-1.56.0-win32-x64\jre\21.0.12.1-win32-x86_64\bin\verify.dll
Event: 31.796 Attempting to load shared library C:\Users\user\AppData\Roaming\Code\User\globalStorage\redhat.java\1.56.0\config_win\org.eclipse.equinox.launcher\org.eclipse.equinox.launcher.win32.win32.x86_64_1.3.100.v20260804-1928\eclipse_11924.dll
Event: 31.801 Loaded shared library C:\Users\user\AppData\Roaming\Code\User\globalStorage\redhat.java\1.56.0\config_win\org.eclipse.equinox.launcher\org.eclipse.equinox.launcher.win32.win32.x86_64_1.3.100.v20260804-1928\eclipse_11924.dll
Event: 50.285 Attempting to load shared library C:\Users\user\AppData\Local\Temp\jna-3599307\jna3385935020105562931.dll
Event: 50.431 Loaded shared library C:\Users\user\AppData\Local\Temp\jna-3599307\jna3385935020105562931.dll
Event: 65.667 Attempting to load shared library C:\Users\user\.gradle\native\660c5614fbf4a5f2a75b1949f50a0caf5cd603558e7d8a26e50b933a0cfb79d1\windows-amd64\native-platform.dll
Event: 65.668 Loaded shared library C:\Users\user\.gradle\native\660c5614fbf4a5f2a75b1949f50a0caf5cd603558e7d8a26e50b933a0cfb79d1\windows-amd64\native-platform.dll
Event: 67.356 Attempting to load shared library C:\Users\user\.vscode\extensions\redhat.java-1.56.0-win32-x64\jre\21.0.12.1-win32-x86_64\bin\management.dll
Event: 67.357 Loaded shared library C:\Users\user\.vscode\extensions\redhat.java-1.56.0-win32-x64\jre\21.0.12.1-win32-x86_64\bin\management.dll
Event: 67.363 Attempting to load shared library C:\Users\user\.vscode\extensions\redhat.java-1.56.0-win32-x64\jre\21.0.12.1-win32-x86_64\bin\management_ext.dll
Event: 67.365 Loaded shared library C:\Users\user\.vscode\extensions\redhat.java-1.56.0-win32-x64\jre\21.0.12.1-win32-x86_64\bin\management_ext.dll
Event: 69.643 Attempting to load shared library C:\Users\user\.vscode\extensions\redhat.java-1.56.0-win32-x64\jre\21.0.12.1-win32-x86_64\bin\sunmscapi.dll
Event: 69.657 Loaded shared library C:\Users\user\.vscode\extensions\redhat.java-1.56.0-win32-x64\jre\21.0.12.1-win32-x86_64\bin\sunmscapi.dll
Event: 69.969 Attempting to load shared library C:\Users\user\.vscode\extensions\redhat.java-1.56.0-win32-x64\jre\21.0.12.1-win32-x86_64\bin\extnet.dll
Event: 69.971 Loaded shared library C:\Users\user\.vscode\extensions\redhat.java-1.56.0-win32-x64\jre\21.0.12.1-win32-x86_64\bin\extnet.dll

Deoptimization events (20 events):
Event: 2423.281 Thread 0x0000027e24df1d40 Uncommon trap: trap_request=0xffffffde fr.pc=0x00000275909ee744 relative=0x0000000000001304
Event: 2423.281 Thread 0x0000027e24df1d40 Uncommon trap: reason=class_check action=maybe_recompile pc=0x00000275909ee744 method=org.eclipse.jdt.internal.compiler.parser.Parser.consumeRule(I)V @ 6332 c2
Event: 2423.281 Thread 0x0000027e24df1d40 DEOPT PACKING pc=0x00000275909ee744 sp=0x000000f9bbefeab0
Event: 2423.281 Thread 0x0000027e24df1d40 DEOPT UNPACKING pc=0x000002758f983aa2 sp=0x000000f9bbefea38 mode 2
Event: 2423.281 Thread 0x0000027e24df1d40 Uncommon trap: trap_request=0xffffffde fr.pc=0x00000275909ee8d8 relative=0x0000000000001498
Event: 2423.281 Thread 0x0000027e24df1d40 Uncommon trap: reason=class_check action=maybe_recompile pc=0x00000275909ee8d8 method=org.eclipse.jdt.internal.compiler.parser.Parser.consumeRule(I)V @ 5093 c2
Event: 2423.281 Thread 0x0000027e24df1d40 DEOPT PACKING pc=0x00000275909ee8d8 sp=0x000000f9bbefeab0
Event: 2423.281 Thread 0x0000027e24df1d40 DEOPT UNPACKING pc=0x000002758f983aa2 sp=0x000000f9bbefea40 mode 2
Event: 2423.281 Thread 0x0000027e24df1d40 Uncommon trap: trap_request=0xffffffde fr.pc=0x00000275909ee910 relative=0x00000000000014d0
Event: 2423.281 Thread 0x0000027e24df1d40 Uncommon trap: reason=class_check action=maybe_recompile pc=0x00000275909ee910 method=org.eclipse.jdt.internal.compiler.parser.Parser.consumeRule(I)V @ 5292 c2
Event: 2423.294 Thread 0x0000027e24df1d40 DEOPT PACKING pc=0x00000275909ee910 sp=0x000000f9bbefeab0
Event: 2423.294 Thread 0x0000027e24df1d40 DEOPT UNPACKING pc=0x000002758f983aa2 sp=0x000000f9bbefea40 mode 2
Event: 2423.295 Thread 0x0000027e24df1d40 Uncommon trap: trap_request=0xffffffc6 fr.pc=0x00000275909ee9ac relative=0x000000000000156c
Event: 2423.295 Thread 0x0000027e24df1d40 Uncommon trap: reason=bimorphic_or_optimized_type_check action=maybe_recompile pc=0x00000275909ee9ac method=org.eclipse.jdt.internal.compiler.parser.Parser.consumeRule(I)V @ 6341 c2
Event: 2423.295 Thread 0x0000027e24df1d40 DEOPT PACKING pc=0x00000275909ee9ac sp=0x000000f9bbefeab0
Event: 2423.295 Thread 0x0000027e24df1d40 DEOPT UNPACKING pc=0x000002758f983aa2 sp=0x000000f9bbefea38 mode 2
Event: 2426.206 Thread 0x0000027e2ad52d40 Uncommon trap: trap_request=0xffffff45 fr.pc=0x0000027590226008 relative=0x0000000000000148
Event: 2426.206 Thread 0x0000027e2ad52d40 Uncommon trap: reason=unstable_if action=reinterpret pc=0x0000027590226008 method=org.eclipse.jdt.ls.core.internal.CancellableProgressMonitor.isCanceled()Z @ 4 c2
Event: 2426.206 Thread 0x0000027e2ad52d40 DEOPT PACKING pc=0x0000027590226008 sp=0x000000f9bc2ff210
Event: 2426.206 Thread 0x0000027e2ad52d40 DEOPT UNPACKING pc=0x000002758f983aa2 sp=0x000000f9bc2ff198 mode 2

Classes loaded (20 events):
Event: 354.546 Loading class java/io/ObjectOutputStream$ReplaceTable
Event: 354.546 Loading class java/io/ObjectOutputStream$ReplaceTable done
Event: 2356.203 Loading class jdk/internal/module/IllegalAccessLogger
Event: 2356.203 Loading class jdk/internal/module/IllegalAccessLogger done
Event: 2414.059 Loading class java/util/concurrent/ConcurrentHashMap$EntrySpliterator
Event: 2414.060 Loading class java/util/concurrent/ConcurrentHashMap$EntrySpliterator done
Event: 2414.179 Loading class java/util/zip/Deflater
Event: 2414.180 Loading class java/util/zip/Deflater done
Event: 2414.183 Loading class java/lang/StackStreamFactory$CallerClassFinder
Event: 2414.183 Loading class java/lang/StackStreamFactory$CallerClassFinder done
Event: 2414.183 Loading class java/lang/StackStreamFactory$CallerClassFinder$ClassBuffer
Event: 2414.183 Loading class java/lang/StackStreamFactory$CallerClassFinder$ClassBuffer done
Event: 2414.186 Loading class java/util/zip/Deflater$DeflaterZStreamRef
Event: 2414.186 Loading class java/util/zip/Deflater$DeflaterZStreamRef done
Event: 2414.242 Loading class java/util/Collections$EmptyListIterator
Event: 2414.243 Loading class java/util/Collections$EmptyListIterator done
Event: 2416.627 Loading class jdk/internal/module/IllegalAccessLogger
Event: 2416.627 Loading class jdk/internal/module/IllegalAccessLogger done
Event: 2419.848 Loading class jdk/internal/module/IllegalAccessLogger
Event: 2419.848 Loading class jdk/internal/module/IllegalAccessLogger done

Classes unloaded (20 events):
Event: 2409.711 Thread 0x0000027583b9f6f0 Unloading class 0x0000027de4014800 'java/lang/invoke/LambdaForm$MH+0x0000027de4014800'
Event: 2409.711 Thread 0x0000027583b9f6f0 Unloading class 0x0000027de400d800 'java/lang/invoke/LambdaForm$MH+0x0000027de400d800'
Event: 2409.711 Thread 0x0000027583b9f6f0 Unloading class 0x0000027de400d400 'java/lang/invoke/LambdaForm$MH+0x0000027de400d400'
Event: 2409.711 Thread 0x0000027583b9f6f0 Unloading class 0x0000027de400d000 'java/lang/invoke/LambdaForm$MH+0x0000027de400d000'
Event: 2409.711 Thread 0x0000027583b9f6f0 Unloading class 0x0000027de400cc00 'java/lang/invoke/LambdaForm$MH+0x0000027de400cc00'
Event: 2409.711 Thread 0x0000027583b9f6f0 Unloading class 0x0000027de400c800 'java/lang/invoke/LambdaForm$BMH+0x0000027de400c800'
Event: 2409.711 Thread 0x0000027583b9f6f0 Unloading class 0x0000027de400c000 'java/lang/invoke/LambdaForm$DMH+0x0000027de400c000'
Event: 2409.711 Thread 0x0000027583b9f6f0 Unloading class 0x0000027de4008c00 'java/lang/invoke/LambdaForm$MH+0x0000027de4008c00'
Event: 2409.711 Thread 0x0000027583b9f6f0 Unloading class 0x0000027de4008800 'java/lang/invoke/LambdaForm$MH+0x0000027de4008800'
Event: 2409.711 Thread 0x0000027583b9f6f0 Unloading class 0x0000027de4008400 'java/lang/invoke/LambdaForm$MH+0x0000027de4008400'
Event: 2409.711 Thread 0x0000027583b9f6f0 Unloading class 0x0000027de4007000 'java/lang/invoke/LambdaForm$MH+0x0000027de4007000'
Event: 2409.711 Thread 0x0000027583b9f6f0 Unloading class 0x0000027de4006800 'java/lang/invoke/LambdaForm$MH+0x0000027de4006800'
Event: 2409.711 Thread 0x0000027583b9f6f0 Unloading class 0x0000027de4006400 'java/lang/invoke/LambdaForm$MH+0x0000027de4006400'
Event: 2409.711 Thread 0x0000027583b9f6f0 Unloading class 0x0000027de4006000 'java/lang/invoke/LambdaForm$MH+0x0000027de4006000'
Event: 2409.711 Thread 0x0000027583b9f6f0 Unloading class 0x0000027de4005c00 'java/lang/invoke/LambdaForm$BMH+0x0000027de4005c00'
Event: 2409.711 Thread 0x0000027583b9f6f0 Unloading class 0x0000027de4004800 'java/lang/invoke/LambdaForm$DMH+0x0000027de4004800'
Event: 2409.711 Thread 0x0000027583b9f6f0 Unloading class 0x0000027de4002400 'java/lang/invoke/LambdaForm$MH+0x0000027de4002400'
Event: 2409.711 Thread 0x0000027583b9f6f0 Unloading class 0x0000027de4002000 'java/lang/invoke/LambdaForm$MH+0x0000027de4002000'
Event: 2409.711 Thread 0x0000027583b9f6f0 Unloading class 0x0000027de4001800 'java/lang/invoke/LambdaForm$MH+0x0000027de4001800'
Event: 2409.711 Thread 0x0000027583b9f6f0 Unloading class 0x0000027de4000400 'java/lang/invoke/LambdaForm$MH+0x0000027de4000400'

Classes redefined (0 events):
No events

Internal exceptions (20 events):
Event: 2414.709 Thread 0x0000027e24df1020 Exception <a 'sun/nio/fs/WindowsException'{0x0000027aece7cfd8}> (0x0000027aece7cfd8) 
thrown [s\src\hotspot\share\prims\jni.cpp, line 520]
Event: 2414.737 Thread 0x0000027e24df1020 Exception <a 'sun/nio/fs/WindowsException'{0x0000027aecb88128}> (0x0000027aecb88128) 
thrown [s\src\hotspot\share\prims\jni.cpp, line 520]
Event: 2414.755 Thread 0x0000027e24df1020 Exception <a 'sun/nio/fs/WindowsException'{0x0000027aecb92800}> (0x0000027aecb92800) 
thrown [s\src\hotspot\share\prims\jni.cpp, line 520]
Event: 2414.766 Thread 0x0000027e24df1020 Exception <a 'sun/nio/fs/WindowsException'{0x0000027aecb9d3b8}> (0x0000027aecb9d3b8) 
thrown [s\src\hotspot\share\prims\jni.cpp, line 520]
Event: 2414.779 Thread 0x0000027e24df1020 Exception <a 'sun/nio/fs/WindowsException'{0x0000027aecba7a88}> (0x0000027aecba7a88) 
thrown [s\src\hotspot\share\prims\jni.cpp, line 520]
Event: 2415.747 Thread 0x0000027e24df1020 Implicit null exception at 0x0000027590b1d4a8 to 0x0000027590b1e5fc
Event: 2416.648 Thread 0x0000027e35f529a0 Exception <a 'java/lang/NoSuchMethodError'{0x0000027aecd87b38}: 'void java.lang.invoke.DelegatingMethodHandle$Holder.reinvoke_L(java.lang.Object, java.lang.Object, int)'> (0x0000027aecd87b38) 
thrown [s\src\hotspot\share\interpreter\linkResolver.cpp, line 773]
Event: 2416.653 Thread 0x0000027e35f529a0 Implicit null exception at 0x000002759085817b to 0x00000275908604dc
Event: 2417.243 Thread 0x0000027e24df1d40 Exception <a 'java/io/FileNotFoundException'{0x0000027aecffe3b8}> (0x0000027aecffe3b8) 
thrown [s\src\hotspot\share\prims\jni.cpp, line 520]
Event: 2419.499 Thread 0x0000027e24df1020 Exception <a 'sun/nio/fs/WindowsException'{0x0000027aecf78d28}> (0x0000027aecf78d28) 
thrown [s\src\hotspot\share\prims\jni.cpp, line 520]
Event: 2419.499 Thread 0x0000027e35f508d0 Exception <a 'sun/nio/fs/WindowsException'{0x0000027aecf7b878}> (0x0000027aecf7b878) 
thrown [s\src\hotspot\share\prims\jni.cpp, line 520]
Event: 2419.500 Thread 0x0000027e35f54a70 Exception <a 'sun/nio/fs/WindowsException'{0x0000027aecf85188}> (0x0000027aecf85188) 
thrown [s\src\hotspot\share\prims\jni.cpp, line 520]
Event: 2419.500 Thread 0x0000027e35f50f60 Exception <a 'sun/nio/fs/WindowsException'{0x0000027aecf805b0}> (0x0000027aecf805b0) 
thrown [s\src\hotspot\share\prims\jni.cpp, line 520]
Event: 2419.500 Thread 0x0000027e35f55e20 Exception <a 'sun/nio/fs/WindowsException'{0x0000027aecf89d20}> (0x0000027aecf89d20) 
thrown [s\src\hotspot\share\prims\jni.cpp, line 520]
Event: 2419.501 Thread 0x0000027e35f54a70 Exception <a 'sun/nio/fs/WindowsException'{0x0000027aecf86ad8}> (0x0000027aecf86ad8) 
thrown [s\src\hotspot\share\prims\jni.cpp, line 520]
Event: 2419.510 Thread 0x0000027e35f55e20 Exception <a 'sun/nio/fs/WindowsException'{0x0000027aecf8b4c8}> (0x0000027aecf8b4c8) 
thrown [s\src\hotspot\share\prims\jni.cpp, line 520]
Event: 2419.664 Thread 0x0000027e24df1d40 Implicit null exception at 0x000002759060b067 to 0x000002759060b15c
Event: 2420.379 Thread 0x0000027e24df1020 Exception <a 'sun/nio/fs/WindowsException'{0x0000027aeccdb248}> (0x0000027aeccdb248) 
thrown [s\src\hotspot\share\prims\jni.cpp, line 520]
Event: 2420.379 Thread 0x0000027e24df1020 Exception <a 'sun/nio/fs/WindowsException'{0x0000027aeccdb990}> (0x0000027aeccdb990) 
thrown [s\src\hotspot\share\prims\jni.cpp, line 520]
Event: 2426.206 Thread 0x0000027e24df1d40 Exception <a 'java/io/FileNotFoundException'{0x0000027aecd37b28}> (0x0000027aecd37b28) 
thrown [s\src\hotspot\share\prims\jni.cpp, line 520]

ZGC Phase Switch (0 events):
No events

VM Operations (20 events):
Event: 2424.664 Executing safepoint VM operation: ParallelGCFailedAllocation (Allocation Failure)
Event: 2424.672 Executing safepoint VM operation: ParallelGCFailedAllocation (Allocation Failure) done
Event: 2424.682 Executing safepoint VM operation: ParallelGCFailedAllocation (Allocation Failure)
Event: 2424.689 Executing safepoint VM operation: ParallelGCFailedAllocation (Allocation Failure) done
Event: 2424.701 Executing safepoint VM operation: ParallelGCFailedAllocation (Allocation Failure)
Event: 2424.707 Executing safepoint VM operation: ParallelGCFailedAllocation (Allocation Failure) done
Event: 2424.763 Executing safepoint VM operation: ParallelGCFailedAllocation (Allocation Failure)
Event: 2424.768 Executing safepoint VM operation: ParallelGCFailedAllocation (Allocation Failure) done
Event: 2424.867 Executing safepoint VM operation: ParallelGCFailedAllocation (Allocation Failure)
Event: 2424.874 Executing safepoint VM operation: ParallelGCFailedAllocation (Allocation Failure) done
Event: 2425.034 Executing safepoint VM operation: ParallelGCFailedAllocation (Allocation Failure)
Event: 2425.041 Executing safepoint VM operation: ParallelGCFailedAllocation (Allocation Failure) done
Event: 2426.049 Executing safepoint VM operation: Cleanup
Event: 2426.204 Executing safepoint VM operation: Cleanup done
Event: 2465.280 Executing non-safepoint VM operation: HandshakeAllThreads (HandshakeForDeflation)
Event: 2465.280 Executing non-safepoint VM operation: HandshakeAllThreads (HandshakeForDeflation) done
Event: 2465.280 Executing non-safepoint VM operation: RendezvousGCThreads
Event: 2465.280 Executing non-safepoint VM operation: RendezvousGCThreads done
Event: 2481.331 Executing safepoint VM operation: Cleanup
Event: 2481.331 Executing safepoint VM operation: Cleanup done

Memory protections (0 events):
No events

Nmethod flushes (20 events):
Event: 2409.788 Thread 0x0000027583b9f6f0 flushing  nmethod 0x000002758a441010
Event: 2409.788 Thread 0x0000027583b9f6f0 flushing  nmethod 0x000002758a442790
Event: 2409.788 Thread 0x0000027583b9f6f0 flushing  nmethod 0x000002758a445510
Event: 2409.788 Thread 0x0000027583b9f6f0 flushing  nmethod 0x000002758a448290
Event: 2409.788 Thread 0x0000027583b9f6f0 flushing  nmethod 0x000002758a448690
Event: 2409.788 Thread 0x0000027583b9f6f0 flushing  nmethod 0x000002758a44df90
Event: 2409.788 Thread 0x0000027583b9f6f0 flushing  nmethod 0x000002758a47e410
Event: 2409.788 Thread 0x0000027583b9f6f0 flushing  nmethod 0x000002758a487c90
Event: 2409.788 Thread 0x0000027583b9f6f0 flushing  nmethod 0x000002758a488710
Event: 2409.788 Thread 0x0000027583b9f6f0 flushing  nmethod 0x000002758a48ac10
Event: 2409.788 Thread 0x0000027583b9f6f0 flushing  nmethod 0x000002758a4ad210
Event: 2409.788 Thread 0x0000027583b9f6f0 flushing  nmethod 0x000002758a4d8b90
Event: 2409.788 Thread 0x0000027583b9f6f0 flushing  nmethod 0x000002758a4d9410
Event: 2409.788 Thread 0x0000027583b9f6f0 flushing  nmethod 0x000002758a4d9e90
Event: 2409.788 Thread 0x0000027583b9f6f0 flushing  nmethod 0x000002758a4da610
Event: 2409.788 Thread 0x0000027583b9f6f0 flushing  nmethod 0x000002758a4e6490
Event: 2409.788 Thread 0x0000027583b9f6f0 flushing  nmethod 0x000002758a508690
Event: 2409.788 Thread 0x0000027583b9f6f0 flushing  nmethod 0x000002758a57d410
Event: 2409.788 Thread 0x0000027583b9f6f0 flushing  nmethod 0x000002758a57dd10
Event: 2409.788 Thread 0x0000027583b9f6f0 flushing  nmethod 0x000002758a5eb290

Events (20 events):
Event: 2414.411 Thread 0x0000027e24df1020 Thread added: 0x0000027e35f508d0
Event: 2414.413 Thread 0x0000027e35f508d0 Thread added: 0x0000027e35f50f60
Event: 2414.414 Thread 0x0000027e35f50f60 Thread added: 0x0000027e35f55e20
Event: 2414.416 Thread 0x0000027e35f50f60 Thread added: 0x0000027e35f54a70
Event: 2414.561 Thread 0x0000027e2912d3d0 Thread exited: 0x0000027e2912d3d0
Event: 2415.081 Thread 0x0000027de2500c40 Thread added: 0x0000027e2912e170
Event: 2416.693 Thread 0x0000027e24df1020 Thread added: 0x0000027e35f564b0
Event: 2416.731 Thread 0x0000027e24df1020 Thread added: 0x0000027e35f56b40
Event: 2419.815 Thread 0x0000027e35f536c0 Thread added: 0x0000027e35f57860
Event: 2421.748 Thread 0x0000027e2912e170 Thread exited: 0x0000027e2912e170
Event: 2424.924 Thread 0x0000027de2500c40 Thread added: 0x0000027e2912cd00
Event: 2431.433 Thread 0x0000027e2912cd00 Thread exited: 0x0000027e2912cd00
Event: 2471.156 Thread 0x0000027e35f53d50 Thread exited: 0x0000027e35f53d50
Event: 2479.534 Thread 0x0000027e35f508d0 Thread exited: 0x0000027e35f508d0
Event: 2480.353 Thread 0x0000027e35f529a0 Thread exited: 0x0000027e35f529a0
Event: 2480.416 Thread 0x0000027e24df1020 Thread exited: 0x0000027e24df1020
Event: 2481.496 Thread 0x0000027e35f57860 Thread exited: 0x0000027e35f57860
Event: 2539.576 Thread 0x0000027e35f55e20 Thread exited: 0x0000027e35f55e20
Event: 2599.638 Thread 0x0000027e35f54a70 Thread exited: 0x0000027e35f54a70
Event: 2659.639 Thread 0x0000027e35f50f60 Thread exited: 0x0000027e35f50f60


Dynamic libraries:
0x00007ff7cc180000 - 0x00007ff7cc18e000 	c:\Users\user\.vscode\extensions\redhat.java-1.56.0-win32-x64\jre\21.0.12.1-win32-x86_64\bin\java.exe
0x00007ffa57640000 - 0x00007ffa578a7000 	C:\WINDOWS\SYSTEM32\ntdll.dll
0x00007ffa55540000 - 0x00007ffa5560b000 	C:\WINDOWS\System32\KERNEL32.DLL
0x00007ffa549f0000 - 0x00007ffa54df2000 	C:\WINDOWS\System32\KERNELBASE.dll
0x00007ffa54e00000 - 0x00007ffa54f4c000 	C:\WINDOWS\System32\ucrtbase.dll
0x00007ffa33980000 - 0x00007ffa33998000 	c:\Users\user\.vscode\extensions\redhat.java-1.56.0-win32-x64\jre\21.0.12.1-win32-x86_64\bin\jli.dll
0x00007ffa55360000 - 0x00007ffa5552f000 	C:\WINDOWS\System32\USER32.dll
0x00007ffa54840000 - 0x00007ffa54867000 	C:\WINDOWS\System32\win32u.dll
0x00007ffa575d0000 - 0x00007ffa575fb000 	C:\WINDOWS\System32\GDI32.dll
0x00007ffa550f0000 - 0x00007ffa55219000 	C:\WINDOWS\System32\gdi32full.dll
0x00007ffa55220000 - 0x00007ffa552c3000 	C:\WINDOWS\System32\msvcp_win.dll
0x00007ffa3ab70000 - 0x00007ffa3ab8e000 	c:\Users\user\.vscode\extensions\redhat.java-1.56.0-win32-x64\jre\21.0.12.1-win32-x86_64\bin\VCRUNTIME140.dll
0x00007ffa45890000 - 0x00007ffa45b20000 	C:\WINDOWS\WinSxS\amd64_microsoft.windows.common-controls_6595b64144ccf1df_6.0.26100.9278_none_3e0d1ba8e3303201\COMCTL32.dll
0x00007ffa55ae0000 - 0x00007ffa55b89000 	C:\WINDOWS\System32\msvcrt.dll
0x00007ffa563a0000 - 0x00007ffa563d1000 	C:\WINDOWS\System32\IMM32.DLL
0x00007ffa43580000 - 0x00007ffa4358c000 	c:\Users\user\.vscode\extensions\redhat.java-1.56.0-win32-x64\jre\21.0.12.1-win32-x86_64\bin\vcruntime140_1.dll
0x00007ff9f9e50000 - 0x00007ff9f9edd000 	c:\Users\user\.vscode\extensions\redhat.java-1.56.0-win32-x64\jre\21.0.12.1-win32-x86_64\bin\msvcp140.dll
0x00007ff999e40000 - 0x00007ff99abe2000 	c:\Users\user\.vscode\extensions\redhat.java-1.56.0-win32-x64\jre\21.0.12.1-win32-x86_64\bin\server\jvm.dll
0x00007ffa55610000 - 0x00007ffa556cc000 	C:\WINDOWS\System32\ADVAPI32.dll
0x00007ffa55980000 - 0x00007ffa55a29000 	C:\WINDOWS\System32\sechost.dll
0x00007ffa57260000 - 0x00007ffa57378000 	C:\WINDOWS\System32\RPCRT4.dll
0x00007ffa57540000 - 0x00007ffa575c0000 	C:\WINDOWS\System32\WS2_32.dll
0x00007ffa546a0000 - 0x00007ffa546fe000 	C:\WINDOWS\SYSTEM32\POWRPROF.dll
0x00007ffa4e4e0000 - 0x00007ffa4e516000 	C:\WINDOWS\SYSTEM32\WINMM.dll
0x00007ffa4e520000 - 0x00007ffa4e52b000 	C:\WINDOWS\SYSTEM32\VERSION.dll
0x00007ffa54680000 - 0x00007ffa54695000 	C:\WINDOWS\SYSTEM32\UMPDC.dll
0x00007ffa53510000 - 0x00007ffa5352b000 	C:\WINDOWS\SYSTEM32\kernel.appcore.dll
0x00007ffa43540000 - 0x00007ffa4354a000 	c:\Users\user\.vscode\extensions\redhat.java-1.56.0-win32-x64\jre\21.0.12.1-win32-x86_64\bin\jimage.dll
0x00007ffa40c70000 - 0x00007ffa40ebc000 	C:\WINDOWS\SYSTEM32\DBGHELP.DLL
0x00007ffa56e50000 - 0x00007ffa571d5000 	C:\WINDOWS\System32\combase.dll
0x00007ffa562c0000 - 0x00007ffa56399000 	C:\WINDOWS\System32\OLEAUT32.dll
0x00007ffa3d490000 - 0x00007ffa3d4cb000 	C:\WINDOWS\SYSTEM32\dbgcore.DLL
0x00007ffa54870000 - 0x00007ffa5491c000 	C:\WINDOWS\System32\bcryptPrimitives.dll
0x00007ff9f9e40000 - 0x00007ff9f9e4f000 	c:\Users\user\.vscode\extensions\redhat.java-1.56.0-win32-x64\jre\21.0.12.1-win32-x86_64\bin\instrument.dll
0x00007ff9f9b40000 - 0x00007ff9f9b60000 	c:\Users\user\.vscode\extensions\redhat.java-1.56.0-win32-x64\jre\21.0.12.1-win32-x86_64\bin\java.dll
0x00007ffa563e0000 - 0x00007ffa56b78000 	C:\WINDOWS\System32\SHELL32.dll
0x00007ffa52290000 - 0x00007ffa52b3e000 	C:\WINDOWS\SYSTEM32\windows.storage.dll
0x00007ffa55b90000 - 0x00007ffa55c8b000 	C:\WINDOWS\System32\SHCORE.dll
0x00007ffa56250000 - 0x00007ffa562b6000 	C:\WINDOWS\System32\shlwapi.dll
0x00007ffa54760000 - 0x00007ffa54789000 	C:\WINDOWS\SYSTEM32\profapi.dll
0x00007ff9f4470000 - 0x00007ff9f4488000 	c:\Users\user\.vscode\extensions\redhat.java-1.56.0-win32-x64\jre\21.0.12.1-win32-x86_64\bin\zip.dll
0x00007ffa3c070000 - 0x00007ffa3c080000 	C:\Users\user\.vscode\extensions\redhat.java-1.56.0-win32-x64\jre\21.0.12.1-win32-x86_64\bin\net.dll
0x00007ffa4a9e0000 - 0x00007ffa4ab0a000 	C:\WINDOWS\SYSTEM32\WINHTTP.dll
0x00007ffa53ad0000 - 0x00007ffa53b3c000 	C:\WINDOWS\system32\mswsock.dll
0x00007ff9f4450000 - 0x00007ff9f4466000 	C:\Users\user\.vscode\extensions\redhat.java-1.56.0-win32-x64\jre\21.0.12.1-win32-x86_64\bin\nio.dll
0x00007ffa3aa40000 - 0x00007ffa3aa50000 	c:\Users\user\.vscode\extensions\redhat.java-1.56.0-win32-x64\jre\21.0.12.1-win32-x86_64\bin\verify.dll
0x00007ff9f9ce0000 - 0x00007ff9f9d25000 	C:\Users\user\AppData\Roaming\Code\User\globalStorage\redhat.java\1.56.0\config_win\org.eclipse.equinox.launcher\org.eclipse.equinox.launcher.win32.win32.x86_64_1.3.100.v20260804-1928\eclipse_11924.dll
0x00007ffa55700000 - 0x00007ffa5589a000 	C:\WINDOWS\System32\ole32.dll
0x00007ffa53dc0000 - 0x00007ffa53ddb000 	C:\WINDOWS\SYSTEM32\CRYPTSP.dll
0x00007ffa53470000 - 0x00007ffa534a9000 	C:\WINDOWS\system32\rsaenh.dll
0x00007ffa53b80000 - 0x00007ffa53bb4000 	C:\WINDOWS\SYSTEM32\USERENV.dll
0x00007ffa54730000 - 0x00007ffa5475a000 	C:\WINDOWS\SYSTEM32\bcrypt.dll
0x00007ffa53de0000 - 0x00007ffa53dec000 	C:\WINDOWS\SYSTEM32\CRYPTBASE.dll
0x00007ffa52ef0000 - 0x00007ffa52f23000 	C:\WINDOWS\SYSTEM32\IPHLPAPI.DLL
0x00007ffa56d60000 - 0x00007ffa56d6a000 	C:\WINDOWS\System32\NSI.dll
0x00007ff9f9570000 - 0x00007ff9f95b9000 	C:\Users\user\AppData\Local\Temp\jna-3599307\jna3385935020105562931.dll
0x00007ffa56e30000 - 0x00007ffa56e38000 	C:\WINDOWS\System32\PSAPI.DLL
0x00007ffa4a9b0000 - 0x00007ffa4a9cd000 	C:\WINDOWS\SYSTEM32\dhcpcsvc6.DLL
0x00007ffa4a980000 - 0x00007ffa4a9a5000 	C:\WINDOWS\SYSTEM32\dhcpcsvc.DLL
0x00007ffa4f580000 - 0x00007ffa4f5a7000 	C:\Users\user\.gradle\native\660c5614fbf4a5f2a75b1949f50a0caf5cd603558e7d8a26e50b933a0cfb79d1\windows-amd64\native-platform.dll
0x00007ffa39940000 - 0x00007ffa3994a000 	C:\Users\user\.vscode\extensions\redhat.java-1.56.0-win32-x64\jre\21.0.12.1-win32-x86_64\bin\management.dll
0x00007ffa1f320000 - 0x00007ffa1f32c000 	C:\Users\user\.vscode\extensions\redhat.java-1.56.0-win32-x64\jre\21.0.12.1-win32-x86_64\bin\management_ext.dll
0x00007ffa3c140000 - 0x00007ffa3c14e000 	C:\Users\user\.vscode\extensions\redhat.java-1.56.0-win32-x64\jre\21.0.12.1-win32-x86_64\bin\sunmscapi.dll
0x00007ffa54f60000 - 0x00007ffa550de000 	C:\WINDOWS\System32\CRYPT32.dll
0x00007ffa54000000 - 0x00007ffa54030000 	C:\WINDOWS\SYSTEM32\ncrypt.dll
0x00007ffa53fb0000 - 0x00007ffa53fef000 	C:\WINDOWS\SYSTEM32\NTASN1.dll
0x00007ffa52f90000 - 0x00007ffa530e8000 	C:\WINDOWS\SYSTEM32\DNSAPI.dll
0x00007ffa538b0000 - 0x00007ffa538bd000 	C:\WINDOWS\SYSTEM32\DSPARSE.dll
0x00007ffa47530000 - 0x00007ffa4753b000 	C:\Windows\System32\rasadhlp.dll
0x00007ffa4a250000 - 0x00007ffa4a2d6000 	C:\WINDOWS\System32\fwpuclnt.dll
0x00007ffa1f190000 - 0x00007ffa1f199000 	C:\Users\user\.vscode\extensions\redhat.java-1.56.0-win32-x64\jre\21.0.12.1-win32-x86_64\bin\extnet.dll
0x00007ff9d70d0000 - 0x00007ff9d70d8000 	C:\WINDOWS\system32\wshunix.dll
0x00007ffa53640000 - 0x00007ffa53676000 	C:\WINDOWS\SYSTEM32\ntmarta.dll

JVMTI agents:
c:\Users\user\.vscode\extensions\redhat.java-1.56.0-win32-x64\lombok\lombok-1.18.39-4050.jar path:c:\Users\user\.vscode\extensions\redhat.java-1.56.0-win32-x64\jre\21.0.12.1-win32-x86_64\bin\instrument.dll, loaded, initialized, instrumentlib options:none

dbghelp: loaded successfully - version: 4.0.5 - missing functions: none
symbol engine: initialized successfully - sym options: 0x614 - pdb path: .;c:\Users\user\.vscode\extensions\redhat.java-1.56.0-win32-x64\jre\21.0.12.1-win32-x86_64\bin;C:\WINDOWS\SYSTEM32;C:\WINDOWS\WinSxS\amd64_microsoft.windows.common-controls_6595b64144ccf1df_6.0.26100.9278_none_3e0d1ba8e3303201;c:\Users\user\.vscode\extensions\redhat.java-1.56.0-win32-x64\jre\21.0.12.1-win32-x86_64\bin\server;C:\Users\user\AppData\Roaming\Code\User\globalStorage\redhat.java\1.56.0\config_win\org.eclipse.equinox.launcher\org.eclipse.equinox.launcher.win32.win32.x86_64_1.3.100.v20260804-1928;C:\Users\user\AppData\Local\Temp\jna-3599307;C:\Users\user\.gradle\native\660c5614fbf4a5f2a75b1949f50a0caf5cd603558e7d8a26e50b933a0cfb79d1\windows-amd64

VM Arguments:
jvm_args: --add-modules=ALL-SYSTEM --add-opens=java.base/java.util=ALL-UNNAMED --add-opens=java.base/java.lang=ALL-UNNAMED --add-opens=java.base/sun.nio.fs=ALL-UNNAMED -Declipse.application=org.eclipse.jdt.ls.core.id1 -Dosgi.bundles.defaultStartLevel=4 -Declipse.product=org.eclipse.jdt.ls.core.product -Djava.import.generatesMetadataFilesAtProjectRoot=false -Dm2e.project.cache.size=50 -DDetectVMInstallationsJob.disabled=true -Dfile.encoding=utf8 -XX:+UseParallelGC -XX:GCTimeRatio=4 -XX:AdaptiveSizePolicyWeight=90 -Dsun.zip.disableMemoryMapping=true -Xmx32G -Xms100m -Xlog:disable -javaagent:c:\Users\user\.vscode\extensions\redhat.java-1.56.0-win32-x64\lombok\lombok-1.18.39-4050.jar -XX:+HeapDumpOnOutOfMemoryError -XX:HeapDumpPath=c:\Users\user\AppData\Roaming\Code\User\workspaceStorage\9d9156ffb6426d8458dc70a5770c4c03\redhat.java -Daether.dependencyCollector.impl=bf 
java_command: c:\Users\user\.vscode\extensions\redhat.java-1.56.0-win32-x64\server\plugins\org.eclipse.equinox.launcher_1.8.0.v20260804-1928.jar -configuration c:\Users\user\AppData\Roaming\Code\User\globalStorage\redhat.java\1.56.0\config_win -data c:\Users\user\AppData\Roaming\Code\User\workspaceStorage\9d9156ffb6426d8458dc70a5770c4c03\redhat.java\jdt_ws --stdio
java_class_path (initial): c:\Users\user\.vscode\extensions\redhat.java-1.56.0-win32-x64\server\plugins\org.eclipse.equinox.launcher_1.8.0.v20260804-1928.jar
Launcher Type: SUN_STANDARD

[Global flags]
    uintx AdaptiveSizePolicyWeight                 = 90                                        {product} {command line}
     intx CICompilerCount                          = 3                                         {product} {ergonomic}
    uintx GCTimeRatio                              = 4                                         {product} {command line}
     bool HeapDumpOnOutOfMemoryError               = true                                   {manageable} {command line}
    ccstr HeapDumpPath                             = c:\Users\user\AppData\Roaming\Code\User\workspaceStorage\9d9156ffb6426d8458dc70a5770c4c03\redhat.java         {manageable} {command line}
   size_t InitialHeapSize                          = 104857600                                 {product} {command line}
   size_t MaxHeapSize                              = 34359738368                               {product} {command line}
   size_t MaxNewSize                               = 11453071360                               {product} {ergonomic}
   size_t MinHeapDeltaBytes                        = 524288                                    {product} {ergonomic}
   size_t MinHeapSize                              = 104857600                                 {product} {command line}
   size_t NewSize                                  = 34603008                                  {product} {ergonomic}
    uintx NonNMethodCodeHeapSize                   = 5832780                                {pd product} {ergonomic}
    uintx NonProfiledCodeHeapSize                  = 122912730                              {pd product} {ergonomic}
   size_t OldSize                                  = 70254592                                  {product} {ergonomic}
    uintx ProfiledCodeHeapSize                     = 122912730                              {pd product} {ergonomic}
    uintx ReservedCodeCacheSize                    = 251658240                              {pd product} {ergonomic}
     bool SegmentedCodeCache                       = true                                      {product} {ergonomic}
   size_t SoftMaxHeapSize                          = 34359738368                            {manageable} {ergonomic}
     bool UseLargePagesIndividualAllocation        = false                                  {pd product} {ergonomic}
     bool UseParallelGC                            = true                                      {product} {command line}

Logging:
Log output configuration:
 #0: stdout all=off uptime,level,tags foldmultilines=false
 #1: stderr all=off uptime,level,tags foldmultilines=false

Release file:
JAVA_VERSION="21.0.12.1" 
MODULES="java.base java.compiler java.datatransfer java.xml java.prefs java.desktop java.instrument java.logging java.management java.security.sasl java.naming java.rmi java.management.rmi java.net.http java.scripting java.security.jgss java.transaction.xa java.sql java.sql.rowset java.xml.crypto java.se java.smartcardio jdk.accessibility jdk.internal.jvmstat jdk.attach jdk.charsets jdk.internal.opt jdk.zipfs jdk.compiler jdk.crypto.ec jdk.crypto.cryptoki jdk.crypto.mscapi jdk.dynalink jdk.internal.ed jdk.editpad jdk.hotspot.agent jdk.httpserver jdk.internal.le jdk.internal.vm.ci jdk.internal.vm.compiler jdk.internal.vm.compiler.management jdk.jartool jdk.javadoc jdk.jcmd jdk.management jdk.management.agent jdk.jconsole jdk.jdeps jdk.jdwp.agent jdk.jdi jdk.jfr jdk.jshell jdk.jsobject jdk.jstatd jdk.localedata jdk.management.jfr jdk.naming.dns jdk.naming.rmi jdk.net jdk.nio.mapmode jdk.random jdk.sctp jdk.security.auth jdk.security.jgss jdk.unsupported jdk.unsupported.desktop jdk.xml.dom" 

Environment Variables:
JAVA_HOME=C:\Program Files\Java\jdk-17
PATH=C:\Program Files\Common Files\Oracle\Java\javapath;C:\Program Files (x86)\Common Files\Oracle\Java\java8path;C:\Program Files (x86)\Common Files\Oracle\Java\javapath;C:\Python313\Scripts\;C:\Python313\;C:\WINDOWS\system32;C:\WINDOWS;C:\WINDOWS\System32\Wbem;C:\WINDOWS\System32\WindowsPowerShell\v1.0\;C:\WINDOWS\System32\OpenSSH\;C:\Program Files\nodejs\;C:\ProgramData\chocolatey\bin;%ANDROID_HOME%\platform-tools;%ANDROID_HOME%\emulator;C:\Python313\Scripts;C:\Users\user\AppData\Local\Programs\Python\Python313\Scripts;C:\mingw64\bin;C:\xampp\php;C:\ProgramData\ComposerSetup\bin;C:\Program Files\Git\cmd;C:\Program Files (x86)\Nmap\;C:\Program Files\Nmap\;C:\Program Files\PostgreSQL\17\bin;;C:\Users\user\AppData\Local\Muse Hub\lib;C:\Program Files\Docker\Docker\resources\bin;C:\Users\user\AppData\Local\agy\bin;C:\Users\user\AppData\Local\Microsoft\WindowsApps;C:\Users\user\AppData\Roaming\npm;C:\Program Files\Java\jdk-17\bin;C:\mingw64\bin;C:\Users\user\AppData\Roaming\Composer\vendor\bin;C:\Program Files (x86)\Nmap;C:\Users\user\AppData\Local\Programs\Antigravity\bin;C:\Users\user\AppData\Local\Muse Hub\lib;C:\Users\user\.lmstudio\bin;C:\Users\user\AppData\Local\Microsoft\WindowsApps;C:\Users\user\AppData\Local\Programs\Antigravity IDE\bin;C:\Users\user\AppData\Local\Programs\Microsoft VS Code\bin
USERNAME=user
OS=Windows_NT
PROCESSOR_IDENTIFIER=AMD64 Family 23 Model 24 Stepping 1, AuthenticAMD
TMP=C:\Users\user\AppData\Local\Temp
TEMP=C:\Users\user\AppData\Local\Temp




Periodic native trim disabled

---------------  S Y S T E M  ---------------

OS:
 Windows 11 , 64 bit Build 26100 (10.0.26100.9444)
OS uptime: 0 days 9:34 hours
Hyper-V role detected

CPU: total 4 (initial active 4) (4 cores per cpu, 2 threads per core) family 23 model 24 stepping 1 microcode 0x8108109, cx8, cmov, fxsr, ht, mmx, 3dnowpref, sse, sse2, sse3, ssse3, sse4a, sse4.1, sse4.2, popcnt, lzcnt, tsc, tscinvbit, avx, avx2, aes, clmul, bmi1, bmi2, adx, sha, fma, vzeroupper, clflush, clflushopt, hv, rdtscp, f16c
Processor Information for the first 4 processors :
  Max Mhz: 2600, Current Mhz: 2600, Mhz Limit: 2600

Memory: 4k page, system-wide physical 18369M (1461M free)
TotalPageFile size 48770M (AvailPageFile size 0M)
current process WorkingSet (physical memory assigned to process): 437M, peak: 713M
current process commit charge ("private bytes"): 1557M, peak: 23219M

vm_info: OpenJDK 64-Bit Server VM (21.0.12.1+1-LTS) for windows-amd64 JRE (21.0.12.1+1-LTS), built on 2026-08-18T00:00:00Z by "admin" with MS VC++ 17.12 (VS2022)

END.
