#
# There is insufficient memory for the Java Runtime Environment to continue.
# Native memory allocation (malloc) failed to allocate 1048576 bytes. Error detail: AllocateHeap
# Possible reasons:
#   The system is out of physical RAM or swap space
#   This process is running with CompressedOops enabled, and the Java Heap may be blocking the growth of the native heap
# Possible solutions:
#   Reduce memory load on the system
#   Increase physical memory or swap space
#   Check if swap backing store is full
#   Decrease Java heap size (-Xmx/-Xms)
#     maximum limit for the native heap growth. Please use -XX:HeapBaseMinAddress
#     to set the Java Heap base and to place the Java Heap above 4GB virtual address.
# This output file may be truncated or incomplete.
#
#  Out of Memory Error (allocation.cpp:44), pid=21360, tid=24764
#
# JRE version: OpenJDK Runtime Environment Temurin-21.0.12.1+1 (21.0.12.1+1) (build 21.0.12.1+1-LTS)
# Java VM: OpenJDK 64-Bit Server VM Temurin-21.0.12.1+1 (21.0.12.1+1-LTS, mixed mode, sharing, tiered, compressed oops, compressed class ptrs, parallel gc, windows-amd64)
# No core dump will be written. Minidumps are not enabled by default on client versions of Windows
#

---------------  S U M M A R Y ------------

Command Line: --add-modules=ALL-SYSTEM --add-opens=java.base/java.util=ALL-UNNAMED --add-opens=java.base/java.lang=ALL-UNNAMED --add-opens=java.base/sun.nio.fs=ALL-UNNAMED -Declipse.application=org.eclipse.jdt.ls.core.id1 -Dosgi.bundles.defaultStartLevel=4 -Declipse.product=org.eclipse.jdt.ls.core.product -Djava.import.generatesMetadataFilesAtProjectRoot=false -Dm2e.project.cache.size=50 -DDetectVMInstallationsJob.disabled=true -Dfile.encoding=utf8 -XX:+UseParallelGC -XX:GCTimeRatio=4 -XX:AdaptiveSizePolicyWeight=90 -Dsun.zip.disableMemoryMapping=true -Xmx2G -Xms100m -Xlog:disable -javaagent:c:\Users\user\.vscode\extensions\redhat.java-1.56.0-win32-x64\lombok\lombok-1.18.39-4050.jar -XX:+HeapDumpOnOutOfMemoryError -XX:HeapDumpPath=c:\Users\user\AppData\Roaming\Code\User\workspaceStorage\9d9156ffb6426d8458dc70a5770c4c03\redhat.java -Daether.dependencyCollector.impl=bf c:\Users\user\.vscode\extensions\redhat.java-1.56.0-win32-x64\server\plugins\org.eclipse.equinox.launcher_1.8.0.v20260804-1928.jar -configuration c:\Users\user\AppData\Roaming\Code\User\globalStorage\redhat.java\1.56.0\config_win -data c:\Users\user\AppData\Roaming\Code\User\workspaceStorage\9d9156ffb6426d8458dc70a5770c4c03\redhat.java\jdt_ws --stdio

Host: AMD Ryzen 3 3250U with Radeon Graphics         , 4 cores, 17G,  Windows 11 , 64 bit Build 26100 (10.0.26100.9444)
Time: Tue Sep 15 08:38:29 2026 Hora est. Pacífico, Sudamérica elapsed time: 46069.424134 seconds (0d 12h 47m 49s)

---------------  T H R E A D  ---------------

Current thread (0x000001e188471a60):  JavaThread "Attach Listener" daemon [_thread_in_vm, id=24764, stack(0x000000ca26e00000,0x000000ca26f00000) (1024K)]

Stack: [0x000000ca26e00000,0x000000ca26f00000]
Native frames: (J=compiled Java code, j=interpreted, Vv=VM code, C=native code)
V  [jvm.dll+0x6d83e9]
V  [jvm.dll+0x8b5736]
V  [jvm.dll+0x8b7cee]
V  [jvm.dll+0x8b83d3]
V  [jvm.dll+0x284596]
V  [jvm.dll+0xc13c7]
V  [jvm.dll+0x6d8c99]
V  [jvm.dll+0x133616]
V  [jvm.dll+0x3f8aae]
V  [jvm.dll+0x8600cd]
V  [jvm.dll+0x6d6c1d]
C  [ucrtbase.dll+0x2cd30]
C  [KERNEL32.DLL+0x2cd87]
C  [ntdll.dll+0xacaec]


---------------  P R O C E S S  ---------------

Threads class SMR info:
_java_thread_list=0x000001e1e9233b50, length=30, elements={
0x000001e18857e820, 0x000001e18846b360, 0x000001e18846d8a0, 0x000001e18846f8a0,
0x000001e188471a60, 0x000001e188474830, 0x000001e188475640, 0x000001e188476480,
0x000001e1884f1700, 0x000001e1e0d880f0, 0x000001e1e0e2b640, 0x000001e1e0c38ae0,
0x000001e1e557bdf0, 0x000001e1e0dd1590, 0x000001e1e5193270, 0x000001e1e5e50de0,
0x000001e1e54083d0, 0x000001e1e5650d80, 0x000001e1e5ef9ef0, 0x000001e1e5efac10,
0x000001e1e884b360, 0x000001e1e884c710, 0x000001e1e8849290, 0x000001e1e884c080,
0x000001e1e8849920, 0x000001e1e884b9f0, 0x000001e1e884d430, 0x000001e1e88508b0,
0x000001e1e884ee70, 0x000001e1e5efbfc0
}

Java Threads: ( => current thread )
  0x000001e18857e820 JavaThread "main"                              [_thread_blocked, id=40192, stack(0x000000ca26700000,0x000000ca26800000) (1024K)]
  0x000001e18846b360 JavaThread "Reference Handler"          daemon [_thread_blocked, id=6272, stack(0x000000ca26b00000,0x000000ca26c00000) (1024K)]
  0x000001e18846d8a0 JavaThread "Finalizer"                  daemon [_thread_blocked, id=4552, stack(0x000000ca26c00000,0x000000ca26d00000) (1024K)]
  0x000001e18846f8a0 JavaThread "Signal Dispatcher"          daemon [_thread_blocked, id=21960, stack(0x000000ca26d00000,0x000000ca26e00000) (1024K)]
=>0x000001e188471a60 JavaThread "Attach Listener"            daemon [_thread_in_vm, id=24764, stack(0x000000ca26e00000,0x000000ca26f00000) (1024K)]
  0x000001e188474830 JavaThread "Service Thread"             daemon [_thread_blocked, id=12864, stack(0x000000ca26f00000,0x000000ca27000000) (1024K)]
  0x000001e188475640 JavaThread "Monitor Deflation Thread"   daemon [_thread_blocked, id=25284, stack(0x000000ca27000000,0x000000ca27100000) (1024K)]
  0x000001e188476480 JavaThread "C2 CompilerThread0"         daemon [_thread_blocked, id=22700, stack(0x000000ca27100000,0x000000ca27200000) (1024K)]
  0x000001e1884f1700 JavaThread "C1 CompilerThread0"         daemon [_thread_blocked, id=23188, stack(0x000000ca27200000,0x000000ca27300000) (1024K)]
  0x000001e1e0d880f0 JavaThread "Common-Cleaner"             daemon [_thread_blocked, id=23204, stack(0x000000ca27300000,0x000000ca27400000) (1024K)]
  0x000001e1e0e2b640 JavaThread "Notification Thread"        daemon [_thread_blocked, id=20284, stack(0x000000ca27400000,0x000000ca27500000) (1024K)]
  0x000001e1e0c38ae0 JavaThread "Active Thread: Equinox Container: ca72d2ed-ed36-4295-8e47-63c1bdfa3e9e"        [_thread_blocked, id=19568, stack(0x000000ca27900000,0x000000ca27a00000) (1024K)]
  0x000001e1e557bdf0 JavaThread "Refresh Thread: Equinox Container: ca72d2ed-ed36-4295-8e47-63c1bdfa3e9e" daemon [_thread_blocked, id=16936, stack(0x000000ca27800000,0x000000ca27900000) (1024K)]
  0x000001e1e0dd1590 JavaThread "Framework Event Dispatcher: Equinox Container: ca72d2ed-ed36-4295-8e47-63c1bdfa3e9e" daemon [_thread_blocked, id=22424, stack(0x000000ca27a00000,0x000000ca27b00000) (1024K)]
  0x000001e1e5193270 JavaThread "Start Level: Equinox Container: ca72d2ed-ed36-4295-8e47-63c1bdfa3e9e" daemon [_thread_blocked, id=20000, stack(0x000000ca27b00000,0x000000ca27c00000) (1024K)]
  0x000001e1e5e50de0 JavaThread "Bundle File Closer"         daemon [_thread_blocked, id=18836, stack(0x000000ca27d00000,0x000000ca27e00000) (1024K)]
  0x000001e1e54083d0 JavaThread "SCR Component Actor"        daemon [_thread_blocked, id=26148, stack(0x000000ca27c00000,0x000000ca27d00000) (1024K)]
  0x000001e1e5650d80 JavaThread "Worker-JM"                         [_thread_blocked, id=27108, stack(0x000000ca27e00000,0x000000ca27f00000) (1024K)]
  0x000001e1e5ef9ef0 JavaThread "JNA Cleaner"                daemon [_thread_blocked, id=26584, stack(0x000000ca27f00000,0x000000ca28000000) (1024K)]
  0x000001e1e5efac10 JavaThread "Java indexing"              daemon [_thread_blocked, id=33624, stack(0x000000ca28600000,0x000000ca28700000) (1024K)]
  0x000001e1e884b360 JavaThread "pool-2-thread-1"                   [_thread_blocked, id=23488, stack(0x000000ca28a00000,0x000000ca28b00000) (1024K)]
  0x000001e1e884c710 JavaThread "WorkspaceEventsHandler"            [_thread_blocked, id=26012, stack(0x000000ca28b00000,0x000000ca28c00000) (1024K)]
  0x000001e1e8849290 JavaThread "pool-1-thread-1"                   [_thread_in_native, id=37196, stack(0x000000ca28c00000,0x000000ca28d00000) (1024K)]
  0x000001e1e884c080 JavaThread "PatternSearchJob-worker-1"  daemon [_thread_blocked, id=36640, stack(0x000000ca28500000,0x000000ca28600000) (1024K)]
  0x000001e1e8849920 JavaThread "PatternSearchJob-worker-2"  daemon [_thread_blocked, id=22572, stack(0x000000ca28d00000,0x000000ca28e00000) (1024K)]
  0x000001e1e884b9f0 JavaThread "PatternSearchJob-worker-3"  daemon [_thread_blocked, id=36812, stack(0x000000ca28e00000,0x000000ca28f00000) (1024K)]
  0x000001e1e884d430 JavaThread "Timer-0"                           [_thread_blocked, id=36820, stack(0x000000ca28f00000,0x000000ca29000000) (1024K)]
  0x000001e1e88508b0 JavaThread "Cleaner-0"                  daemon [_thread_blocked, id=31164, stack(0x000000ca29600000,0x000000ca29700000) (1024K)]
  0x000001e1e884ee70 JavaThread "Worker-17"                         [_thread_blocked, id=17820, stack(0x000000ca28300000,0x000000ca28400000) (1024K)]
  0x000001e1e5efbfc0 JavaThread "Worker-18"                         [_thread_blocked, id=2772, stack(0x000000ca28400000,0x000000ca28500000) (1024K)]
Total: 30

Other Threads:
  0x000001e18844dd50 VMThread "VM Thread"                           [id=20200, stack(0x000000ca26a00000,0x000000ca26b00000) (1024K)]
  0x000001e18840ca00 WatcherThread "VM Periodic Task Thread"        [id=25004, stack(0x000000ca26900000,0x000000ca26a00000) (1024K)]
  0x000001e18859c8a0 WorkerThread "GC Thread#0"                     [id=21824, stack(0x000000ca26800000,0x000000ca26900000) (1024K)]
  0x000001e1e51b2720 WorkerThread "GC Thread#1"                     [id=17468, stack(0x000000ca27500000,0x000000ca27600000) (1024K)]
  0x000001e1e50aff50 WorkerThread "GC Thread#2"                     [id=25384, stack(0x000000ca27600000,0x000000ca27700000) (1024K)]
  0x000001e1e0e62f70 WorkerThread "GC Thread#3"                     [id=13196, stack(0x000000ca27700000,0x000000ca27800000) (1024K)]
Total: 6

Threads with active compile tasks:
Total: 0

VM state: not at safepoint (normal execution)

VM Mutex/Monitor currently owned by a thread: None

Heap address: 0x0000000080000000, size: 2048 MB, Compressed Oops mode: 32-bit

CDS archive(s) mapped at: [0x000001e19f000000-0x000001e19fba0000-0x000001e19fba0000), size 12189696, SharedBaseAddress: 0x000001e19f000000, ArchiveRelocationMode: 1.
Compressed class space mapped at: 0x000001e1a0000000-0x000001e1e0000000, reserved size: 1073741824
Narrow klass base: 0x000001e19f000000, Narrow klass shift: 0, Narrow klass range: 0x100000000

GC Precious Log:
 CardTable entry size: 512
 CPUs: 4 total, 4 available
 Memory: 18369M
 Large Page Support: Disabled
 NUMA Support: Disabled
 Compressed Oops: Enabled (32-bit)
 Alignments: Space 512K, Generation 512K, Heap 2M
 Heap Min Capacity: 100M
 Heap Initial Capacity: 100M
 Heap Max Capacity: 2G
 Pre-touch: Disabled
 Parallel Workers: 4

Heap:
 PSYoungGen      total 2048K, used 1465K [0x00000000d5580000, 0x00000000d5900000, 0x0000000100000000)
  eden space 1536K, 62% used [0x00000000d5580000,0x00000000d566e4f0,0x00000000d5700000)
  from space 512K, 100% used [0x00000000d5700000,0x00000000d5780000,0x00000000d5780000)
  to   space 1024K, 0% used [0x00000000d5800000,0x00000000d5800000,0x00000000d5900000)
 ParOldGen       total 430592K, used 430312K [0x0000000080000000, 0x000000009a480000, 0x00000000d5580000)
  object space 430592K, 99% used [0x0000000080000000,0x000000009a43a1d0,0x000000009a480000)
 Metaspace       used 83490K, committed 85120K, reserved 1179648K
  class space    used 9359K, committed 10112K, reserved 1048576K

Card table byte_map: [0x000001e187f20000,0x000001e188330000] _byte_map_base: 0x000001e187b20000

Marking Bits: (ParMarkBitMap*) 0x00007ff8356b44a0
 Begin Bits: [0x000001e19aa30000, 0x000001e19ca30000)
 End Bits:   [0x000001e19ca30000, 0x000001e19ea30000)

Polling page: 0x000001e1863e0000

Metaspace:

Usage:
  Non-class:     72.39 MB used.
      Class:      9.14 MB used.
       Both:     81.53 MB used.

Virtual space:
  Non-class space:      128.00 MB reserved,      73.25 MB ( 57%) committed,  2 nodes.
      Class space:        1.00 GB reserved,       9.88 MB ( <1%) committed,  1 nodes.
             Both:        1.12 GB reserved,      83.12 MB (  7%) committed. 

Chunk freelists:
   Non-Class:  6.53 MB
       Class:  6.03 MB
        Both:  12.56 MB

MaxMetaspaceSize: unlimited
CompressedClassSpaceSize: 1.00 GB
Initial GC threshold: 21.00 MB
Current GC threshold: 97.31 MB
CDS: on
 - commit_granule_bytes: 65536.
 - commit_granule_words: 8192.
 - virtual_space_node_default_size: 8388608.
 - enlarge_chunks_in_place: 1.
 - use_allocation_guard: 0.


Internal statistics:

num_allocs_failed_limit: 9.
num_arena_births: 1486.
num_arena_deaths: 14.
num_vsnodes_births: 3.
num_vsnodes_deaths: 0.
num_space_committed: 1330.
num_space_uncommitted: 0.
num_chunks_returned_to_freelist: 23.
num_chunks_taken_from_freelist: 5203.
num_chunk_merges: 11.
num_chunk_splits: 3263.
num_chunks_enlarged: 1920.
num_inconsistent_stats: 0.

CodeHeap 'non-profiled nmethods': size=120000Kb used=11744Kb max_used=11744Kb free=108255Kb
 bounds [0x000001e193250000, 0x000001e193dd0000, 0x000001e19a780000]
CodeHeap 'profiled nmethods': size=120000Kb used=29184Kb max_used=29184Kb free=90815Kb
 bounds [0x000001e18b780000, 0x000001e18d410000, 0x000001e192cb0000]
CodeHeap 'non-nmethods': size=5760Kb used=1507Kb max_used=1602Kb free=4252Kb
 bounds [0x000001e192cb0000, 0x000001e192f20000, 0x000001e193250000]
CodeCache: size=245760Kb, used=42435Kb, max_used=42530Kb, free=203322Kb
 total_blobs=13226, nmethods=12392, adapters=736, full_count=0
Compilation: enabled, stopped_count=0, restarted_count=0

Compilation events (20 events):
Event: 45851.244 Thread 0x000001e1884f1700 13173       3       org.eclipse.core.runtime.jobs.Job::getName (5 bytes)
Event: 45851.245 Thread 0x000001e1884f1700 nmethod 13173 0x000001e18d3f8f10 code [0x000001e18d3f90a0, 0x000001e18d3f91c0]
Event: 45851.287 Thread 0x000001e1884f1700 13174       3       org.eclipse.jdt.internal.corext.dom.ASTNodes::getFirstAncestorOrNull (46 bytes)
Event: 45851.289 Thread 0x000001e1884f1700 nmethod 13174 0x000001e18d3f9290 code [0x000001e18d3f9480, 0x000001e18d3f97c0]
Event: 45851.330 Thread 0x000001e1884f1700 13175       3       org.eclipse.jdt.core.dom.ASTNode::setProperty (215 bytes)
Event: 45851.331 Thread 0x000001e1884f1700 nmethod 13175 0x000001e18d3f9990 code [0x000001e18d3f9cc0, 0x000001e18d3faf48]
Event: 45851.373 Thread 0x000001e1884f1700 13176       3       java.lang.invoke.LambdaForm$MH/0x000001e1a09c3c00::invoke (42 bytes)
Event: 45851.375 Thread 0x000001e1884f1700 nmethod 13176 0x000001e18d3fb310 code [0x000001e18d3fb5a0, 0x000001e18d3fc320]
Event: 45851.421 Thread 0x000001e1884f1700 13177       3       java.lang.invoke.LambdaForm$MH/0x000001e1a09c8000::invoke (42 bytes)
Event: 45851.421 Thread 0x000001e188476480 13180       4       org.eclipse.lsp4j.jsonrpc.json.adapters.CollectionTypeAdapter::write (123 bytes)
Event: 45851.422 Thread 0x000001e1884f1700 nmethod 13177 0x000001e18d3fc790 code [0x000001e18d3fca20, 0x000001e18d3fd7a0]
Event: 45851.422 Thread 0x000001e1884f1700 13178       3       java.lang.invoke.LambdaForm$MH/0x000001e1a09c8400::invoke (42 bytes)
Event: 45851.424 Thread 0x000001e1884f1700 nmethod 13178 0x000001e18d3fdc10 code [0x000001e18d3fdea0, 0x000001e18d3fec20]
Event: 45851.424 Thread 0x000001e1884f1700 13179       3       java.lang.invoke.LambdaForm$MH/0x000001e1a09c8800::invoke (42 bytes)
Event: 45851.425 Thread 0x000001e1884f1700 nmethod 13179 0x000001e18d3ff090 code [0x000001e18d3ff2e0, 0x000001e18d3ffd80]
Event: 45851.465 Thread 0x000001e188476480 nmethod 13180 0x000001e193dc4590 code [0x000001e193dc4980, 0x000001e193dc63d0]
Event: 45851.465 Thread 0x000001e188476480 13181       4       org.eclipse.lsp4j.jsonrpc.json.adapters.CollectionTypeAdapter::write (10 bytes)
Event: 45851.466 Thread 0x000001e188476480 nmethod 13181 0x000001e193dc7810 code [0x000001e193dc79a0, 0x000001e193dc7ae8]
Event: 45904.458 Thread 0x000001e188476480 13182   !   4       java.util.concurrent.locks.AbstractQueuedSynchronizer::tryInitializeHead (66 bytes)
Event: 45904.460 Thread 0x000001e188476480 nmethod 13182 0x000001e193dc7c10 code [0x000001e193dc7da0, 0x000001e193dc7f60]

GC Heap History (20 events):
Event: 45850.334 GC heap before
{Heap before GC invocations=529 (full 3):
 PSYoungGen      total 2560K, used 1504K [0x00000000d5580000, 0x00000000d5900000, 0x0000000100000000)
  eden space 1024K, 100% used [0x00000000d5580000,0x00000000d5680000,0x00000000d5680000)
  from space 1536K, 31% used [0x00000000d5680000,0x00000000d56f8000,0x00000000d5800000)
  to   space 1024K, 0% used [0x00000000d5800000,0x00000000d5800000,0x00000000d5900000)
 ParOldGen       total 425472K, used 425441K [0x0000000080000000, 0x0000000099f80000, 0x00000000d5580000)
  object space 425472K, 99% used [0x0000000080000000,0x0000000099f786c8,0x0000000099f80000)
 Metaspace       used 83480K, committed 85120K, reserved 1179648K
  class space    used 9359K, committed 10112K, reserved 1048576K
}
Event: 45850.337 GC heap after
{Heap after GC invocations=529 (full 3):
 PSYoungGen      total 2048K, used 256K [0x00000000d5580000, 0x00000000d5880000, 0x0000000100000000)
  eden space 1536K, 0% used [0x00000000d5580000,0x00000000d5580000,0x00000000d5700000)
  from space 512K, 50% used [0x00000000d5800000,0x00000000d5840000,0x00000000d5880000)
  to   space 512K, 0% used [0x00000000d5780000,0x00000000d5780000,0x00000000d5800000)
 ParOldGen       total 425984K, used 425905K [0x0000000080000000, 0x000000009a000000, 0x00000000d5580000)
  object space 425984K, 99% used [0x0000000080000000,0x0000000099fec6c8,0x000000009a000000)
 Metaspace       used 83480K, committed 85120K, reserved 1179648K
  class space    used 9359K, committed 10112K, reserved 1048576K
}
Event: 45850.383 GC heap before
{Heap before GC invocations=530 (full 3):
 PSYoungGen      total 2048K, used 1792K [0x00000000d5580000, 0x00000000d5880000, 0x0000000100000000)
  eden space 1536K, 100% used [0x00000000d5580000,0x00000000d5700000,0x00000000d5700000)
  from space 512K, 50% used [0x00000000d5800000,0x00000000d5840000,0x00000000d5880000)
  to   space 512K, 0% used [0x00000000d5780000,0x00000000d5780000,0x00000000d5800000)
 ParOldGen       total 425984K, used 425905K [0x0000000080000000, 0x000000009a000000, 0x00000000d5580000)
  object space 425984K, 99% used [0x0000000080000000,0x0000000099fec6c8,0x000000009a000000)
 Metaspace       used 83480K, committed 85120K, reserved 1179648K
  class space    used 9359K, committed 10112K, reserved 1048576K
}
Event: 45850.385 GC heap after
{Heap after GC invocations=530 (full 3):
 PSYoungGen      total 2560K, used 512K [0x00000000d5580000, 0x00000000d5980000, 0x0000000100000000)
  eden space 2048K, 0% used [0x00000000d5580000,0x00000000d5580000,0x00000000d5780000)
  from space 512K, 100% used [0x00000000d5780000,0x00000000d5800000,0x00000000d5800000)
  to   space 1024K, 0% used [0x00000000d5880000,0x00000000d5880000,0x00000000d5980000)
 ParOldGen       total 426496K, used 426201K [0x0000000080000000, 0x000000009a080000, 0x00000000d5580000)
  object space 426496K, 99% used [0x0000000080000000,0x000000009a0366c8,0x000000009a080000)
 Metaspace       used 83480K, committed 85120K, reserved 1179648K
  class space    used 9359K, committed 10112K, reserved 1048576K
}
Event: 45850.499 GC heap before
{Heap before GC invocations=531 (full 3):
 PSYoungGen      total 2560K, used 2560K [0x00000000d5580000, 0x00000000d5980000, 0x0000000100000000)
  eden space 2048K, 100% used [0x00000000d5580000,0x00000000d5780000,0x00000000d5780000)
  from space 512K, 100% used [0x00000000d5780000,0x00000000d5800000,0x00000000d5800000)
  to   space 1024K, 0% used [0x00000000d5880000,0x00000000d5880000,0x00000000d5980000)
 ParOldGen       total 426496K, used 426201K [0x0000000080000000, 0x000000009a080000, 0x00000000d5580000)
  object space 426496K, 99% used [0x0000000080000000,0x000000009a0366c8,0x000000009a080000)
 Metaspace       used 83480K, committed 85120K, reserved 1179648K
  class space    used 9359K, committed 10112K, reserved 1048576K
}
Event: 45850.504 GC heap after
{Heap after GC invocations=531 (full 3):
 PSYoungGen      total 1536K, used 1024K [0x00000000d5580000, 0x00000000d5e00000, 0x0000000100000000)
  eden space 512K, 0% used [0x00000000d5580000,0x00000000d5580000,0x00000000d5600000)
  from space 1024K, 100% used [0x00000000d5880000,0x00000000d5980000,0x00000000d5980000)
  to   space 2560K, 0% used [0x00000000d5600000,0x00000000d5600000,0x00000000d5880000)
 ParOldGen       total 428032K, used 427617K [0x0000000080000000, 0x000000009a200000, 0x00000000d5580000)
  object space 428032K, 99% used [0x0000000080000000,0x000000009a1986c8,0x000000009a200000)
 Metaspace       used 83480K, committed 85120K, reserved 1179648K
  class space    used 9359K, committed 10112K, reserved 1048576K
}
Event: 45850.529 GC heap before
{Heap before GC invocations=532 (full 3):
 PSYoungGen      total 1536K, used 1536K [0x00000000d5580000, 0x00000000d5e00000, 0x0000000100000000)
  eden space 512K, 100% used [0x00000000d5580000,0x00000000d5600000,0x00000000d5600000)
  from space 1024K, 100% used [0x00000000d5880000,0x00000000d5980000,0x00000000d5980000)
  to   space 2560K, 0% used [0x00000000d5600000,0x00000000d5600000,0x00000000d5880000)
 ParOldGen       total 428032K, used 427617K [0x0000000080000000, 0x000000009a200000, 0x00000000d5580000)
  object space 428032K, 99% used [0x0000000080000000,0x000000009a1986c8,0x000000009a200000)
 Metaspace       used 83480K, committed 85120K, reserved 1179648K
  class space    used 9359K, committed 10112K, reserved 1048576K
}
Event: 45850.531 GC heap after
{Heap after GC invocations=532 (full 3):
 PSYoungGen      total 1536K, used 544K [0x00000000d5580000, 0x00000000d5900000, 0x0000000100000000)
  eden space 512K, 0% used [0x00000000d5580000,0x00000000d5580000,0x00000000d5600000)
  from space 1024K, 53% used [0x00000000d5600000,0x00000000d5688000,0x00000000d5700000)
  to   space 1536K, 0% used [0x00000000d5780000,0x00000000d5780000,0x00000000d5900000)
 ParOldGen       total 429056K, used 428665K [0x0000000080000000, 0x000000009a300000, 0x00000000d5580000)
  object space 429056K, 99% used [0x0000000080000000,0x000000009a29e6c8,0x000000009a300000)
 Metaspace       used 83480K, committed 85120K, reserved 1179648K
  class space    used 9359K, committed 10112K, reserved 1048576K
}
Event: 45850.534 GC heap before
{Heap before GC invocations=533 (full 3):
 PSYoungGen      total 1536K, used 1055K [0x00000000d5580000, 0x00000000d5900000, 0x0000000100000000)
  eden space 512K, 99% used [0x00000000d5580000,0x00000000d55fffc8,0x00000000d5600000)
  from space 1024K, 53% used [0x00000000d5600000,0x00000000d5688000,0x00000000d5700000)
  to   space 1536K, 0% used [0x00000000d5780000,0x00000000d5780000,0x00000000d5900000)
 ParOldGen       total 429056K, used 428665K [0x0000000080000000, 0x000000009a300000, 0x00000000d5580000)
  object space 429056K, 99% used [0x0000000080000000,0x000000009a29e6c8,0x000000009a300000)
 Metaspace       used 83480K, committed 85120K, reserved 1179648K
  class space    used 9359K, committed 10112K, reserved 1048576K
}
Event: 45850.537 GC heap after
{Heap after GC invocations=533 (full 3):
 PSYoungGen      total 1536K, used 256K [0x00000000d5580000, 0x00000000d5800000, 0x0000000100000000)
  eden space 1024K, 0% used [0x00000000d5580000,0x00000000d5580000,0x00000000d5680000)
  from space 512K, 50% used [0x00000000d5780000,0x00000000d57c0000,0x00000000d5800000)
  to   space 512K, 0% used [0x00000000d5700000,0x00000000d5700000,0x00000000d5780000)
 ParOldGen       total 429568K, used 429137K [0x0000000080000000, 0x000000009a380000, 0x00000000d5580000)
  object space 429568K, 99% used [0x0000000080000000,0x000000009a3146c8,0x000000009a380000)
 Metaspace       used 83480K, committed 85120K, reserved 1179648K
  class space    used 9359K, committed 10112K, reserved 1048576K
}
Event: 45850.587 GC heap before
{Heap before GC invocations=534 (full 3):
 PSYoungGen      total 1536K, used 1279K [0x00000000d5580000, 0x00000000d5800000, 0x0000000100000000)
  eden space 1024K, 99% used [0x00000000d5580000,0x00000000d567fff0,0x00000000d5680000)
  from space 512K, 50% used [0x00000000d5780000,0x00000000d57c0000,0x00000000d5800000)
  to   space 512K, 0% used [0x00000000d5700000,0x00000000d5700000,0x00000000d5780000)
 ParOldGen       total 429568K, used 429137K [0x0000000080000000, 0x000000009a380000, 0x00000000d5580000)
  object space 429568K, 99% used [0x0000000080000000,0x000000009a3146c8,0x000000009a380000)
 Metaspace       used 83480K, committed 85120K, reserved 1179648K
  class space    used 9359K, committed 10112K, reserved 1048576K
}
Event: 45850.589 GC heap after
{Heap after GC invocations=534 (full 3):
 PSYoungGen      total 2048K, used 352K [0x00000000d5580000, 0x00000000d5800000, 0x0000000100000000)
  eden space 1536K, 0% used [0x00000000d5580000,0x00000000d5580000,0x00000000d5700000)
  from space 512K, 68% used [0x00000000d5700000,0x00000000d5758000,0x00000000d5780000)
  to   space 512K, 0% used [0x00000000d5780000,0x00000000d5780000,0x00000000d5800000)
 ParOldGen       total 429568K, used 429377K [0x0000000080000000, 0x000000009a380000, 0x00000000d5580000)
  object space 429568K, 99% used [0x0000000080000000,0x000000009a3506c8,0x000000009a380000)
 Metaspace       used 83480K, committed 85120K, reserved 1179648K
  class space    used 9359K, committed 10112K, reserved 1048576K
}
Event: 45850.660 GC heap before
{Heap before GC invocations=535 (full 3):
 PSYoungGen      total 2048K, used 1888K [0x00000000d5580000, 0x00000000d5800000, 0x0000000100000000)
  eden space 1536K, 100% used [0x00000000d5580000,0x00000000d5700000,0x00000000d5700000)
  from space 512K, 68% used [0x00000000d5700000,0x00000000d5758000,0x00000000d5780000)
  to   space 512K, 0% used [0x00000000d5780000,0x00000000d5780000,0x00000000d5800000)
 ParOldGen       total 429568K, used 429377K [0x0000000080000000, 0x000000009a380000, 0x00000000d5580000)
  object space 429568K, 99% used [0x0000000080000000,0x000000009a3506c8,0x000000009a380000)
 Metaspace       used 83480K, committed 85120K, reserved 1179648K
  class space    used 9359K, committed 10112K, reserved 1048576K
}
Event: 45850.663 GC heap after
{Heap after GC invocations=535 (full 3):
 PSYoungGen      total 2048K, used 320K [0x00000000d5580000, 0x00000000d5800000, 0x0000000100000000)
  eden space 1536K, 0% used [0x00000000d5580000,0x00000000d5580000,0x00000000d5700000)
  from space 512K, 62% used [0x00000000d5780000,0x00000000d57d0000,0x00000000d5800000)
  to   space 512K, 0% used [0x00000000d5700000,0x00000000d5700000,0x00000000d5780000)
 ParOldGen       total 430080K, used 429672K [0x0000000080000000, 0x000000009a400000, 0x00000000d5580000)
  object space 430080K, 99% used [0x0000000080000000,0x000000009a39a3c8,0x000000009a400000)
 Metaspace       used 83480K, committed 85120K, reserved 1179648K
  class space    used 9359K, committed 10112K, reserved 1048576K
}
Event: 45850.758 GC heap before
{Heap before GC invocations=536 (full 3):
 PSYoungGen      total 2048K, used 1856K [0x00000000d5580000, 0x00000000d5800000, 0x0000000100000000)
  eden space 1536K, 100% used [0x00000000d5580000,0x00000000d5700000,0x00000000d5700000)
  from space 512K, 62% used [0x00000000d5780000,0x00000000d57d0000,0x00000000d5800000)
  to   space 512K, 0% used [0x00000000d5700000,0x00000000d5700000,0x00000000d5780000)
 ParOldGen       total 430080K, used 429672K [0x0000000080000000, 0x000000009a400000, 0x00000000d5580000)
  object space 430080K, 99% used [0x0000000080000000,0x000000009a39a3c8,0x000000009a400000)
 Metaspace       used 83480K, committed 85120K, reserved 1179648K
  class space    used 9359K, committed 10112K, reserved 1048576K
}
Event: 45850.760 GC heap after
{Heap after GC invocations=536 (full 3):
 PSYoungGen      total 2048K, used 277K [0x00000000d5580000, 0x00000000d5800000, 0x0000000100000000)
  eden space 1536K, 0% used [0x00000000d5580000,0x00000000d5580000,0x00000000d5700000)
  from space 512K, 54% used [0x00000000d5700000,0x00000000d5745400,0x00000000d5780000)
  to   space 512K, 0% used [0x00000000d5780000,0x00000000d5780000,0x00000000d5800000)
 ParOldGen       total 430080K, used 429937K [0x0000000080000000, 0x000000009a400000, 0x00000000d5580000)
  object space 430080K, 99% used [0x0000000080000000,0x000000009a3dc7d0,0x000000009a400000)
 Metaspace       used 83480K, committed 85120K, reserved 1179648K
  class space    used 9359K, committed 10112K, reserved 1048576K
}
Event: 45850.999 GC heap before
{Heap before GC invocations=537 (full 3):
 PSYoungGen      total 2048K, used 1813K [0x00000000d5580000, 0x00000000d5800000, 0x0000000100000000)
  eden space 1536K, 100% used [0x00000000d5580000,0x00000000d5700000,0x00000000d5700000)
  from space 512K, 54% used [0x00000000d5700000,0x00000000d5745400,0x00000000d5780000)
  to   space 512K, 0% used [0x00000000d5780000,0x00000000d5780000,0x00000000d5800000)
 ParOldGen       total 430080K, used 429937K [0x0000000080000000, 0x000000009a400000, 0x00000000d5580000)
  object space 430080K, 99% used [0x0000000080000000,0x000000009a3dc7d0,0x000000009a400000)
 Metaspace       used 83481K, committed 85120K, reserved 1179648K
  class space    used 9359K, committed 10112K, reserved 1048576K
}
Event: 45851.001 GC heap after
{Heap after GC invocations=537 (full 3):
 PSYoungGen      total 2048K, used 244K [0x00000000d5580000, 0x00000000d5800000, 0x0000000100000000)
  eden space 1536K, 0% used [0x00000000d5580000,0x00000000d5580000,0x00000000d5700000)
  from space 512K, 47% used [0x00000000d5780000,0x00000000d57bd200,0x00000000d5800000)
  to   space 512K, 0% used [0x00000000d5700000,0x00000000d5700000,0x00000000d5780000)
 ParOldGen       total 430592K, used 430139K [0x0000000080000000, 0x000000009a480000, 0x00000000d5580000)
  object space 430592K, 99% used [0x0000000080000000,0x000000009a40efd0,0x000000009a480000)
 Metaspace       used 83481K, committed 85120K, reserved 1179648K
  class space    used 9359K, committed 10112K, reserved 1048576K
}
Event: 45851.183 GC heap before
{Heap before GC invocations=538 (full 3):
 PSYoungGen      total 2048K, used 1780K [0x00000000d5580000, 0x00000000d5800000, 0x0000000100000000)
  eden space 1536K, 100% used [0x00000000d5580000,0x00000000d5700000,0x00000000d5700000)
  from space 512K, 47% used [0x00000000d5780000,0x00000000d57bd200,0x00000000d5800000)
  to   space 512K, 0% used [0x00000000d5700000,0x00000000d5700000,0x00000000d5780000)
 ParOldGen       total 430592K, used 430139K [0x0000000080000000, 0x000000009a480000, 0x00000000d5580000)
  object space 430592K, 99% used [0x0000000080000000,0x000000009a40efd0,0x000000009a480000)
 Metaspace       used 83481K, committed 85120K, reserved 1179648K
  class space    used 9359K, committed 10112K, reserved 1048576K
}
Event: 45851.186 GC heap after
{Heap after GC invocations=538 (full 3):
 PSYoungGen      total 2048K, used 512K [0x00000000d5580000, 0x00000000d5900000, 0x0000000100000000)
  eden space 1536K, 0% used [0x00000000d5580000,0x00000000d5580000,0x00000000d5700000)
  from space 512K, 100% used [0x00000000d5700000,0x00000000d5780000,0x00000000d5780000)
  to   space 1024K, 0% used [0x00000000d5800000,0x00000000d5800000,0x00000000d5900000)
 ParOldGen       total 430592K, used 430312K [0x0000000080000000, 0x000000009a480000, 0x00000000d5580000)
  object space 430592K, 99% used [0x0000000080000000,0x000000009a43a1d0,0x000000009a480000)
 Metaspace       used 83481K, committed 85120K, reserved 1179648K
  class space    used 9359K, committed 10112K, reserved 1048576K
}

Dll operation events (20 events):
Event: 0.421 Attempting to load shared library C:\Users\user\.vscode\extensions\redhat.java-1.56.0-win32-x64\jre\21.0.12.1-win32-x86_64\bin\zip.dll
Event: 0.422 Loaded shared library C:\Users\user\.vscode\extensions\redhat.java-1.56.0-win32-x64\jre\21.0.12.1-win32-x86_64\bin\zip.dll
Event: 0.500 Attempting to load shared library C:\Users\user\.vscode\extensions\redhat.java-1.56.0-win32-x64\jre\21.0.12.1-win32-x86_64\bin\jimage.dll
Event: 0.500 Loaded shared library C:\Users\user\.vscode\extensions\redhat.java-1.56.0-win32-x64\jre\21.0.12.1-win32-x86_64\bin\jimage.dll
Event: 1.026 Attempting to load shared library c:\Users\user\.vscode\extensions\redhat.java-1.56.0-win32-x64\jre\21.0.12.1-win32-x86_64\bin\verify.dll
Event: 1.027 Loaded shared library c:\Users\user\.vscode\extensions\redhat.java-1.56.0-win32-x64\jre\21.0.12.1-win32-x86_64\bin\verify.dll
Event: 8.762 Attempting to load shared library C:\Users\user\AppData\Roaming\Code\User\globalStorage\redhat.java\1.56.0\config_win\org.eclipse.equinox.launcher\org.eclipse.equinox.launcher.win32.win32.x86_64_1.3.100.v20260804-1928\eclipse_11924.dll
Event: 8.765 Loaded shared library C:\Users\user\AppData\Roaming\Code\User\globalStorage\redhat.java\1.56.0\config_win\org.eclipse.equinox.launcher\org.eclipse.equinox.launcher.win32.win32.x86_64_1.3.100.v20260804-1928\eclipse_11924.dll
Event: 20.832 Attempting to load shared library C:\Users\user\AppData\Local\Temp\jna-3599307\jna2695615775969800004.dll
Event: 20.936 Loaded shared library C:\Users\user\AppData\Local\Temp\jna-3599307\jna2695615775969800004.dll
Event: 42.108 Attempting to load shared library C:\Users\user\.gradle\native\660c5614fbf4a5f2a75b1949f50a0caf5cd603558e7d8a26e50b933a0cfb79d1\windows-amd64\native-platform.dll
Event: 42.110 Loaded shared library C:\Users\user\.gradle\native\660c5614fbf4a5f2a75b1949f50a0caf5cd603558e7d8a26e50b933a0cfb79d1\windows-amd64\native-platform.dll
Event: 43.467 Attempting to load shared library C:\Users\user\.vscode\extensions\redhat.java-1.56.0-win32-x64\jre\21.0.12.1-win32-x86_64\bin\management.dll
Event: 43.467 Loaded shared library C:\Users\user\.vscode\extensions\redhat.java-1.56.0-win32-x64\jre\21.0.12.1-win32-x86_64\bin\management.dll
Event: 43.477 Attempting to load shared library C:\Users\user\.vscode\extensions\redhat.java-1.56.0-win32-x64\jre\21.0.12.1-win32-x86_64\bin\management_ext.dll
Event: 43.479 Loaded shared library C:\Users\user\.vscode\extensions\redhat.java-1.56.0-win32-x64\jre\21.0.12.1-win32-x86_64\bin\management_ext.dll
Event: 44.769 Attempting to load shared library C:\Users\user\.vscode\extensions\redhat.java-1.56.0-win32-x64\jre\21.0.12.1-win32-x86_64\bin\sunmscapi.dll
Event: 44.774 Loaded shared library C:\Users\user\.vscode\extensions\redhat.java-1.56.0-win32-x64\jre\21.0.12.1-win32-x86_64\bin\sunmscapi.dll
Event: 46.279 Attempting to load shared library C:\Users\user\.vscode\extensions\redhat.java-1.56.0-win32-x64\jre\21.0.12.1-win32-x86_64\bin\extnet.dll
Event: 46.281 Loaded shared library C:\Users\user\.vscode\extensions\redhat.java-1.56.0-win32-x64\jre\21.0.12.1-win32-x86_64\bin\extnet.dll

Deoptimization events (20 events):
Event: 1322.421 Thread 0x000001e1e884acd0 Uncommon trap: trap_request=0xffffffbe fr.pc=0x000001e193d8ec6c relative=0x0000000000001c4c
Event: 1322.422 Thread 0x000001e1e884acd0 Uncommon trap: reason=profile_predicate action=maybe_recompile pc=0x000001e193d8ec6c method=org.eclipse.jdt.internal.compiler.parser.Scanner.jumpOverMethodBody()V @ 881 c2
Event: 1322.422 Thread 0x000001e1e884acd0 DEOPT PACKING pc=0x000001e193d8ec6c sp=0x000000ca265fdda0
Event: 1322.422 Thread 0x000001e1e884acd0 DEOPT UNPACKING pc=0x000001e192d03aa2 sp=0x000000ca265fdd30 mode 2
Event: 1323.282 Thread 0x000001e1e884acd0 Uncommon trap: trap_request=0xffffff76 fr.pc=0x000001e193d8eb6c relative=0x0000000000001b4c
Event: 1323.282 Thread 0x000001e1e884acd0 Uncommon trap: reason=predicate action=maybe_recompile pc=0x000001e193d8eb6c method=org.eclipse.jdt.internal.compiler.parser.Scanner.jumpOverMethodBody()V @ 7 c2
Event: 1323.282 Thread 0x000001e1e884acd0 DEOPT PACKING pc=0x000001e193d8eb6c sp=0x000000ca265fd920
Event: 1323.282 Thread 0x000001e1e884acd0 DEOPT UNPACKING pc=0x000001e192d03aa2 sp=0x000000ca265fd8c0 mode 2
Event: 45844.924 Thread 0x000001e1e884cda0 Uncommon trap: trap_request=0xffffffbe fr.pc=0x000001e193da2948 relative=0x0000000000001928
Event: 45844.924 Thread 0x000001e1e884cda0 Uncommon trap: reason=profile_predicate action=maybe_recompile pc=0x000001e193da2948 method=org.eclipse.jdt.internal.compiler.parser.Scanner.jumpOverMethodBody()V @ 12 c2
Event: 45844.924 Thread 0x000001e1e884cda0 DEOPT PACKING pc=0x000001e193da2948 sp=0x000000ca266fdb60
Event: 45844.924 Thread 0x000001e1e884cda0 DEOPT UNPACKING pc=0x000001e192d03aa2 sp=0x000000ca266fdb00 mode 2
Event: 45844.924 Thread 0x000001e1e884cda0 Uncommon trap: trap_request=0xffffffbe fr.pc=0x000001e193da2948 relative=0x0000000000001928
Event: 45844.924 Thread 0x000001e1e884cda0 Uncommon trap: reason=profile_predicate action=maybe_recompile pc=0x000001e193da2948 method=org.eclipse.jdt.internal.compiler.parser.Scanner.jumpOverMethodBody()V @ 12 c2
Event: 45844.924 Thread 0x000001e1e884cda0 DEOPT PACKING pc=0x000001e193da2948 sp=0x000000ca266fdb60
Event: 45844.924 Thread 0x000001e1e884cda0 DEOPT UNPACKING pc=0x000001e192d03aa2 sp=0x000000ca266fdb00 mode 2
Event: 45844.924 Thread 0x000001e1e884cda0 Uncommon trap: trap_request=0xffffffbe fr.pc=0x000001e193da2948 relative=0x0000000000001928
Event: 45844.924 Thread 0x000001e1e884cda0 Uncommon trap: reason=profile_predicate action=maybe_recompile pc=0x000001e193da2948 method=org.eclipse.jdt.internal.compiler.parser.Scanner.jumpOverMethodBody()V @ 12 c2
Event: 45844.924 Thread 0x000001e1e884cda0 DEOPT PACKING pc=0x000001e193da2948 sp=0x000000ca266fdb60
Event: 45844.924 Thread 0x000001e1e884cda0 DEOPT UNPACKING pc=0x000001e192d03aa2 sp=0x000000ca266fdb00 mode 2

Classes loaded (20 events):
Event: 293.374 Loading class java/util/concurrent/Executors$AutoShutdownDelegatedExecutorService
Event: 293.374 Loading class java/util/concurrent/Executors$AutoShutdownDelegatedExecutorService done
Event: 983.239 Loading class java/util/concurrent/ConcurrentLinkedQueue$Itr
Event: 983.244 Loading class java/util/concurrent/ConcurrentLinkedQueue$Itr done
Event: 983.656 Loading class java/util/LinkedList$LLSpliterator
Event: 983.658 Loading class java/util/LinkedList$LLSpliterator done
Event: 1161.520 Loading class java/io/ObjectStreamClass$1
Event: 1161.523 Loading class java/io/ObjectStreamClass$1 done
Event: 1161.526 Loading class java/io/ObjectStreamClass$MemberSignature
Event: 1161.531 Loading class java/io/ObjectStreamClass$MemberSignature done
Event: 1161.531 Loading class java/io/ObjectStreamClass$3
Event: 1161.533 Loading class java/io/ObjectStreamClass$3 done
Event: 1161.535 Loading class java/io/ObjectStreamClass$4
Event: 1161.538 Loading class java/io/ObjectStreamClass$4 done
Event: 1161.727 Loading class java/io/ObjectStreamClass$5
Event: 1161.728 Loading class java/io/ObjectStreamClass$5 done
Event: 1163.402 Loading class java/io/ObjectStreamClass$ExceptionInfo
Event: 1163.405 Loading class java/io/ObjectStreamClass$ExceptionInfo done
Event: 1171.525 Loading class sun/reflect/generics/tree/IntSignature
Event: 1171.526 Loading class sun/reflect/generics/tree/IntSignature done

Classes unloaded (7 events):
Event: 23.243 Thread 0x000001e18844dd50 Unloading class 0x000001e1a01a4800 'java/lang/invoke/LambdaForm$MH+0x000001e1a01a4800'
Event: 23.243 Thread 0x000001e18844dd50 Unloading class 0x000001e1a01a4400 'java/lang/invoke/LambdaForm$MH+0x000001e1a01a4400'
Event: 23.243 Thread 0x000001e18844dd50 Unloading class 0x000001e1a01a4000 'java/lang/invoke/LambdaForm$MH+0x000001e1a01a4000'
Event: 23.243 Thread 0x000001e18844dd50 Unloading class 0x000001e1a01a3c00 'java/lang/invoke/LambdaForm$MH+0x000001e1a01a3c00'
Event: 23.243 Thread 0x000001e18844dd50 Unloading class 0x000001e1a01a3800 'java/lang/invoke/LambdaForm$BMH+0x000001e1a01a3800'
Event: 23.243 Thread 0x000001e18844dd50 Unloading class 0x000001e1a01a3400 'java/lang/invoke/LambdaForm$DMH+0x000001e1a01a3400'
Event: 23.243 Thread 0x000001e18844dd50 Unloading class 0x000001e1a01a2000 'java/lang/invoke/LambdaForm$DMH+0x000001e1a01a2000'

Classes redefined (0 events):
No events

Internal exceptions (20 events):
Event: 501.022 Thread 0x000001e1e884acd0 Exception <a 'java/lang/NoSuchMethodError'{0x00000000d566a958}: 'java.lang.Object java.lang.invoke.DirectMethodHandle$Holder.invokeSpecial(java.lang.Object, java.lang.Object, java.lang.Object, java.lang.Object, int, java.lang.Object, java.lang.Object)'> (0x00000000d566a958) 
thrown [s\src\hotspot\share\interpreter\linkResolver.cpp, line 773]
Event: 502.447 Thread 0x000001e1e5efb2a0 Exception <a 'java/lang/ArrayIndexOutOfBoundsException'{0x00000000d58b8790}> (0x00000000d58b8790) 
thrown [s\src\hotspot\share\runtime\sharedRuntime.cpp, line 625]
Event: 509.499 Thread 0x000001e1e5efc650 Exception <a 'sun/nio/fs/WindowsException'{0x00000000d55a8748}> (0x00000000d55a8748) 
thrown [s\src\hotspot\share\prims\jni.cpp, line 520]
Event: 509.500 Thread 0x000001e1e5efc650 Exception <a 'sun/nio/fs/WindowsException'{0x00000000d55a8d78}> (0x00000000d55a8d78) 
thrown [s\src\hotspot\share\prims\jni.cpp, line 520]
Event: 509.532 Thread 0x000001e1e5efc650 Exception <a 'sun/nio/fs/WindowsException'{0x00000000d5616778}> (0x00000000d5616778) 
thrown [s\src\hotspot\share\prims\jni.cpp, line 520]
Event: 509.533 Thread 0x000001e1e5efc650 Exception <a 'sun/nio/fs/WindowsException'{0x00000000d5616da8}> (0x00000000d5616da8) 
thrown [s\src\hotspot\share\prims\jni.cpp, line 520]
Event: 983.670 Thread 0x000001e1e5efcce0 Exception <a 'sun/nio/fs/WindowsException'{0x00000000d55bfc10}> (0x00000000d55bfc10) 
thrown [s\src\hotspot\share\prims\jni.cpp, line 520]
Event: 1161.535 Thread 0x000001e1e884cda0 Exception <a 'java/lang/NoSuchMethodError'{0x00000000d56058b8}: static Lorg/gradle/tooling/internal/provider/serialization/ClassLoaderDetails;.<clinit>()V> (0x00000000d56058b8) 
thrown [s\src\hotspot\share\prims\jni.cpp, line 1111]
Event: 1161.747 Thread 0x000001e1e884cda0 Exception <a 'java/lang/NoSuchMethodError'{0x00000000d56370a0}: static Lorg/gradle/internal/classloader/ClassLoaderSpec;.<clinit>()V> (0x00000000d56370a0) 
thrown [s\src\hotspot\share\prims\jni.cpp, line 1111]
Event: 1162.031 Thread 0x000001e1e884cda0 Exception <a 'java/lang/NoSuchMethodError'{0x00000000d564abe0}: static Lorg/gradle/tooling/internal/provider/serialization/WellKnownClassLoaderRegistry$KnownClassLoaderSpec;.<clinit>()V> (0x00000000d564abe0) 
thrown [s\src\hotspot\share\prims\jni.cpp, line 1111]
Event: 1162.047 Thread 0x000001e1e884cda0 Exception <a 'java/lang/NoSuchMethodError'{0x00000000d567c0d0}: static Lorg/gradle/internal/classloader/ClassLoaderSpec;.<clinit>()V> (0x00000000d567c0d0) 
thrown [s\src\hotspot\share\prims\jni.cpp, line 1111]
Event: 1162.305 Thread 0x000001e1e884cda0 Exception <a 'java/lang/NoSuchMethodError'{0x00000000d569b398}: static Lorg/gradle/internal/classloader/VisitableURLClassLoader$Spec;.<clinit>()V> (0x00000000d569b398) 
thrown [s\src\hotspot\share\prims\jni.cpp, line 1111]
Event: 1170.592 Thread 0x000001e1e884cda0 Exception <a 'java/lang/NoSuchMethodError'{0x00000000d571ec38}: static Lorg/gradle/plugins/ide/internal/tooling/model/DefaultGradleProject;.<clinit>()V> (0x00000000d571ec38) 
thrown [s\src\hotspot\share\prims\jni.cpp, line 1111]
Event: 1170.759 Thread 0x000001e1e884cda0 Exception <a 'java/lang/NoSuchMethodError'{0x00000000d575a148}: static Lorg/gradle/plugins/ide/internal/tooling/model/DefaultGradleScript;.<clinit>()V> (0x00000000d575a148) 
thrown [s\src\hotspot\share\prims\jni.cpp, line 1111]
Event: 1170.914 Thread 0x000001e1e884cda0 Exception <a 'java/lang/NoSuchMethodError'{0x00000000d5776ba0}: static [Ljava/lang/Object;.<clinit>()V> (0x00000000d5776ba0) 
thrown [s\src\hotspot\share\prims\jni.cpp, line 1111]
Event: 1171.286 Thread 0x000001e1e884cda0 Exception <a 'java/lang/NoSuchMethodError'{0x00000000d5603020}: static Lorg/gradle/tooling/internal/gradle/DefaultProjectIdentifier;.<clinit>()V> (0x00000000d5603020) 
thrown [s\src\hotspot\share\prims\jni.cpp, line 1111]
Event: 1171.384 Thread 0x000001e1e884cda0 Exception <a 'java/lang/NoSuchMethodError'{0x00000000d5611bf0}: static Lorg/gradle/tooling/internal/gradle/DefaultBuildIdentifier;.<clinit>()V> (0x00000000d5611bf0) 
thrown [s\src\hotspot\share\prims\jni.cpp, line 1111]
Event: 1171.402 Thread 0x000001e1e884cda0 Exception <a 'java/lang/NoSuchMethodError'{0x00000000d5652600}: static Lorg/gradle/plugins/ide/internal/tooling/model/LaunchableGradleTask;.<clinit>()V> (0x00000000d5652600) 
thrown [s\src\hotspot\share\prims\jni.cpp, line 1111]
Event: 1171.402 Thread 0x000001e1e884cda0 Exception <a 'java/lang/NoSuchMethodError'{0x00000000d56584e8}: static Lorg/gradle/plugins/ide/internal/tooling/model/LaunchableGradleProjectTask;.<clinit>()V> (0x00000000d56584e8) 
thrown [s\src\hotspot\share\prims\jni.cpp, line 1111]
Event: 1173.013 Thread 0x000001e1e5efcce0 Implicit null exception at 0x000001e193b01623 to 0x000001e193b01988

ZGC Phase Switch (0 events):
No events

VM Operations (20 events):
Event: 45850.587 Executing safepoint VM operation: ParallelGCFailedAllocation (Allocation Failure)
Event: 45850.589 Executing safepoint VM operation: ParallelGCFailedAllocation (Allocation Failure) done
Event: 45850.660 Executing safepoint VM operation: ParallelGCFailedAllocation (Allocation Failure)
Event: 45850.663 Executing safepoint VM operation: ParallelGCFailedAllocation (Allocation Failure) done
Event: 45850.758 Executing safepoint VM operation: ParallelGCFailedAllocation (Allocation Failure)
Event: 45850.760 Executing safepoint VM operation: ParallelGCFailedAllocation (Allocation Failure) done
Event: 45850.999 Executing safepoint VM operation: ParallelGCFailedAllocation (Allocation Failure)
Event: 45851.001 Executing safepoint VM operation: ParallelGCFailedAllocation (Allocation Failure) done
Event: 45851.183 Executing safepoint VM operation: ParallelGCFailedAllocation (Allocation Failure)
Event: 45851.186 Executing safepoint VM operation: ParallelGCFailedAllocation (Allocation Failure) done
Event: 45852.197 Executing safepoint VM operation: Cleanup
Event: 45852.197 Executing safepoint VM operation: Cleanup done
Event: 45910.781 Executing non-safepoint VM operation: HandshakeAllThreads (HandshakeForDeflation)
Event: 45910.781 Executing non-safepoint VM operation: HandshakeAllThreads (HandshakeForDeflation) done
Event: 45910.781 Executing non-safepoint VM operation: RendezvousGCThreads
Event: 45910.781 Executing non-safepoint VM operation: RendezvousGCThreads done
Event: 45970.891 Executing non-safepoint VM operation: HandshakeAllThreads (HandshakeForDeflation)
Event: 45970.891 Executing non-safepoint VM operation: HandshakeAllThreads (HandshakeForDeflation) done
Event: 45970.891 Executing non-safepoint VM operation: RendezvousGCThreads
Event: 45970.891 Executing non-safepoint VM operation: RendezvousGCThreads done

Memory protections (0 events):
No events

Nmethod flushes (20 events):
Event: 45.857 Thread 0x000001e18844dd50 flushing osr nmethod 0x000001e18c09a010
Event: 45.857 Thread 0x000001e18844dd50 flushing  nmethod 0x000001e18c09bd90
Event: 45.857 Thread 0x000001e18844dd50 flushing  nmethod 0x000001e18c0a6110
Event: 45.857 Thread 0x000001e18844dd50 flushing  nmethod 0x000001e18c0b5a90
Event: 45.857 Thread 0x000001e18844dd50 flushing  nmethod 0x000001e18c0e0c10
Event: 45.857 Thread 0x000001e18844dd50 flushing  nmethod 0x000001e18c0e3510
Event: 45.857 Thread 0x000001e18844dd50 flushing  nmethod 0x000001e18c0e6410
Event: 45.857 Thread 0x000001e18844dd50 flushing  nmethod 0x000001e18c0e7090
Event: 45.857 Thread 0x000001e18844dd50 flushing  nmethod 0x000001e18c0f2110
Event: 45.857 Thread 0x000001e18844dd50 flushing  nmethod 0x000001e18c10d390
Event: 45.857 Thread 0x000001e18844dd50 flushing  nmethod 0x000001e18c117a10
Event: 45.857 Thread 0x000001e18844dd50 flushing  nmethod 0x000001e18c131c90
Event: 45.857 Thread 0x000001e18844dd50 flushing  nmethod 0x000001e18c132d10
Event: 45.857 Thread 0x000001e18844dd50 flushing  nmethod 0x000001e18c134a10
Event: 45.857 Thread 0x000001e18844dd50 flushing  nmethod 0x000001e18c149490
Event: 45.857 Thread 0x000001e18844dd50 flushing  nmethod 0x000001e18c178290
Event: 45.857 Thread 0x000001e18844dd50 flushing  nmethod 0x000001e18c178890
Event: 45.857 Thread 0x000001e18844dd50 flushing  nmethod 0x000001e18c17c610
Event: 45.857 Thread 0x000001e18844dd50 flushing  nmethod 0x000001e18c17c990
Event: 45.857 Thread 0x000001e18844dd50 flushing  nmethod 0x000001e18c17f410

Events (20 events):
Event: 1171.628 Thread 0x000001e1e884cda0 Thread exited: 0x000001e1e884cda0
Event: 1193.515 Thread 0x000001e1e5efd370 Thread exited: 0x000001e1e5efd370
Event: 1195.505 Thread 0x000001e1e5efb2a0 Thread exited: 0x000001e1e5efb2a0
Event: 1255.620 Thread 0x000001e1e5efa580 Thread exited: 0x000001e1e5efa580
Event: 1291.311 Thread 0x000001e1e8849290 Thread added: 0x000001e1e884acd0
Event: 1291.429 Thread 0x000001e1e884acd0 Thread added: 0x000001e1e884cda0
Event: 1291.524 Thread 0x000001e1e884cda0 Thread added: 0x000001e1e8849fb0
Event: 1296.157 Thread 0x000001e1e884acd0 Thread added: 0x000001e1e884ee70
Event: 1296.286 Thread 0x000001e1e884e150 Thread added: 0x000001e1e8850220
Event: 45748.571 Thread 0x000001e1e884ee70 Thread exited: 0x000001e1e884ee70
Event: 45748.572 Thread 0x000001e1e5efcce0 Thread exited: 0x000001e1e5efcce0
Event: 45777.872 Thread 0x000001e1e884acd0 Thread exited: 0x000001e1e884acd0
Event: 45840.004 Thread 0x000001e1e8849290 Thread added: 0x000001e1e884acd0
Event: 45845.254 Thread 0x000001e1e8850220 Thread added: 0x000001e1e884ee70
Event: 45850.926 Thread 0x000001e1e8850220 Thread added: 0x000001e1e5efbfc0
Event: 45911.249 Thread 0x000001e1e8850220 Thread exited: 0x000001e1e8850220
Event: 45911.249 Thread 0x000001e1e884e150 Thread exited: 0x000001e1e884e150
Event: 45911.542 Thread 0x000001e1e8849fb0 Thread exited: 0x000001e1e8849fb0
Event: 45972.037 Thread 0x000001e1e884cda0 Thread exited: 0x000001e1e884cda0
Event: 46032.322 Thread 0x000001e1e884acd0 Thread exited: 0x000001e1e884acd0


Dynamic libraries:
0x00007ff729460000 - 0x00007ff72946e000 	c:\Users\user\.vscode\extensions\redhat.java-1.56.0-win32-x64\jre\21.0.12.1-win32-x86_64\bin\java.exe
0x00007ff8b9a00000 - 0x00007ff8b9c67000 	C:\WINDOWS\SYSTEM32\ntdll.dll
0x00007ff8b7eb0000 - 0x00007ff8b7f7b000 	C:\WINDOWS\System32\KERNEL32.DLL
0x00007ff8b6fe0000 - 0x00007ff8b73e2000 	C:\WINDOWS\System32\KERNELBASE.dll
0x00007ff8b6e80000 - 0x00007ff8b6fcc000 	C:\WINDOWS\System32\ucrtbase.dll
0x00007ff89fdd0000 - 0x00007ff89fde8000 	c:\Users\user\.vscode\extensions\redhat.java-1.56.0-win32-x64\jre\21.0.12.1-win32-x86_64\bin\jli.dll
0x00007ff8b77e0000 - 0x00007ff8b79af000 	C:\WINDOWS\System32\USER32.dll
0x00007ff8b6d90000 - 0x00007ff8b6db7000 	C:\WINDOWS\System32\win32u.dll
0x00007ff8b8560000 - 0x00007ff8b858b000 	C:\WINDOWS\System32\GDI32.dll
0x00007ff8b7540000 - 0x00007ff8b7669000 	C:\WINDOWS\System32\gdi32full.dll
0x00007ff8b7670000 - 0x00007ff8b7713000 	C:\WINDOWS\System32\msvcp_win.dll
0x00007ff8b18f0000 - 0x00007ff8b190e000 	c:\Users\user\.vscode\extensions\redhat.java-1.56.0-win32-x64\jre\21.0.12.1-win32-x86_64\bin\VCRUNTIME140.dll
0x00007ff8981e0000 - 0x00007ff898470000 	C:\WINDOWS\WinSxS\amd64_microsoft.windows.common-controls_6595b64144ccf1df_6.0.26100.9278_none_3e0d1ba8e3303201\COMCTL32.dll
0x00007ff8b9910000 - 0x00007ff8b99b9000 	C:\WINDOWS\System32\msvcrt.dll
0x00007ff8b7a50000 - 0x00007ff8b7a81000 	C:\WINDOWS\System32\IMM32.DLL
0x00007ff8b1dd0000 - 0x00007ff8b1ddc000 	c:\Users\user\.vscode\extensions\redhat.java-1.56.0-win32-x64\jre\21.0.12.1-win32-x86_64\bin\vcruntime140_1.dll
0x00007ff845710000 - 0x00007ff84579d000 	c:\Users\user\.vscode\extensions\redhat.java-1.56.0-win32-x64\jre\21.0.12.1-win32-x86_64\bin\msvcp140.dll
0x00007ff8349f0000 - 0x00007ff835792000 	c:\Users\user\.vscode\extensions\redhat.java-1.56.0-win32-x64\jre\21.0.12.1-win32-x86_64\bin\server\jvm.dll
0x00007ff8b9810000 - 0x00007ff8b98cc000 	C:\WINDOWS\System32\ADVAPI32.dll
0x00007ff8b9430000 - 0x00007ff8b94d9000 	C:\WINDOWS\System32\sechost.dll
0x00007ff8b96f0000 - 0x00007ff8b9808000 	C:\WINDOWS\System32\RPCRT4.dll
0x00007ff8b92a0000 - 0x00007ff8b9320000 	C:\WINDOWS\System32\WS2_32.dll
0x00007ff8b6a80000 - 0x00007ff8b6ade000 	C:\WINDOWS\SYSTEM32\POWRPROF.dll
0x00007ff8afe40000 - 0x00007ff8afe76000 	C:\WINDOWS\SYSTEM32\WINMM.dll
0x00007ff8afe80000 - 0x00007ff8afe8b000 	C:\WINDOWS\SYSTEM32\VERSION.dll
0x00007ff8b6a60000 - 0x00007ff8b6a75000 	C:\WINDOWS\SYSTEM32\UMPDC.dll
0x00007ff8b58d0000 - 0x00007ff8b58eb000 	C:\WINDOWS\SYSTEM32\kernel.appcore.dll
0x00007ff8b1960000 - 0x00007ff8b196a000 	c:\Users\user\.vscode\extensions\redhat.java-1.56.0-win32-x64\jre\21.0.12.1-win32-x86_64\bin\jimage.dll
0x00007ff8ac1b0000 - 0x00007ff8ac3fc000 	C:\WINDOWS\SYSTEM32\DBGHELP.DLL
0x00007ff8b7b20000 - 0x00007ff8b7ea5000 	C:\WINDOWS\System32\combase.dll
0x00007ff8b94e0000 - 0x00007ff8b95b9000 	C:\WINDOWS\System32\OLEAUT32.dll
0x00007ff89d300000 - 0x00007ff89d33b000 	C:\WINDOWS\SYSTEM32\dbgcore.DLL
0x00007ff8b7480000 - 0x00007ff8b752c000 	C:\WINDOWS\System32\bcryptPrimitives.dll
0x00007ff8913b0000 - 0x00007ff8913bf000 	c:\Users\user\.vscode\extensions\redhat.java-1.56.0-win32-x64\jre\21.0.12.1-win32-x86_64\bin\instrument.dll
0x00007ff89fdb0000 - 0x00007ff89fdd0000 	c:\Users\user\.vscode\extensions\redhat.java-1.56.0-win32-x64\jre\21.0.12.1-win32-x86_64\bin\java.dll
0x00007ff8b85b0000 - 0x00007ff8b8d48000 	C:\WINDOWS\System32\SHELL32.dll
0x00007ff8b4650000 - 0x00007ff8b4efe000 	C:\WINDOWS\SYSTEM32\windows.storage.dll
0x00007ff8b9330000 - 0x00007ff8b942b000 	C:\WINDOWS\System32\SHCORE.dll
0x00007ff8b91e0000 - 0x00007ff8b9246000 	C:\WINDOWS\System32\shlwapi.dll
0x00007ff8b6b20000 - 0x00007ff8b6b49000 	C:\WINDOWS\SYSTEM32\profapi.dll
0x00007ff894850000 - 0x00007ff894868000 	c:\Users\user\.vscode\extensions\redhat.java-1.56.0-win32-x64\jre\21.0.12.1-win32-x86_64\bin\zip.dll
0x00007ff8aad00000 - 0x00007ff8aad10000 	C:\Users\user\.vscode\extensions\redhat.java-1.56.0-win32-x64\jre\21.0.12.1-win32-x86_64\bin\net.dll
0x00007ff8ac450000 - 0x00007ff8ac57a000 	C:\WINDOWS\SYSTEM32\WINHTTP.dll
0x00007ff8b5e90000 - 0x00007ff8b5efc000 	C:\WINDOWS\system32\mswsock.dll
0x00007ff892360000 - 0x00007ff892376000 	C:\Users\user\.vscode\extensions\redhat.java-1.56.0-win32-x64\jre\21.0.12.1-win32-x86_64\bin\nio.dll
0x00007ff8aac00000 - 0x00007ff8aac10000 	c:\Users\user\.vscode\extensions\redhat.java-1.56.0-win32-x64\jre\21.0.12.1-win32-x86_64\bin\verify.dll
0x00007ff8996e0000 - 0x00007ff899725000 	C:\Users\user\AppData\Roaming\Code\User\globalStorage\redhat.java\1.56.0\config_win\org.eclipse.equinox.launcher\org.eclipse.equinox.launcher.win32.win32.x86_64_1.3.100.v20260804-1928\eclipse_11924.dll
0x00007ff8b81e0000 - 0x00007ff8b837a000 	C:\WINDOWS\System32\ole32.dll
0x00007ff8b6180000 - 0x00007ff8b619b000 	C:\WINDOWS\SYSTEM32\CRYPTSP.dll
0x00007ff8b5830000 - 0x00007ff8b5869000 	C:\WINDOWS\system32\rsaenh.dll
0x00007ff8b5f40000 - 0x00007ff8b5f74000 	C:\WINDOWS\SYSTEM32\USERENV.dll
0x00007ff8b6af0000 - 0x00007ff8b6b1a000 	C:\WINDOWS\SYSTEM32\bcrypt.dll
0x00007ff8b61a0000 - 0x00007ff8b61ac000 	C:\WINDOWS\SYSTEM32\CRYPTBASE.dll
0x00007ff8b5310000 - 0x00007ff8b5343000 	C:\WINDOWS\SYSTEM32\IPHLPAPI.DLL
0x00007ff8b9670000 - 0x00007ff8b967a000 	C:\WINDOWS\System32\NSI.dll
0x00007ff85af20000 - 0x00007ff85af69000 	C:\Users\user\AppData\Local\Temp\jna-3599307\jna2695615775969800004.dll
0x00007ff8b9900000 - 0x00007ff8b9908000 	C:\WINDOWS\System32\PSAPI.DLL
0x00007ff8ac030000 - 0x00007ff8ac04d000 	C:\WINDOWS\SYSTEM32\dhcpcsvc6.DLL
0x00007ff8ac000000 - 0x00007ff8ac025000 	C:\WINDOWS\SYSTEM32\dhcpcsvc.DLL
0x00007ff85c110000 - 0x00007ff85c137000 	C:\Users\user\.gradle\native\660c5614fbf4a5f2a75b1949f50a0caf5cd603558e7d8a26e50b933a0cfb79d1\windows-amd64\native-platform.dll
0x00007ff8a8970000 - 0x00007ff8a897a000 	C:\Users\user\.vscode\extensions\redhat.java-1.56.0-win32-x64\jre\21.0.12.1-win32-x86_64\bin\management.dll
0x00007ff89d340000 - 0x00007ff89d34c000 	C:\Users\user\.vscode\extensions\redhat.java-1.56.0-win32-x64\jre\21.0.12.1-win32-x86_64\bin\management_ext.dll
0x00007ff8913a0000 - 0x00007ff8913ae000 	C:\Users\user\.vscode\extensions\redhat.java-1.56.0-win32-x64\jre\21.0.12.1-win32-x86_64\bin\sunmscapi.dll
0x00007ff8b6c00000 - 0x00007ff8b6d7e000 	C:\WINDOWS\System32\CRYPT32.dll
0x00007ff8b63c0000 - 0x00007ff8b63f0000 	C:\WINDOWS\SYSTEM32\ncrypt.dll
0x00007ff8b6370000 - 0x00007ff8b63af000 	C:\WINDOWS\SYSTEM32\NTASN1.dll
0x00007ff8b5350000 - 0x00007ff8b54a8000 	C:\WINDOWS\SYSTEM32\DNSAPI.dll
0x00007ff8b5c90000 - 0x00007ff8b5c9d000 	C:\WINDOWS\SYSTEM32\DSPARSE.dll
0x00007ff8ae350000 - 0x00007ff8ae35b000 	C:\Windows\System32\rasadhlp.dll
0x00007ff8aa9e0000 - 0x00007ff8aaa66000 	C:\WINDOWS\System32\fwpuclnt.dll
0x00007ff899480000 - 0x00007ff899489000 	C:\Users\user\.vscode\extensions\redhat.java-1.56.0-win32-x64\jre\21.0.12.1-win32-x86_64\bin\extnet.dll
0x00007ff88b8f0000 - 0x00007ff88b8f8000 	C:\WINDOWS\system32\wshunix.dll

JVMTI agents:
c:\Users\user\.vscode\extensions\redhat.java-1.56.0-win32-x64\lombok\lombok-1.18.39-4050.jar path:c:\Users\user\.vscode\extensions\redhat.java-1.56.0-win32-x64\jre\21.0.12.1-win32-x86_64\bin\instrument.dll, loaded, initialized, instrumentlib options:none

dbghelp: loaded successfully - version: 4.0.5 - missing functions: none
symbol engine: initialized successfully - sym options: 0x614 - pdb path: .;c:\Users\user\.vscode\extensions\redhat.java-1.56.0-win32-x64\jre\21.0.12.1-win32-x86_64\bin;C:\WINDOWS\SYSTEM32;C:\WINDOWS\WinSxS\amd64_microsoft.windows.common-controls_6595b64144ccf1df_6.0.26100.9278_none_3e0d1ba8e3303201;c:\Users\user\.vscode\extensions\redhat.java-1.56.0-win32-x64\jre\21.0.12.1-win32-x86_64\bin\server;C:\Users\user\AppData\Roaming\Code\User\globalStorage\redhat.java\1.56.0\config_win\org.eclipse.equinox.launcher\org.eclipse.equinox.launcher.win32.win32.x86_64_1.3.100.v20260804-1928;C:\Users\user\AppData\Local\Temp\jna-3599307;C:\Users\user\.gradle\native\660c5614fbf4a5f2a75b1949f50a0caf5cd603558e7d8a26e50b933a0cfb79d1\windows-amd64

VM Arguments:
jvm_args: --add-modules=ALL-SYSTEM --add-opens=java.base/java.util=ALL-UNNAMED --add-opens=java.base/java.lang=ALL-UNNAMED --add-opens=java.base/sun.nio.fs=ALL-UNNAMED -Declipse.application=org.eclipse.jdt.ls.core.id1 -Dosgi.bundles.defaultStartLevel=4 -Declipse.product=org.eclipse.jdt.ls.core.product -Djava.import.generatesMetadataFilesAtProjectRoot=false -Dm2e.project.cache.size=50 -DDetectVMInstallationsJob.disabled=true -Dfile.encoding=utf8 -XX:+UseParallelGC -XX:GCTimeRatio=4 -XX:AdaptiveSizePolicyWeight=90 -Dsun.zip.disableMemoryMapping=true -Xmx2G -Xms100m -Xlog:disable -javaagent:c:\Users\user\.vscode\extensions\redhat.java-1.56.0-win32-x64\lombok\lombok-1.18.39-4050.jar -XX:+HeapDumpOnOutOfMemoryError -XX:HeapDumpPath=c:\Users\user\AppData\Roaming\Code\User\workspaceStorage\9d9156ffb6426d8458dc70a5770c4c03\redhat.java -Daether.dependencyCollector.impl=bf 
java_command: c:\Users\user\.vscode\extensions\redhat.java-1.56.0-win32-x64\server\plugins\org.eclipse.equinox.launcher_1.8.0.v20260804-1928.jar -configuration c:\Users\user\AppData\Roaming\Code\User\globalStorage\redhat.java\1.56.0\config_win -data c:\Users\user\AppData\Roaming\Code\User\workspaceStorage\9d9156ffb6426d8458dc70a5770c4c03\redhat.java\jdt_ws --stdio
java_class_path (initial): c:\Users\user\.vscode\extensions\redhat.java-1.56.0-win32-x64\server\plugins\org.eclipse.equinox.launcher_1.8.0.v20260804-1928.jar
Launcher Type: SUN_STANDARD

[Global flags]
    uintx AdaptiveSizePolicyWeight                 = 90                                        {product} {command line}
     intx CICompilerCount                          = 3                                         {product} {ergonomic}
    uintx GCTimeRatio                              = 4                                         {product} {command line}
     bool HeapDumpOnOutOfMemoryError               = true                                   {manageable} {command line}
    ccstr HeapDumpPath                             = c:\Users\user\AppData\Roaming\Code\User\workspaceStorage\9d9156ffb6426d8458dc70a5770c4c03\redhat.java         {manageable} {command line}
   size_t InitialHeapSize                          = 104857600                                 {product} {command line}
   size_t MaxHeapSize                              = 2147483648                                {product} {command line}
   size_t MaxNewSize                               = 715653120                                 {product} {ergonomic}
   size_t MinHeapDeltaBytes                        = 524288                                    {product} {ergonomic}
   size_t MinHeapSize                              = 104857600                                 {product} {command line}
   size_t NewSize                                  = 34603008                                  {product} {ergonomic}
    uintx NonNMethodCodeHeapSize                   = 5832780                                {pd product} {ergonomic}
    uintx NonProfiledCodeHeapSize                  = 122912730                              {pd product} {ergonomic}
   size_t OldSize                                  = 70254592                                  {product} {ergonomic}
    uintx ProfiledCodeHeapSize                     = 122912730                              {pd product} {ergonomic}
    uintx ReservedCodeCacheSize                    = 251658240                              {pd product} {ergonomic}
     bool SegmentedCodeCache                       = true                                      {product} {ergonomic}
   size_t SoftMaxHeapSize                          = 2147483648                             {manageable} {ergonomic}
     bool UseCompressedOops                        = true                           {product lp64_product} {ergonomic}
     bool UseLargePagesIndividualAllocation        = false                                  {pd product} {ergonomic}
     bool UseParallelGC                            = true                                      {product} {command line}

Logging:
Log output configuration:
 #0: stdout all=off uptime,level,tags foldmultilines=false
 #1: stderr all=off uptime,level,tags foldmultilines=false

Release file:
JAVA_VERSION="21.0.12.1" 
MODULES="java.base java.compiler java.datatransfer java.xml java.prefs java.desktop java.instrument java.logging java.management java.security.sasl java.naming java.rmi java.management.rmi java.net.http java.scripting java.security.jgss java.transaction.xa java.sql java.sql.rowset java.xml.crypto java.se java.smartcardio jdk.accessibility jdk.internal.jvmstat jdk.attach jdk.charsets jdk.internal.opt jdk.zipfs jdk.compiler jdk.crypto.ec jdk.crypto.cryptoki jdk.crypto.mscapi jdk.dynalink jdk.internal.ed jdk.editpad jdk.hotspot.agent jdk.httpserver jdk.internal.le jdk.internal.vm.ci jdk.internal.vm.compiler jdk.internal.vm.compiler.management jdk.jartool jdk.javadoc jdk.jcmd jdk.management jdk.management.agent jdk.jconsole jdk.jdeps jdk.jdwp.agent jdk.jdi jdk.jfr jdk.jshell jdk.jsobject jdk.jstatd jdk.localedata jdk.management.jfr jdk.naming.dns jdk.naming.rmi jdk.net jdk.nio.mapmode jdk.random jdk.sctp jdk.security.auth jdk.security.jgss jdk.unsupported jdk.unsupported.desktop jdk.xml.dom" 

Environment Variables:
JAVA_HOME=C:\Program Files\Java\jdk-17
PATH=C:\Program Files\Common Files\Oracle\Java\javapath;C:\Program Files (x86)\Common Files\Oracle\Java\java8path;C:\Program Files (x86)\Common Files\Oracle\Java\javapath;C:\Python313\Scripts\;C:\Python313\;C:\WINDOWS\system32;C:\WINDOWS;C:\WINDOWS\System32\Wbem;C:\WINDOWS\System32\WindowsPowerShell\v1.0\;C:\WINDOWS\System32\OpenSSH\;C:\Program Files\nodejs\;C:\ProgramData\chocolatey\bin;%ANDROID_HOME%\platform-tools;%ANDROID_HOME%\emulator;C:\Python313\Scripts;C:\Users\user\AppData\Local\Programs\Python\Python313\Scripts;C:\mingw64\bin;C:\xampp\php;C:\ProgramData\ComposerSetup\bin;C:\Program Files\Git\cmd;C:\Program Files (x86)\Nmap\;C:\Program Files\Nmap\;C:\Program Files\PostgreSQL\17\bin;;C:\Users\user\AppData\Local\Muse Hub\lib;C:\Program Files\Docker\Docker\resources\bin;C:\Users\user\AppData\Local\agy\bin;C:\Users\user\AppData\Local\Microsoft\WindowsApps;C:\Users\user\AppData\Roaming\npm;C:\Program Files\Java\jdk-17\bin;C:\mingw64\bin;C:\Users\user\AppData\Roaming\Composer\vendor\bin;C:\Program Files (x86)\Nmap;C:\Users\user\AppData\Local\Programs\Antigravity\bin;C:\Users\user\AppData\Local\Muse Hub\lib;C:\Users\user\.lmstudio\bin;C:\Users\user\AppData\Local\Microsoft\WindowsApps;C:\Users\user\AppData\Local\Programs\Antigravity IDE\bin;C:\Users\user\AppData\Local\Programs\Microsoft VS Code\bin
USERNAME=user
OS=Windows_NT
PROCESSOR_IDENTIFIER=AMD64 Family 23 Model 24 Stepping 1, AuthenticAMD
TMP=C:\Users\user\AppData\Local\Temp
TEMP=C:\Users\user\AppData\Local\Temp




Periodic native trim disabled

---------------  S Y S T E M  ---------------

OS:
 Windows 11 , 64 bit Build 26100 (10.0.26100.9444)
OS uptime: 0 days 14:07 hours
Hyper-V role detected

CPU: total 4 (initial active 4) (4 cores per cpu, 2 threads per core) family 23 model 24 stepping 1 microcode 0x8108109, cx8, cmov, fxsr, ht, mmx, 3dnowpref, sse, sse2, sse3, ssse3, sse4a, sse4.1, sse4.2, popcnt, lzcnt, tsc, tscinvbit, avx, avx2, aes, clmul, bmi1, bmi2, adx, sha, fma, vzeroupper, clflush, clflushopt, hv, rdtscp, f16c
Processor Information for the first 4 processors :
  Max Mhz: 2600, Current Mhz: 2600, Mhz Limit: 2600

Memory: 4k page, system-wide physical 18369M (3026M free)
TotalPageFile size 48770M (AvailPageFile size 0M)
current process WorkingSet (physical memory assigned to process): 161M, peak: 502M
current process commit charge ("private bytes"): 744M, peak: 748M

vm_info: OpenJDK 64-Bit Server VM (21.0.12.1+1-LTS) for windows-amd64 JRE (21.0.12.1+1-LTS), built on 2026-08-18T00:00:00Z by "admin" with MS VC++ 17.12 (VS2022)

END.
