#
# There is insufficient memory for the Java Runtime Environment to continue.
# Native memory allocation (malloc) failed to allocate 1885136 bytes. Error detail: Chunk::new
# Possible reasons:
#   The system is out of physical RAM or swap space
#   This process is running with CompressedOops enabled, and the Java Heap may be blocking the growth of the native heap
# Possible solutions:
#   Reduce memory load on the system
#   Increase physical memory or swap space
#   Check if swap backing store is full
#   Decrease Java heap size (-Xmx/-Xms)
#   Decrease number of Java threads
#   Decrease Java thread stack sizes (-Xss)
#   Set larger code cache with -XX:ReservedCodeCacheSize=
#   JVM is running with Unscaled Compressed Oops mode in which the Java heap is
#     placed in the first 4GB address space. The Java Heap base address is the
#     maximum limit for the native heap growth. Please use -XX:HeapBaseMinAddress
#     to set the Java Heap base and to place the Java Heap above 4GB virtual address.
# This output file may be truncated or incomplete.
#
#  Out of Memory Error (arena.cpp:168), pid=4644, tid=30300
#
# JRE version: OpenJDK Runtime Environment Temurin-21.0.12.1+1 (21.0.12.1+1) (build 21.0.12.1+1-LTS)
# Java VM: OpenJDK 64-Bit Server VM Temurin-21.0.12.1+1 (21.0.12.1+1-LTS, mixed mode, sharing, tiered, compressed oops, compressed class ptrs, g1 gc, windows-amd64)
# No core dump will be written. Minidumps are not enabled by default on client versions of Windows
#

---------------  S U M M A R Y ------------

Command Line: --add-opens=java.base/java.lang=ALL-UNNAMED --add-opens=java.base/java.lang.invoke=ALL-UNNAMED --add-opens=java.base/java.util=ALL-UNNAMED --add-opens=java.prefs/java.util.prefs=ALL-UNNAMED --add-exports=jdk.compiler/com.sun.tools.javac.api=ALL-UNNAMED --add-exports=jdk.compiler/com.sun.tools.javac.util=ALL-UNNAMED --add-opens=java.base/java.nio.charset=ALL-UNNAMED --add-opens=java.base/java.net=ALL-UNNAMED --add-opens=java.base/java.util.concurrent=ALL-UNNAMED --add-opens=java.base/java.util.concurrent.atomic=ALL-UNNAMED --add-opens=java.xml/javax.xml.namespace=ALL-UNNAMED --add-opens=java.base/java.time=ALL-UNNAMED -XX:MaxMetaspaceSize=384m -XX:+HeapDumpOnOutOfMemoryError -Xms256m -Xmx512m -Dfile.encoding=UTF-8 -Duser.country=419 -Duser.language=es -Duser.variant -javaagent:C:\Users\user\.gradle\wrapper\dists\gradle-9.5.1-bin\iq79hdu3mqx29lgffhp8bfmx\gradle-9.5.1\lib\agents\gradle-instrumentation-agent-9.5.1.jar org.gradle.launcher.daemon.bootstrap.GradleDaemon 9.5.1

Host: AMD Ryzen 3 3250U with Radeon Graphics         , 4 cores, 17G,  Windows 11 , 64 bit Build 26100 (10.0.26100.9444)
Time: Thu Sep 10 19:19:18 2026 Hora est. Pacífico, Sudamérica elapsed time: 465.198604 seconds (0d 0h 7m 45s)

---------------  T H R E A D  ---------------

Current thread (0x000002406083db70):  JavaThread "C2 CompilerThread0" daemon [_thread_in_native, id=30300, stack(0x0000005711800000,0x0000005711900000) (1024K)]


Current CompileTask:
C2:465198 5384       4       java.lang.invoke.InvokerBytecodeGenerator::addMethod (725 bytes)

Stack: [0x0000005711800000,0x0000005711900000]
Native frames: (J=compiled Java code, j=interpreted, Vv=VM code, C=native code)
V  [jvm.dll+0x6d83e9]
V  [jvm.dll+0x8b5736]
V  [jvm.dll+0x8b7cee]
V  [jvm.dll+0x8b83d3]
V  [jvm.dll+0x284596]
V  [jvm.dll+0xc685d]
V  [jvm.dll+0xc6da1]
V  [jvm.dll+0x3bf151]
V  [jvm.dll+0x38b6d2]
V  [jvm.dll+0x38ab1a]
V  [jvm.dll+0x24c700]
V  [jvm.dll+0x24bce0]
V  [jvm.dll+0x1cb4ae]
V  [jvm.dll+0x25baad]
V  [jvm.dll+0x25a03a]
V  [jvm.dll+0x3f8aae]
V  [jvm.dll+0x8600cd]
V  [jvm.dll+0x6d6c1d]
C  [ucrtbase.dll+0x2cd30]
C  [KERNEL32.DLL+0x2cd87]
C  [ntdll.dll+0xacaec]


---------------  P R O C E S S  ---------------

Threads class SMR info:
_java_thread_list=0x000002407cafe990, length=37, elements={
0x000002404b701500, 0x0000024060833ea0, 0x0000024060835720, 0x0000024060838eb0,
0x000002406083b920, 0x000002406083c380, 0x000002406083cde0, 0x000002406083db70,
0x000002406084e710, 0x0000024060a670d0, 0x00000240609a2180, 0x000002407ab1ecb0,
0x000002407b886d30, 0x000002407bc0e550, 0x000002407b9a5380, 0x000002407bcd5910,
0x000002407a6d1070, 0x000002407be4cd70, 0x000002407bdcae80, 0x000002407bdc8090,
0x000002407bdc8db0, 0x000002407bdcb510, 0x000002407bdca160, 0x000002407bdca7f0,
0x000002407bdc8720, 0x000002407bb45e20, 0x000002407bb464b0, 0x000002407bb471d0,
0x000002407bb46b40, 0x000002407bb47860, 0x000002407bb47ef0, 0x000002407bb48580,
0x000002407bb48c10, 0x000002407bb45790, 0x000002407bb4a650, 0x000002407bb4ace0,
0x000002407bb4c090
}

Java Threads: ( => current thread )
  0x000002404b701500 JavaThread "main"                              [_thread_blocked, id=28488, stack(0x0000005710a00000,0x0000005710b00000) (1024K)]
  0x0000024060833ea0 JavaThread "Reference Handler"          daemon [_thread_blocked, id=28708, stack(0x0000005711200000,0x0000005711300000) (1024K)]
  0x0000024060835720 JavaThread "Finalizer"                  daemon [_thread_blocked, id=27156, stack(0x0000005711300000,0x0000005711400000) (1024K)]
  0x0000024060838eb0 JavaThread "Signal Dispatcher"          daemon [_thread_blocked, id=24560, stack(0x0000005711400000,0x0000005711500000) (1024K)]
  0x000002406083b920 JavaThread "Attach Listener"            daemon [_thread_blocked, id=32728, stack(0x0000005711500000,0x0000005711600000) (1024K)]
  0x000002406083c380 JavaThread "Service Thread"             daemon [_thread_blocked, id=24400, stack(0x0000005711600000,0x0000005711700000) (1024K)]
  0x000002406083cde0 JavaThread "Monitor Deflation Thread"   daemon [_thread_blocked, id=23848, stack(0x0000005711700000,0x0000005711800000) (1024K)]
=>0x000002406083db70 JavaThread "C2 CompilerThread0"         daemon [_thread_in_native, id=30300, stack(0x0000005711800000,0x0000005711900000) (1024K)]
  0x000002406084e710 JavaThread "C1 CompilerThread0"         daemon [_thread_blocked, id=29332, stack(0x0000005711900000,0x0000005711a00000) (1024K)]
  0x0000024060a670d0 JavaThread "Common-Cleaner"             daemon [_thread_blocked, id=9532, stack(0x0000005711a00000,0x0000005711b00000) (1024K)]
  0x00000240609a2180 JavaThread "Notification Thread"        daemon [_thread_blocked, id=4200, stack(0x0000005711b00000,0x0000005711c00000) (1024K)]
  0x000002407ab1ecb0 JavaThread "Daemon health stats"               [_thread_blocked, id=27772, stack(0x0000005711f00000,0x0000005712000000) (1024K)]
  0x000002407b886d30 JavaThread "Incoming local TCP Connector on port 34559"        [_thread_in_native, id=8376, stack(0x0000005712100000,0x0000005712200000) (1024K)]
  0x000002407bc0e550 JavaThread "Daemon periodic checks"            [_thread_blocked, id=32020, stack(0x0000005712200000,0x0000005712300000) (1024K)]
  0x000002407b9a5380 JavaThread "Daemon"                            [_thread_blocked, id=7568, stack(0x0000005710800000,0x0000005710900000) (1024K)]
  0x000002407bcd5910 JavaThread "Handler for socket connection from /127.0.0.1:34559 to /127.0.0.1:34561"        [_thread_in_native, id=29972, stack(0x0000005712300000,0x0000005712400000) (1024K)]
  0x000002407a6d1070 JavaThread "Cancel handler"                    [_thread_blocked, id=32924, stack(0x0000005712400000,0x0000005712500000) (1024K)]
  0x000002407be4cd70 JavaThread "Daemon worker"                     [_thread_in_native, id=26508, stack(0x0000005712500000,0x0000005712600000) (1024K)]
  0x000002407bdcae80 JavaThread "Asynchronous log dispatcher for DefaultDaemonConnection: socket connection from /127.0.0.1:34559 to /127.0.0.1:34561"        [_thread_blocked, id=23632, stack(0x0000005712600000,0x0000005712700000) (1024K)]
  0x000002407bdc8090 JavaThread "Stdin handler"                     [_thread_blocked, id=31916, stack(0x0000005712700000,0x0000005712800000) (1024K)]
  0x000002407bdc8db0 JavaThread "Daemon client event forwarder"        [_thread_blocked, id=33640, stack(0x0000005712800000,0x0000005712900000) (1024K)]
  0x000002407bdcb510 JavaThread "Cache worker for journal cache (C:\Users\user\.gradle\caches\journal-1)"        [_thread_blocked, id=35708, stack(0x0000005712900000,0x0000005712a00000) (1024K)]
  0x000002407bdca160 JavaThread "File lock request listener"        [_thread_in_native, id=22600, stack(0x0000005712a00000,0x0000005712b00000) (1024K)]
  0x000002407bdca7f0 JavaThread "File lock release action executor"        [_thread_blocked, id=30224, stack(0x0000005712b00000,0x0000005712c00000) (1024K)]
  0x000002407bdc8720 JavaThread "Cache worker for file hash cache (C:\Users\user\.gradle\caches\9.5.1\fileHashes)"        [_thread_blocked, id=21232, stack(0x0000005710900000,0x0000005710a00000) (1024K)]
  0x000002407bb45e20 JavaThread "Cache worker for file hash cache (C:\Users\user\Documents\DEVVAULT\devvault\.gradle\9.5.1\fileHashes)"        [_thread_blocked, id=11412, stack(0x0000005712000000,0x0000005712100000) (1024K)]
  0x000002407bb464b0 JavaThread "Cache worker for Build Output Cleanup Cache (C:\Users\user\Documents\DEVVAULT\devvault\.gradle\buildOutputCleanup)"        [_thread_blocked, id=27300, stack(0x0000005712c00000,0x0000005712d00000) (1024K)]
  0x000002407bb471d0 JavaThread "File watcher server"        daemon [_thread_in_native, id=27560, stack(0x0000005712d00000,0x0000005712e00000) (1024K)]
  0x000002407bb46b40 JavaThread "File watcher consumer"      daemon [_thread_blocked, id=18872, stack(0x0000005712e00000,0x0000005712f00000) (1024K)]
  0x000002407bb47860 JavaThread "Cache worker for file content cache (C:\Users\user\.gradle\caches\9.5.1\fileContent)"        [_thread_blocked, id=22332, stack(0x0000005712f00000,0x0000005713000000) (1024K)]
  0x000002407bb47ef0 JavaThread "Cache worker for checksums cache (C:\Users\user\Documents\DEVVAULT\devvault\.gradle\9.5.1\checksums)"        [_thread_blocked, id=17676, stack(0x0000005713000000,0x0000005713100000) (1024K)]
  0x000002407bb48580 JavaThread "Cache worker for cache directory md-supplier (C:\Users\user\.gradle\caches\9.5.1\md-supplier)"        [_thread_blocked, id=22308, stack(0x0000005713300000,0x0000005713400000) (1024K)]
  0x000002407bb48c10 JavaThread "Cache worker for cache directory md-rule (C:\Users\user\.gradle\caches\9.5.1\md-rule)"        [_thread_blocked, id=35912, stack(0x0000005713400000,0x0000005713500000) (1024K)]
  0x000002407bb45790 JavaThread "jar transforms"                    [_thread_blocked, id=36296, stack(0x0000005713500000,0x0000005713600000) (1024K)]
  0x000002407bb4a650 JavaThread "jar transforms Thread 2"           [_thread_blocked, id=36344, stack(0x0000005713600000,0x0000005713700000) (1024K)]
  0x000002407bb4ace0 JavaThread "jar transforms Thread 3"           [_thread_blocked, id=18208, stack(0x0000005713700000,0x0000005713800000) (1024K)]
  0x000002407bb4c090 JavaThread "jar transforms Thread 4"           [_thread_blocked, id=276, stack(0x0000005713100000,0x0000005713200000) (1024K)]
Total: 37

Other Threads:
  0x00000240608171f0 VMThread "VM Thread"                           [id=4364, stack(0x0000005711100000,0x0000005711200000) (1024K)]
  0x0000024060800ce0 WatcherThread "VM Periodic Task Thread"        [id=17672, stack(0x0000005711000000,0x0000005711100000) (1024K)]
  0x000002404b72a900 WorkerThread "GC Thread#0"                     [id=27564, stack(0x0000005710b00000,0x0000005710c00000) (1024K)]
  0x00000240609fa7a0 WorkerThread "GC Thread#1"                     [id=34320, stack(0x0000005711c00000,0x0000005711d00000) (1024K)]
  0x000002407a1b5490 WorkerThread "GC Thread#2"                     [id=29220, stack(0x0000005711d00000,0x0000005711e00000) (1024K)]
  0x000002407a1b5840 WorkerThread "GC Thread#3"                     [id=14060, stack(0x0000005711e00000,0x0000005711f00000) (1024K)]
  0x000002404b730010 ConcurrentGCThread "G1 Main Marker"            [id=31172, stack(0x0000005710c00000,0x0000005710d00000) (1024K)]
  0x000002404b730a30 WorkerThread "G1 Conc#0"                       [id=30628, stack(0x0000005710d00000,0x0000005710e00000) (1024K)]
  0x000002404b7be770 ConcurrentGCThread "G1 Refine#0"               [id=30624, stack(0x0000005710e00000,0x0000005710f00000) (1024K)]
  0x00000240606d32a0 ConcurrentGCThread "G1 Service"                [id=19804, stack(0x0000005710f00000,0x0000005711000000) (1024K)]
Total: 10

Threads with active compile tasks:
C2 CompilerThread0  465247 5384       4       java.lang.invoke.InvokerBytecodeGenerator::addMethod (725 bytes)
Total: 1

VM state: not at safepoint (normal execution)

VM Mutex/Monitor currently owned by a thread: None

Heap address: 0x00000000e0000000, size: 512 MB, Compressed Oops mode: 32-bit

CDS archive(s) mapped at: [0x0000024061000000-0x0000024061ba0000-0x0000024061ba0000), size 12189696, SharedBaseAddress: 0x0000024061000000, ArchiveRelocationMode: 1.
Compressed class space mapped at: 0x0000024062000000-0x0000024076000000, reserved size: 335544320
Narrow klass base: 0x0000024061000000, Narrow klass shift: 0, Narrow klass range: 0x100000000

GC Precious Log:
 CardTable entry size: 512
 Card Set container configuration: InlinePtr #cards 5 size 8 Array Of Cards #cards 12 size 40 Howl #buckets 4 coarsen threshold 1843 Howl Bitmap #cards 512 size 80 coarsen threshold 460 Card regions per heap region 1 cards per card region 2048
 CPUs: 4 total, 4 available
 Memory: 18369M
 Large Page Support: Disabled
 NUMA Support: Disabled
 Compressed Oops: Enabled (32-bit)
 Heap Region Size: 1M
 Heap Min Capacity: 256M
 Heap Initial Capacity: 256M
 Heap Max Capacity: 512M
 Pre-touch: Disabled
 Parallel Workers: 4
 Concurrent Workers: 1
 Concurrent Refinement Workers: 4
 Periodic GC: Disabled

Heap:
 garbage-first heap   total 262144K, used 100717K [0x00000000e0000000, 0x0000000100000000)
  region size 1024K, 77 young (78848K), 8 survivors (8192K)
 Metaspace       used 41973K, committed 43712K, reserved 393216K
  class space    used 6283K, committed 7104K, reserved 327680K

Heap Regions: E=young(eden), S=young(survivor), O=old, HS=humongous(starts), HC=humongous(continues), CS=collection set, F=free, TAMS=top-at-mark-start, PB=parsable bottom
|   0|0x00000000e0000000, 0x00000000e0100000, 0x00000000e0100000|100%| O|  |TAMS 0x00000000e0000000| PB 0x00000000e0000000| Untracked 
|   1|0x00000000e0100000, 0x00000000e0200000, 0x00000000e0200000|100%|HS|  |TAMS 0x00000000e0100000| PB 0x00000000e0100000| Complete 
|   2|0x00000000e0200000, 0x00000000e0300000, 0x00000000e0300000|100%|HC|  |TAMS 0x00000000e0200000| PB 0x00000000e0200000| Complete 
|   3|0x00000000e0300000, 0x00000000e0400000, 0x00000000e0400000|100%|HC|  |TAMS 0x00000000e0300000| PB 0x00000000e0300000| Complete 
|   4|0x00000000e0400000, 0x00000000e0500000, 0x00000000e0500000|100%|HC|  |TAMS 0x00000000e0400000| PB 0x00000000e0400000| Complete 
|   5|0x00000000e0500000, 0x00000000e0600000, 0x00000000e0600000|100%| O|  |TAMS 0x00000000e0500000| PB 0x00000000e0500000| Untracked 
|   6|0x00000000e0600000, 0x00000000e0700000, 0x00000000e0700000|100%| O|  |TAMS 0x00000000e0600000| PB 0x00000000e0600000| Untracked 
|   7|0x00000000e0700000, 0x00000000e0800000, 0x00000000e0800000|100%| O|  |TAMS 0x00000000e0700000| PB 0x00000000e0700000| Untracked 
|   8|0x00000000e0800000, 0x00000000e0900000, 0x00000000e0900000|100%| O|  |TAMS 0x00000000e0800000| PB 0x00000000e0800000| Untracked 
|   9|0x00000000e0900000, 0x00000000e0a00000, 0x00000000e0a00000|100%|HS|  |TAMS 0x00000000e0900000| PB 0x00000000e0900000| Complete 
|  10|0x00000000e0a00000, 0x00000000e0b00000, 0x00000000e0b00000|100%| O|  |TAMS 0x00000000e0a00000| PB 0x00000000e0a00000| Untracked 
|  11|0x00000000e0b00000, 0x00000000e0c00000, 0x00000000e0c00000|100%| O|  |TAMS 0x00000000e0b00000| PB 0x00000000e0b00000| Untracked 
|  12|0x00000000e0c00000, 0x00000000e0c00000, 0x00000000e0d00000|  0%| F|  |TAMS 0x00000000e0c00000| PB 0x00000000e0c00000| Untracked 
|  13|0x00000000e0d00000, 0x00000000e0e00000, 0x00000000e0e00000|100%| O|  |TAMS 0x00000000e0d00000| PB 0x00000000e0d00000| Untracked 
|  14|0x00000000e0e00000, 0x00000000e0f00000, 0x00000000e0f00000|100%| O|  |TAMS 0x00000000e0e00000| PB 0x00000000e0e00000| Untracked 
|  15|0x00000000e0f00000, 0x00000000e1000000, 0x00000000e1000000|100%| O|  |TAMS 0x00000000e0f00000| PB 0x00000000e0f00000| Untracked 
|  16|0x00000000e1000000, 0x00000000e1100000, 0x00000000e1100000|100%| O|  |TAMS 0x00000000e1000000| PB 0x00000000e1000000| Untracked 
|  17|0x00000000e1100000, 0x00000000e1200000, 0x00000000e1200000|100%| O|  |TAMS 0x00000000e1100000| PB 0x00000000e1100000| Untracked 
|  18|0x00000000e1200000, 0x00000000e1300000, 0x00000000e1300000|100%| O|  |TAMS 0x00000000e1200000| PB 0x00000000e1200000| Untracked 
|  19|0x00000000e1300000, 0x00000000e1400000, 0x00000000e1400000|100%| O|  |TAMS 0x00000000e1300000| PB 0x00000000e1300000| Untracked 
|  20|0x00000000e1400000, 0x00000000e1500000, 0x00000000e1500000|100%| O|  |TAMS 0x00000000e1400000| PB 0x00000000e1400000| Untracked 
|  21|0x00000000e1500000, 0x00000000e1600000, 0x00000000e1600000|100%| O|  |TAMS 0x00000000e1500000| PB 0x00000000e1500000| Untracked 
|  22|0x00000000e1600000, 0x00000000e1700000, 0x00000000e1700000|100%| O|Cm|TAMS 0x00000000e1600000| PB 0x00000000e1600000| Complete 
|  23|0x00000000e1700000, 0x00000000e175c950, 0x00000000e1800000| 36%| O|  |TAMS 0x00000000e1700000| PB 0x00000000e1700000| Untracked 
|  24|0x00000000e1800000, 0x00000000e1800000, 0x00000000e1900000|  0%| F|  |TAMS 0x00000000e1800000| PB 0x00000000e1800000| Untracked 
|  25|0x00000000e1900000, 0x00000000e1900000, 0x00000000e1a00000|  0%| F|  |TAMS 0x00000000e1900000| PB 0x00000000e1900000| Untracked 
|  26|0x00000000e1a00000, 0x00000000e1a00000, 0x00000000e1b00000|  0%| F|  |TAMS 0x00000000e1a00000| PB 0x00000000e1a00000| Untracked 
|  27|0x00000000e1b00000, 0x00000000e1b00000, 0x00000000e1c00000|  0%| F|  |TAMS 0x00000000e1b00000| PB 0x00000000e1b00000| Untracked 
|  28|0x00000000e1c00000, 0x00000000e1c00000, 0x00000000e1d00000|  0%| F|  |TAMS 0x00000000e1c00000| PB 0x00000000e1c00000| Untracked 
|  29|0x00000000e1d00000, 0x00000000e1d00000, 0x00000000e1e00000|  0%| F|  |TAMS 0x00000000e1d00000| PB 0x00000000e1d00000| Untracked 
|  30|0x00000000e1e00000, 0x00000000e1e00000, 0x00000000e1f00000|  0%| F|  |TAMS 0x00000000e1e00000| PB 0x00000000e1e00000| Untracked 
|  31|0x00000000e1f00000, 0x00000000e1f00000, 0x00000000e2000000|  0%| F|  |TAMS 0x00000000e1f00000| PB 0x00000000e1f00000| Untracked 
|  32|0x00000000e2000000, 0x00000000e2000000, 0x00000000e2100000|  0%| F|  |TAMS 0x00000000e2000000| PB 0x00000000e2000000| Untracked 
|  33|0x00000000e2100000, 0x00000000e2100000, 0x00000000e2200000|  0%| F|  |TAMS 0x00000000e2100000| PB 0x00000000e2100000| Untracked 
|  34|0x00000000e2200000, 0x00000000e2200000, 0x00000000e2300000|  0%| F|  |TAMS 0x00000000e2200000| PB 0x00000000e2200000| Untracked 
|  35|0x00000000e2300000, 0x00000000e2300000, 0x00000000e2400000|  0%| F|  |TAMS 0x00000000e2300000| PB 0x00000000e2300000| Untracked 
|  36|0x00000000e2400000, 0x00000000e2400000, 0x00000000e2500000|  0%| F|  |TAMS 0x00000000e2400000| PB 0x00000000e2400000| Untracked 
|  37|0x00000000e2500000, 0x00000000e2500000, 0x00000000e2600000|  0%| F|  |TAMS 0x00000000e2500000| PB 0x00000000e2500000| Untracked 
|  38|0x00000000e2600000, 0x00000000e2600000, 0x00000000e2700000|  0%| F|  |TAMS 0x00000000e2600000| PB 0x00000000e2600000| Untracked 
|  39|0x00000000e2700000, 0x00000000e2700000, 0x00000000e2800000|  0%| F|  |TAMS 0x00000000e2700000| PB 0x00000000e2700000| Untracked 
|  40|0x00000000e2800000, 0x00000000e2800000, 0x00000000e2900000|  0%| F|  |TAMS 0x00000000e2800000| PB 0x00000000e2800000| Untracked 
|  41|0x00000000e2900000, 0x00000000e2900000, 0x00000000e2a00000|  0%| F|  |TAMS 0x00000000e2900000| PB 0x00000000e2900000| Untracked 
|  42|0x00000000e2a00000, 0x00000000e2a00000, 0x00000000e2b00000|  0%| F|  |TAMS 0x00000000e2a00000| PB 0x00000000e2a00000| Untracked 
|  43|0x00000000e2b00000, 0x00000000e2b00000, 0x00000000e2c00000|  0%| F|  |TAMS 0x00000000e2b00000| PB 0x00000000e2b00000| Untracked 
|  44|0x00000000e2c00000, 0x00000000e2c00000, 0x00000000e2d00000|  0%| F|  |TAMS 0x00000000e2c00000| PB 0x00000000e2c00000| Untracked 
|  45|0x00000000e2d00000, 0x00000000e2d00000, 0x00000000e2e00000|  0%| F|  |TAMS 0x00000000e2d00000| PB 0x00000000e2d00000| Untracked 
|  46|0x00000000e2e00000, 0x00000000e2e00000, 0x00000000e2f00000|  0%| F|  |TAMS 0x00000000e2e00000| PB 0x00000000e2e00000| Untracked 
|  47|0x00000000e2f00000, 0x00000000e2f00000, 0x00000000e3000000|  0%| F|  |TAMS 0x00000000e2f00000| PB 0x00000000e2f00000| Untracked 
|  48|0x00000000e3000000, 0x00000000e3000000, 0x00000000e3100000|  0%| F|  |TAMS 0x00000000e3000000| PB 0x00000000e3000000| Untracked 
|  49|0x00000000e3100000, 0x00000000e3100000, 0x00000000e3200000|  0%| F|  |TAMS 0x00000000e3100000| PB 0x00000000e3100000| Untracked 
|  50|0x00000000e3200000, 0x00000000e3200000, 0x00000000e3300000|  0%| F|  |TAMS 0x00000000e3200000| PB 0x00000000e3200000| Untracked 
|  51|0x00000000e3300000, 0x00000000e3300000, 0x00000000e3400000|  0%| F|  |TAMS 0x00000000e3300000| PB 0x00000000e3300000| Untracked 
|  52|0x00000000e3400000, 0x00000000e3400000, 0x00000000e3500000|  0%| F|  |TAMS 0x00000000e3400000| PB 0x00000000e3400000| Untracked 
|  53|0x00000000e3500000, 0x00000000e3500000, 0x00000000e3600000|  0%| F|  |TAMS 0x00000000e3500000| PB 0x00000000e3500000| Untracked 
|  54|0x00000000e3600000, 0x00000000e3600000, 0x00000000e3700000|  0%| F|  |TAMS 0x00000000e3600000| PB 0x00000000e3600000| Untracked 
|  55|0x00000000e3700000, 0x00000000e3700000, 0x00000000e3800000|  0%| F|  |TAMS 0x00000000e3700000| PB 0x00000000e3700000| Untracked 
|  56|0x00000000e3800000, 0x00000000e3800000, 0x00000000e3900000|  0%| F|  |TAMS 0x00000000e3800000| PB 0x00000000e3800000| Untracked 
|  57|0x00000000e3900000, 0x00000000e3900000, 0x00000000e3a00000|  0%| F|  |TAMS 0x00000000e3900000| PB 0x00000000e3900000| Untracked 
|  58|0x00000000e3a00000, 0x00000000e3a00000, 0x00000000e3b00000|  0%| F|  |TAMS 0x00000000e3a00000| PB 0x00000000e3a00000| Untracked 
|  59|0x00000000e3b00000, 0x00000000e3b00000, 0x00000000e3c00000|  0%| F|  |TAMS 0x00000000e3b00000| PB 0x00000000e3b00000| Untracked 
|  60|0x00000000e3c00000, 0x00000000e3c00000, 0x00000000e3d00000|  0%| F|  |TAMS 0x00000000e3c00000| PB 0x00000000e3c00000| Untracked 
|  61|0x00000000e3d00000, 0x00000000e3d00000, 0x00000000e3e00000|  0%| F|  |TAMS 0x00000000e3d00000| PB 0x00000000e3d00000| Untracked 
|  62|0x00000000e3e00000, 0x00000000e3e00000, 0x00000000e3f00000|  0%| F|  |TAMS 0x00000000e3e00000| PB 0x00000000e3e00000| Untracked 
|  63|0x00000000e3f00000, 0x00000000e3f00000, 0x00000000e4000000|  0%| F|  |TAMS 0x00000000e3f00000| PB 0x00000000e3f00000| Untracked 
|  64|0x00000000e4000000, 0x00000000e4000000, 0x00000000e4100000|  0%| F|  |TAMS 0x00000000e4000000| PB 0x00000000e4000000| Untracked 
|  65|0x00000000e4100000, 0x00000000e4100000, 0x00000000e4200000|  0%| F|  |TAMS 0x00000000e4100000| PB 0x00000000e4100000| Untracked 
|  66|0x00000000e4200000, 0x00000000e4200000, 0x00000000e4300000|  0%| F|  |TAMS 0x00000000e4200000| PB 0x00000000e4200000| Untracked 
|  67|0x00000000e4300000, 0x00000000e4300000, 0x00000000e4400000|  0%| F|  |TAMS 0x00000000e4300000| PB 0x00000000e4300000| Untracked 
|  68|0x00000000e4400000, 0x00000000e4400000, 0x00000000e4500000|  0%| F|  |TAMS 0x00000000e4400000| PB 0x00000000e4400000| Untracked 
|  69|0x00000000e4500000, 0x00000000e4500000, 0x00000000e4600000|  0%| F|  |TAMS 0x00000000e4500000| PB 0x00000000e4500000| Untracked 
|  70|0x00000000e4600000, 0x00000000e4600000, 0x00000000e4700000|  0%| F|  |TAMS 0x00000000e4600000| PB 0x00000000e4600000| Untracked 
|  71|0x00000000e4700000, 0x00000000e4700000, 0x00000000e4800000|  0%| F|  |TAMS 0x00000000e4700000| PB 0x00000000e4700000| Untracked 
|  72|0x00000000e4800000, 0x00000000e4800000, 0x00000000e4900000|  0%| F|  |TAMS 0x00000000e4800000| PB 0x00000000e4800000| Untracked 
|  73|0x00000000e4900000, 0x00000000e4900000, 0x00000000e4a00000|  0%| F|  |TAMS 0x00000000e4900000| PB 0x00000000e4900000| Untracked 
|  74|0x00000000e4a00000, 0x00000000e4a00000, 0x00000000e4b00000|  0%| F|  |TAMS 0x00000000e4a00000| PB 0x00000000e4a00000| Untracked 
|  75|0x00000000e4b00000, 0x00000000e4b00000, 0x00000000e4c00000|  0%| F|  |TAMS 0x00000000e4b00000| PB 0x00000000e4b00000| Untracked 
|  76|0x00000000e4c00000, 0x00000000e4c00000, 0x00000000e4d00000|  0%| F|  |TAMS 0x00000000e4c00000| PB 0x00000000e4c00000| Untracked 
|  77|0x00000000e4d00000, 0x00000000e4d00000, 0x00000000e4e00000|  0%| F|  |TAMS 0x00000000e4d00000| PB 0x00000000e4d00000| Untracked 
|  78|0x00000000e4e00000, 0x00000000e4e00000, 0x00000000e4f00000|  0%| F|  |TAMS 0x00000000e4e00000| PB 0x00000000e4e00000| Untracked 
|  79|0x00000000e4f00000, 0x00000000e4f00000, 0x00000000e5000000|  0%| F|  |TAMS 0x00000000e4f00000| PB 0x00000000e4f00000| Untracked 
|  80|0x00000000e5000000, 0x00000000e5000000, 0x00000000e5100000|  0%| F|  |TAMS 0x00000000e5000000| PB 0x00000000e5000000| Untracked 
|  81|0x00000000e5100000, 0x00000000e5100000, 0x00000000e5200000|  0%| F|  |TAMS 0x00000000e5100000| PB 0x00000000e5100000| Untracked 
|  82|0x00000000e5200000, 0x00000000e5200000, 0x00000000e5300000|  0%| F|  |TAMS 0x00000000e5200000| PB 0x00000000e5200000| Untracked 
|  83|0x00000000e5300000, 0x00000000e5300000, 0x00000000e5400000|  0%| F|  |TAMS 0x00000000e5300000| PB 0x00000000e5300000| Untracked 
|  84|0x00000000e5400000, 0x00000000e5400000, 0x00000000e5500000|  0%| F|  |TAMS 0x00000000e5400000| PB 0x00000000e5400000| Untracked 
|  85|0x00000000e5500000, 0x00000000e5500000, 0x00000000e5600000|  0%| F|  |TAMS 0x00000000e5500000| PB 0x00000000e5500000| Untracked 
|  86|0x00000000e5600000, 0x00000000e5600000, 0x00000000e5700000|  0%| F|  |TAMS 0x00000000e5600000| PB 0x00000000e5600000| Untracked 
|  87|0x00000000e5700000, 0x00000000e5700000, 0x00000000e5800000|  0%| F|  |TAMS 0x00000000e5700000| PB 0x00000000e5700000| Untracked 
|  88|0x00000000e5800000, 0x00000000e5800000, 0x00000000e5900000|  0%| F|  |TAMS 0x00000000e5800000| PB 0x00000000e5800000| Untracked 
|  89|0x00000000e5900000, 0x00000000e5900000, 0x00000000e5a00000|  0%| F|  |TAMS 0x00000000e5900000| PB 0x00000000e5900000| Untracked 
|  90|0x00000000e5a00000, 0x00000000e5a00000, 0x00000000e5b00000|  0%| F|  |TAMS 0x00000000e5a00000| PB 0x00000000e5a00000| Untracked 
|  91|0x00000000e5b00000, 0x00000000e5b00000, 0x00000000e5c00000|  0%| F|  |TAMS 0x00000000e5b00000| PB 0x00000000e5b00000| Untracked 
|  92|0x00000000e5c00000, 0x00000000e5c00000, 0x00000000e5d00000|  0%| F|  |TAMS 0x00000000e5c00000| PB 0x00000000e5c00000| Untracked 
|  93|0x00000000e5d00000, 0x00000000e5d00000, 0x00000000e5e00000|  0%| F|  |TAMS 0x00000000e5d00000| PB 0x00000000e5d00000| Untracked 
|  94|0x00000000e5e00000, 0x00000000e5e00000, 0x00000000e5f00000|  0%| F|  |TAMS 0x00000000e5e00000| PB 0x00000000e5e00000| Untracked 
|  95|0x00000000e5f00000, 0x00000000e5f00000, 0x00000000e6000000|  0%| F|  |TAMS 0x00000000e5f00000| PB 0x00000000e5f00000| Untracked 
|  96|0x00000000e6000000, 0x00000000e6000000, 0x00000000e6100000|  0%| F|  |TAMS 0x00000000e6000000| PB 0x00000000e6000000| Untracked 
|  97|0x00000000e6100000, 0x00000000e6100000, 0x00000000e6200000|  0%| F|  |TAMS 0x00000000e6100000| PB 0x00000000e6100000| Untracked 
|  98|0x00000000e6200000, 0x00000000e6200000, 0x00000000e6300000|  0%| F|  |TAMS 0x00000000e6200000| PB 0x00000000e6200000| Untracked 
|  99|0x00000000e6300000, 0x00000000e6300000, 0x00000000e6400000|  0%| F|  |TAMS 0x00000000e6300000| PB 0x00000000e6300000| Untracked 
| 100|0x00000000e6400000, 0x00000000e6400000, 0x00000000e6500000|  0%| F|  |TAMS 0x00000000e6400000| PB 0x00000000e6400000| Untracked 
| 101|0x00000000e6500000, 0x00000000e6500000, 0x00000000e6600000|  0%| F|  |TAMS 0x00000000e6500000| PB 0x00000000e6500000| Untracked 
| 102|0x00000000e6600000, 0x00000000e6600000, 0x00000000e6700000|  0%| F|  |TAMS 0x00000000e6600000| PB 0x00000000e6600000| Untracked 
| 103|0x00000000e6700000, 0x00000000e6700000, 0x00000000e6800000|  0%| F|  |TAMS 0x00000000e6700000| PB 0x00000000e6700000| Untracked 
| 104|0x00000000e6800000, 0x00000000e6800000, 0x00000000e6900000|  0%| F|  |TAMS 0x00000000e6800000| PB 0x00000000e6800000| Untracked 
| 105|0x00000000e6900000, 0x00000000e6900000, 0x00000000e6a00000|  0%| F|  |TAMS 0x00000000e6900000| PB 0x00000000e6900000| Untracked 
| 106|0x00000000e6a00000, 0x00000000e6a00000, 0x00000000e6b00000|  0%| F|  |TAMS 0x00000000e6a00000| PB 0x00000000e6a00000| Untracked 
| 107|0x00000000e6b00000, 0x00000000e6b00000, 0x00000000e6c00000|  0%| F|  |TAMS 0x00000000e6b00000| PB 0x00000000e6b00000| Untracked 
| 108|0x00000000e6c00000, 0x00000000e6c00000, 0x00000000e6d00000|  0%| F|  |TAMS 0x00000000e6c00000| PB 0x00000000e6c00000| Untracked 
| 109|0x00000000e6d00000, 0x00000000e6d00000, 0x00000000e6e00000|  0%| F|  |TAMS 0x00000000e6d00000| PB 0x00000000e6d00000| Untracked 
| 110|0x00000000e6e00000, 0x00000000e6e00000, 0x00000000e6f00000|  0%| F|  |TAMS 0x00000000e6e00000| PB 0x00000000e6e00000| Untracked 
| 111|0x00000000e6f00000, 0x00000000e6f00000, 0x00000000e7000000|  0%| F|  |TAMS 0x00000000e6f00000| PB 0x00000000e6f00000| Untracked 
| 112|0x00000000e7000000, 0x00000000e7000000, 0x00000000e7100000|  0%| F|  |TAMS 0x00000000e7000000| PB 0x00000000e7000000| Untracked 
| 113|0x00000000e7100000, 0x00000000e7100000, 0x00000000e7200000|  0%| F|  |TAMS 0x00000000e7100000| PB 0x00000000e7100000| Untracked 
| 114|0x00000000e7200000, 0x00000000e7200000, 0x00000000e7300000|  0%| F|  |TAMS 0x00000000e7200000| PB 0x00000000e7200000| Untracked 
| 115|0x00000000e7300000, 0x00000000e7300000, 0x00000000e7400000|  0%| F|  |TAMS 0x00000000e7300000| PB 0x00000000e7300000| Untracked 
| 116|0x00000000e7400000, 0x00000000e7400000, 0x00000000e7500000|  0%| F|  |TAMS 0x00000000e7400000| PB 0x00000000e7400000| Untracked 
| 117|0x00000000e7500000, 0x00000000e7500000, 0x00000000e7600000|  0%| F|  |TAMS 0x00000000e7500000| PB 0x00000000e7500000| Untracked 
| 118|0x00000000e7600000, 0x00000000e7600000, 0x00000000e7700000|  0%| F|  |TAMS 0x00000000e7600000| PB 0x00000000e7600000| Untracked 
| 119|0x00000000e7700000, 0x00000000e7700000, 0x00000000e7800000|  0%| F|  |TAMS 0x00000000e7700000| PB 0x00000000e7700000| Untracked 
| 120|0x00000000e7800000, 0x00000000e7800000, 0x00000000e7900000|  0%| F|  |TAMS 0x00000000e7800000| PB 0x00000000e7800000| Untracked 
| 121|0x00000000e7900000, 0x00000000e7900000, 0x00000000e7a00000|  0%| F|  |TAMS 0x00000000e7900000| PB 0x00000000e7900000| Untracked 
| 122|0x00000000e7a00000, 0x00000000e7a00000, 0x00000000e7b00000|  0%| F|  |TAMS 0x00000000e7a00000| PB 0x00000000e7a00000| Untracked 
| 123|0x00000000e7b00000, 0x00000000e7b00000, 0x00000000e7c00000|  0%| F|  |TAMS 0x00000000e7b00000| PB 0x00000000e7b00000| Untracked 
| 124|0x00000000e7c00000, 0x00000000e7c00000, 0x00000000e7d00000|  0%| F|  |TAMS 0x00000000e7c00000| PB 0x00000000e7c00000| Untracked 
| 125|0x00000000e7d00000, 0x00000000e7d00000, 0x00000000e7e00000|  0%| F|  |TAMS 0x00000000e7d00000| PB 0x00000000e7d00000| Untracked 
| 126|0x00000000e7e00000, 0x00000000e7e00000, 0x00000000e7f00000|  0%| F|  |TAMS 0x00000000e7e00000| PB 0x00000000e7e00000| Untracked 
| 127|0x00000000e7f00000, 0x00000000e7f00000, 0x00000000e8000000|  0%| F|  |TAMS 0x00000000e7f00000| PB 0x00000000e7f00000| Untracked 
| 128|0x00000000e8000000, 0x00000000e8000000, 0x00000000e8100000|  0%| F|  |TAMS 0x00000000e8000000| PB 0x00000000e8000000| Untracked 
| 129|0x00000000e8100000, 0x00000000e8100000, 0x00000000e8200000|  0%| F|  |TAMS 0x00000000e8100000| PB 0x00000000e8100000| Untracked 
| 130|0x00000000e8200000, 0x00000000e8200000, 0x00000000e8300000|  0%| F|  |TAMS 0x00000000e8200000| PB 0x00000000e8200000| Untracked 
| 131|0x00000000e8300000, 0x00000000e8300000, 0x00000000e8400000|  0%| F|  |TAMS 0x00000000e8300000| PB 0x00000000e8300000| Untracked 
| 132|0x00000000e8400000, 0x00000000e8400000, 0x00000000e8500000|  0%| F|  |TAMS 0x00000000e8400000| PB 0x00000000e8400000| Untracked 
| 133|0x00000000e8500000, 0x00000000e8500000, 0x00000000e8600000|  0%| F|  |TAMS 0x00000000e8500000| PB 0x00000000e8500000| Untracked 
| 134|0x00000000e8600000, 0x00000000e8600000, 0x00000000e8700000|  0%| F|  |TAMS 0x00000000e8600000| PB 0x00000000e8600000| Untracked 
| 135|0x00000000e8700000, 0x00000000e8700000, 0x00000000e8800000|  0%| F|  |TAMS 0x00000000e8700000| PB 0x00000000e8700000| Untracked 
| 136|0x00000000e8800000, 0x00000000e8800000, 0x00000000e8900000|  0%| F|  |TAMS 0x00000000e8800000| PB 0x00000000e8800000| Untracked 
| 137|0x00000000e8900000, 0x00000000e8900000, 0x00000000e8a00000|  0%| F|  |TAMS 0x00000000e8900000| PB 0x00000000e8900000| Untracked 
| 138|0x00000000e8a00000, 0x00000000e8a00000, 0x00000000e8b00000|  0%| F|  |TAMS 0x00000000e8a00000| PB 0x00000000e8a00000| Untracked 
| 139|0x00000000e8b00000, 0x00000000e8b00000, 0x00000000e8c00000|  0%| F|  |TAMS 0x00000000e8b00000| PB 0x00000000e8b00000| Untracked 
| 140|0x00000000e8c00000, 0x00000000e8c00000, 0x00000000e8d00000|  0%| F|  |TAMS 0x00000000e8c00000| PB 0x00000000e8c00000| Untracked 
| 141|0x00000000e8d00000, 0x00000000e8d00000, 0x00000000e8e00000|  0%| F|  |TAMS 0x00000000e8d00000| PB 0x00000000e8d00000| Untracked 
| 142|0x00000000e8e00000, 0x00000000e8e00000, 0x00000000e8f00000|  0%| F|  |TAMS 0x00000000e8e00000| PB 0x00000000e8e00000| Untracked 
| 143|0x00000000e8f00000, 0x00000000e8f00000, 0x00000000e9000000|  0%| F|  |TAMS 0x00000000e8f00000| PB 0x00000000e8f00000| Untracked 
| 144|0x00000000e9000000, 0x00000000e9000000, 0x00000000e9100000|  0%| F|  |TAMS 0x00000000e9000000| PB 0x00000000e9000000| Untracked 
| 145|0x00000000e9100000, 0x00000000e9100000, 0x00000000e9200000|  0%| F|  |TAMS 0x00000000e9100000| PB 0x00000000e9100000| Untracked 
| 146|0x00000000e9200000, 0x00000000e9200000, 0x00000000e9300000|  0%| F|  |TAMS 0x00000000e9200000| PB 0x00000000e9200000| Untracked 
| 147|0x00000000e9300000, 0x00000000e9300000, 0x00000000e9400000|  0%| F|  |TAMS 0x00000000e9300000| PB 0x00000000e9300000| Untracked 
| 148|0x00000000e9400000, 0x00000000e9400000, 0x00000000e9500000|  0%| F|  |TAMS 0x00000000e9400000| PB 0x00000000e9400000| Untracked 
| 149|0x00000000e9500000, 0x00000000e9500000, 0x00000000e9600000|  0%| F|  |TAMS 0x00000000e9500000| PB 0x00000000e9500000| Untracked 
| 150|0x00000000e9600000, 0x00000000e9600000, 0x00000000e9700000|  0%| F|  |TAMS 0x00000000e9600000| PB 0x00000000e9600000| Untracked 
| 151|0x00000000e9700000, 0x00000000e9700000, 0x00000000e9800000|  0%| F|  |TAMS 0x00000000e9700000| PB 0x00000000e9700000| Untracked 
| 152|0x00000000e9800000, 0x00000000e9800000, 0x00000000e9900000|  0%| F|  |TAMS 0x00000000e9800000| PB 0x00000000e9800000| Untracked 
| 153|0x00000000e9900000, 0x00000000e9900000, 0x00000000e9a00000|  0%| F|  |TAMS 0x00000000e9900000| PB 0x00000000e9900000| Untracked 
| 154|0x00000000e9a00000, 0x00000000e9a00000, 0x00000000e9b00000|  0%| F|  |TAMS 0x00000000e9a00000| PB 0x00000000e9a00000| Untracked 
| 155|0x00000000e9b00000, 0x00000000e9b00000, 0x00000000e9c00000|  0%| F|  |TAMS 0x00000000e9b00000| PB 0x00000000e9b00000| Untracked 
| 156|0x00000000e9c00000, 0x00000000e9c00000, 0x00000000e9d00000|  0%| F|  |TAMS 0x00000000e9c00000| PB 0x00000000e9c00000| Untracked 
| 157|0x00000000e9d00000, 0x00000000e9d00000, 0x00000000e9e00000|  0%| F|  |TAMS 0x00000000e9d00000| PB 0x00000000e9d00000| Untracked 
| 158|0x00000000e9e00000, 0x00000000e9e00000, 0x00000000e9f00000|  0%| F|  |TAMS 0x00000000e9e00000| PB 0x00000000e9e00000| Untracked 
| 159|0x00000000e9f00000, 0x00000000e9f00000, 0x00000000ea000000|  0%| F|  |TAMS 0x00000000e9f00000| PB 0x00000000e9f00000| Untracked 
| 160|0x00000000ea000000, 0x00000000ea000000, 0x00000000ea100000|  0%| F|  |TAMS 0x00000000ea000000| PB 0x00000000ea000000| Untracked 
| 161|0x00000000ea100000, 0x00000000ea100000, 0x00000000ea200000|  0%| F|  |TAMS 0x00000000ea100000| PB 0x00000000ea100000| Untracked 
| 162|0x00000000ea200000, 0x00000000ea200000, 0x00000000ea300000|  0%| F|  |TAMS 0x00000000ea200000| PB 0x00000000ea200000| Untracked 
| 163|0x00000000ea300000, 0x00000000ea300000, 0x00000000ea400000|  0%| F|  |TAMS 0x00000000ea300000| PB 0x00000000ea300000| Untracked 
| 164|0x00000000ea400000, 0x00000000ea400000, 0x00000000ea500000|  0%| F|  |TAMS 0x00000000ea400000| PB 0x00000000ea400000| Untracked 
| 165|0x00000000ea500000, 0x00000000ea500000, 0x00000000ea600000|  0%| F|  |TAMS 0x00000000ea500000| PB 0x00000000ea500000| Untracked 
| 166|0x00000000ea600000, 0x00000000ea600000, 0x00000000ea700000|  0%| F|  |TAMS 0x00000000ea600000| PB 0x00000000ea600000| Untracked 
| 167|0x00000000ea700000, 0x00000000ea700000, 0x00000000ea800000|  0%| F|  |TAMS 0x00000000ea700000| PB 0x00000000ea700000| Untracked 
| 168|0x00000000ea800000, 0x00000000ea800000, 0x00000000ea900000|  0%| F|  |TAMS 0x00000000ea800000| PB 0x00000000ea800000| Untracked 
| 169|0x00000000ea900000, 0x00000000ea900000, 0x00000000eaa00000|  0%| F|  |TAMS 0x00000000ea900000| PB 0x00000000ea900000| Untracked 
| 170|0x00000000eaa00000, 0x00000000eaa00000, 0x00000000eab00000|  0%| F|  |TAMS 0x00000000eaa00000| PB 0x00000000eaa00000| Untracked 
| 171|0x00000000eab00000, 0x00000000eab00000, 0x00000000eac00000|  0%| F|  |TAMS 0x00000000eab00000| PB 0x00000000eab00000| Untracked 
| 172|0x00000000eac00000, 0x00000000eac00000, 0x00000000ead00000|  0%| F|  |TAMS 0x00000000eac00000| PB 0x00000000eac00000| Untracked 
| 173|0x00000000ead00000, 0x00000000ead00000, 0x00000000eae00000|  0%| F|  |TAMS 0x00000000ead00000| PB 0x00000000ead00000| Untracked 
| 174|0x00000000eae00000, 0x00000000eae00000, 0x00000000eaf00000|  0%| F|  |TAMS 0x00000000eae00000| PB 0x00000000eae00000| Untracked 
| 175|0x00000000eaf00000, 0x00000000eaf00000, 0x00000000eb000000|  0%| F|  |TAMS 0x00000000eaf00000| PB 0x00000000eaf00000| Untracked 
| 176|0x00000000eb000000, 0x00000000eb000000, 0x00000000eb100000|  0%| F|  |TAMS 0x00000000eb000000| PB 0x00000000eb000000| Untracked 
| 177|0x00000000eb100000, 0x00000000eb100000, 0x00000000eb200000|  0%| F|  |TAMS 0x00000000eb100000| PB 0x00000000eb100000| Untracked 
| 178|0x00000000eb200000, 0x00000000eb200000, 0x00000000eb300000|  0%| F|  |TAMS 0x00000000eb200000| PB 0x00000000eb200000| Untracked 
| 179|0x00000000eb300000, 0x00000000eb400000, 0x00000000eb400000|100%| E|  |TAMS 0x00000000eb300000| PB 0x00000000eb300000| Complete 
| 180|0x00000000eb400000, 0x00000000eb500000, 0x00000000eb500000|100%| E|CS|TAMS 0x00000000eb400000| PB 0x00000000eb400000| Complete 
| 181|0x00000000eb500000, 0x00000000eb600000, 0x00000000eb600000|100%| E|CS|TAMS 0x00000000eb500000| PB 0x00000000eb500000| Complete 
| 182|0x00000000eb600000, 0x00000000eb700000, 0x00000000eb700000|100%| E|CS|TAMS 0x00000000eb600000| PB 0x00000000eb600000| Complete 
| 183|0x00000000eb700000, 0x00000000eb800000, 0x00000000eb800000|100%| E|CS|TAMS 0x00000000eb700000| PB 0x00000000eb700000| Complete 
| 184|0x00000000eb800000, 0x00000000eb900000, 0x00000000eb900000|100%| E|CS|TAMS 0x00000000eb800000| PB 0x00000000eb800000| Complete 
| 185|0x00000000eb900000, 0x00000000eba00000, 0x00000000eba00000|100%| E|CS|TAMS 0x00000000eb900000| PB 0x00000000eb900000| Complete 
| 186|0x00000000eba00000, 0x00000000ebb00000, 0x00000000ebb00000|100%| E|CS|TAMS 0x00000000eba00000| PB 0x00000000eba00000| Complete 
| 187|0x00000000ebb00000, 0x00000000ebc00000, 0x00000000ebc00000|100%| E|CS|TAMS 0x00000000ebb00000| PB 0x00000000ebb00000| Complete 
| 188|0x00000000ebc00000, 0x00000000ebd00000, 0x00000000ebd00000|100%| E|CS|TAMS 0x00000000ebc00000| PB 0x00000000ebc00000| Complete 
| 189|0x00000000ebd00000, 0x00000000ebe00000, 0x00000000ebe00000|100%| E|CS|TAMS 0x00000000ebd00000| PB 0x00000000ebd00000| Complete 
| 190|0x00000000ebe00000, 0x00000000ebf00000, 0x00000000ebf00000|100%| E|CS|TAMS 0x00000000ebe00000| PB 0x00000000ebe00000| Complete 
| 191|0x00000000ebf00000, 0x00000000ec000000, 0x00000000ec000000|100%| E|CS|TAMS 0x00000000ebf00000| PB 0x00000000ebf00000| Complete 
| 192|0x00000000ec000000, 0x00000000ec100000, 0x00000000ec100000|100%| E|CS|TAMS 0x00000000ec000000| PB 0x00000000ec000000| Complete 
| 193|0x00000000ec100000, 0x00000000ec200000, 0x00000000ec200000|100%| E|CS|TAMS 0x00000000ec100000| PB 0x00000000ec100000| Complete 
| 194|0x00000000ec200000, 0x00000000ec300000, 0x00000000ec300000|100%| E|CS|TAMS 0x00000000ec200000| PB 0x00000000ec200000| Complete 
| 195|0x00000000ec300000, 0x00000000ec400000, 0x00000000ec400000|100%| E|CS|TAMS 0x00000000ec300000| PB 0x00000000ec300000| Complete 
| 196|0x00000000ec400000, 0x00000000ec500000, 0x00000000ec500000|100%| E|CS|TAMS 0x00000000ec400000| PB 0x00000000ec400000| Complete 
| 197|0x00000000ec500000, 0x00000000ec600000, 0x00000000ec600000|100%| E|CS|TAMS 0x00000000ec500000| PB 0x00000000ec500000| Complete 
| 198|0x00000000ec600000, 0x00000000ec700000, 0x00000000ec700000|100%| E|CS|TAMS 0x00000000ec600000| PB 0x00000000ec600000| Complete 
| 199|0x00000000ec700000, 0x00000000ec800000, 0x00000000ec800000|100%| E|CS|TAMS 0x00000000ec700000| PB 0x00000000ec700000| Complete 
| 200|0x00000000ec800000, 0x00000000ec900000, 0x00000000ec900000|100%| E|CS|TAMS 0x00000000ec800000| PB 0x00000000ec800000| Complete 
| 201|0x00000000ec900000, 0x00000000eca00000, 0x00000000eca00000|100%| E|CS|TAMS 0x00000000ec900000| PB 0x00000000ec900000| Complete 
| 202|0x00000000eca00000, 0x00000000ecb00000, 0x00000000ecb00000|100%| E|CS|TAMS 0x00000000eca00000| PB 0x00000000eca00000| Complete 
| 203|0x00000000ecb00000, 0x00000000ecc00000, 0x00000000ecc00000|100%| E|CS|TAMS 0x00000000ecb00000| PB 0x00000000ecb00000| Complete 
| 204|0x00000000ecc00000, 0x00000000ecd00000, 0x00000000ecd00000|100%| E|CS|TAMS 0x00000000ecc00000| PB 0x00000000ecc00000| Complete 
| 205|0x00000000ecd00000, 0x00000000ece00000, 0x00000000ece00000|100%| E|CS|TAMS 0x00000000ecd00000| PB 0x00000000ecd00000| Complete 
| 206|0x00000000ece00000, 0x00000000ecf00000, 0x00000000ecf00000|100%| E|CS|TAMS 0x00000000ece00000| PB 0x00000000ece00000| Complete 
| 207|0x00000000ecf00000, 0x00000000ed000000, 0x00000000ed000000|100%| E|CS|TAMS 0x00000000ecf00000| PB 0x00000000ecf00000| Complete 
| 208|0x00000000ed000000, 0x00000000ed100000, 0x00000000ed100000|100%| E|CS|TAMS 0x00000000ed000000| PB 0x00000000ed000000| Complete 
| 209|0x00000000ed100000, 0x00000000ed200000, 0x00000000ed200000|100%| E|CS|TAMS 0x00000000ed100000| PB 0x00000000ed100000| Complete 
| 210|0x00000000ed200000, 0x00000000ed300000, 0x00000000ed300000|100%| E|CS|TAMS 0x00000000ed200000| PB 0x00000000ed200000| Complete 
| 211|0x00000000ed300000, 0x00000000ed400000, 0x00000000ed400000|100%| E|CS|TAMS 0x00000000ed300000| PB 0x00000000ed300000| Complete 
| 212|0x00000000ed400000, 0x00000000ed500000, 0x00000000ed500000|100%| E|CS|TAMS 0x00000000ed400000| PB 0x00000000ed400000| Complete 
| 213|0x00000000ed500000, 0x00000000ed600000, 0x00000000ed600000|100%| E|CS|TAMS 0x00000000ed500000| PB 0x00000000ed500000| Complete 
| 214|0x00000000ed600000, 0x00000000ed700000, 0x00000000ed700000|100%| E|CS|TAMS 0x00000000ed600000| PB 0x00000000ed600000| Complete 
| 215|0x00000000ed700000, 0x00000000ed800000, 0x00000000ed800000|100%| E|CS|TAMS 0x00000000ed700000| PB 0x00000000ed700000| Complete 
| 216|0x00000000ed800000, 0x00000000ed900000, 0x00000000ed900000|100%| E|CS|TAMS 0x00000000ed800000| PB 0x00000000ed800000| Complete 
| 217|0x00000000ed900000, 0x00000000eda00000, 0x00000000eda00000|100%| E|CS|TAMS 0x00000000ed900000| PB 0x00000000ed900000| Complete 
| 218|0x00000000eda00000, 0x00000000edb00000, 0x00000000edb00000|100%| E|CS|TAMS 0x00000000eda00000| PB 0x00000000eda00000| Complete 
| 219|0x00000000edb00000, 0x00000000edc00000, 0x00000000edc00000|100%| E|CS|TAMS 0x00000000edb00000| PB 0x00000000edb00000| Complete 
| 220|0x00000000edc00000, 0x00000000edd00000, 0x00000000edd00000|100%| E|CS|TAMS 0x00000000edc00000| PB 0x00000000edc00000| Complete 
| 221|0x00000000edd00000, 0x00000000ede00000, 0x00000000ede00000|100%| E|CS|TAMS 0x00000000edd00000| PB 0x00000000edd00000| Complete 
| 222|0x00000000ede00000, 0x00000000edf00000, 0x00000000edf00000|100%| E|CS|TAMS 0x00000000ede00000| PB 0x00000000ede00000| Complete 
| 223|0x00000000edf00000, 0x00000000ee000000, 0x00000000ee000000|100%| E|CS|TAMS 0x00000000edf00000| PB 0x00000000edf00000| Complete 
| 224|0x00000000ee000000, 0x00000000ee100000, 0x00000000ee100000|100%| E|CS|TAMS 0x00000000ee000000| PB 0x00000000ee000000| Complete 
| 225|0x00000000ee100000, 0x00000000ee200000, 0x00000000ee200000|100%| E|CS|TAMS 0x00000000ee100000| PB 0x00000000ee100000| Complete 
| 226|0x00000000ee200000, 0x00000000ee300000, 0x00000000ee300000|100%| E|CS|TAMS 0x00000000ee200000| PB 0x00000000ee200000| Complete 
| 227|0x00000000ee300000, 0x00000000ee400000, 0x00000000ee400000|100%| E|CS|TAMS 0x00000000ee300000| PB 0x00000000ee300000| Complete 
| 228|0x00000000ee400000, 0x00000000ee500000, 0x00000000ee500000|100%| E|CS|TAMS 0x00000000ee400000| PB 0x00000000ee400000| Complete 
| 229|0x00000000ee500000, 0x00000000ee600000, 0x00000000ee600000|100%| E|CS|TAMS 0x00000000ee500000| PB 0x00000000ee500000| Complete 
| 230|0x00000000ee600000, 0x00000000ee700000, 0x00000000ee700000|100%| E|CS|TAMS 0x00000000ee600000| PB 0x00000000ee600000| Complete 
| 231|0x00000000ee700000, 0x00000000ee800000, 0x00000000ee800000|100%| E|CS|TAMS 0x00000000ee700000| PB 0x00000000ee700000| Complete 
| 232|0x00000000ee800000, 0x00000000ee900000, 0x00000000ee900000|100%| E|CS|TAMS 0x00000000ee800000| PB 0x00000000ee800000| Complete 
| 233|0x00000000ee900000, 0x00000000eea00000, 0x00000000eea00000|100%| E|CS|TAMS 0x00000000ee900000| PB 0x00000000ee900000| Complete 
| 234|0x00000000eea00000, 0x00000000eeb00000, 0x00000000eeb00000|100%| E|CS|TAMS 0x00000000eea00000| PB 0x00000000eea00000| Complete 
| 235|0x00000000eeb00000, 0x00000000eec00000, 0x00000000eec00000|100%| E|CS|TAMS 0x00000000eeb00000| PB 0x00000000eeb00000| Complete 
| 236|0x00000000eec00000, 0x00000000eed00000, 0x00000000eed00000|100%| E|CS|TAMS 0x00000000eec00000| PB 0x00000000eec00000| Complete 
| 237|0x00000000eed00000, 0x00000000eedfecd0, 0x00000000eee00000| 99%| S|CS|TAMS 0x00000000eed00000| PB 0x00000000eed00000| Complete 
| 238|0x00000000eee00000, 0x00000000eef00000, 0x00000000eef00000|100%| S|CS|TAMS 0x00000000eee00000| PB 0x00000000eee00000| Complete 
| 239|0x00000000eef00000, 0x00000000ef000000, 0x00000000ef000000|100%| S|CS|TAMS 0x00000000eef00000| PB 0x00000000eef00000| Complete 
| 240|0x00000000ef000000, 0x00000000ef100000, 0x00000000ef100000|100%| S|CS|TAMS 0x00000000ef000000| PB 0x00000000ef000000| Complete 
| 241|0x00000000ef100000, 0x00000000ef200000, 0x00000000ef200000|100%| S|CS|TAMS 0x00000000ef100000| PB 0x00000000ef100000| Complete 
| 242|0x00000000ef200000, 0x00000000ef300000, 0x00000000ef300000|100%| S|CS|TAMS 0x00000000ef200000| PB 0x00000000ef200000| Complete 
| 243|0x00000000ef300000, 0x00000000ef400000, 0x00000000ef400000|100%| S|CS|TAMS 0x00000000ef300000| PB 0x00000000ef300000| Complete 
| 244|0x00000000ef400000, 0x00000000ef500000, 0x00000000ef500000|100%| S|CS|TAMS 0x00000000ef400000| PB 0x00000000ef400000| Complete 
| 245|0x00000000ef500000, 0x00000000ef600000, 0x00000000ef600000|100%| E|CS|TAMS 0x00000000ef500000| PB 0x00000000ef500000| Complete 
| 246|0x00000000ef600000, 0x00000000ef700000, 0x00000000ef700000|100%| E|CS|TAMS 0x00000000ef600000| PB 0x00000000ef600000| Complete 
| 247|0x00000000ef700000, 0x00000000ef800000, 0x00000000ef800000|100%| E|CS|TAMS 0x00000000ef700000| PB 0x00000000ef700000| Complete 
| 248|0x00000000ef800000, 0x00000000ef900000, 0x00000000ef900000|100%| E|CS|TAMS 0x00000000ef800000| PB 0x00000000ef800000| Complete 
| 249|0x00000000ef900000, 0x00000000efa00000, 0x00000000efa00000|100%| E|CS|TAMS 0x00000000ef900000| PB 0x00000000ef900000| Complete 
| 250|0x00000000efa00000, 0x00000000efb00000, 0x00000000efb00000|100%| E|CS|TAMS 0x00000000efa00000| PB 0x00000000efa00000| Complete 
| 251|0x00000000efb00000, 0x00000000efc00000, 0x00000000efc00000|100%| E|CS|TAMS 0x00000000efb00000| PB 0x00000000efb00000| Complete 
| 252|0x00000000efc00000, 0x00000000efd00000, 0x00000000efd00000|100%| E|CS|TAMS 0x00000000efc00000| PB 0x00000000efc00000| Complete 
| 253|0x00000000efd00000, 0x00000000efe00000, 0x00000000efe00000|100%| E|CS|TAMS 0x00000000efd00000| PB 0x00000000efd00000| Complete 
| 254|0x00000000efe00000, 0x00000000eff00000, 0x00000000eff00000|100%| E|CS|TAMS 0x00000000efe00000| PB 0x00000000efe00000| Complete 
| 255|0x00000000eff00000, 0x00000000f0000000, 0x00000000f0000000|100%| E|CS|TAMS 0x00000000eff00000| PB 0x00000000eff00000| Complete 

Card table byte_map: [0x000002405d900000,0x000002405da00000] _byte_map_base: 0x000002405d200000

Marking Bits: (CMBitMap*) 0x000002404b72b730
 Bits: [0x000002405da00000, 0x000002405e200000)

Polling page: 0x00000240493e0000

Metaspace:

Usage:
  Non-class:     34.86 MB used.
      Class:      6.14 MB used.
       Both:     41.00 MB used.

Virtual space:
  Non-class space:       64.00 MB reserved,      35.75 MB ( 56%) committed,  1 nodes.
      Class space:      320.00 MB reserved,       6.94 MB (  2%) committed,  1 nodes.
             Both:      384.00 MB reserved,      42.69 MB ( 11%) committed. 

Chunk freelists:
   Non-Class:  12.22 MB
       Class:  9.00 MB
        Both:  21.21 MB

MaxMetaspaceSize: 384.00 MB
CompressedClassSpaceSize: 320.00 MB
Initial GC threshold: 21.00 MB
Current GC threshold: 59.19 MB
CDS: on
 - commit_granule_bytes: 65536.
 - commit_granule_words: 8192.
 - virtual_space_node_default_size: 8388608.
 - enlarge_chunks_in_place: 1.
 - use_allocation_guard: 0.


Internal statistics:

num_allocs_failed_limit: 9.
num_arena_births: 3084.
num_arena_deaths: 0.
num_vsnodes_births: 2.
num_vsnodes_deaths: 0.
num_space_committed: 683.
num_space_uncommitted: 0.
num_chunks_returned_to_freelist: 9.
num_chunks_taken_from_freelist: 5138.
num_chunk_merges: 6.
num_chunk_splits: 3340.
num_chunks_enlarged: 2035.
num_inconsistent_stats: 0.

CodeHeap 'non-profiled nmethods': size=120000Kb used=2846Kb max_used=2846Kb free=117153Kb
 bounds [0x00000240563d0000, 0x00000240566a0000, 0x000002405d900000]
CodeHeap 'profiled nmethods': size=120000Kb used=9230Kb max_used=9230Kb free=110770Kb
 bounds [0x000002404e900000, 0x000002404f210000, 0x0000024055e30000]
CodeHeap 'non-nmethods': size=5760Kb used=1848Kb max_used=1880Kb free=3911Kb
 bounds [0x0000024055e30000, 0x00000240560a0000, 0x00000240563d0000]
CodeCache: size=245760Kb, used=13924Kb, max_used=13956Kb, free=231834Kb
 total_blobs=5591, nmethods=4869, adapters=626, full_count=0
Compilation: enabled, stopped_count=0, restarted_count=0

Compilation events (20 events):
Event: 464.515 Thread 0x000002406083db70 nmethod 5371 0x0000024056692090 code [0x00000240566922c0, 0x0000024056692ae8]
Event: 464.585 Thread 0x000002406084e710 5372       3       org.gradle.internal.instantiation.generator.AsmBackedClassGenerator$ClassBuilderImpl$$Lambda/0x00000240621f7228::emit (37 bytes)
Event: 464.585 Thread 0x000002406084e710 nmethod 5372 0x000002404f1fbd90 code [0x000002404f1fbf40, 0x000002404f1fc0c0]
Event: 464.585 Thread 0x000002406084e710 5373       3       org.gradle.internal.instantiation.generator.AsmBackedClassGenerator$ClassBuilderImpl::lambda$applyConventionMappingToGetter$34 (23 bytes)
Event: 464.585 Thread 0x000002406084e710 nmethod 5373 0x000002404f1fc190 code [0x000002404f1fc340, 0x000002404f1fc548]
Event: 464.585 Thread 0x000002406084e710 5374       3       org.gradle.internal.instantiation.generator.AsmBackedClassGenerator$ClassBuilderImpl$35::<init> (403 bytes)
Event: 464.586 Thread 0x000002406083db70 5375       4       org.objectweb.asm.Frame::execute (2303 bytes)
Event: 464.590 Thread 0x000002406084e710 nmethod 5374 0x000002404f1fc690 code [0x000002404f1fcde0, 0x000002404f2018f0]
Event: 464.621 Thread 0x000002406083db70 nmethod 5375 0x0000024056693210 code [0x0000024056693660, 0x0000024056694a78]
Event: 464.621 Thread 0x000002406083db70 5377       4       org.objectweb.asm.Label::resolve (259 bytes)
Event: 464.626 Thread 0x000002406083db70 nmethod 5377 0x0000024056695b10 code [0x0000024056695ca0, 0x0000024056695fa8]
Event: 464.626 Thread 0x000002406083db70 5376       4       org.objectweb.asm.ByteVector::put122 (93 bytes)
Event: 464.629 Thread 0x000002406083db70 nmethod 5376 0x0000024056696190 code [0x0000024056696340, 0x0000024056696560]
Event: 464.637 Thread 0x000002406084e710 5378       3       com.google.common.collect.AbstractMapBasedMultimap$WrappedCollection$WrappedIterator::hasNext (14 bytes)
Event: 464.637 Thread 0x000002406084e710 nmethod 5378 0x000002404f203010 code [0x000002404f203200, 0x000002404f203630]
Event: 464.714 Thread 0x000002406083db70 5380       4       java.lang.invoke.MemberName::flagsMods (45 bytes)
Event: 464.715 Thread 0x000002406083db70 nmethod 5380 0x0000024056696a10 code [0x0000024056696b80, 0x0000024056696bf8]
Event: 464.764 Thread 0x000002406083db70 5381       4       java.lang.invoke.MemberName::init (53 bytes)
Event: 464.767 Thread 0x000002406083db70 nmethod 5381 0x0000024056696d10 code [0x0000024056696ea0, 0x00000240566971f0]
Event: 464.868 Thread 0x000002406083db70 5384       4       java.lang.invoke.InvokerBytecodeGenerator::addMethod (725 bytes)

GC Heap History (16 events):
Event: 49.446 GC heap before
{Heap before GC invocations=0 (full 0):
 garbage-first heap   total 262144K, used 12288K [0x00000000e0000000, 0x0000000100000000)
  region size 1024K, 13 young (13312K), 0 survivors (0K)
 Metaspace       used 1207K, committed 1408K, reserved 393216K
  class space    used 108K, committed 192K, reserved 327680K
}
Event: 50.105 GC heap after
{Heap after GC invocations=1 (full 0):
 garbage-first heap   total 262144K, used 2917K [0x00000000e0000000, 0x0000000100000000)
  region size 1024K, 2 young (2048K), 2 survivors (2048K)
 Metaspace       used 1207K, committed 1408K, reserved 393216K
  class space    used 108K, committed 192K, reserved 327680K
}
Event: 102.725 GC heap before
{Heap before GC invocations=1 (full 0):
 garbage-first heap   total 262144K, used 23397K [0x00000000e0000000, 0x0000000100000000)
  region size 1024K, 19 young (19456K), 2 survivors (2048K)
 Metaspace       used 4520K, committed 4736K, reserved 393216K
  class space    used 588K, committed 704K, reserved 327680K
}
Event: 102.731 GC heap after
{Heap after GC invocations=2 (full 0):
 garbage-first heap   total 262144K, used 11761K [0x00000000e0000000, 0x0000000100000000)
  region size 1024K, 3 young (3072K), 3 survivors (3072K)
 Metaspace       used 4520K, committed 4736K, reserved 393216K
  class space    used 588K, committed 704K, reserved 327680K
}
Event: 125.495 GC heap before
{Heap before GC invocations=2 (full 0):
 garbage-first heap   total 262144K, used 34289K [0x00000000e0000000, 0x0000000100000000)
  region size 1024K, 24 young (24576K), 3 survivors (3072K)
 Metaspace       used 4670K, committed 4864K, reserved 393216K
  class space    used 589K, committed 704K, reserved 327680K
}
Event: 125.504 GC heap after
{Heap after GC invocations=3 (full 0):
 garbage-first heap   total 262144K, used 15221K [0x00000000e0000000, 0x0000000100000000)
  region size 1024K, 3 young (3072K), 3 survivors (3072K)
 Metaspace       used 4670K, committed 4864K, reserved 393216K
  class space    used 589K, committed 704K, reserved 327680K
}
Event: 265.053 GC heap before
{Heap before GC invocations=3 (full 0):
 garbage-first heap   total 262144K, used 106357K [0x00000000e0000000, 0x0000000100000000)
  region size 1024K, 93 young (95232K), 3 survivors (3072K)
 Metaspace       used 18418K, committed 19008K, reserved 393216K
  class space    used 2558K, committed 2816K, reserved 327680K
}
Event: 265.072 GC heap after
{Heap after GC invocations=4 (full 0):
 garbage-first heap   total 262144K, used 23049K [0x00000000e0000000, 0x0000000100000000)
  region size 1024K, 10 young (10240K), 10 survivors (10240K)
 Metaspace       used 18418K, committed 19008K, reserved 393216K
  class space    used 2558K, committed 2816K, reserved 327680K
}
Event: 278.708 GC heap before
{Heap before GC invocations=4 (full 0):
 garbage-first heap   total 262144K, used 41481K [0x00000000e0000000, 0x0000000100000000)
  region size 1024K, 29 young (29696K), 10 survivors (10240K)
 Metaspace       used 20829K, committed 21504K, reserved 393216K
  class space    used 2962K, committed 3264K, reserved 327680K
}
Event: 278.726 GC heap after
{Heap after GC invocations=5 (full 0):
 garbage-first heap   total 262144K, used 25014K [0x00000000e0000000, 0x0000000100000000)
  region size 1024K, 2 young (2048K), 2 survivors (2048K)
 Metaspace       used 20829K, committed 21504K, reserved 393216K
  class space    used 2962K, committed 3264K, reserved 327680K
}
Event: 359.165 GC heap before
{Heap before GC invocations=6 (full 0):
 garbage-first heap   total 262144K, used 128438K [0x00000000e0000000, 0x0000000100000000)
  region size 1024K, 104 young (106496K), 2 survivors (2048K)
 Metaspace       used 34353K, committed 35712K, reserved 393216K
  class space    used 5094K, committed 5760K, reserved 327680K
}
Event: 359.181 GC heap after
{Heap after GC invocations=7 (full 0):
 garbage-first heap   total 262144K, used 30401K [0x00000000e0000000, 0x0000000100000000)
  region size 1024K, 8 young (8192K), 8 survivors (8192K)
 Metaspace       used 34353K, committed 35712K, reserved 393216K
  class space    used 5094K, committed 5760K, reserved 327680K
}
Event: 360.973 GC heap before
{Heap before GC invocations=7 (full 0):
 garbage-first heap   total 262144K, used 31425K [0x00000000e0000000, 0x0000000100000000)
  region size 1024K, 10 young (10240K), 8 survivors (8192K)
 Metaspace       used 34544K, committed 35968K, reserved 393216K
  class space    used 5105K, committed 5824K, reserved 327680K
}
Event: 360.985 GC heap after
{Heap after GC invocations=8 (full 0):
 garbage-first heap   total 262144K, used 30657K [0x00000000e0000000, 0x0000000100000000)
  region size 1024K, 8 young (8192K), 8 survivors (8192K)
 Metaspace       used 34544K, committed 35968K, reserved 393216K
  class space    used 5105K, committed 5824K, reserved 327680K
}
Event: 362.261 GC heap before
{Heap before GC invocations=8 (full 0):
 garbage-first heap   total 262144K, used 32705K [0x00000000e0000000, 0x0000000100000000)
  region size 1024K, 11 young (11264K), 8 survivors (8192K)
 Metaspace       used 34937K, committed 36288K, reserved 393216K
  class space    used 5137K, committed 5824K, reserved 327680K
}
Event: 362.288 GC heap after
{Heap after GC invocations=9 (full 0):
 garbage-first heap   total 262144K, used 31085K [0x00000000e0000000, 0x0000000100000000)
  region size 1024K, 8 young (8192K), 8 survivors (8192K)
 Metaspace       used 34937K, committed 36288K, reserved 393216K
  class space    used 5137K, committed 5824K, reserved 327680K
}

Dll operation events (20 events):
Event: 8.693 Attempting to load shared library C:\Users\user\.vscode\extensions\redhat.java-1.56.0-win32-x64\jre\21.0.12.1-win32-x86_64\bin\nio.dll
Event: 8.695 Loaded shared library C:\Users\user\.vscode\extensions\redhat.java-1.56.0-win32-x64\jre\21.0.12.1-win32-x86_64\bin\nio.dll
Event: 8.882 Attempting to load shared library C:\Users\user\.vscode\extensions\redhat.java-1.56.0-win32-x64\jre\21.0.12.1-win32-x86_64\bin\zip.dll
Event: 8.882 Loaded shared library C:\Users\user\.vscode\extensions\redhat.java-1.56.0-win32-x64\jre\21.0.12.1-win32-x86_64\bin\zip.dll
Event: 36.366 Attempting to load shared library C:\Users\user\.vscode\extensions\redhat.java-1.56.0-win32-x64\jre\21.0.12.1-win32-x86_64\bin\jimage.dll
Event: 36.366 Loaded shared library C:\Users\user\.vscode\extensions\redhat.java-1.56.0-win32-x64\jre\21.0.12.1-win32-x86_64\bin\jimage.dll
Event: 66.881 Attempting to load shared library C:\Users\user\.vscode\extensions\redhat.java-1.56.0-win32-x64\jre\21.0.12.1-win32-x86_64\bin\verify.dll
Event: 66.927 Loaded shared library C:\Users\user\.vscode\extensions\redhat.java-1.56.0-win32-x64\jre\21.0.12.1-win32-x86_64\bin\verify.dll
Event: 71.584 Attempting to load shared library C:\Users\user\.gradle\native\660c5614fbf4a5f2a75b1949f50a0caf5cd603558e7d8a26e50b933a0cfb79d1\windows-amd64\native-platform.dll
Event: 71.749 Loaded shared library C:\Users\user\.gradle\native\660c5614fbf4a5f2a75b1949f50a0caf5cd603558e7d8a26e50b933a0cfb79d1\windows-amd64\native-platform.dll
Event: 72.705 Attempting to load shared library C:\Users\user\.gradle\native\0.2.8\x86_64-windows-gnu\gradle-fileevents.dll
Event: 72.874 Loaded shared library C:\Users\user\.gradle\native\0.2.8\x86_64-windows-gnu\gradle-fileevents.dll
Event: 149.905 Attempting to load shared library C:\Users\user\.vscode\extensions\redhat.java-1.56.0-win32-x64\jre\21.0.12.1-win32-x86_64\bin\management.dll
Event: 149.906 Loaded shared library C:\Users\user\.vscode\extensions\redhat.java-1.56.0-win32-x64\jre\21.0.12.1-win32-x86_64\bin\management.dll
Event: 150.123 Attempting to load shared library C:\Users\user\.vscode\extensions\redhat.java-1.56.0-win32-x64\jre\21.0.12.1-win32-x86_64\bin\management_ext.dll
Event: 150.194 Loaded shared library C:\Users\user\.vscode\extensions\redhat.java-1.56.0-win32-x64\jre\21.0.12.1-win32-x86_64\bin\management_ext.dll
Event: 178.409 Attempting to load shared library C:\Users\user\.vscode\extensions\redhat.java-1.56.0-win32-x64\jre\21.0.12.1-win32-x86_64\bin\extnet.dll
Event: 178.486 Loaded shared library C:\Users\user\.vscode\extensions\redhat.java-1.56.0-win32-x64\jre\21.0.12.1-win32-x86_64\bin\extnet.dll
Event: 199.126 Attempting to load shared library C:\Users\user\.vscode\extensions\redhat.java-1.56.0-win32-x64\jre\21.0.12.1-win32-x86_64\bin\sunmscapi.dll
Event: 199.212 Loaded shared library C:\Users\user\.vscode\extensions\redhat.java-1.56.0-win32-x64\jre\21.0.12.1-win32-x86_64\bin\sunmscapi.dll

Deoptimization events (20 events):
Event: 454.146 Thread 0x000002407be4cd70 Uncommon trap: trap_request=0xffffff45 fr.pc=0x000002405646f55c relative=0x000000000000039c
Event: 454.146 Thread 0x000002407be4cd70 Uncommon trap: reason=unstable_if action=reinterpret pc=0x000002405646f55c method=sun.invoke.util.VerifyType.isNullConversion(Ljava/lang/Class;Ljava/lang/Class;Z)Z @ 15 c2
Event: 454.146 Thread 0x000002407be4cd70 DEOPT PACKING pc=0x000002405646f55c sp=0x00000057125f7c50
Event: 454.146 Thread 0x000002407be4cd70 DEOPT UNPACKING pc=0x0000024055e84422 sp=0x00000057125f7bf8 mode 2
Event: 454.182 Thread 0x000002407be4cd70 Uncommon trap: trap_request=0xffffffc6 fr.pc=0x00000240565b175c relative=0x00000000000002fc
Event: 454.182 Thread 0x000002407be4cd70 Uncommon trap: reason=bimorphic_or_optimized_type_check action=maybe_recompile pc=0x00000240565b175c method=com.google.common.base.CharMatcher.indexIn(Ljava/lang/CharSequence;I)I @ 31 c2
Event: 454.182 Thread 0x000002407be4cd70 DEOPT PACKING pc=0x00000240565b175c sp=0x00000057125f72b0
Event: 454.182 Thread 0x000002407be4cd70 DEOPT UNPACKING pc=0x0000024055e84422 sp=0x00000057125f7258 mode 2
Event: 456.694 Thread 0x000002407be4cd70 Uncommon trap: trap_request=0xffffff45 fr.pc=0x00000240566826dc relative=0x000000000000035c
Event: 456.694 Thread 0x000002407be4cd70 Uncommon trap: reason=unstable_if action=reinterpret pc=0x00000240566826dc method=org.gradle.internal.reflect.PropertyAccessorType.of(Ljava/lang/reflect/Method;)Lorg/gradle/internal/reflect/PropertyAccessorType; @ 56 c2
Event: 456.694 Thread 0x000002407be4cd70 DEOPT PACKING pc=0x00000240566826dc sp=0x00000057125f8810
Event: 456.694 Thread 0x000002407be4cd70 DEOPT UNPACKING pc=0x0000024055e84422 sp=0x00000057125f87d0 mode 2
Event: 460.487 Thread 0x000002407be4cd70 Uncommon trap: trap_request=0xffffff45 fr.pc=0x000002405666d68c relative=0x00000000000074ec
Event: 460.487 Thread 0x000002407be4cd70 Uncommon trap: reason=unstable_if action=reinterpret pc=0x000002405666d68c method=sun.reflect.annotation.AnnotationParser.parseMemberValue(Ljava/lang/Class;Ljava/nio/ByteBuffer;Ljdk/internal/reflect/ConstantPool;Ljava/lang/Class;)Ljava/lang/Object; @ 11 c
Event: 460.487 Thread 0x000002407be4cd70 DEOPT PACKING pc=0x000002405666d68c sp=0x00000057125f8cf0
Event: 460.487 Thread 0x000002407be4cd70 DEOPT UNPACKING pc=0x0000024055e84422 sp=0x00000057125f8b48 mode 2
Event: 460.954 Thread 0x000002407be4cd70 Uncommon trap: trap_request=0xffffffc6 fr.pc=0x00000240565b175c relative=0x00000000000002fc
Event: 460.954 Thread 0x000002407be4cd70 Uncommon trap: reason=bimorphic_or_optimized_type_check action=maybe_recompile pc=0x00000240565b175c method=com.google.common.base.CharMatcher.indexIn(Ljava/lang/CharSequence;I)I @ 31 c2
Event: 460.954 Thread 0x000002407be4cd70 DEOPT PACKING pc=0x00000240565b175c sp=0x00000057125f8fc0
Event: 460.954 Thread 0x000002407be4cd70 DEOPT UNPACKING pc=0x0000024055e84422 sp=0x00000057125f8f68 mode 2

Classes loaded (20 events):
Event: 429.831 Loading class sun/reflect/generics/tree/BooleanSignature
Event: 429.832 Loading class sun/reflect/generics/tree/BooleanSignature done
Event: 430.764 Loading class org/xml/sax/Locator
Event: 430.765 Loading class org/xml/sax/Locator done
Event: 430.765 Loading class org/xml/sax/SAXParseException
Event: 430.765 Loading class org/xml/sax/SAXParseException done
Event: 430.765 Loading class org/xml/sax/Attributes
Event: 430.765 Loading class org/xml/sax/Attributes done
Event: 436.935 Loading class java/util/DualPivotQuicksort
Event: 437.012 Loading class java/util/DualPivotQuicksort done
Event: 439.375 Loading class java/util/function/LongUnaryOperator
Event: 439.376 Loading class java/util/function/LongUnaryOperator done
Event: 441.545 Loading class java/util/TreeMap$KeySpliterator
Event: 441.545 Loading class java/util/TreeMap$TreeMapSpliterator
Event: 441.545 Loading class java/util/TreeMap$TreeMapSpliterator done
Event: 441.545 Loading class java/util/TreeMap$KeySpliterator done
Event: 441.775 Loading class java/util/PrimitiveIterator$OfInt
Event: 441.775 Loading class java/util/PrimitiveIterator$OfInt done
Event: 452.434 Loading class java/lang/invoke/BoundMethodHandle$Species_LLLLILLLLLL
Event: 452.434 Loading class java/lang/invoke/BoundMethodHandle$Species_LLLLILLLLLL done

Classes unloaded (0 events):
No events

Classes redefined (0 events):
No events

Internal exceptions (20 events):
Event: 451.725 Thread 0x000002407be4cd70 Exception <a 'java/lang/NoSuchMethodError'{0x00000000ebecb700}: 'java.lang.Object java.lang.invoke.DelegatingMethodHandle$Holder.reinvoke_L(java.lang.Object, java.lang.Object, java.lang.Object, java.lang.Object, java.lang.Object, java.lang.Object, java.lang.Object, java.lang.Object, java.lang.Object, java.lang.Object, java.lang.Object, java.lang.Object, java.lang.Object, java.lang.Object, java.lang.Object, java.lang.Object, java.lang.Object)'> (0x00000000ebecb700) 
thrown [s\src\hotspot\share\interpreter\l
Event: 452.479 Thread 0x000002407be4cd70 Exception <a 'java/lang/NoSuchMethodError'{0x00000000ebd66fe0}: 'java.lang.Object java.lang.invoke.Invokers$Holder.linkToCallSite(java.lang.Object, int, java.lang.Object, java.lang.Object)'> (0x00000000ebd66fe0) 
thrown [s\src\hotspot\share\interpreter\linkResolver.cpp, line 773]
Event: 452.527 Thread 0x000002407be4cd70 Exception <a 'java/lang/NoSuchMethodError'{0x00000000ebd6f0b0}: 'void java.lang.invoke.DirectMethodHandle$Holder.invokeVirtual(java.lang.Object, java.lang.Object, int, java.lang.Object)'> (0x00000000ebd6f0b0) 
thrown [s\src\hotspot\share\interpreter\linkResolver.cpp, line 773]
Event: 452.527 Thread 0x000002407be4cd70 Exception <a 'java/lang/NoSuchMethodError'{0x00000000ebd73358}: 'void java.lang.invoke.DelegatingMethodHandle$Holder.reinvoke_L(java.lang.Object, java.lang.Object, int, java.lang.Object)'> (0x00000000ebd73358) 
thrown [s\src\hotspot\share\interpreter\linkResolver.cpp, line 773]
Event: 452.588 Thread 0x000002407be4cd70 Exception <a 'java/lang/NoSuchMethodError'{0x00000000ebd7dd18}: 'java.lang.Object java.lang.invoke.DirectMethodHandle$Holder.invokeSpecial(java.lang.Object, java.lang.Object, java.lang.Object, java.lang.Object, int, java.lang.Object)'> (0x00000000ebd7dd18) 
thrown [s\src\hotspot\share\interpreter\linkResolver.cpp, line 773]
Event: 452.925 Thread 0x000002407be4cd70 Exception <a 'java/lang/NoSuchMethodError'{0x00000000ebdd4628}: 'java.lang.Object java.lang.invoke.Invokers$Holder.linkToCallSite(java.lang.Object, java.lang.Object, int, java.lang.Object)'> (0x00000000ebdd4628) 
thrown [s\src\hotspot\share\interpreter\linkResolver.cpp, line 773]
Event: 452.998 Thread 0x000002407be4cd70 Exception <a 'java/lang/NoSuchMethodError'{0x00000000ebde7250}: 'java.lang.Object java.lang.invoke.DirectMethodHandle$Holder.invokeSpecial(java.lang.Object, java.lang.Object, java.lang.Object, java.lang.Object, java.lang.Object, int)'> (0x00000000ebde7250) 
thrown [s\src\hotspot\share\interpreter\linkResolver.cpp, line 773]
Event: 453.074 Thread 0x000002407be4cd70 Exception <a 'java/lang/NoSuchMethodError'{0x00000000ebdebcb0}: 'java.lang.Object java.lang.invoke.DelegatingMethodHandle$Holder.delegate(java.lang.Object, java.lang.Object, java.lang.Object, java.lang.Object, int)'> (0x00000000ebdebcb0) 
thrown [s\src\hotspot\share\interpreter\linkResolver.cpp, line 773]
Event: 453.719 Thread 0x000002407be4cd70 Exception <a 'java/lang/ClassNotFoundException'{0x00000000ebc3f3f0}: org/gradle/plugin/use/internal/PluginRequestCollector$PluginDependenciesSpecImplBeanInfo> (0x00000000ebc3f3f0) 
thrown [s\src\hotspot\share\classfile\systemDictionary.cpp, line 313]
Event: 453.756 Thread 0x000002407be4cd70 Exception <a 'java/lang/ClassNotFoundException'{0x00000000ebc51bb8}: org/gradle/plugin/use/internal/PluginRequestCollector$PluginDependenciesSpecImplCustomizer> (0x00000000ebc51bb8) 
thrown [s\src\hotspot\share\classfile\systemDictionary.cpp, line 313]
Event: 453.814 Thread 0x000002407be4cd70 Exception <a 'java/lang/NoSuchMethodError'{0x00000000ebc602c8}: 'java.lang.Object java.lang.invoke.DirectMethodHandle$Holder.invokeVirtual(java.lang.Object, java.lang.Object, java.lang.Object, int)'> (0x00000000ebc602c8) 
thrown [s\src\hotspot\share\interpreter\linkResolver.cpp, line 773]
Event: 454.065 Thread 0x000002407be4cd70 Exception <a 'java/lang/ClassNotFoundException'{0x00000000ebcaca20}: org/gradle/plugin/use/internal/PluginRequestCollector$PluginDependencySpecImplBeanInfo> (0x00000000ebcaca20) 
thrown [s\src\hotspot\share\classfile\systemDictionary.cpp, line 313]
Event: 454.112 Thread 0x000002407be4cd70 Exception <a 'java/lang/ClassNotFoundException'{0x00000000ebcbf1a0}: org/gradle/plugin/use/internal/PluginRequestCollector$PluginDependencySpecImplCustomizer> (0x00000000ebcbf1a0) 
thrown [s\src\hotspot\share\classfile\systemDictionary.cpp, line 313]
Event: 454.314 Thread 0x000002407be4cd70 Exception <a 'java/lang/NoSuchMethodError'{0x00000000ebce3b18}: 'void java.lang.invoke.DirectMethodHandle$Holder.invokeStatic(java.lang.Object, java.lang.Object, java.lang.Object, java.lang.Object, java.lang.Object, java.lang.Object)'> (0x00000000ebce3b18) 
thrown [s\src\hotspot\share\interpreter\linkResolver.cpp, line 773]
Event: 458.697 Thread 0x000002407be4cd70 Exception <a 'java/lang/NoSuchMethodError'{0x00000000eb8015f8}: 'java.lang.Object java.lang.invoke.DirectMethodHandle$Holder.newInvokeSpecial(java.lang.Object, java.lang.Object, java.lang.Object, java.lang.Object, int)'> (0x00000000eb8015f8) 
thrown [s\src\hotspot\share\interpreter\linkResolver.cpp, line 773]
Event: 458.806 Thread 0x000002407be4cd70 Exception <a 'java/lang/NoSuchMethodError'{0x00000000eb806028}: 'java.lang.Object java.lang.invoke.Invokers$Holder.linkToTargetMethod(java.lang.Object, java.lang.Object, java.lang.Object, int, java.lang.Object)'> (0x00000000eb806028) 
thrown [s\src\hotspot\share\interpreter\linkResolver.cpp, line 773]
Event: 459.272 Thread 0x000002407be4cd70 Exception <a 'java/lang/NoSuchMethodError'{0x00000000eb830b38}: 'java.lang.Object java.lang.invoke.DirectMethodHandle$Holder.newInvokeSpecial(java.lang.Object, java.lang.Object, java.lang.Object, java.lang.Object, java.lang.Object, java.lang.Object, java.lang.Object, java.lang.Object, java.lang.Object, java.lang.Object, java.lang.Object, java.lang.Object, java.lang.Object, java.lang.Object, java.lang.Object, java.lang.Object, java.lang.Object, java.lang.Object, java.lang.Object)'> (0x00000000eb830b38) 
thr
Event: 459.273 Thread 0x000002407be4cd70 Exception <a 'java/lang/NoSuchMethodError'{0x00000000eb8377b8}: 'java.lang.Object java.lang.invoke.DirectMethodHandle$Holder.invokeSpecial(java.lang.Object, java.lang.Object, java.lang.Object, java.lang.Object, java.lang.Object, java.lang.Object, java.lang.Object, java.lang.Object, java.lang.Object, java.lang.Object, java.lang.Object, java.lang.Object, java.lang.Object, java.lang.Object, java.lang.Object, java.lang.Object, java.lang.Object, java.lang.Object, java.lang.Object, java.lang.Object)'> (0x0000000
Event: 459.273 Thread 0x000002407be4cd70 Exception <a 'java/lang/NoSuchMethodError'{0x00000000eb83d008}: 'java.lang.Object java.lang.invoke.DelegatingMethodHandle$Holder.reinvoke_L(java.lang.Object, java.lang.Object, java.lang.Object, java.lang.Object, java.lang.Object, java.lang.Object, java.lang.Object, java.lang.Object, java.lang.Object, java.lang.Object, java.lang.Object, java.lang.Object, java.lang.Object, java.lang.Object, java.lang.Object, java.lang.Object, java.lang.Object, java.lang.Object, java.lang.Object)'> (0x00000000eb83d008) 
throw
Event: 464.816 Thread 0x000002407be4cd70 Exception <a 'java/lang/NoSuchMethodError'{0x00000000eb3890f8}: 'java.lang.Object java.lang.invoke.DelegatingMethodHandle$Holder.reinvoke_L(java.lang.Object, java.lang.Object, java.lang.Object, java.lang.Object, int, java.lang.Object, java.lang.Object, java.lang.Object, java.lang.Object, java.lang.Object, java.lang.Object, java.lang.Object, java.lang.Object)'> (0x00000000eb3890f8) 
thrown [s\src\hotspot\share\interpreter\linkResolver.cpp, line 773]

ZGC Phase Switch (0 events):
No events

VM Operations (20 events):
Event: 454.737 Executing safepoint VM operation: Cleanup
Event: 454.738 Executing safepoint VM operation: Cleanup done
Event: 455.742 Executing safepoint VM operation: Cleanup
Event: 455.758 Executing safepoint VM operation: Cleanup done
Event: 456.773 Executing safepoint VM operation: Cleanup
Event: 456.773 Executing safepoint VM operation: Cleanup done
Event: 457.787 Executing safepoint VM operation: Cleanup
Event: 457.788 Executing safepoint VM operation: Cleanup done
Event: 458.789 Executing safepoint VM operation: Cleanup
Event: 458.804 Executing safepoint VM operation: Cleanup done
Event: 459.805 Executing safepoint VM operation: Cleanup
Event: 459.820 Executing safepoint VM operation: Cleanup done
Event: 460.835 Executing safepoint VM operation: Cleanup
Event: 460.880 Executing safepoint VM operation: Cleanup done
Event: 461.891 Executing safepoint VM operation: Cleanup
Event: 461.998 Executing safepoint VM operation: Cleanup done
Event: 463.002 Executing safepoint VM operation: Cleanup
Event: 463.018 Executing safepoint VM operation: Cleanup done
Event: 465.035 Executing safepoint VM operation: Cleanup
Event: 465.081 Executing safepoint VM operation: Cleanup done

Memory protections (0 events):
No events

Nmethod flushes (20 events):
Event: 362.393 Thread 0x00000240608171f0 flushing  nmethod 0x000002404e983790
Event: 362.393 Thread 0x00000240608171f0 flushing  nmethod 0x000002404e984390
Event: 362.393 Thread 0x00000240608171f0 flushing  nmethod 0x000002404e984c10
Event: 362.393 Thread 0x00000240608171f0 flushing  nmethod 0x000002404e985810
Event: 362.393 Thread 0x00000240608171f0 flushing  nmethod 0x000002404e986690
Event: 362.393 Thread 0x00000240608171f0 flushing  nmethod 0x000002404e986b90
Event: 362.393 Thread 0x00000240608171f0 flushing  nmethod 0x000002404eae3c10
Event: 362.393 Thread 0x00000240608171f0 flushing  nmethod 0x000002404eaeaf90
Event: 362.393 Thread 0x00000240608171f0 flushing  nmethod 0x000002404eafd010
Event: 362.393 Thread 0x00000240608171f0 flushing  nmethod 0x000002404eafe210
Event: 362.393 Thread 0x00000240608171f0 flushing  nmethod 0x000002404eb06490
Event: 362.393 Thread 0x00000240608171f0 flushing  nmethod 0x000002404eb99690
Event: 362.393 Thread 0x00000240608171f0 flushing  nmethod 0x000002404eb9b910
Event: 362.393 Thread 0x00000240608171f0 flushing  nmethod 0x000002404eb9bc90
Event: 362.393 Thread 0x00000240608171f0 flushing  nmethod 0x000002404ec17990
Event: 362.393 Thread 0x00000240608171f0 flushing  nmethod 0x000002404ec8c610
Event: 362.393 Thread 0x00000240608171f0 flushing  nmethod 0x000002404ecd2b10
Event: 362.393 Thread 0x00000240608171f0 flushing  nmethod 0x000002404ecd6290
Event: 362.393 Thread 0x00000240608171f0 flushing  nmethod 0x000002404edb5b10
Event: 362.393 Thread 0x00000240608171f0 flushing  nmethod 0x000002404edb6690

Events (20 events):
Event: 203.190 Thread 0x000002407b9a5380 Thread added: 0x000002407be4cd70
Event: 204.262 Thread 0x000002407be4cd70 Thread added: 0x000002407bdcae80
Event: 204.613 Thread 0x000002407be4cd70 Thread added: 0x000002407bdc8090
Event: 204.777 Thread 0x000002407be4cd70 Thread added: 0x000002407bdc8db0
Event: 235.210 Thread 0x000002407be4cd70 Thread added: 0x000002407bdcb510
Event: 235.679 Thread 0x000002407be4cd70 Thread added: 0x000002407bdca160
Event: 236.747 Thread 0x000002407bdca160 Thread added: 0x000002407bdca7f0
Event: 241.797 Thread 0x000002407be4cd70 Thread added: 0x000002407bdc8720
Event: 284.884 Thread 0x000002407be4cd70 Thread added: 0x000002407bb45e20
Event: 285.069 Thread 0x000002407be4cd70 Thread added: 0x000002407bb464b0
Event: 288.124 Thread 0x000002407be4cd70 Thread added: 0x000002407bb471d0
Event: 288.212 Thread 0x000002407be4cd70 Thread added: 0x000002407bb46b40
Event: 292.325 Thread 0x000002407be4cd70 Thread added: 0x000002407bb47860
Event: 295.523 Thread 0x000002407be4cd70 Thread added: 0x000002407bb47ef0
Event: 313.967 Thread 0x000002407be4cd70 Thread added: 0x000002407bb48580
Event: 318.285 Thread 0x000002407be4cd70 Thread added: 0x000002407bb48c10
Event: 335.574 Thread 0x000002407be4cd70 Thread added: 0x000002407bb45790
Event: 340.727 Thread 0x000002407be4cd70 Thread added: 0x000002407bb4a650
Event: 396.182 Thread 0x000002407be4cd70 Thread added: 0x000002407bb4ace0
Event: 407.818 Thread 0x000002407be4cd70 Thread added: 0x000002407bb4c090


Dynamic libraries:
0x00007ff622c60000 - 0x00007ff622c6e000 	C:\Users\user\.vscode\extensions\redhat.java-1.56.0-win32-x64\jre\21.0.12.1-win32-x86_64\bin\java.exe
0x00007ffb3f1c0000 - 0x00007ffb3f427000 	C:\WINDOWS\SYSTEM32\ntdll.dll
0x00007ffb3cf60000 - 0x00007ffb3d02b000 	C:\WINDOWS\System32\KERNEL32.DLL
0x00007ffb3c940000 - 0x00007ffb3cd42000 	C:\WINDOWS\System32\KERNELBASE.dll
0x00007ffb3c7e0000 - 0x00007ffb3c92c000 	C:\WINDOWS\System32\ucrtbase.dll
0x00007ffb10310000 - 0x00007ffb10328000 	C:\Users\user\.vscode\extensions\redhat.java-1.56.0-win32-x64\jre\21.0.12.1-win32-x86_64\bin\jli.dll
0x00007ffb3d030000 - 0x00007ffb3d1ff000 	C:\WINDOWS\System32\USER32.dll
0x00007ffb3c6f0000 - 0x00007ffb3c717000 	C:\WINDOWS\System32\win32u.dll
0x00007ffb3db90000 - 0x00007ffb3dbbb000 	C:\WINDOWS\System32\GDI32.dll
0x00007ffb3c3c0000 - 0x00007ffb3c4e9000 	C:\WINDOWS\System32\gdi32full.dll
0x00007ffb3c640000 - 0x00007ffb3c6e3000 	C:\WINDOWS\System32\msvcp_win.dll
0x00007ffb10330000 - 0x00007ffb1034e000 	C:\Users\user\.vscode\extensions\redhat.java-1.56.0-win32-x64\jre\21.0.12.1-win32-x86_64\bin\VCRUNTIME140.dll
0x00007ffb1ccf0000 - 0x00007ffb1cf80000 	C:\WINDOWS\WinSxS\amd64_microsoft.windows.common-controls_6595b64144ccf1df_6.0.26100.9278_none_3e0d1ba8e3303201\COMCTL32.dll
0x00007ffb3f040000 - 0x00007ffb3f0e9000 	C:\WINDOWS\System32\msvcrt.dll
0x00007ffb3d210000 - 0x00007ffb3d241000 	C:\WINDOWS\System32\IMM32.DLL
0x00007ffb16400000 - 0x00007ffb1640c000 	C:\Users\user\.vscode\extensions\redhat.java-1.56.0-win32-x64\jre\21.0.12.1-win32-x86_64\bin\vcruntime140_1.dll
0x00007ffaa32c0000 - 0x00007ffaa334d000 	C:\Users\user\.vscode\extensions\redhat.java-1.56.0-win32-x64\jre\21.0.12.1-win32-x86_64\bin\msvcp140.dll
0x00007ffaa0530000 - 0x00007ffaa12d2000 	C:\Users\user\.vscode\extensions\redhat.java-1.56.0-win32-x64\jre\21.0.12.1-win32-x86_64\bin\server\jvm.dll
0x00007ffb3df50000 - 0x00007ffb3e00c000 	C:\WINDOWS\System32\ADVAPI32.dll
0x00007ffb3e020000 - 0x00007ffb3e0c9000 	C:\WINDOWS\System32\sechost.dll
0x00007ffb3ed80000 - 0x00007ffb3ee98000 	C:\WINDOWS\System32\RPCRT4.dll
0x00007ffb3ecf0000 - 0x00007ffb3ed70000 	C:\WINDOWS\System32\WS2_32.dll
0x00007ffb3c210000 - 0x00007ffb3c26e000 	C:\WINDOWS\SYSTEM32\POWRPROF.dll
0x00007ffb35850000 - 0x00007ffb35886000 	C:\WINDOWS\SYSTEM32\WINMM.dll
0x00007ffb35890000 - 0x00007ffb3589b000 	C:\WINDOWS\SYSTEM32\VERSION.dll
0x00007ffb3c1f0000 - 0x00007ffb3c205000 	C:\WINDOWS\SYSTEM32\UMPDC.dll
0x00007ffb3b090000 - 0x00007ffb3b0ab000 	C:\WINDOWS\SYSTEM32\kernel.appcore.dll
0x00007ffb03da0000 - 0x00007ffb03daa000 	C:\Users\user\.vscode\extensions\redhat.java-1.56.0-win32-x64\jre\21.0.12.1-win32-x86_64\bin\jimage.dll
0x00007ffb31850000 - 0x00007ffb31a9c000 	C:\WINDOWS\SYSTEM32\DBGHELP.DLL
0x00007ffb3dbc0000 - 0x00007ffb3df45000 	C:\WINDOWS\System32\combase.dll
0x00007ffb3d980000 - 0x00007ffb3da59000 	C:\WINDOWS\System32\OLEAUT32.dll
0x00007ffb240a0000 - 0x00007ffb240db000 	C:\WINDOWS\SYSTEM32\dbgcore.DLL
0x00007ffb3c580000 - 0x00007ffb3c62c000 	C:\WINDOWS\System32\bcryptPrimitives.dll
0x00007ffb2c310000 - 0x00007ffb2c31f000 	C:\Users\user\.vscode\extensions\redhat.java-1.56.0-win32-x64\jre\21.0.12.1-win32-x86_64\bin\instrument.dll
0x00007ffb03d80000 - 0x00007ffb03da0000 	C:\Users\user\.vscode\extensions\redhat.java-1.56.0-win32-x64\jre\21.0.12.1-win32-x86_64\bin\java.dll
0x00007ffb3e0d0000 - 0x00007ffb3e868000 	C:\WINDOWS\System32\SHELL32.dll
0x00007ffb39e10000 - 0x00007ffb3a6be000 	C:\WINDOWS\SYSTEM32\windows.storage.dll
0x00007ffb3d880000 - 0x00007ffb3d97b000 	C:\WINDOWS\System32\SHCORE.dll
0x00007ffb3e870000 - 0x00007ffb3e8d6000 	C:\WINDOWS\System32\shlwapi.dll
0x00007ffb3c2e0000 - 0x00007ffb3c309000 	C:\WINDOWS\SYSTEM32\profapi.dll
0x00007ffb16460000 - 0x00007ffb16478000 	C:\Users\user\.vscode\extensions\redhat.java-1.56.0-win32-x64\jre\21.0.12.1-win32-x86_64\bin\zip.dll
0x00007ffb16450000 - 0x00007ffb16460000 	C:\Users\user\.vscode\extensions\redhat.java-1.56.0-win32-x64\jre\21.0.12.1-win32-x86_64\bin\net.dll
0x00007ffb31ef0000 - 0x00007ffb3201a000 	C:\WINDOWS\SYSTEM32\WINHTTP.dll
0x00007ffb3b650000 - 0x00007ffb3b6bc000 	C:\WINDOWS\system32\mswsock.dll
0x00007ffb16430000 - 0x00007ffb16446000 	C:\Users\user\.vscode\extensions\redhat.java-1.56.0-win32-x64\jre\21.0.12.1-win32-x86_64\bin\nio.dll
0x00007ffb2c300000 - 0x00007ffb2c310000 	C:\Users\user\.vscode\extensions\redhat.java-1.56.0-win32-x64\jre\21.0.12.1-win32-x86_64\bin\verify.dll
0x00007ffb32bf0000 - 0x00007ffb32c17000 	C:\Users\user\.gradle\native\660c5614fbf4a5f2a75b1949f50a0caf5cd603558e7d8a26e50b933a0cfb79d1\windows-amd64\native-platform.dll
0x00007ffad3ce0000 - 0x00007ffad3d57000 	C:\Users\user\.gradle\native\0.2.8\x86_64-windows-gnu\gradle-fileevents.dll
0x00007ffb32a90000 - 0x00007ffb32a9a000 	C:\Users\user\.vscode\extensions\redhat.java-1.56.0-win32-x64\jre\21.0.12.1-win32-x86_64\bin\management.dll
0x00007ffb32a80000 - 0x00007ffb32a8c000 	C:\Users\user\.vscode\extensions\redhat.java-1.56.0-win32-x64\jre\21.0.12.1-win32-x86_64\bin\management_ext.dll
0x00007ffb3cf30000 - 0x00007ffb3cf38000 	C:\WINDOWS\System32\PSAPI.DLL
0x00007ffb3aa70000 - 0x00007ffb3aaa3000 	C:\WINDOWS\SYSTEM32\IPHLPAPI.DLL
0x00007ffb3d7d0000 - 0x00007ffb3d7da000 	C:\WINDOWS\System32\NSI.dll
0x00007ffb2bbb0000 - 0x00007ffb2bbb9000 	C:\Users\user\.vscode\extensions\redhat.java-1.56.0-win32-x64\jre\21.0.12.1-win32-x86_64\bin\extnet.dll
0x00007ffb3b940000 - 0x00007ffb3b95b000 	C:\WINDOWS\SYSTEM32\CRYPTSP.dll
0x00007ffb3aff0000 - 0x00007ffb3b029000 	C:\WINDOWS\system32\rsaenh.dll
0x00007ffb3b700000 - 0x00007ffb3b734000 	C:\WINDOWS\SYSTEM32\USERENV.dll
0x00007ffb3c2b0000 - 0x00007ffb3c2da000 	C:\WINDOWS\SYSTEM32\bcrypt.dll
0x00007ffb3b960000 - 0x00007ffb3b96c000 	C:\WINDOWS\SYSTEM32\CRYPTBASE.dll
0x00007ffa8ae80000 - 0x00007ffa8ae8e000 	C:\Users\user\.vscode\extensions\redhat.java-1.56.0-win32-x64\jre\21.0.12.1-win32-x86_64\bin\sunmscapi.dll
0x00007ffb3cd50000 - 0x00007ffb3cece000 	C:\WINDOWS\System32\CRYPT32.dll
0x00007ffb3bb80000 - 0x00007ffb3bbb0000 	C:\WINDOWS\SYSTEM32\ncrypt.dll
0x00007ffb3bb30000 - 0x00007ffb3bb6f000 	C:\WINDOWS\SYSTEM32\NTASN1.dll
0x00007ffb37310000 - 0x00007ffb37318000 	C:\WINDOWS\system32\wshunix.dll

JVMTI agents:
C:\Users\user\.gradle\wrapper\dists\gradle-9.5.1-bin\iq79hdu3mqx29lgffhp8bfmx\gradle-9.5.1\lib\agents\gradle-instrumentation-agent-9.5.1.jar path:C:\Users\user\.vscode\extensions\redhat.java-1.56.0-win32-x64\jre\21.0.12.1-win32-x86_64\bin\instrument.dll, loaded, initialized, instrumentlib options:none

dbghelp: loaded successfully - version: 4.0.5 - missing functions: none
symbol engine: initialized successfully - sym options: 0x614 - pdb path: .;C:\Users\user\.vscode\extensions\redhat.java-1.56.0-win32-x64\jre\21.0.12.1-win32-x86_64\bin;C:\WINDOWS\SYSTEM32;C:\WINDOWS\WinSxS\amd64_microsoft.windows.common-controls_6595b64144ccf1df_6.0.26100.9278_none_3e0d1ba8e3303201;C:\Users\user\.vscode\extensions\redhat.java-1.56.0-win32-x64\jre\21.0.12.1-win32-x86_64\bin\server;C:\Users\user\.gradle\native\660c5614fbf4a5f2a75b1949f50a0caf5cd603558e7d8a26e50b933a0cfb79d1\windows-amd64;C:\Users\user\.gradle\native\0.2.8\x86_64-windows-gnu

VM Arguments:
jvm_args: --add-opens=java.base/java.lang=ALL-UNNAMED --add-opens=java.base/java.lang.invoke=ALL-UNNAMED --add-opens=java.base/java.util=ALL-UNNAMED --add-opens=java.prefs/java.util.prefs=ALL-UNNAMED --add-exports=jdk.compiler/com.sun.tools.javac.api=ALL-UNNAMED --add-exports=jdk.compiler/com.sun.tools.javac.util=ALL-UNNAMED --add-opens=java.base/java.nio.charset=ALL-UNNAMED --add-opens=java.base/java.net=ALL-UNNAMED --add-opens=java.base/java.util.concurrent=ALL-UNNAMED --add-opens=java.base/java.util.concurrent.atomic=ALL-UNNAMED --add-opens=java.xml/javax.xml.namespace=ALL-UNNAMED --add-opens=java.base/java.time=ALL-UNNAMED -XX:MaxMetaspaceSize=384m -XX:+HeapDumpOnOutOfMemoryError -Xms256m -Xmx512m -Dfile.encoding=UTF-8 -Duser.country=419 -Duser.language=es -Duser.variant -javaagent:C:\Users\user\.gradle\wrapper\dists\gradle-9.5.1-bin\iq79hdu3mqx29lgffhp8bfmx\gradle-9.5.1\lib\agents\gradle-instrumentation-agent-9.5.1.jar 
java_command: org.gradle.launcher.daemon.bootstrap.GradleDaemon 9.5.1
java_class_path (initial): C:\Users\user\.gradle\wrapper\dists\gradle-9.5.1-bin\iq79hdu3mqx29lgffhp8bfmx\gradle-9.5.1\lib\gradle-daemon-main-9.5.1.jar
Launcher Type: SUN_STANDARD

[Global flags]
     intx CICompilerCount                          = 3                                         {product} {ergonomic}
   size_t CompressedClassSpaceSize                 = 335544320                                 {product} {ergonomic}
     uint ConcGCThreads                            = 1                                         {product} {ergonomic}
     uint G1ConcRefinementThreads                  = 4                                         {product} {ergonomic}
   size_t G1HeapRegionSize                         = 1048576                                   {product} {ergonomic}
    uintx GCDrainStackTargetSize                   = 64                                        {product} {ergonomic}
     bool HeapDumpOnOutOfMemoryError               = true                                   {manageable} {command line}
   size_t InitialHeapSize                          = 268435456                                 {product} {command line}
   size_t MarkStackSize                            = 4194304                                   {product} {ergonomic}
   size_t MaxHeapSize                              = 536870912                                 {product} {command line}
   size_t MaxMetaspaceSize                         = 402653184                                 {product} {command line}
   size_t MaxNewSize                               = 321912832                                 {product} {ergonomic}
   size_t MinHeapDeltaBytes                        = 1048576                                   {product} {ergonomic}
   size_t MinHeapSize                              = 268435456                                 {product} {command line}
    uintx NonNMethodCodeHeapSize                   = 5832780                                {pd product} {ergonomic}
    uintx NonProfiledCodeHeapSize                  = 122912730                              {pd product} {ergonomic}
    uintx ProfiledCodeHeapSize                     = 122912730                              {pd product} {ergonomic}
    uintx ReservedCodeCacheSize                    = 251658240                              {pd product} {ergonomic}
     bool SegmentedCodeCache                       = true                                      {product} {ergonomic}
   size_t SoftMaxHeapSize                          = 536870912                              {manageable} {ergonomic}
     bool UseCompressedOops                        = true                           {product lp64_product} {ergonomic}
     bool UseG1GC                                  = true                                      {product} {ergonomic}
     bool UseLargePagesIndividualAllocation        = false                                  {pd product} {ergonomic}

Logging:
Log output configuration:
 #0: stdout all=warning uptime,level,tags foldmultilines=false
 #1: stderr all=off uptime,level,tags foldmultilines=false

Release file:
JAVA_VERSION="21.0.12.1" 
MODULES="java.base java.compiler java.datatransfer java.xml java.prefs java.desktop java.instrument java.logging java.management java.security.sasl java.naming java.rmi java.management.rmi java.net.http java.scripting java.security.jgss java.transaction.xa java.sql java.sql.rowset java.xml.crypto java.se java.smartcardio jdk.accessibility jdk.internal.jvmstat jdk.attach jdk.charsets jdk.internal.opt jdk.zipfs jdk.compiler jdk.crypto.ec jdk.crypto.cryptoki jdk.crypto.mscapi jdk.dynalink jdk.internal.ed jdk.editpad jdk.hotspot.agent jdk.httpserver jdk.internal.le jdk.internal.vm.ci jdk.internal.vm.compiler jdk.internal.vm.compiler.management jdk.jartool jdk.javadoc jdk.jcmd jdk.management jdk.management.agent jdk.jconsole jdk.jdeps jdk.jdwp.agent jdk.jdi jdk.jfr jdk.jshell jdk.jsobject jdk.jstatd jdk.localedata jdk.management.jfr jdk.naming.dns jdk.naming.rmi jdk.net jdk.nio.mapmode jdk.random jdk.sctp jdk.security.auth jdk.security.jgss jdk.unsupported jdk.unsupported.desktop jdk.xml.dom" 

Environment Variables:
JAVA_HOME=C:\Program Files\Java\jdk-17
PATH=C:\Program Files\Common Files\Oracle\Java\javapath;C:\Program Files (x86)\Common Files\Oracle\Java\java8path;C:\Program Files (x86)\Common Files\Oracle\Java\javapath;C:\Python313\Scripts\;C:\Python313\;C:\WINDOWS\system32;C:\WINDOWS;C:\WINDOWS\System32\Wbem;C:\WINDOWS\System32\WindowsPowerShell\v1.0\;C:\WINDOWS\System32\OpenSSH\;C:\Program Files\nodejs\;C:\ProgramData\chocolatey\bin;%ANDROID_HOME%\platform-tools;%ANDROID_HOME%\emulator;C:\Python313\Scripts;C:\Users\user\AppData\Local\Programs\Python\Python313\Scripts;C:\mingw64\bin;C:\xampp\php;C:\ProgramData\ComposerSetup\bin;C:\Program Files\Git\cmd;C:\Program Files (x86)\Nmap\;C:\Program Files\Nmap\;C:\Program Files\PostgreSQL\17\bin;;C:\WINDOWS\system32\config\systemprofile\AppData\Local\Muse Hub\lib;C:\Program Files\Docker\Docker\resources\bin;C:\Users\user\AppData\Local\agy\bin;C:\Users\user\AppData\Local\Microsoft\WindowsApps;C:\Users\user\AppData\Roaming\npm;C:\Users\user\AppData\Local\Programs\Microsoft VS Code\bin;C:\Program Files\Java\jdk-17\bin;C:\mingw64\bin;C:\Users\user\AppData\Roaming\Composer\vendor\bin;C:\Program Files (x86)\Nmap;C:\Users\user\AppData\Local\Programs\Antigravity\bin;C:\Users\user\AppData\Local\Muse Hub\lib;C:\Users\user\.lmstudio\bin;C:\Users\user\AppData\Local\Microsoft\WindowsApps;C:\Users\user\AppData\Local\Programs\Antigravity IDE\bin
USERNAME=user
OS=Windows_NT
PROCESSOR_IDENTIFIER=AMD64 Family 23 Model 24 Stepping 1, AuthenticAMD
TMP=C:\Users\user\AppData\Local\Temp
TEMP=C:\Users\user\AppData\Local\Temp




Periodic native trim disabled

---------------  S Y S T E M  ---------------

OS:
 Windows 11 , 64 bit Build 26100 (10.0.26100.9444)
OS uptime: 0 days 1:10 hours
Hyper-V role detected

CPU: total 4 (initial active 4) (4 cores per cpu, 2 threads per core) family 23 model 24 stepping 1 microcode 0x8108109, cx8, cmov, fxsr, ht, mmx, 3dnowpref, sse, sse2, sse3, ssse3, sse4a, sse4.1, sse4.2, popcnt, lzcnt, tsc, tscinvbit, avx, avx2, aes, clmul, bmi1, bmi2, adx, sha, fma, vzeroupper, clflush, clflushopt, hv, rdtscp, f16c
Processor Information for the first 4 processors :
  Max Mhz: 2600, Current Mhz: 2600, Mhz Limit: 2600

Memory: 4k page, system-wide physical 18369M (214M free)
TotalPageFile size 48770M (AvailPageFile size 8M)
current process WorkingSet (physical memory assigned to process): 177M, peak: 261M
current process commit charge ("private bytes"): 446M, peak: 455M

vm_info: OpenJDK 64-Bit Server VM (21.0.12.1+1-LTS) for windows-amd64 JRE (21.0.12.1+1-LTS), built on 2026-08-18T00:00:00Z by "admin" with MS VC++ 17.12 (VS2022)

END.
