#
# There is insufficient memory for the Java Runtime Environment to continue.
# Native memory allocation (malloc) failed to allocate 32744 bytes. Error detail: Chunk::new
# Possible reasons:
#   The system is out of physical RAM or swap space
# Possible solutions:
#   Reduce memory load on the system
#   Increase physical memory or swap space
#   Check if swap backing store is full
#   Decrease Java heap size (-Xmx/-Xms)
#   Decrease number of Java threads
#   Decrease Java thread stack sizes (-Xss)
#   Set larger code cache with -XX:ReservedCodeCacheSize=
# This output file may be truncated or incomplete.
#
#  Out of Memory Error (arena.cpp:168), pid=1512, tid=16812
#
# JRE version: OpenJDK Runtime Environment Temurin-21.0.12.1+1 (21.0.12.1+1) (build 21.0.12.1+1-LTS)
# Java VM: OpenJDK 64-Bit Server VM Temurin-21.0.12.1+1 (21.0.12.1+1-LTS, mixed mode, sharing, tiered, compressed class ptrs, parallel gc, windows-amd64)
# No core dump will be written. Minidumps are not enabled by default on client versions of Windows
#

---------------  S U M M A R Y ------------

Command Line: --add-modules=ALL-SYSTEM --add-opens=java.base/java.util=ALL-UNNAMED --add-opens=java.base/java.lang=ALL-UNNAMED --add-opens=java.base/sun.nio.fs=ALL-UNNAMED -Declipse.application=org.eclipse.jdt.ls.core.id1 -Dosgi.bundles.defaultStartLevel=4 -Declipse.product=org.eclipse.jdt.ls.core.product -Djava.import.generatesMetadataFilesAtProjectRoot=false -Dm2e.project.cache.size=50 -DDetectVMInstallationsJob.disabled=true -Dfile.encoding=utf8 -XX:+UseParallelGC -XX:GCTimeRatio=4 -XX:AdaptiveSizePolicyWeight=90 -Dsun.zip.disableMemoryMapping=true -Xmx32G -Xms100m -Xlog:disable -javaagent:c:\Users\user\.vscode\extensions\redhat.java-1.56.0-win32-x64\lombok\lombok-1.18.39-4050.jar -XX:+HeapDumpOnOutOfMemoryError -XX:HeapDumpPath=c:\Users\user\AppData\Roaming\Code\User\workspaceStorage\9d9156ffb6426d8458dc70a5770c4c03\redhat.java -Daether.dependencyCollector.impl=bf c:\Users\user\.vscode\extensions\redhat.java-1.56.0-win32-x64\server\plugins\org.eclipse.equinox.launcher_1.8.0.v20260804-1928.jar -configuration c:\Users\user\AppData\Roaming\Code\User\globalStorage\redhat.java\1.56.0\config_win -data c:\Users\user\AppData\Roaming\Code\User\workspaceStorage\9d9156ffb6426d8458dc70a5770c4c03\redhat.java\jdt_ws --stdio

Host: AMD Ryzen 3 3250U with Radeon Graphics         , 4 cores, 17G,  Windows 11 , 64 bit Build 26100 (10.0.26100.9444)
Time: Wed Sep 23 20:29:37 2026 Hora est. Pacífico, Sudamérica elapsed time: 7.797702 seconds (0d 0h 0m 7s)

---------------  T H R E A D  ---------------

Current thread (0x00000253ae6776b0):  JavaThread "C2 CompilerThread0" daemon [_thread_in_native, id=16812, stack(0x0000006e17800000,0x0000006e17900000) (1024K)]


Current CompileTask:
C2:7798 2394       4       java.lang.String::startsWith (7 bytes)

Stack: [0x0000006e17800000,0x0000006e17900000]
Native frames: (J=compiled Java code, j=interpreted, Vv=VM code, C=native code)
V  [jvm.dll+0x6d83e9]
V  [jvm.dll+0x8b5736]
V  [jvm.dll+0x8b7cee]
V  [jvm.dll+0x8b83d3]
V  [jvm.dll+0x284596]
V  [jvm.dll+0xc685d]
V  [jvm.dll+0xc6da1]
V  [jvm.dll+0x6b45a7]
V  [jvm.dll+0x6e8c75]
V  [jvm.dll+0x24b909]
V  [jvm.dll+0x1cb4ae]
V  [jvm.dll+0x25baad]
V  [jvm.dll+0x25a03a]
V  [jvm.dll+0x3f8aae]
V  [jvm.dll+0x8600cd]
V  [jvm.dll+0x6d6c1d]
C  [ucrtbase.dll+0x2cd30]
C  [KERNEL32.DLL+0x2cd87]
C  [ntdll.dll+0xacaec]


---------------  P R O C E S S  ---------------

Threads class SMR info:
_java_thread_list=0x0000025c4b5deb40, length=16, elements={
0x00000253ae90da60, 0x00000253ae9cb4b0, 0x00000253ae9cde20, 0x00000253ae672640,
0x00000253ae6732a0, 0x00000253ae675e10, 0x00000253ae676870, 0x00000253ae6776b0,
0x00000253ae6f0880, 0x0000025c46a09bb0, 0x0000025c46b16040, 0x0000025c4b6e8000,
0x0000025c4b094ed0, 0x0000025c4b5a2e90, 0x0000025c4b4c9920, 0x0000025c4b6c9d40
}

Java Threads: ( => current thread )
  0x00000253ae90da60 JavaThread "main"                              [_thread_blocked, id=28056, stack(0x0000006e16e00000,0x0000006e16f00000) (1024K)]
  0x00000253ae9cb4b0 JavaThread "Reference Handler"          daemon [_thread_blocked, id=19100, stack(0x0000006e17200000,0x0000006e17300000) (1024K)]
  0x00000253ae9cde20 JavaThread "Finalizer"                  daemon [_thread_blocked, id=21980, stack(0x0000006e17300000,0x0000006e17400000) (1024K)]
  0x00000253ae672640 JavaThread "Signal Dispatcher"          daemon [_thread_blocked, id=16732, stack(0x0000006e17400000,0x0000006e17500000) (1024K)]
  0x00000253ae6732a0 JavaThread "Attach Listener"            daemon [_thread_blocked, id=21780, stack(0x0000006e17500000,0x0000006e17600000) (1024K)]
  0x00000253ae675e10 JavaThread "Service Thread"             daemon [_thread_blocked, id=20172, stack(0x0000006e17600000,0x0000006e17700000) (1024K)]
  0x00000253ae676870 JavaThread "Monitor Deflation Thread"   daemon [_thread_blocked, id=26808, stack(0x0000006e17700000,0x0000006e17800000) (1024K)]
=>0x00000253ae6776b0 JavaThread "C2 CompilerThread0"         daemon [_thread_in_native, id=16812, stack(0x0000006e17800000,0x0000006e17900000) (1024K)]
  0x00000253ae6f0880 JavaThread "C1 CompilerThread0"         daemon [_thread_blocked, id=6364, stack(0x0000006e17900000,0x0000006e17a00000) (1024K)]
  0x0000025c46a09bb0 JavaThread "Common-Cleaner"             daemon [_thread_blocked, id=24884, stack(0x0000006e17a00000,0x0000006e17b00000) (1024K)]
  0x0000025c46b16040 JavaThread "Notification Thread"        daemon [_thread_blocked, id=24856, stack(0x0000006e17b00000,0x0000006e17c00000) (1024K)]
  0x0000025c4b6e8000 JavaThread "Active Thread: Equinox Container: 8e7bb19e-5f77-4503-be1e-7aee8969da81"        [_thread_blocked, id=20728, stack(0x0000006e18000000,0x0000006e18100000) (1024K)]
  0x0000025c4b094ed0 JavaThread "Refresh Thread: Equinox Container: 8e7bb19e-5f77-4503-be1e-7aee8969da81" daemon [_thread_blocked, id=28188, stack(0x0000006e17c00000,0x0000006e17d00000) (1024K)]
  0x0000025c4b5a2e90 JavaThread "Framework Event Dispatcher: Equinox Container: 8e7bb19e-5f77-4503-be1e-7aee8969da81" daemon [_thread_blocked, id=17856, stack(0x0000006e18100000,0x0000006e18200000) (1024K)]
  0x0000025c4b4c9920 JavaThread "Start Level: Equinox Container: 8e7bb19e-5f77-4503-be1e-7aee8969da81" daemon [_thread_blocked, id=25896, stack(0x0000006e18200000,0x0000006e18300000) (1024K)]
  0x0000025c4b6c9d40 JavaThread "Bundle File Closer"         daemon [_thread_blocked, id=22012, stack(0x0000006e18400000,0x0000006e18500000) (1024K)]
Total: 16

Other Threads:
  0x00000253ae9afb60 VMThread "VM Thread"                           [id=25652, stack(0x0000006e17100000,0x0000006e17200000) (1024K)]
  0x00000253ae60ca00 WatcherThread "VM Periodic Task Thread"        [id=22376, stack(0x0000006e17000000,0x0000006e17100000) (1024K)]
  0x00000253ae92b9e0 WorkerThread "GC Thread#0"                     [id=7036, stack(0x0000006e16f00000,0x0000006e17000000) (1024K)]
  0x0000025c46b50560 WorkerThread "GC Thread#1"                     [id=24608, stack(0x0000006e17d00000,0x0000006e17e00000) (1024K)]
  0x0000025c46b61a30 WorkerThread "GC Thread#2"                     [id=7008, stack(0x0000006e17e00000,0x0000006e17f00000) (1024K)]
  0x0000025c46b61de0 WorkerThread "GC Thread#3"                     [id=17056, stack(0x0000006e17f00000,0x0000006e18000000) (1024K)]
Total: 6

Threads with active compile tasks:
C2 CompilerThread0  7856 2394       4       java.lang.String::startsWith (7 bytes)
Total: 1

VM state: not at safepoint (normal execution)

VM Mutex/Monitor currently owned by a thread: None

CDS archive(s) mapped at: [0x0000025c05000000-0x0000025c05ba0000-0x0000025c05ba0000), size 12189696, SharedBaseAddress: 0x0000025c05000000, ArchiveRelocationMode: 1.
Compressed class space mapped at: 0x0000025c06000000-0x0000025c46000000, reserved size: 1073741824
Narrow klass base: 0x0000025c05000000, Narrow klass shift: 0, Narrow klass range: 0x100000000

GC Precious Log:
 CardTable entry size: 512
 CPUs: 4 total, 4 available
 Memory: 18369M
 Large Page Support: Disabled
 NUMA Support: Disabled
 Compressed Oops: Disabled
 Alignments: Space 512K, Generation 512K, Heap 2M
 Heap Min Capacity: 100M
 Heap Initial Capacity: 100M
 Heap Max Capacity: 32G
 Pre-touch: Disabled
 Parallel Workers: 4

Heap:
 PSYoungGen      total 29696K, used 29428K [0x0000025916180000, 0x0000025918280000, 0x0000025bc0c00000)
  eden space 25600K, 99% used [0x0000025916180000,0x0000025917a44238,0x0000025917a80000)
  from space 4096K, 99% used [0x0000025917a80000,0x0000025917e78fa0,0x0000025917e80000)
  to   space 4096K, 0% used [0x0000025917e80000,0x0000025917e80000,0x0000025918280000)
 ParOldGen       total 68608K, used 5440K [0x00000253c0c00000, 0x00000253c4f00000, 0x0000025916180000)
  object space 68608K, 7% used [0x00000253c0c00000,0x00000253c11502d0,0x00000253c4f00000)
 Metaspace       used 9638K, committed 9984K, reserved 1114112K
  class space    used 1011K, committed 1152K, reserved 1048576K

Card table byte_map: [0x0000025380000000,0x0000025384010000] _byte_map_base: 0x00000252561fa000

Marking Bits: (ParMarkBitMap*) 0x00007ff99ab044a0
 Begin Bits: [0x0000025bc0c00000, 0x0000025be0c00000)
 End Bits:   [0x0000025be0c00000, 0x0000025c00c00000)

Polling page: 0x00000253ac790000

Metaspace:

Usage:
  Non-class:      8.42 MB used.
      Class:   1011.76 KB used.
       Both:      9.41 MB used.

Virtual space:
  Non-class space:       64.00 MB reserved,       8.62 MB ( 13%) committed,  1 nodes.
      Class space:        1.00 GB reserved,       1.12 MB ( <1%) committed,  1 nodes.
             Both:        1.06 GB reserved,       9.75 MB ( <1%) committed. 

Chunk freelists:
   Non-Class:  6.59 MB
       Class:  14.79 MB
        Both:  21.38 MB

MaxMetaspaceSize: unlimited
CompressedClassSpaceSize: 1.00 GB
Initial GC threshold: 21.00 MB
Current GC threshold: 21.00 MB
CDS: on
 - commit_granule_bytes: 65536.
 - commit_granule_words: 8192.
 - virtual_space_node_default_size: 8388608.
 - enlarge_chunks_in_place: 1.
 - use_allocation_guard: 0.


Internal statistics:

num_allocs_failed_limit: 0.
num_arena_births: 256.
num_arena_deaths: 0.
num_vsnodes_births: 2.
num_vsnodes_deaths: 0.
num_space_committed: 156.
num_space_uncommitted: 0.
num_chunks_returned_to_freelist: 0.
num_chunks_taken_from_freelist: 511.
num_chunk_merges: 0.
num_chunk_splits: 323.
num_chunks_enlarged: 213.
num_inconsistent_stats: 0.

CodeHeap 'non-profiled nmethods': size=120000Kb used=1108Kb max_used=1108Kb free=118892Kb
 bounds [0x00000253b95e0000, 0x00000253b9850000, 0x00000253c0b10000]
CodeHeap 'profiled nmethods': size=120000Kb used=4534Kb max_used=4534Kb free=115465Kb
 bounds [0x00000253b1b10000, 0x00000253b1f80000, 0x00000253b9040000]
CodeHeap 'non-nmethods': size=5760Kb used=1227Kb max_used=1265Kb free=4532Kb
 bounds [0x00000253b9040000, 0x00000253b92b0000, 0x00000253b95e0000]
CodeCache: size=245760Kb, used=6869Kb, max_used=6907Kb, free=238889Kb
 total_blobs=2884, nmethods=2392, adapters=398, full_count=0
Compilation: enabled, stopped_count=0, restarted_count=0

Compilation events (20 events):
Event: 7.033 Thread 0x00000253ae6f0880 nmethod 2387 0x00000253b1f78510 code [0x00000253b1f786e0, 0x00000253b1f78a28]
Event: 7.033 Thread 0x00000253ae6f0880 2383       3       java.util.ArrayList$SubList::listIterator (19 bytes)
Event: 7.033 Thread 0x00000253ae6f0880 nmethod 2383 0x00000253b1f78b90 code [0x00000253b1f78da0, 0x00000253b1f792d0]
Event: 7.033 Thread 0x00000253ae6f0880 2384       3       java.util.ArrayList$SubList::rangeCheckForAdd (26 bytes)
Event: 7.034 Thread 0x00000253ae6f0880 nmethod 2384 0x00000253b1f79510 code [0x00000253b1f79780, 0x00000253b1f79f98]
Event: 7.038 Thread 0x00000253ae6776b0 nmethod 2380 0x00000253b96f3990 code [0x00000253b96f3b60, 0x00000253b96f4248]
Event: 7.039 Thread 0x00000253ae6776b0 2381       4       java.lang.StringLatin1::trim (76 bytes)
Event: 7.049 Thread 0x00000253ae6776b0 nmethod 2381 0x00000253b96f4590 code [0x00000253b96f4740, 0x00000253b96f4d78]
Event: 7.143 Thread 0x00000253ae6f0880 2388       3       org.eclipse.osgi.container.ModuleWiring::findEntries (42 bytes)
Event: 7.144 Thread 0x00000253ae6f0880 nmethod 2388 0x00000253b1f7a310 code [0x00000253b1f7a540, 0x00000253b1f7ace0]
Event: 7.392 Thread 0x00000253ae6f0880 2389       3       java.util.concurrent.atomic.AtomicBoolean::<init> (14 bytes)
Event: 7.392 Thread 0x00000253ae6f0880 nmethod 2389 0x00000253b1f7af90 code [0x00000253b1f7b140, 0x00000253b1f7b2e8]
Event: 7.460 Thread 0x00000253ae6f0880 2390       3       java.util.concurrent.Semaphore$NonfairSync::tryAcquireShared (6 bytes)
Event: 7.461 Thread 0x00000253ae6f0880 nmethod 2390 0x00000253b1f7b390 code [0x00000253b1f7b540, 0x00000253b1f7b678]
Event: 7.461 Thread 0x00000253ae6f0880 2391       3       java.util.concurrent.Semaphore$Sync::nonfairTryAcquireShared (27 bytes)
Event: 7.461 Thread 0x00000253ae6f0880 nmethod 2391 0x00000253b1f7b710 code [0x00000253b1f7b8c0, 0x00000253b1f7bb10]
Event: 7.787 Thread 0x00000253ae6f0880 2392       3       java.lang.ref.ReferenceQueue::<init> (32 bytes)
Event: 7.788 Thread 0x00000253ae6f0880 nmethod 2392 0x00000253b1f7bc10 code [0x00000253b1f7be20, 0x00000253b1f7c5a0]
Event: 7.789 Thread 0x00000253ae6f0880 2393       3       java.nio.Buffer::<init> (105 bytes)
Event: 7.789 Thread 0x00000253ae6776b0 2394       4       java.lang.String::startsWith (7 bytes)

GC Heap History (6 events):
Event: 3.566 GC heap before
{Heap before GC invocations=1 (full 0):
 PSYoungGen      total 29696K, used 25600K [0x0000025916180000, 0x0000025918280000, 0x0000025bc0c00000)
  eden space 25600K, 100% used [0x0000025916180000,0x0000025917a80000,0x0000025917a80000)
  from space 4096K, 0% used [0x0000025917e80000,0x0000025917e80000,0x0000025918280000)
  to   space 4096K, 0% used [0x0000025917a80000,0x0000025917a80000,0x0000025917e80000)
 ParOldGen       total 68608K, used 0K [0x00000253c0c00000, 0x00000253c4f00000, 0x0000025916180000)
  object space 68608K, 0% used [0x00000253c0c00000,0x00000253c0c00000,0x00000253c4f00000)
 Metaspace       used 4168K, committed 4416K, reserved 1114112K
  class space    used 458K, committed 576K, reserved 1048576K
}
Event: 3.576 GC heap after
{Heap after GC invocations=1 (full 0):
 PSYoungGen      total 29696K, used 3961K [0x0000025916180000, 0x0000025918280000, 0x0000025bc0c00000)
  eden space 25600K, 0% used [0x0000025916180000,0x0000025916180000,0x0000025917a80000)
  from space 4096K, 96% used [0x0000025917a80000,0x0000025917e5e700,0x0000025917e80000)
  to   space 4096K, 0% used [0x0000025917e80000,0x0000025917e80000,0x0000025918280000)
 ParOldGen       total 68608K, used 16K [0x00000253c0c00000, 0x00000253c4f00000, 0x0000025916180000)
  object space 68608K, 0% used [0x00000253c0c00000,0x00000253c0c04000,0x00000253c4f00000)
 Metaspace       used 4168K, committed 4416K, reserved 1114112K
  class space    used 458K, committed 576K, reserved 1048576K
}
Event: 4.718 GC heap before
{Heap before GC invocations=2 (full 0):
 PSYoungGen      total 29696K, used 29561K [0x0000025916180000, 0x0000025918280000, 0x0000025bc0c00000)
  eden space 25600K, 100% used [0x0000025916180000,0x0000025917a80000,0x0000025917a80000)
  from space 4096K, 96% used [0x0000025917a80000,0x0000025917e5e700,0x0000025917e80000)
  to   space 4096K, 0% used [0x0000025917e80000,0x0000025917e80000,0x0000025918280000)
 ParOldGen       total 68608K, used 16K [0x00000253c0c00000, 0x00000253c4f00000, 0x0000025916180000)
  object space 68608K, 0% used [0x00000253c0c00000,0x00000253c0c04000,0x00000253c4f00000)
 Metaspace       used 7279K, committed 7552K, reserved 1114112K
  class space    used 744K, committed 896K, reserved 1048576K
}
Event: 4.730 GC heap after
{Heap after GC invocations=2 (full 0):
 PSYoungGen      total 29696K, used 4086K [0x0000025916180000, 0x0000025918280000, 0x0000025bc0c00000)
  eden space 25600K, 0% used [0x0000025916180000,0x0000025916180000,0x0000025917a80000)
  from space 4096K, 99% used [0x0000025917e80000,0x000002591827d810,0x0000025918280000)
  to   space 4096K, 0% used [0x0000025917a80000,0x0000025917a80000,0x0000025917e80000)
 ParOldGen       total 68608K, used 3494K [0x00000253c0c00000, 0x00000253c4f00000, 0x0000025916180000)
  object space 68608K, 5% used [0x00000253c0c00000,0x00000253c0f69a18,0x00000253c4f00000)
 Metaspace       used 7279K, committed 7552K, reserved 1114112K
  class space    used 744K, committed 896K, reserved 1048576K
}
Event: 5.704 GC heap before
{Heap before GC invocations=3 (full 0):
 PSYoungGen      total 29696K, used 29686K [0x0000025916180000, 0x0000025918280000, 0x0000025bc0c00000)
  eden space 25600K, 100% used [0x0000025916180000,0x0000025917a80000,0x0000025917a80000)
  from space 4096K, 99% used [0x0000025917e80000,0x000002591827d810,0x0000025918280000)
  to   space 4096K, 0% used [0x0000025917a80000,0x0000025917a80000,0x0000025917e80000)
 ParOldGen       total 68608K, used 3494K [0x00000253c0c00000, 0x00000253c4f00000, 0x0000025916180000)
  object space 68608K, 5% used [0x00000253c0c00000,0x00000253c0f69a18,0x00000253c4f00000)
 Metaspace       used 9426K, committed 9728K, reserved 1114112K
  class space    used 1011K, committed 1152K, reserved 1048576K
}
Event: 5.715 GC heap after
{Heap after GC invocations=3 (full 0):
 PSYoungGen      total 29696K, used 4067K [0x0000025916180000, 0x0000025918280000, 0x0000025bc0c00000)
  eden space 25600K, 0% used [0x0000025916180000,0x0000025916180000,0x0000025917a80000)
  from space 4096K, 99% used [0x0000025917a80000,0x0000025917e78fa0,0x0000025917e80000)
  to   space 4096K, 0% used [0x0000025917e80000,0x0000025917e80000,0x0000025918280000)
 ParOldGen       total 68608K, used 5440K [0x00000253c0c00000, 0x00000253c4f00000, 0x0000025916180000)
  object space 68608K, 7% used [0x00000253c0c00000,0x00000253c11502d0,0x00000253c4f00000)
 Metaspace       used 9426K, committed 9728K, reserved 1114112K
  class space    used 1011K, committed 1152K, reserved 1048576K
}

Dll operation events (18 events):
Event: 0.027 Attempting to load shared library c:\Users\user\.vscode\extensions\redhat.java-1.56.0-win32-x64\jre\21.0.12.1-win32-x86_64\bin\java.dll
Event: 0.027 Loaded shared library c:\Users\user\.vscode\extensions\redhat.java-1.56.0-win32-x64\jre\21.0.12.1-win32-x86_64\bin\java.dll
Event: 0.369 Attempting to load shared library c:\Users\user\.vscode\extensions\redhat.java-1.56.0-win32-x64\jre\21.0.12.1-win32-x86_64\bin\zip.dll
Event: 0.370 Loaded shared library c:\Users\user\.vscode\extensions\redhat.java-1.56.0-win32-x64\jre\21.0.12.1-win32-x86_64\bin\zip.dll
Event: 1.163 Attempting to load shared library C:\Users\user\.vscode\extensions\redhat.java-1.56.0-win32-x64\jre\21.0.12.1-win32-x86_64\bin\instrument.dll
Event: 1.163 Loaded shared library C:\Users\user\.vscode\extensions\redhat.java-1.56.0-win32-x64\jre\21.0.12.1-win32-x86_64\bin\instrument.dll
Event: 1.256 Attempting to load shared library C:\Users\user\.vscode\extensions\redhat.java-1.56.0-win32-x64\jre\21.0.12.1-win32-x86_64\bin\net.dll
Event: 1.258 Loaded shared library C:\Users\user\.vscode\extensions\redhat.java-1.56.0-win32-x64\jre\21.0.12.1-win32-x86_64\bin\net.dll
Event: 1.263 Attempting to load shared library C:\Users\user\.vscode\extensions\redhat.java-1.56.0-win32-x64\jre\21.0.12.1-win32-x86_64\bin\nio.dll
Event: 1.267 Loaded shared library C:\Users\user\.vscode\extensions\redhat.java-1.56.0-win32-x64\jre\21.0.12.1-win32-x86_64\bin\nio.dll
Event: 1.275 Attempting to load shared library C:\Users\user\.vscode\extensions\redhat.java-1.56.0-win32-x64\jre\21.0.12.1-win32-x86_64\bin\zip.dll
Event: 1.275 Loaded shared library C:\Users\user\.vscode\extensions\redhat.java-1.56.0-win32-x64\jre\21.0.12.1-win32-x86_64\bin\zip.dll
Event: 1.405 Attempting to load shared library C:\Users\user\.vscode\extensions\redhat.java-1.56.0-win32-x64\jre\21.0.12.1-win32-x86_64\bin\jimage.dll
Event: 1.405 Loaded shared library C:\Users\user\.vscode\extensions\redhat.java-1.56.0-win32-x64\jre\21.0.12.1-win32-x86_64\bin\jimage.dll
Event: 1.804 Attempting to load shared library c:\Users\user\.vscode\extensions\redhat.java-1.56.0-win32-x64\jre\21.0.12.1-win32-x86_64\bin\verify.dll
Event: 1.804 Loaded shared library c:\Users\user\.vscode\extensions\redhat.java-1.56.0-win32-x64\jre\21.0.12.1-win32-x86_64\bin\verify.dll
Event: 5.267 Attempting to load shared library C:\Users\user\AppData\Roaming\Code\User\globalStorage\redhat.java\1.56.0\config_win\org.eclipse.equinox.launcher\org.eclipse.equinox.launcher.win32.win32.x86_64_1.3.100.v20260804-1928\eclipse_11924.dll
Event: 5.271 Loaded shared library C:\Users\user\AppData\Roaming\Code\User\globalStorage\redhat.java\1.56.0\config_win\org.eclipse.equinox.launcher\org.eclipse.equinox.launcher.win32.win32.x86_64_1.3.100.v20260804-1928\eclipse_11924.dll

Deoptimization events (20 events):
Event: 6.319 Thread 0x0000025c4b4c9920 Uncommon trap: trap_request=0xffffff45 fr.pc=0x00000253b95f1a34 relative=0x0000000000000114
Event: 6.319 Thread 0x0000025c4b4c9920 Uncommon trap: reason=unstable_if action=reinterpret pc=0x00000253b95f1a34 method=java.lang.StringCoding.countPositives([BII)I @ 17 c2
Event: 6.319 Thread 0x0000025c4b4c9920 DEOPT PACKING pc=0x00000253b95f1a34 sp=0x0000006e182fcfa0
Event: 6.319 Thread 0x0000025c4b4c9920 DEOPT UNPACKING pc=0x00000253b9093aa2 sp=0x0000006e182fcf28 mode 2
Event: 6.324 Thread 0x0000025c4b4c9920 DEOPT PACKING pc=0x00000253b1f1d249 sp=0x0000006e182fcfb0
Event: 6.324 Thread 0x0000025c4b4c9920 DEOPT UNPACKING pc=0x00000253b9094242 sp=0x0000006e182fc420 mode 0
Event: 6.329 Thread 0x0000025c4b4c9920 DEOPT PACKING pc=0x00000253b1f1d249 sp=0x0000006e182fcfb0
Event: 6.329 Thread 0x0000025c4b4c9920 DEOPT UNPACKING pc=0x00000253b9094242 sp=0x0000006e182fc420 mode 0
Event: 6.345 Thread 0x0000025c4b4c9920 DEOPT PACKING pc=0x00000253b1f1d249 sp=0x0000006e182fd070
Event: 6.345 Thread 0x0000025c4b4c9920 DEOPT UNPACKING pc=0x00000253b9094242 sp=0x0000006e182fc4e0 mode 0
Event: 6.355 Thread 0x0000025c4b4c9920 DEOPT PACKING pc=0x00000253b1f1d249 sp=0x0000006e182fcfb0
Event: 6.355 Thread 0x0000025c4b4c9920 DEOPT UNPACKING pc=0x00000253b9094242 sp=0x0000006e182fc420 mode 0
Event: 6.372 Thread 0x0000025c4b4c9920 DEOPT PACKING pc=0x00000253b1f1d249 sp=0x0000006e182fcfb0
Event: 6.372 Thread 0x0000025c4b4c9920 DEOPT UNPACKING pc=0x00000253b9094242 sp=0x0000006e182fc420 mode 0
Event: 6.426 Thread 0x0000025c4b4c9920 Uncommon trap: trap_request=0xffffff45 fr.pc=0x00000253b9651354 relative=0x0000000000000194
Event: 6.426 Thread 0x0000025c4b4c9920 Uncommon trap: reason=unstable_if action=reinterpret pc=0x00000253b9651354 method=java.lang.String.startsWith(Ljava/lang/String;I)Z @ 50 c2
Event: 6.426 Thread 0x0000025c4b4c9920 DEOPT PACKING pc=0x00000253b9651354 sp=0x0000006e182fdfc0
Event: 6.426 Thread 0x0000025c4b4c9920 DEOPT UNPACKING pc=0x00000253b9093aa2 sp=0x0000006e182fdef0 mode 2
Event: 6.496 Thread 0x0000025c4b4c9920 DEOPT PACKING pc=0x00000253b1f1d249 sp=0x0000006e182fd0f0
Event: 6.496 Thread 0x0000025c4b4c9920 DEOPT UNPACKING pc=0x00000253b9094242 sp=0x0000006e182fc560 mode 0

Classes loaded (20 events):
Event: 5.542 Loading class sun/util/logging/resources/logging_es_419
Event: 5.542 Loading class sun/util/logging/resources/logging_es_419 done
Event: 5.542 Loading class sun/util/logging/resources/logging_es_419
Event: 5.542 Loading class sun/util/logging/resources/logging_es_419 done
Event: 5.548 Loading class java/util/Formatter$DateTime
Event: 5.548 Loading class java/util/Formatter$DateTime done
Event: 5.548 Loading class java/util/Formatter$FixedString
Event: 5.548 Loading class java/util/Formatter$FixedString done
Event: 5.550 Loading class java/time/ZonedDateTime$1
Event: 5.550 Loading class java/time/ZonedDateTime$1 done
Event: 5.562 Loading class jdk/internal/module/ModulePatcher$PatchedModuleReader
Event: 5.562 Loading class jdk/internal/module/ModulePatcher$PatchedModuleReader done
Event: 5.636 Loading class sun/util/resources/LocaleData$CommonResourceBundleProvider
Event: 5.636 Loading class sun/util/resources/LocaleData$LocaleDataResourceBundleProvider
Event: 5.636 Loading class java/util/spi/ResourceBundleProvider
Event: 5.636 Loading class java/util/spi/ResourceBundleProvider done
Event: 5.636 Loading class sun/util/resources/LocaleData$LocaleDataResourceBundleProvider done
Event: 5.636 Loading class sun/util/resources/LocaleData$CommonResourceBundleProvider done
Event: 5.639 Loading class sun/util/resources/Bundles$2
Event: 5.639 Loading class sun/util/resources/Bundles$2 done

Classes unloaded (0 events):
No events

Classes redefined (0 events):
No events

Internal exceptions (20 events):
Event: 3.733 Thread 0x00000253ae90da60 Implicit null exception at 0x00000253b9640ca9 to 0x00000253b96414dc
Event: 3.734 Thread 0x00000253ae90da60 Implicit null exception at 0x00000253b9648c9d to 0x00000253b9648e7c
Event: 3.735 Thread 0x00000253ae90da60 Exception <a 'java/lang/NoSuchMethodError'{0x0000025916681338}: 'void java.lang.invoke.DirectMethodHandle$Holder.invokeStatic(java.lang.Object, java.lang.Object, java.lang.Object, java.lang.Object)'> (0x0000025916681338) 
thrown [s\src\hotspot\share\interpreter\linkResolver.cpp, line 773]
Event: 3.736 Thread 0x00000253ae90da60 Implicit null exception at 0x00000253b964a61d to 0x00000253b964a7f8
Event: 3.736 Thread 0x00000253ae90da60 Implicit null exception at 0x00000253b96439bd to 0x00000253b9643a41
Event: 3.992 Thread 0x00000253ae90da60 Exception <a 'java/lang/NoSuchMethodError'{0x0000025916960710}: 'void java.lang.invoke.DirectMethodHandle$Holder.invokeSpecial(java.lang.Object, java.lang.Object, java.lang.Object)'> (0x0000025916960710) 
thrown [s\src\hotspot\share\interpreter\linkResolver.cpp, line 773]
Event: 4.496 Thread 0x00000253ae90da60 Exception <a 'java/lang/NoSuchMethodError'{0x00000259175a5a38}: 'int java.lang.invoke.DirectMethodHandle$Holder.invokeVirtual(java.lang.Object, java.lang.Object)'> (0x00000259175a5a38) 
thrown [s\src\hotspot\share\interpreter\linkResolver.cpp, line 773]
Event: 4.603 Thread 0x00000253ae90da60 Exception <a 'java/lang/NoSuchMethodError'{0x000002591775bd78}: 'int java.lang.invoke.DirectMethodHandle$Holder.invokeStaticInit(java.lang.Object, java.lang.Object, java.lang.Object, java.lang.Object)'> (0x000002591775bd78) 
thrown [s\src\hotspot\share\interpreter\linkResolver.cpp, line 773]
Event: 4.608 Thread 0x00000253ae90da60 Exception <a 'java/lang/IncompatibleClassChangeError'{0x0000025917766ae8}: Found class java.lang.Object, but interface was expected> (0x0000025917766ae8) 
thrown [s\src\hotspot\share\interpreter\linkResolver.cpp, line 840]
Event: 4.609 Thread 0x00000253ae90da60 Exception <a 'java/lang/NoSuchMethodError'{0x000002591776f498}: 'void java.lang.invoke.DirectMethodHandle$Holder.invokeStaticInit(java.lang.Object, java.lang.Object)'> (0x000002591776f498) 
thrown [s\src\hotspot\share\interpreter\linkResolver.cpp, line 773]
Event: 4.610 Thread 0x00000253ae90da60 Exception <a 'java/lang/NoSuchMethodError'{0x000002591777b5b8}: 'int java.lang.invoke.DirectMethodHandle$Holder.invokeStaticInit(java.lang.Object, java.lang.Object)'> (0x000002591777b5b8) 
thrown [s\src\hotspot\share\interpreter\linkResolver.cpp, line 773]
Event: 4.707 Thread 0x00000253ae90da60 Exception <a 'java/lang/NoSuchMethodError'{0x0000025917a30e30}: 'java.lang.Object java.lang.invoke.DirectMethodHandle$Holder.newInvokeSpecial(java.lang.Object, int, java.lang.Object)'> (0x0000025917a30e30) 
thrown [s\src\hotspot\share\interpreter\linkResolver.cpp, line 773]
Event: 4.810 Thread 0x00000253ae90da60 Exception <a 'java/lang/ClassNotFoundException'{0x00000259163b56b0}: sun/net/www/protocol/plurl/Handler> (0x00000259163b56b0) 
thrown [s\src\hotspot\share\classfile\systemDictionary.cpp, line 313]
Event: 4.810 Thread 0x00000253ae90da60 Exception <a 'java/lang/ClassNotFoundException'{0x00000259163b6860}: sun/net/www/protocol/plurl/Handler> (0x00000259163b6860) 
thrown [s\src\hotspot\share\classfile\systemDictionary.cpp, line 313]
Event: 5.263 Thread 0x00000253ae90da60 Exception <a 'java/lang/UnsatisfiedLinkError'{0x00000259168bd6a8}: 'void org.eclipse.equinox.launcher.JNIBridge._update_splash()'> (0x00000259168bd6a8) 
thrown [s\src\hotspot\share\prims\nativeLookup.cpp, line 415]
Event: 5.327 Thread 0x0000025c4b094ed0 Exception <a 'java/lang/NoSuchMethodError'{0x0000025916b7b530}: 'void java.lang.invoke.DirectMethodHandle$Holder.invokeInterface(java.lang.Object, java.lang.Object, java.lang.Object)'> (0x0000025916b7b530) 
thrown [s\src\hotspot\share\interpreter\linkResolver.cpp, line 773]
Event: 5.466 Thread 0x0000025c4b4c9920 Exception <a 'java/lang/NoSuchMethodError'{0x0000025916fc7968}: 'java.lang.Object java.lang.invoke.DirectMethodHandle$Holder.newInvokeSpecial(java.lang.Object, java.lang.Object, int, java.lang.Object)'> (0x0000025916fc7968) 
thrown [s\src\hotspot\share\interpreter\linkResolver.cpp, line 773]
Event: 5.467 Thread 0x0000025c4b4c9920 Exception <a 'java/lang/NoSuchMethodError'{0x0000025916fcc930}: 'java.lang.Object java.lang.invoke.DirectMethodHandle$Holder.invokeSpecial(java.lang.Object, java.lang.Object, java.lang.Object, int, java.lang.Object)'> (0x0000025916fcc930) 
thrown [s\src\hotspot\share\interpreter\linkResolver.cpp, line 773]
Event: 5.496 Thread 0x0000025c4b4c9920 Exception <a 'java/lang/NoClassDefFoundError'{0x0000025917090740}: jakarta/servlet/ServletContainerInitializer> (0x0000025917090740) 
thrown [s\src\hotspot\share\classfile\systemDictionary.cpp, line 302]
Event: 5.540 Thread 0x0000025c4b4c9920 Exception <a 'java/lang/ClassNotFoundException'{0x000002591721ac38}: sun/util/logging/resources/spi/loggingProvider> (0x000002591721ac38) 
thrown [s\src\hotspot\share\classfile\systemDictionary.cpp, line 313]

ZGC Phase Switch (0 events):
No events

VM Operations (20 events):
Event: 4.685 Executing non-safepoint VM operation: HandshakeAllThreads (Deoptimize)
Event: 4.685 Executing non-safepoint VM operation: HandshakeAllThreads (Deoptimize) done
Event: 4.718 Executing safepoint VM operation: ParallelGCFailedAllocation (Allocation Failure)
Event: 4.730 Executing safepoint VM operation: ParallelGCFailedAllocation (Allocation Failure) done
Event: 4.792 Executing non-safepoint VM operation: HandshakeAllThreads (Deoptimize)
Event: 4.793 Executing non-safepoint VM operation: HandshakeAllThreads (Deoptimize) done
Event: 5.519 Executing non-safepoint VM operation: HandshakeAllThreads (Deoptimize)
Event: 5.519 Executing non-safepoint VM operation: HandshakeAllThreads (Deoptimize) done
Event: 5.563 Executing non-safepoint VM operation: HandshakeAllThreads (Deoptimize)
Event: 5.563 Executing non-safepoint VM operation: HandshakeAllThreads (Deoptimize) done
Event: 5.653 Executing non-safepoint VM operation: HandshakeAllThreads (Deoptimize)
Event: 5.653 Executing non-safepoint VM operation: HandshakeAllThreads (Deoptimize) done
Event: 5.670 Executing non-safepoint VM operation: HandshakeAllThreads (Deoptimize)
Event: 5.670 Executing non-safepoint VM operation: HandshakeAllThreads (Deoptimize) done
Event: 5.704 Executing safepoint VM operation: ParallelGCFailedAllocation (Allocation Failure)
Event: 5.715 Executing safepoint VM operation: ParallelGCFailedAllocation (Allocation Failure) done
Event: 6.286 Executing non-safepoint VM operation: HandshakeAllThreads (Deoptimize)
Event: 6.286 Executing non-safepoint VM operation: HandshakeAllThreads (Deoptimize) done
Event: 7.294 Executing safepoint VM operation: Cleanup
Event: 7.294 Executing safepoint VM operation: Cleanup done

Memory protections (0 events):
No events

Nmethod flushes (0 events):
No events

Events (20 events):
Event: 0.121 Thread 0x00000253ae90da60 Thread added: 0x00000253ae6732a0
Event: 0.121 Thread 0x00000253ae90da60 Thread added: 0x00000253ae675e10
Event: 0.121 Thread 0x00000253ae90da60 Thread added: 0x00000253ae676870
Event: 0.121 Thread 0x00000253ae90da60 Thread added: 0x00000253ae6776b0
Event: 0.137 Thread 0x00000253ae90da60 Thread added: 0x00000253ae6f0880
Event: 1.212 Thread 0x00000253ae90da60 Thread added: 0x0000025c46a09bb0
Event: 1.692 Thread 0x00000253ae6776b0 Thread added: 0x0000025c46af5a40
Event: 1.820 Thread 0x0000025c46af5a40 Thread exited: 0x0000025c46af5a40
Event: 2.360 Thread 0x00000253ae90da60 Thread added: 0x0000025c46b16040
Event: 2.386 Thread 0x00000253ae6f0880 Thread added: 0x0000025c46af42a0
Event: 3.866 Thread 0x0000025c46af42a0 Thread exited: 0x0000025c46af42a0
Event: 4.089 Thread 0x00000253ae6f0880 Thread added: 0x0000025c4b094ed0
Event: 4.628 Thread 0x00000253ae90da60 Thread added: 0x0000025c4b6e8000
Event: 5.138 Thread 0x0000025c4b094ed0 Thread exited: 0x0000025c4b094ed0
Event: 5.260 Thread 0x00000253ae90da60 Thread added: 0x0000025c4b094ed0
Event: 5.332 Thread 0x0000025c4b094ed0 Thread added: 0x0000025c4b5a2e90
Event: 5.337 Thread 0x00000253ae90da60 Thread added: 0x0000025c4b4c9920
Event: 5.681 Thread 0x00000253ae6776b0 Thread added: 0x0000025c4b4896e0
Event: 6.273 Thread 0x0000025c4b4c9920 Thread added: 0x0000025c4b6c9d40
Event: 6.771 Thread 0x0000025c4b4896e0 Thread exited: 0x0000025c4b4896e0


Dynamic libraries:
0x00007ff7cc180000 - 0x00007ff7cc18e000 	c:\Users\user\.vscode\extensions\redhat.java-1.56.0-win32-x64\jre\21.0.12.1-win32-x86_64\bin\java.exe
0x00007ffa57640000 - 0x00007ffa578a7000 	C:\WINDOWS\SYSTEM32\ntdll.dll
0x00007ffa55540000 - 0x00007ffa5560b000 	C:\WINDOWS\System32\KERNEL32.DLL
0x00007ffa549f0000 - 0x00007ffa54df2000 	C:\WINDOWS\System32\KERNELBASE.dll
0x00007ffa54e00000 - 0x00007ffa54f4c000 	C:\WINDOWS\System32\ucrtbase.dll
0x00007ffa33980000 - 0x00007ffa33998000 	c:\Users\user\.vscode\extensions\redhat.java-1.56.0-win32-x64\jre\21.0.12.1-win32-x86_64\bin\jli.dll
0x00007ffa55360000 - 0x00007ffa5552f000 	C:\WINDOWS\System32\USER32.dll
0x00007ffa54840000 - 0x00007ffa54867000 	C:\WINDOWS\System32\win32u.dll
0x00007ffa575d0000 - 0x00007ffa575fb000 	C:\WINDOWS\System32\GDI32.dll
0x00007ffa550f0000 - 0x00007ffa55219000 	C:\WINDOWS\System32\gdi32full.dll
0x00007ffa55220000 - 0x00007ffa552c3000 	C:\WINDOWS\System32\msvcp_win.dll
0x00007ffa3ab70000 - 0x00007ffa3ab8e000 	c:\Users\user\.vscode\extensions\redhat.java-1.56.0-win32-x64\jre\21.0.12.1-win32-x86_64\bin\VCRUNTIME140.dll
0x00007ffa45890000 - 0x00007ffa45b20000 	C:\WINDOWS\WinSxS\amd64_microsoft.windows.common-controls_6595b64144ccf1df_6.0.26100.9278_none_3e0d1ba8e3303201\COMCTL32.dll
0x00007ffa55ae0000 - 0x00007ffa55b89000 	C:\WINDOWS\System32\msvcrt.dll
0x00007ffa563a0000 - 0x00007ffa563d1000 	C:\WINDOWS\System32\IMM32.DLL
0x00007ffa43580000 - 0x00007ffa4358c000 	c:\Users\user\.vscode\extensions\redhat.java-1.56.0-win32-x64\jre\21.0.12.1-win32-x86_64\bin\vcruntime140_1.dll
0x00007ff9f9e50000 - 0x00007ff9f9edd000 	c:\Users\user\.vscode\extensions\redhat.java-1.56.0-win32-x64\jre\21.0.12.1-win32-x86_64\bin\msvcp140.dll
0x00007ff999e40000 - 0x00007ff99abe2000 	c:\Users\user\.vscode\extensions\redhat.java-1.56.0-win32-x64\jre\21.0.12.1-win32-x86_64\bin\server\jvm.dll
0x00007ffa55610000 - 0x00007ffa556cc000 	C:\WINDOWS\System32\ADVAPI32.dll
0x00007ffa55980000 - 0x00007ffa55a29000 	C:\WINDOWS\System32\sechost.dll
0x00007ffa57260000 - 0x00007ffa57378000 	C:\WINDOWS\System32\RPCRT4.dll
0x00007ffa57540000 - 0x00007ffa575c0000 	C:\WINDOWS\System32\WS2_32.dll
0x00007ffa546a0000 - 0x00007ffa546fe000 	C:\WINDOWS\SYSTEM32\POWRPROF.dll
0x00007ffa4e4e0000 - 0x00007ffa4e516000 	C:\WINDOWS\SYSTEM32\WINMM.dll
0x00007ffa4e520000 - 0x00007ffa4e52b000 	C:\WINDOWS\SYSTEM32\VERSION.dll
0x00007ffa54680000 - 0x00007ffa54695000 	C:\WINDOWS\SYSTEM32\UMPDC.dll
0x00007ffa53510000 - 0x00007ffa5352b000 	C:\WINDOWS\SYSTEM32\kernel.appcore.dll
0x00007ffa43540000 - 0x00007ffa4354a000 	c:\Users\user\.vscode\extensions\redhat.java-1.56.0-win32-x64\jre\21.0.12.1-win32-x86_64\bin\jimage.dll
0x00007ffa40c70000 - 0x00007ffa40ebc000 	C:\WINDOWS\SYSTEM32\DBGHELP.DLL
0x00007ffa56e50000 - 0x00007ffa571d5000 	C:\WINDOWS\System32\combase.dll
0x00007ffa562c0000 - 0x00007ffa56399000 	C:\WINDOWS\System32\OLEAUT32.dll
0x00007ffa3d490000 - 0x00007ffa3d4cb000 	C:\WINDOWS\SYSTEM32\dbgcore.DLL
0x00007ffa54870000 - 0x00007ffa5491c000 	C:\WINDOWS\System32\bcryptPrimitives.dll
0x00007ff9f9e40000 - 0x00007ff9f9e4f000 	c:\Users\user\.vscode\extensions\redhat.java-1.56.0-win32-x64\jre\21.0.12.1-win32-x86_64\bin\instrument.dll
0x00007ff9f9b40000 - 0x00007ff9f9b60000 	c:\Users\user\.vscode\extensions\redhat.java-1.56.0-win32-x64\jre\21.0.12.1-win32-x86_64\bin\java.dll
0x00007ffa563e0000 - 0x00007ffa56b78000 	C:\WINDOWS\System32\SHELL32.dll
0x00007ffa52290000 - 0x00007ffa52b3e000 	C:\WINDOWS\SYSTEM32\windows.storage.dll
0x00007ffa55b90000 - 0x00007ffa55c8b000 	C:\WINDOWS\System32\SHCORE.dll
0x00007ffa56250000 - 0x00007ffa562b6000 	C:\WINDOWS\System32\shlwapi.dll
0x00007ffa54760000 - 0x00007ffa54789000 	C:\WINDOWS\SYSTEM32\profapi.dll
0x00007ff9f4470000 - 0x00007ff9f4488000 	c:\Users\user\.vscode\extensions\redhat.java-1.56.0-win32-x64\jre\21.0.12.1-win32-x86_64\bin\zip.dll
0x00007ffa3c070000 - 0x00007ffa3c080000 	C:\Users\user\.vscode\extensions\redhat.java-1.56.0-win32-x64\jre\21.0.12.1-win32-x86_64\bin\net.dll
0x00007ffa4a9e0000 - 0x00007ffa4ab0a000 	C:\WINDOWS\SYSTEM32\WINHTTP.dll
0x00007ffa53ad0000 - 0x00007ffa53b3c000 	C:\WINDOWS\system32\mswsock.dll
0x00007ff9f4450000 - 0x00007ff9f4466000 	C:\Users\user\.vscode\extensions\redhat.java-1.56.0-win32-x64\jre\21.0.12.1-win32-x86_64\bin\nio.dll
0x00007ffa3aa40000 - 0x00007ffa3aa50000 	c:\Users\user\.vscode\extensions\redhat.java-1.56.0-win32-x64\jre\21.0.12.1-win32-x86_64\bin\verify.dll
0x00007ff9f9ce0000 - 0x00007ff9f9d25000 	C:\Users\user\AppData\Roaming\Code\User\globalStorage\redhat.java\1.56.0\config_win\org.eclipse.equinox.launcher\org.eclipse.equinox.launcher.win32.win32.x86_64_1.3.100.v20260804-1928\eclipse_11924.dll
0x00007ffa55700000 - 0x00007ffa5589a000 	C:\WINDOWS\System32\ole32.dll

JVMTI agents:
c:\Users\user\.vscode\extensions\redhat.java-1.56.0-win32-x64\lombok\lombok-1.18.39-4050.jar path:c:\Users\user\.vscode\extensions\redhat.java-1.56.0-win32-x64\jre\21.0.12.1-win32-x86_64\bin\instrument.dll, loaded, initialized, instrumentlib options:none

dbghelp: loaded successfully - version: 4.0.5 - missing functions: none
symbol engine: initialized successfully - sym options: 0x614 - pdb path: .;c:\Users\user\.vscode\extensions\redhat.java-1.56.0-win32-x64\jre\21.0.12.1-win32-x86_64\bin;C:\WINDOWS\SYSTEM32;C:\WINDOWS\WinSxS\amd64_microsoft.windows.common-controls_6595b64144ccf1df_6.0.26100.9278_none_3e0d1ba8e3303201;c:\Users\user\.vscode\extensions\redhat.java-1.56.0-win32-x64\jre\21.0.12.1-win32-x86_64\bin\server;C:\Users\user\AppData\Roaming\Code\User\globalStorage\redhat.java\1.56.0\config_win\org.eclipse.equinox.launcher\org.eclipse.equinox.launcher.win32.win32.x86_64_1.3.100.v20260804-1928

VM Arguments:
jvm_args: --add-modules=ALL-SYSTEM --add-opens=java.base/java.util=ALL-UNNAMED --add-opens=java.base/java.lang=ALL-UNNAMED --add-opens=java.base/sun.nio.fs=ALL-UNNAMED -Declipse.application=org.eclipse.jdt.ls.core.id1 -Dosgi.bundles.defaultStartLevel=4 -Declipse.product=org.eclipse.jdt.ls.core.product -Djava.import.generatesMetadataFilesAtProjectRoot=false -Dm2e.project.cache.size=50 -DDetectVMInstallationsJob.disabled=true -Dfile.encoding=utf8 -XX:+UseParallelGC -XX:GCTimeRatio=4 -XX:AdaptiveSizePolicyWeight=90 -Dsun.zip.disableMemoryMapping=true -Xmx32G -Xms100m -Xlog:disable -javaagent:c:\Users\user\.vscode\extensions\redhat.java-1.56.0-win32-x64\lombok\lombok-1.18.39-4050.jar -XX:+HeapDumpOnOutOfMemoryError -XX:HeapDumpPath=c:\Users\user\AppData\Roaming\Code\User\workspaceStorage\9d9156ffb6426d8458dc70a5770c4c03\redhat.java -Daether.dependencyCollector.impl=bf 
java_command: c:\Users\user\.vscode\extensions\redhat.java-1.56.0-win32-x64\server\plugins\org.eclipse.equinox.launcher_1.8.0.v20260804-1928.jar -configuration c:\Users\user\AppData\Roaming\Code\User\globalStorage\redhat.java\1.56.0\config_win -data c:\Users\user\AppData\Roaming\Code\User\workspaceStorage\9d9156ffb6426d8458dc70a5770c4c03\redhat.java\jdt_ws --stdio
java_class_path (initial): c:\Users\user\.vscode\extensions\redhat.java-1.56.0-win32-x64\server\plugins\org.eclipse.equinox.launcher_1.8.0.v20260804-1928.jar
Launcher Type: SUN_STANDARD

[Global flags]
    uintx AdaptiveSizePolicyWeight                 = 90                                        {product} {command line}
     intx CICompilerCount                          = 3                                         {product} {ergonomic}
    uintx GCTimeRatio                              = 4                                         {product} {command line}
     bool HeapDumpOnOutOfMemoryError               = true                                   {manageable} {command line}
    ccstr HeapDumpPath                             = c:\Users\user\AppData\Roaming\Code\User\workspaceStorage\9d9156ffb6426d8458dc70a5770c4c03\redhat.java         {manageable} {command line}
   size_t InitialHeapSize                          = 104857600                                 {product} {command line}
   size_t MaxHeapSize                              = 34359738368                               {product} {command line}
   size_t MaxNewSize                               = 11453071360                               {product} {ergonomic}
   size_t MinHeapDeltaBytes                        = 524288                                    {product} {ergonomic}
   size_t MinHeapSize                              = 104857600                                 {product} {command line}
   size_t NewSize                                  = 34603008                                  {product} {ergonomic}
    uintx NonNMethodCodeHeapSize                   = 5832780                                {pd product} {ergonomic}
    uintx NonProfiledCodeHeapSize                  = 122912730                              {pd product} {ergonomic}
   size_t OldSize                                  = 70254592                                  {product} {ergonomic}
    uintx ProfiledCodeHeapSize                     = 122912730                              {pd product} {ergonomic}
    uintx ReservedCodeCacheSize                    = 251658240                              {pd product} {ergonomic}
     bool SegmentedCodeCache                       = true                                      {product} {ergonomic}
   size_t SoftMaxHeapSize                          = 34359738368                            {manageable} {ergonomic}
     bool UseLargePagesIndividualAllocation        = false                                  {pd product} {ergonomic}
     bool UseParallelGC                            = true                                      {product} {command line}

Logging:
Log output configuration:
 #0: stdout all=off uptime,level,tags foldmultilines=false
 #1: stderr all=off uptime,level,tags foldmultilines=false

Release file:
JAVA_VERSION="21.0.12.1" 
MODULES="java.base java.compiler java.datatransfer java.xml java.prefs java.desktop java.instrument java.logging java.management java.security.sasl java.naming java.rmi java.management.rmi java.net.http java.scripting java.security.jgss java.transaction.xa java.sql java.sql.rowset java.xml.crypto java.se java.smartcardio jdk.accessibility jdk.internal.jvmstat jdk.attach jdk.charsets jdk.internal.opt jdk.zipfs jdk.compiler jdk.crypto.ec jdk.crypto.cryptoki jdk.crypto.mscapi jdk.dynalink jdk.internal.ed jdk.editpad jdk.hotspot.agent jdk.httpserver jdk.internal.le jdk.internal.vm.ci jdk.internal.vm.compiler jdk.internal.vm.compiler.management jdk.jartool jdk.javadoc jdk.jcmd jdk.management jdk.management.agent jdk.jconsole jdk.jdeps jdk.jdwp.agent jdk.jdi jdk.jfr jdk.jshell jdk.jsobject jdk.jstatd jdk.localedata jdk.management.jfr jdk.naming.dns jdk.naming.rmi jdk.net jdk.nio.mapmode jdk.random jdk.sctp jdk.security.auth jdk.security.jgss jdk.unsupported jdk.unsupported.desktop jdk.xml.dom" 

Environment Variables:
JAVA_HOME=C:\Program Files\Java\jdk-17
PATH=C:\Program Files\Common Files\Oracle\Java\javapath;C:\Program Files (x86)\Common Files\Oracle\Java\java8path;C:\Program Files (x86)\Common Files\Oracle\Java\javapath;C:\Python313\Scripts\;C:\Python313\;C:\WINDOWS\system32;C:\WINDOWS;C:\WINDOWS\System32\Wbem;C:\WINDOWS\System32\WindowsPowerShell\v1.0\;C:\WINDOWS\System32\OpenSSH\;C:\Program Files\nodejs\;C:\ProgramData\chocolatey\bin;%ANDROID_HOME%\platform-tools;%ANDROID_HOME%\emulator;C:\Python313\Scripts;C:\Users\user\AppData\Local\Programs\Python\Python313\Scripts;C:\mingw64\bin;C:\xampp\php;C:\ProgramData\ComposerSetup\bin;C:\Program Files\Git\cmd;C:\Program Files (x86)\Nmap\;C:\Program Files\Nmap\;C:\Program Files\PostgreSQL\17\bin;;C:\Users\user\AppData\Local\Muse Hub\lib;C:\Program Files\Docker\Docker\resources\bin;C:\Users\user\AppData\Local\agy\bin;C:\Users\user\AppData\Local\Microsoft\WindowsApps;C:\Users\user\AppData\Roaming\npm;C:\Program Files\Java\jdk-17\bin;C:\mingw64\bin;C:\Users\user\AppData\Roaming\Composer\vendor\bin;C:\Program Files (x86)\Nmap;C:\Users\user\AppData\Local\Programs\Antigravity\bin;C:\Users\user\AppData\Local\Muse Hub\lib;C:\Users\user\.lmstudio\bin;C:\Users\user\AppData\Local\Microsoft\WindowsApps;C:\Users\user\AppData\Local\Programs\Antigravity IDE\bin;C:\Users\user\AppData\Local\Programs\Microsoft VS Code\bin
USERNAME=user
OS=Windows_NT
PROCESSOR_IDENTIFIER=AMD64 Family 23 Model 24 Stepping 1, AuthenticAMD
TMP=C:\Users\user\AppData\Local\Temp
TEMP=C:\Users\user\AppData\Local\Temp




Periodic native trim disabled

---------------  S Y S T E M  ---------------

OS:
 Windows 11 , 64 bit Build 26100 (10.0.26100.9444)
OS uptime: 0 days 9:31 hours
Hyper-V role detected

CPU: total 4 (initial active 4) (4 cores per cpu, 2 threads per core) family 23 model 24 stepping 1 microcode 0x8108109, cx8, cmov, fxsr, ht, mmx, 3dnowpref, sse, sse2, sse3, ssse3, sse4a, sse4.1, sse4.2, popcnt, lzcnt, tsc, tscinvbit, avx, avx2, aes, clmul, bmi1, bmi2, adx, sha, fma, vzeroupper, clflush, clflushopt, hv, rdtscp, f16c
Processor Information for the first 4 processors :
  Max Mhz: 2600, Current Mhz: 2600, Mhz Limit: 2600

Memory: 4k page, system-wide physical 18369M (1135M free)
TotalPageFile size 48770M (AvailPageFile size 0M)
current process WorkingSet (physical memory assigned to process): 106M, peak: 112M
current process commit charge ("private bytes"): 1260M, peak: 1264M

vm_info: OpenJDK 64-Bit Server VM (21.0.12.1+1-LTS) for windows-amd64 JRE (21.0.12.1+1-LTS), built on 2026-08-18T00:00:00Z by "admin" with MS VC++ 17.12 (VS2022)

END.
