#
# There is insufficient memory for the Java Runtime Environment to continue.
# Native memory allocation (malloc) failed to allocate 1056816 bytes. Error detail: Chunk::new
# Possible reasons:
#   The system is out of physical RAM or swap space
# Possible solutions:
#   Reduce memory load on the system
#   Increase physical memory or swap space
#   Check if swap backing store is full
#   Decrease Java heap size (-Xmx/-Xms)
#   Decrease number of Java threads
#   Decrease Java thread stack sizes (-Xss)
#   Set larger code cache with -XX:ReservedCodeCacheSize=
# This output file may be truncated or incomplete.
#
#  Out of Memory Error (arena.cpp:168), pid=27616, tid=19676
#
# JRE version: OpenJDK Runtime Environment Temurin-21.0.12.1+1 (21.0.12.1+1) (build 21.0.12.1+1-LTS)
# Java VM: OpenJDK 64-Bit Server VM Temurin-21.0.12.1+1 (21.0.12.1+1-LTS, mixed mode, sharing, tiered, compressed class ptrs, parallel gc, windows-amd64)
# No core dump will be written. Minidumps are not enabled by default on client versions of Windows
#

---------------  S U M M A R Y ------------

Command Line: --add-modules=ALL-SYSTEM --add-opens=java.base/java.util=ALL-UNNAMED --add-opens=java.base/java.lang=ALL-UNNAMED --add-opens=java.base/sun.nio.fs=ALL-UNNAMED -Declipse.application=org.eclipse.jdt.ls.core.id1 -Dosgi.bundles.defaultStartLevel=4 -Declipse.product=org.eclipse.jdt.ls.core.product -Djava.import.generatesMetadataFilesAtProjectRoot=false -Dm2e.project.cache.size=50 -DDetectVMInstallationsJob.disabled=true -Dfile.encoding=utf8 -XX:+UseParallelGC -XX:GCTimeRatio=4 -XX:AdaptiveSizePolicyWeight=90 -Dsun.zip.disableMemoryMapping=true -Xmx32G -Xms100m -Xlog:disable -javaagent:c:\Users\user\.vscode\extensions\redhat.java-1.56.0-win32-x64\lombok\lombok-1.18.39-4050.jar -XX:+HeapDumpOnOutOfMemoryError -XX:HeapDumpPath=c:\Users\user\AppData\Roaming\Code\User\workspaceStorage\9d9156ffb6426d8458dc70a5770c4c03\redhat.java -Daether.dependencyCollector.impl=bf c:\Users\user\.vscode\extensions\redhat.java-1.56.0-win32-x64\server\plugins\org.eclipse.equinox.launcher_1.8.0.v20260804-1928.jar -configuration c:\Users\user\AppData\Roaming\Code\User\globalStorage\redhat.java\1.56.0\config_win -data c:\Users\user\AppData\Roaming\Code\User\workspaceStorage\9d9156ffb6426d8458dc70a5770c4c03\redhat.java\jdt_ws --stdio

Host: AMD Ryzen 3 3250U with Radeon Graphics         , 4 cores, 17G,  Windows 11 , 64 bit Build 26100 (10.0.26100.9444)
Time: Wed Sep 23 20:30:45 2026 Hora est. Pacífico, Sudamérica elapsed time: 67.947139 seconds (0d 0h 1m 7s)

---------------  T H R E A D  ---------------

Current thread (0x0000024f88a276b0):  JavaThread "C2 CompilerThread0" daemon [_thread_in_native, id=19676, stack(0x000000e813c00000,0x000000e813d00000) (1024K)]


Current CompileTask:
C2:67947 14192   !   4       org.eclipse.jdt.internal.core.JavaProject$ModuleLookup::getModule (102 bytes)

Stack: [0x000000e813c00000,0x000000e813d00000]
Native frames: (J=compiled Java code, j=interpreted, Vv=VM code, C=native code)
V  [jvm.dll+0x6d83e9]
V  [jvm.dll+0x8b5736]
V  [jvm.dll+0x8b7cee]
V  [jvm.dll+0x8b83d3]
V  [jvm.dll+0x284596]
V  [jvm.dll+0xc685d]
V  [jvm.dll+0xc6da1]
V  [jvm.dll+0x3bf151]
V  [jvm.dll+0x38b6d2]
V  [jvm.dll+0x38ab1a]
V  [jvm.dll+0x24c700]
V  [jvm.dll+0x24bce0]
V  [jvm.dll+0x1cb4ae]
V  [jvm.dll+0x25baad]
V  [jvm.dll+0x25a03a]
V  [jvm.dll+0x3f8aae]
V  [jvm.dll+0x8600cd]
V  [jvm.dll+0x6d6c1d]
C  [ucrtbase.dll+0x2cd30]
C  [KERNEL32.DLL+0x2cd87]
C  [ntdll.dll+0xacaec]


---------------  P R O C E S S  ---------------

Threads class SMR info:
_java_thread_list=0x0000025834aa4310, length=49, elements={
0x0000024f88cbda60, 0x0000024f88d7b4b0, 0x0000024f88d7de20, 0x0000024f88a22290,
0x0000024f88a232a0, 0x0000024f88a25e10, 0x0000024f88a26870, 0x0000024f88a276b0,
0x0000024f88a9f930, 0x0000025823788e60, 0x00000258239004b0, 0x000002582801a570,
0x00000258239c9e80, 0x0000025828303a30, 0x0000025828304470, 0x0000025828cc3990,
0x0000025829026310, 0x0000025828c4a370, 0x00000258237dcfd0, 0x00000258237dc2b0,
0x00000258237dc940, 0x00000258237dd660, 0x00000258237df730, 0x00000258237ddcf0,
0x00000258237dea10, 0x00000258237df0a0, 0x0000025829db35f0, 0x0000025829db49a0,
0x0000025829db5030, 0x0000025829db56c0, 0x0000025829db4310, 0x0000025829db28d0,
0x0000025829db5d50, 0x0000025829db63e0, 0x0000025829db2f60, 0x0000025829db7100,
0x0000025829db9860, 0x0000025828d54510, 0x0000025829db7e20, 0x0000025829db6a70,
0x0000025829db8b40, 0x00000258344d2770, 0x00000258344d13c0, 0x00000258344d1a50,
0x00000258344d20e0, 0x00000258344d3b20, 0x00000258344d5560, 0x00000258344d5bf0,
0x00000258344d6280
}

Java Threads: ( => current thread )
  0x0000024f88cbda60 JavaThread "main"                              [_thread_blocked, id=7896, stack(0x000000e813200000,0x000000e813300000) (1024K)]
  0x0000024f88d7b4b0 JavaThread "Reference Handler"          daemon [_thread_blocked, id=26292, stack(0x000000e813600000,0x000000e813700000) (1024K)]
  0x0000024f88d7de20 JavaThread "Finalizer"                  daemon [_thread_blocked, id=28080, stack(0x000000e813700000,0x000000e813800000) (1024K)]
  0x0000024f88a22290 JavaThread "Signal Dispatcher"          daemon [_thread_blocked, id=18328, stack(0x000000e813800000,0x000000e813900000) (1024K)]
  0x0000024f88a232a0 JavaThread "Attach Listener"            daemon [_thread_blocked, id=11784, stack(0x000000e813900000,0x000000e813a00000) (1024K)]
  0x0000024f88a25e10 JavaThread "Service Thread"             daemon [_thread_blocked, id=2780, stack(0x000000e813a00000,0x000000e813b00000) (1024K)]
  0x0000024f88a26870 JavaThread "Monitor Deflation Thread"   daemon [_thread_blocked, id=12456, stack(0x000000e813b00000,0x000000e813c00000) (1024K)]
=>0x0000024f88a276b0 JavaThread "C2 CompilerThread0"         daemon [_thread_in_native, id=19676, stack(0x000000e813c00000,0x000000e813d00000) (1024K)]
  0x0000024f88a9f930 JavaThread "C1 CompilerThread0"         daemon [_thread_blocked, id=24744, stack(0x000000e813d00000,0x000000e813e00000) (1024K)]
  0x0000025823788e60 JavaThread "Common-Cleaner"             daemon [_thread_blocked, id=23440, stack(0x000000e813e00000,0x000000e813f00000) (1024K)]
  0x00000258239004b0 JavaThread "Notification Thread"        daemon [_thread_blocked, id=24132, stack(0x000000e814000000,0x000000e814100000) (1024K)]
  0x000002582801a570 JavaThread "Active Thread: Equinox Container: ef27d03d-b9ee-4952-9ae4-b05e1e60f23a"        [_thread_blocked, id=7876, stack(0x000000e813f00000,0x000000e814000000) (1024K)]
  0x00000258239c9e80 JavaThread "Refresh Thread: Equinox Container: ef27d03d-b9ee-4952-9ae4-b05e1e60f23a" daemon [_thread_blocked, id=17048, stack(0x000000e814400000,0x000000e814500000) (1024K)]
  0x0000025828303a30 JavaThread "Framework Event Dispatcher: Equinox Container: ef27d03d-b9ee-4952-9ae4-b05e1e60f23a" daemon [_thread_blocked, id=5052, stack(0x000000e814500000,0x000000e814600000) (1024K)]
  0x0000025828304470 JavaThread "Start Level: Equinox Container: ef27d03d-b9ee-4952-9ae4-b05e1e60f23a" daemon [_thread_blocked, id=27176, stack(0x000000e814600000,0x000000e814700000) (1024K)]
  0x0000025828cc3990 JavaThread "Bundle File Closer"         daemon [_thread_blocked, id=25132, stack(0x000000e814800000,0x000000e814900000) (1024K)]
  0x0000025829026310 JavaThread "SCR Component Actor"        daemon [_thread_blocked, id=23528, stack(0x000000e814700000,0x000000e814800000) (1024K)]
  0x0000025828c4a370 JavaThread "Worker-JM"                         [_thread_blocked, id=17496, stack(0x000000e814900000,0x000000e814a00000) (1024K)]
  0x00000258237dcfd0 JavaThread "JNA Cleaner"                daemon [_thread_blocked, id=27444, stack(0x000000e814a00000,0x000000e814b00000) (1024K)]
  0x00000258237dc2b0 JavaThread "Worker-0"                          [_thread_blocked, id=19540, stack(0x000000e814b00000,0x000000e814c00000) (1024K)]
  0x00000258237dc940 JavaThread "Worker-1"                          [_thread_blocked, id=10924, stack(0x000000e814c00000,0x000000e814d00000) (1024K)]
  0x00000258237dd660 JavaThread "Worker-2"                          [_thread_blocked, id=3212, stack(0x000000e814d00000,0x000000e814e00000) (1024K)]
  0x00000258237df730 JavaThread "Worker-3"                          [_thread_blocked, id=26572, stack(0x000000e814e00000,0x000000e814f00000) (1024K)]
  0x00000258237ddcf0 JavaThread "Java indexing"              daemon [_thread_blocked, id=11100, stack(0x000000e815000000,0x000000e815100000) (1024K)]
  0x00000258237dea10 JavaThread "Worker-4: Initialize workspace"        [_thread_blocked, id=1568, stack(0x000000e815300000,0x000000e815400000) (1024K)]
  0x00000258237df0a0 JavaThread "Worker-5"                          [_thread_blocked, id=7592, stack(0x000000e815400000,0x000000e815500000) (1024K)]
  0x0000025829db35f0 JavaThread "pool-2-thread-1"                   [_thread_blocked, id=13832, stack(0x000000e815500000,0x000000e815600000) (1024K)]
  0x0000025829db49a0 JavaThread "WorkspaceEventsHandler"            [_thread_blocked, id=16500, stack(0x000000e815600000,0x000000e815700000) (1024K)]
  0x0000025829db5030 JavaThread "pool-1-thread-1"                   [_thread_in_native, id=8604, stack(0x000000e815700000,0x000000e815800000) (1024K)]
  0x0000025829db56c0 JavaThread "Timer-0"                           [_thread_blocked, id=26764, stack(0x000000e815900000,0x000000e815a00000) (1024K)]
  0x0000025829db4310 JavaThread "Worker-6"                          [_thread_blocked, id=18240, stack(0x000000e815800000,0x000000e815900000) (1024K)]
  0x0000025829db28d0 JavaThread "LocalFile Deleter"          daemon [_thread_blocked, id=8160, stack(0x000000e815b00000,0x000000e815c00000) (1024K)]
  0x0000025829db5d50 JavaThread "LocalFile Deleter"          daemon [_thread_blocked, id=23548, stack(0x000000e815c00000,0x000000e815d00000) (1024K)]
  0x0000025829db63e0 JavaThread "LocalFile Deleter"          daemon [_thread_blocked, id=26728, stack(0x000000e815d00000,0x000000e815e00000) (1024K)]
  0x0000025829db2f60 JavaThread "LocalFile Deleter"          daemon [_thread_blocked, id=1416, stack(0x000000e815e00000,0x000000e815f00000) (1024K)]
  0x0000025829db7100 JavaThread "Compiler Source File Reader" daemon [_thread_blocked, id=4036, stack(0x000000e815a00000,0x000000e815b00000) (1024K)]
  0x0000025829db9860 JavaThread "Compiler Source File Reader" daemon [_thread_blocked, id=19036, stack(0x000000e815f00000,0x000000e816000000) (1024K)]
  0x0000025828d54510 JavaThread "C2 CompilerThread1"         daemon [_thread_in_native, id=28564, stack(0x000000e816000000,0x000000e816100000) (1024K)]
  0x0000025829db7e20 JavaThread "ForkJoinPool.commonPool-worker-1" daemon [_thread_blocked, id=1632, stack(0x000000e816100000,0x000000e816200000) (1024K)]
  0x0000025829db6a70 JavaThread "ForkJoinPool.commonPool-worker-2" daemon [_thread_blocked, id=9764, stack(0x000000e816200000,0x000000e816300000) (1024K)]
  0x0000025829db8b40 JavaThread "ForkJoinPool.commonPool-worker-3" daemon [_thread_in_Java, id=28544, stack(0x000000e816300000,0x000000e816400000) (1024K)]
  0x00000258344d2770 JavaThread "Compiler Processing Task"   daemon [_thread_blocked, id=5444, stack(0x000000e816400000,0x000000e816500000) (1024K)]
  0x00000258344d13c0 JavaThread "Compiler Class File Writer" daemon [_thread_blocked, id=28132, stack(0x000000e816500000,0x000000e816600000) (1024K)]
  0x00000258344d1a50 JavaThread "Compiler Class File Writer" daemon [_thread_blocked, id=22556, stack(0x000000e816600000,0x000000e816700000) (1024K)]
  0x00000258344d20e0 JavaThread "PatternSearchJob-worker-1"  daemon [_thread_blocked, id=18228, stack(0x000000e816700000,0x000000e816800000) (1024K)]
  0x00000258344d3b20 JavaThread "PatternSearchJob-worker-2"  daemon [_thread_blocked, id=16356, stack(0x000000e813000000,0x000000e813100000) (1024K)]
  0x00000258344d5560 JavaThread "PatternSearchJob-worker-3"  daemon [_thread_blocked, id=26080, stack(0x000000e813100000,0x000000e813200000) (1024K)]
  0x00000258344d5bf0 JavaThread "Connection worker"                 [_thread_in_native, id=15588, stack(0x000000e816800000,0x000000e816900000) (1024K)]
  0x00000258344d6280 JavaThread "Cleaner-0"                  daemon [_thread_blocked, id=12528, stack(0x000000e816900000,0x000000e816a00000) (1024K)]
Total: 49

Other Threads:
  0x0000024f88d5fb60 VMThread "VM Thread"                           [id=21492, stack(0x000000e813500000,0x000000e813600000) (1024K)]
  0x0000024f889bca00 WatcherThread "VM Periodic Task Thread"        [id=17196, stack(0x000000e813400000,0x000000e813500000) (1024K)]
  0x0000024f88cdb9e0 WorkerThread "GC Thread#0"                     [id=25040, stack(0x000000e813300000,0x000000e813400000) (1024K)]
  0x00000258285a1e10 WorkerThread "GC Thread#1"                     [id=26768, stack(0x000000e814100000,0x000000e814200000) (1024K)]
  0x00000258285a25c0 WorkerThread "GC Thread#2"                     [id=7220, stack(0x000000e814200000,0x000000e814300000) (1024K)]
  0x00000258239568b0 WorkerThread "GC Thread#3"                     [id=24348, stack(0x000000e814300000,0x000000e814400000) (1024K)]
Total: 6

Threads with active compile tasks:
C2 CompilerThread0  68003 14192   !   4       org.eclipse.jdt.internal.core.JavaProject$ModuleLookup::getModule (102 bytes)
C2 CompilerThread1  68003 14191       4       org.eclipse.jdt.internal.core.JavaProject$ModuleLookup::addTransitive (71 bytes)
Total: 2

VM state: not at safepoint (normal execution)

VM Mutex/Monitor currently owned by a thread: None

CDS archive(s) mapped at: [0x00000257e2000000-0x00000257e2ba0000-0x00000257e2ba0000), size 12189696, SharedBaseAddress: 0x00000257e2000000, ArchiveRelocationMode: 1.
Compressed class space mapped at: 0x00000257e3000000-0x0000025823000000, reserved size: 1073741824
Narrow klass base: 0x00000257e2000000, Narrow klass shift: 0, Narrow klass range: 0x100000000

GC Precious Log:
 CardTable entry size: 512
 CPUs: 4 total, 4 available
 Memory: 18369M
 Large Page Support: Disabled
 NUMA Support: Disabled
 Compressed Oops: Disabled
 Alignments: Space 512K, Generation 512K, Heap 2M
 Heap Min Capacity: 100M
 Heap Initial Capacity: 100M
 Heap Max Capacity: 32G
 Pre-touch: Disabled
 Parallel Workers: 4

Heap:
 PSYoungGen      total 2048K, used 1288K [0x00000254f0580000, 0x00000254f0880000, 0x000002579b000000)
  eden space 1536K, 66% used [0x00000254f0580000,0x00000254f067d8a0,0x00000254f0700000)
  from space 512K, 53% used [0x00000254f0780000,0x00000254f07c47e0,0x00000254f0800000)
  to   space 512K, 0% used [0x00000254f0800000,0x00000254f0800000,0x00000254f0880000)
 ParOldGen       total 367104K, used 366961K [0x0000024f9b000000, 0x0000024fb1680000, 0x00000254f0580000)
  object space 367104K, 99% used [0x0000024f9b000000,0x0000024fb165c580,0x0000024fb1680000)
 Metaspace       used 81794K, committed 83392K, reserved 1179648K
  class space    used 8895K, committed 9536K, reserved 1048576K

Card table byte_map: [0x0000024f80000000,0x0000024f84010000] _byte_map_base: 0x0000024e58328000

Marking Bits: (ParMarkBitMap*) 0x00007ff99ab044a0
 Begin Bits: [0x000002579dab0000, 0x00000257bdab0000)
 End Bits:   [0x00000257bdab0000, 0x00000257ddab0000)

Polling page: 0x0000024f86940000

Metaspace:

Usage:
  Non-class:     71.19 MB used.
      Class:      8.69 MB used.
       Both:     79.88 MB used.

Virtual space:
  Non-class space:      128.00 MB reserved,      72.12 MB ( 56%) committed,  2 nodes.
      Class space:        1.00 GB reserved,       9.31 MB ( <1%) committed,  1 nodes.
             Both:        1.12 GB reserved,      81.44 MB (  7%) committed. 

Chunk freelists:
   Non-Class:  7.80 MB
       Class:  6.52 MB
        Both:  14.31 MB

MaxMetaspaceSize: unlimited
CompressedClassSpaceSize: 1.00 GB
Initial GC threshold: 21.00 MB
Current GC threshold: 97.31 MB
CDS: on
 - commit_granule_bytes: 65536.
 - commit_granule_words: 8192.
 - virtual_space_node_default_size: 8388608.
 - enlarge_chunks_in_place: 1.
 - use_allocation_guard: 0.


Internal statistics:

num_allocs_failed_limit: 9.
num_arena_births: 1254.
num_arena_deaths: 20.
num_vsnodes_births: 3.
num_vsnodes_deaths: 0.
num_space_committed: 1303.
num_space_uncommitted: 0.
num_chunks_returned_to_freelist: 31.
num_chunks_taken_from_freelist: 4916.
num_chunk_merges: 16.
num_chunk_splits: 3047.
num_chunks_enlarged: 1813.
num_inconsistent_stats: 0.

CodeHeap 'non-profiled nmethods': size=120000Kb used=11983Kb max_used=11983Kb free=108016Kb
 bounds [0x0000024f93990000, 0x0000024f94550000, 0x0000024f9aec0000]
CodeHeap 'profiled nmethods': size=120000Kb used=33280Kb max_used=33280Kb free=86720Kb
 bounds [0x0000024f8bec0000, 0x0000024f8df40000, 0x0000024f933f0000]
CodeHeap 'non-nmethods': size=5760Kb used=1497Kb max_used=1591Kb free=4262Kb
 bounds [0x0000024f933f0000, 0x0000024f93660000, 0x0000024f93990000]
CodeCache: size=245760Kb, used=46760Kb, max_used=46854Kb, free=198998Kb
 total_blobs=14214, nmethods=13397, adapters=721, full_count=0
Compilation: enabled, stopped_count=0, restarted_count=0

Compilation events (20 events):
Event: 67.729 Thread 0x0000024f88a9f930 14195       3       sun.nio.cs.StreamDecoder::<init> (52 bytes)
Event: 67.729 Thread 0x0000024f88a9f930 nmethod 14195 0x0000024f8df30090 code [0x0000024f8df30280, 0x0000024f8df30720]
Event: 67.733 Thread 0x0000024f88a276b0 nmethod 14189 0x0000024f94542b90 code [0x0000024f94542d80, 0x0000024f94543390]
Event: 67.733 Thread 0x0000024f88a276b0 14193       4       org.eclipse.jdt.internal.core.JarPackageFragmentRoot::getModuleDescription (25 bytes)
Event: 67.734 Thread 0x0000024f88a276b0 nmethod 14193 0x0000024f94543790 code [0x0000024f94543920, 0x0000024f94543a48]
Event: 67.734 Thread 0x0000024f88a276b0 14192   !   4       org.eclipse.jdt.internal.core.JavaProject$ModuleLookup::getModule (102 bytes)
Event: 67.748 Thread 0x0000024f88a9f930 14197       3       org.eclipse.jdt.internal.core.CompilationUnit::validateExistence (47 bytes)
Event: 67.750 Thread 0x0000024f88a9f930 nmethod 14197 0x0000024f8df30910 code [0x0000024f8df30b40, 0x0000024f8df315a0]
Event: 67.768 Thread 0x0000024f88a9f930 14198       3       java.lang.invoke.MethodHandles::filterArgumentsWithCombiner (9 bytes)
Event: 67.768 Thread 0x0000024f88a9f930 nmethod 14198 0x0000024f8df31810 code [0x0000024f8df319c0, 0x0000024f8df31af8]
Event: 67.810 Thread 0x0000024f88a9f930 14199       3       org.eclipse.jface.text.AbstractLineTracker$1::nextDelimiterInfo (10 bytes)
Event: 67.810 Thread 0x0000024f88a9f930 nmethod 14199 0x0000024f8df31b90 code [0x0000024f8df31d40, 0x0000024f8df31e98]
Event: 67.851 Thread 0x0000024f88a9f930 14200       3       org.eclipse.jface.text.Line::<init> (24 bytes)
Event: 67.851 Thread 0x0000024f88a9f930 nmethod 14200 0x0000024f8df31f90 code [0x0000024f8df32140, 0x0000024f8df322d0]
Event: 67.851 Thread 0x0000024f88a9f930 14201       1       java.lang.invoke.MethodHandle::isVarargsCollector (2 bytes)
Event: 67.851 Thread 0x0000024f88a9f930 nmethod 14201 0x0000024f94543b90 code [0x0000024f94543d20, 0x0000024f94543de8]
Event: 67.851 Thread 0x0000024f88a9f930 14202       3       java.lang.invoke.MethodHandles$Lookup::lookupModes (8 bytes)
Event: 67.851 Thread 0x0000024f88a9f930 nmethod 14202 0x0000024f8df32390 code [0x0000024f8df32520, 0x0000024f8df32630]
Event: 67.919 Thread 0x0000024f88a9f930 14206       3       org.eclipse.core.runtime.Path::toOSString (224 bytes)
Event: 67.920 Thread 0x0000024f88a9f930 nmethod 14206 0x0000024f8df32690 code [0x0000024f8df32900, 0x0000024f8df33318]

GC Heap History (20 events):
Event: 67.218 GC heap before
{Heap before GC invocations=496 (full 3):
 PSYoungGen      total 2560K, used 2048K [0x00000254f0580000, 0x00000254f0900000, 0x000002579b000000)
  eden space 1536K, 100% used [0x00000254f0580000,0x00000254f0700000,0x00000254f0700000)
  from space 1024K, 50% used [0x00000254f0800000,0x00000254f0880000,0x00000254f0900000)
  to   space 1024K, 0% used [0x00000254f0700000,0x00000254f0700000,0x00000254f0800000)
 ParOldGen       total 363008K, used 362699K [0x0000024f9b000000, 0x0000024fb1280000, 0x00000254f0580000)
  object space 363008K, 99% used [0x0000024f9b000000,0x0000024fb1232e18,0x0000024fb1280000)
 Metaspace       used 81533K, committed 83136K, reserved 1179648K
  class space    used 8868K, committed 9536K, reserved 1048576K
}
Event: 67.221 GC heap after
{Heap after GC invocations=496 (full 3):
 PSYoungGen      total 2560K, used 576K [0x00000254f0580000, 0x00000254f0900000, 0x000002579b000000)
  eden space 1536K, 0% used [0x00000254f0580000,0x00000254f0580000,0x00000254f0700000)
  from space 1024K, 56% used [0x00000254f0700000,0x00000254f0790000,0x00000254f0800000)
  to   space 1024K, 0% used [0x00000254f0800000,0x00000254f0800000,0x00000254f0900000)
 ParOldGen       total 363520K, used 363163K [0x0000024f9b000000, 0x0000024fb1300000, 0x00000254f0580000)
  object space 363520K, 99% used [0x0000024f9b000000,0x0000024fb12a6e18,0x0000024fb1300000)
 Metaspace       used 81533K, committed 83136K, reserved 1179648K
  class space    used 8868K, committed 9536K, reserved 1048576K
}
Event: 67.282 GC heap before
{Heap before GC invocations=497 (full 3):
 PSYoungGen      total 2560K, used 2112K [0x00000254f0580000, 0x00000254f0900000, 0x000002579b000000)
  eden space 1536K, 100% used [0x00000254f0580000,0x00000254f0700000,0x00000254f0700000)
  from space 1024K, 56% used [0x00000254f0700000,0x00000254f0790000,0x00000254f0800000)
  to   space 1024K, 0% used [0x00000254f0800000,0x00000254f0800000,0x00000254f0900000)
 ParOldGen       total 363520K, used 363163K [0x0000024f9b000000, 0x0000024fb1300000, 0x00000254f0580000)
  object space 363520K, 99% used [0x0000024f9b000000,0x0000024fb12a6e18,0x0000024fb1300000)
 Metaspace       used 81533K, committed 83136K, reserved 1179648K
  class space    used 8868K, committed 9536K, reserved 1048576K
}
Event: 67.286 GC heap after
{Heap after GC invocations=497 (full 3):
 PSYoungGen      total 2560K, used 544K [0x00000254f0580000, 0x00000254f0900000, 0x000002579b000000)
  eden space 1536K, 0% used [0x00000254f0580000,0x00000254f0580000,0x00000254f0700000)
  from space 1024K, 53% used [0x00000254f0800000,0x00000254f0888000,0x00000254f0900000)
  to   space 1024K, 0% used [0x00000254f0700000,0x00000254f0700000,0x00000254f0800000)
 ParOldGen       total 364032K, used 363667K [0x0000024f9b000000, 0x0000024fb1380000, 0x00000254f0580000)
  object space 364032K, 99% used [0x0000024f9b000000,0x0000024fb1324e38,0x0000024fb1380000)
 Metaspace       used 81533K, committed 83136K, reserved 1179648K
  class space    used 8868K, committed 9536K, reserved 1048576K
}
Event: 67.300 GC heap before
{Heap before GC invocations=498 (full 3):
 PSYoungGen      total 2560K, used 2080K [0x00000254f0580000, 0x00000254f0900000, 0x000002579b000000)
  eden space 1536K, 100% used [0x00000254f0580000,0x00000254f0700000,0x00000254f0700000)
  from space 1024K, 53% used [0x00000254f0800000,0x00000254f0888000,0x00000254f0900000)
  to   space 1024K, 0% used [0x00000254f0700000,0x00000254f0700000,0x00000254f0800000)
 ParOldGen       total 364032K, used 363667K [0x0000024f9b000000, 0x0000024fb1380000, 0x00000254f0580000)
  object space 364032K, 99% used [0x0000024f9b000000,0x0000024fb1324e38,0x0000024fb1380000)
 Metaspace       used 81533K, committed 83136K, reserved 1179648K
  class space    used 8868K, committed 9536K, reserved 1048576K
}
Event: 67.304 GC heap after
{Heap after GC invocations=498 (full 3):
 PSYoungGen      total 2560K, used 512K [0x00000254f0580000, 0x00000254f0900000, 0x000002579b000000)
  eden space 1536K, 0% used [0x00000254f0580000,0x00000254f0580000,0x00000254f0700000)
  from space 1024K, 50% used [0x00000254f0700000,0x00000254f0780000,0x00000254f0800000)
  to   space 1024K, 0% used [0x00000254f0800000,0x00000254f0800000,0x00000254f0900000)
 ParOldGen       total 364544K, used 364139K [0x0000024f9b000000, 0x0000024fb1400000, 0x00000254f0580000)
  object space 364544K, 99% used [0x0000024f9b000000,0x0000024fb139ae38,0x0000024fb1400000)
 Metaspace       used 81533K, committed 83136K, reserved 1179648K
  class space    used 8868K, committed 9536K, reserved 1048576K
}
Event: 67.454 GC heap before
{Heap before GC invocations=499 (full 3):
 PSYoungGen      total 2560K, used 2048K [0x00000254f0580000, 0x00000254f0900000, 0x000002579b000000)
  eden space 1536K, 100% used [0x00000254f0580000,0x00000254f0700000,0x00000254f0700000)
  from space 1024K, 50% used [0x00000254f0700000,0x00000254f0780000,0x00000254f0800000)
  to   space 1024K, 0% used [0x00000254f0800000,0x00000254f0800000,0x00000254f0900000)
 ParOldGen       total 364544K, used 364139K [0x0000024f9b000000, 0x0000024fb1400000, 0x00000254f0580000)
  object space 364544K, 99% used [0x0000024f9b000000,0x0000024fb139ae38,0x0000024fb1400000)
 Metaspace       used 81552K, committed 83136K, reserved 1179648K
  class space    used 8868K, committed 9536K, reserved 1048576K
}
Event: 67.457 GC heap after
{Heap after GC invocations=499 (full 3):
 PSYoungGen      total 2560K, used 608K [0x00000254f0580000, 0x00000254f0900000, 0x000002579b000000)
  eden space 1536K, 0% used [0x00000254f0580000,0x00000254f0580000,0x00000254f0700000)
  from space 1024K, 59% used [0x00000254f0800000,0x00000254f0898010,0x00000254f0900000)
  to   space 1024K, 0% used [0x00000254f0700000,0x00000254f0700000,0x00000254f0800000)
 ParOldGen       total 365056K, used 364619K [0x0000024f9b000000, 0x0000024fb1480000, 0x00000254f0580000)
  object space 365056K, 99% used [0x0000024f9b000000,0x0000024fb1412e48,0x0000024fb1480000)
 Metaspace       used 81552K, committed 83136K, reserved 1179648K
  class space    used 8868K, committed 9536K, reserved 1048576K
}
Event: 67.559 GC heap before
{Heap before GC invocations=500 (full 3):
 PSYoungGen      total 2560K, used 2144K [0x00000254f0580000, 0x00000254f0900000, 0x000002579b000000)
  eden space 1536K, 100% used [0x00000254f0580000,0x00000254f0700000,0x00000254f0700000)
  from space 1024K, 59% used [0x00000254f0800000,0x00000254f0898010,0x00000254f0900000)
  to   space 1024K, 0% used [0x00000254f0700000,0x00000254f0700000,0x00000254f0800000)
 ParOldGen       total 365056K, used 364619K [0x0000024f9b000000, 0x0000024fb1480000, 0x00000254f0580000)
  object space 365056K, 99% used [0x0000024f9b000000,0x0000024fb1412e48,0x0000024fb1480000)
 Metaspace       used 81552K, committed 83136K, reserved 1179648K
  class space    used 8868K, committed 9536K, reserved 1048576K
}
Event: 67.562 GC heap after
{Heap after GC invocations=500 (full 3):
 PSYoungGen      total 2560K, used 337K [0x00000254f0580000, 0x00000254f0880000, 0x000002579b000000)
  eden space 1536K, 0% used [0x00000254f0580000,0x00000254f0580000,0x00000254f0700000)
  from space 1024K, 33% used [0x00000254f0700000,0x00000254f07547e0,0x00000254f0800000)
  to   space 512K, 0% used [0x00000254f0800000,0x00000254f0800000,0x00000254f0880000)
 ParOldGen       total 365568K, used 365063K [0x0000024f9b000000, 0x0000024fb1500000, 0x00000254f0580000)
  object space 365568K, 99% used [0x0000024f9b000000,0x0000024fb1481f50,0x0000024fb1500000)
 Metaspace       used 81552K, committed 83136K, reserved 1179648K
  class space    used 8868K, committed 9536K, reserved 1048576K
}
Event: 67.590 GC heap before
{Heap before GC invocations=501 (full 3):
 PSYoungGen      total 2560K, used 1873K [0x00000254f0580000, 0x00000254f0880000, 0x000002579b000000)
  eden space 1536K, 100% used [0x00000254f0580000,0x00000254f0700000,0x00000254f0700000)
  from space 1024K, 33% used [0x00000254f0700000,0x00000254f07547e0,0x00000254f0800000)
  to   space 512K, 0% used [0x00000254f0800000,0x00000254f0800000,0x00000254f0880000)
 ParOldGen       total 365568K, used 365063K [0x0000024f9b000000, 0x0000024fb1500000, 0x00000254f0580000)
  object space 365568K, 99% used [0x0000024f9b000000,0x0000024fb1481f50,0x0000024fb1500000)
 Metaspace       used 81553K, committed 83136K, reserved 1179648K
  class space    used 8868K, committed 9536K, reserved 1048576K
}
Event: 67.594 GC heap after
{Heap after GC invocations=501 (full 3):
 PSYoungGen      total 2048K, used 512K [0x00000254f0580000, 0x00000254f0900000, 0x000002579b000000)
  eden space 1536K, 0% used [0x00000254f0580000,0x00000254f0580000,0x00000254f0700000)
  from space 512K, 100% used [0x00000254f0800000,0x00000254f0880000,0x00000254f0880000)
  to   space 1024K, 0% used [0x00000254f0700000,0x00000254f0700000,0x00000254f0800000)
 ParOldGen       total 365568K, used 365337K [0x0000024f9b000000, 0x0000024fb1500000, 0x00000254f0580000)
  object space 365568K, 99% used [0x0000024f9b000000,0x0000024fb14c6740,0x0000024fb1500000)
 Metaspace       used 81553K, committed 83136K, reserved 1179648K
  class space    used 8868K, committed 9536K, reserved 1048576K
}
Event: 67.683 GC heap before
{Heap before GC invocations=502 (full 3):
 PSYoungGen      total 2048K, used 2045K [0x00000254f0580000, 0x00000254f0900000, 0x000002579b000000)
  eden space 1536K, 99% used [0x00000254f0580000,0x00000254f06ff738,0x00000254f0700000)
  from space 512K, 100% used [0x00000254f0800000,0x00000254f0880000,0x00000254f0880000)
  to   space 1024K, 0% used [0x00000254f0700000,0x00000254f0700000,0x00000254f0800000)
 ParOldGen       total 365568K, used 365337K [0x0000024f9b000000, 0x0000024fb1500000, 0x00000254f0580000)
  object space 365568K, 99% used [0x0000024f9b000000,0x0000024fb14c6740,0x0000024fb1500000)
 Metaspace       used 81562K, committed 83136K, reserved 1179648K
  class space    used 8870K, committed 9536K, reserved 1048576K
}
Event: 67.685 GC heap after
{Heap after GC invocations=502 (full 3):
 PSYoungGen      total 2560K, used 480K [0x00000254f0580000, 0x00000254f0900000, 0x000002579b000000)
  eden space 1536K, 0% used [0x00000254f0580000,0x00000254f0580000,0x00000254f0700000)
  from space 1024K, 46% used [0x00000254f0700000,0x00000254f0778000,0x00000254f0800000)
  to   space 1024K, 0% used [0x00000254f0800000,0x00000254f0800000,0x00000254f0900000)
 ParOldGen       total 366080K, used 365849K [0x0000024f9b000000, 0x0000024fb1580000, 0x00000254f0580000)
  object space 366080K, 99% used [0x0000024f9b000000,0x0000024fb1546750,0x0000024fb1580000)
 Metaspace       used 81562K, committed 83136K, reserved 1179648K
  class space    used 8870K, committed 9536K, reserved 1048576K
}
Event: 67.718 GC heap before
{Heap before GC invocations=503 (full 3):
 PSYoungGen      total 2560K, used 1982K [0x00000254f0580000, 0x00000254f0900000, 0x000002579b000000)
  eden space 1536K, 97% used [0x00000254f0580000,0x00000254f06f7868,0x00000254f0700000)
  from space 1024K, 46% used [0x00000254f0700000,0x00000254f0778000,0x00000254f0800000)
  to   space 1024K, 0% used [0x00000254f0800000,0x00000254f0800000,0x00000254f0900000)
 ParOldGen       total 366080K, used 365849K [0x0000024f9b000000, 0x0000024fb1580000, 0x00000254f0580000)
  object space 366080K, 99% used [0x0000024f9b000000,0x0000024fb1546750,0x0000024fb1580000)
 Metaspace       used 81785K, committed 83392K, reserved 1179648K
  class space    used 8892K, committed 9536K, reserved 1048576K
}
Event: 67.720 GC heap after
{Heap after GC invocations=503 (full 3):
 PSYoungGen      total 2048K, used 96K [0x00000254f0580000, 0x00000254f0880000, 0x000002579b000000)
  eden space 1536K, 0% used [0x00000254f0580000,0x00000254f0580000,0x00000254f0700000)
  from space 512K, 18% used [0x00000254f0800000,0x00000254f0818000,0x00000254f0880000)
  to   space 512K, 0% used [0x00000254f0780000,0x00000254f0780000,0x00000254f0800000)
 ParOldGen       total 366592K, used 366243K [0x0000024f9b000000, 0x0000024fb1600000, 0x00000254f0580000)
  object space 366592K, 99% used [0x0000024f9b000000,0x0000024fb15a8de0,0x0000024fb1600000)
 Metaspace       used 81785K, committed 83392K, reserved 1179648K
  class space    used 8892K, committed 9536K, reserved 1048576K
}
Event: 67.730 GC heap before
{Heap before GC invocations=504 (full 3):
 PSYoungGen      total 2048K, used 1632K [0x00000254f0580000, 0x00000254f0880000, 0x000002579b000000)
  eden space 1536K, 100% used [0x00000254f0580000,0x00000254f0700000,0x00000254f0700000)
  from space 512K, 18% used [0x00000254f0800000,0x00000254f0818000,0x00000254f0880000)
  to   space 512K, 0% used [0x00000254f0780000,0x00000254f0780000,0x00000254f0800000)
 ParOldGen       total 366592K, used 366243K [0x0000024f9b000000, 0x0000024fb1600000, 0x00000254f0580000)
  object space 366592K, 99% used [0x0000024f9b000000,0x0000024fb15a8de0,0x0000024fb1600000)
 Metaspace       used 81785K, committed 83392K, reserved 1179648K
  class space    used 8892K, committed 9536K, reserved 1048576K
}
Event: 67.732 GC heap after
{Heap after GC invocations=504 (full 3):
 PSYoungGen      total 2048K, used 433K [0x00000254f0580000, 0x00000254f0880000, 0x000002579b000000)
  eden space 1536K, 0% used [0x00000254f0580000,0x00000254f0580000,0x00000254f0700000)
  from space 512K, 84% used [0x00000254f0780000,0x00000254f07ec7e0,0x00000254f0800000)
  to   space 512K, 0% used [0x00000254f0800000,0x00000254f0800000,0x00000254f0880000)
 ParOldGen       total 366592K, used 366493K [0x0000024f9b000000, 0x0000024fb1600000, 0x00000254f0580000)
  object space 366592K, 99% used [0x0000024f9b000000,0x0000024fb15e75c0,0x0000024fb1600000)
 Metaspace       used 81785K, committed 83392K, reserved 1179648K
  class space    used 8892K, committed 9536K, reserved 1048576K
}
Event: 67.915 GC heap before
{Heap before GC invocations=505 (full 3):
 PSYoungGen      total 2048K, used 1969K [0x00000254f0580000, 0x00000254f0880000, 0x000002579b000000)
  eden space 1536K, 100% used [0x00000254f0580000,0x00000254f0700000,0x00000254f0700000)
  from space 512K, 84% used [0x00000254f0780000,0x00000254f07ec7e0,0x00000254f0800000)
  to   space 512K, 0% used [0x00000254f0800000,0x00000254f0800000,0x00000254f0880000)
 ParOldGen       total 366592K, used 366493K [0x0000024f9b000000, 0x0000024fb1600000, 0x00000254f0580000)
  object space 366592K, 99% used [0x0000024f9b000000,0x0000024fb15e75c0,0x0000024fb1600000)
 Metaspace       used 81792K, committed 83392K, reserved 1179648K
  class space    used 8894K, committed 9536K, reserved 1048576K
}
Event: 67.918 GC heap after
{Heap after GC invocations=505 (full 3):
 PSYoungGen      total 2048K, used 433K [0x00000254f0580000, 0x00000254f0880000, 0x000002579b000000)
  eden space 1536K, 0% used [0x00000254f0580000,0x00000254f0580000,0x00000254f0700000)
  from space 512K, 84% used [0x00000254f0800000,0x00000254f086c7e0,0x00000254f0880000)
  to   space 512K, 0% used [0x00000254f0780000,0x00000254f0780000,0x00000254f0800000)
 ParOldGen       total 367104K, used 366719K [0x0000024f9b000000, 0x0000024fb1680000, 0x00000254f0580000)
  object space 367104K, 99% used [0x0000024f9b000000,0x0000024fb161fda0,0x0000024fb1680000)
 Metaspace       used 81792K, committed 83392K, reserved 1179648K
  class space    used 8894K, committed 9536K, reserved 1048576K
}

Dll operation events (20 events):
Event: 0.295 Attempting to load shared library C:\Users\user\.vscode\extensions\redhat.java-1.56.0-win32-x64\jre\21.0.12.1-win32-x86_64\bin\zip.dll
Event: 0.295 Loaded shared library C:\Users\user\.vscode\extensions\redhat.java-1.56.0-win32-x64\jre\21.0.12.1-win32-x86_64\bin\zip.dll
Event: 0.328 Attempting to load shared library C:\Users\user\.vscode\extensions\redhat.java-1.56.0-win32-x64\jre\21.0.12.1-win32-x86_64\bin\jimage.dll
Event: 0.328 Loaded shared library C:\Users\user\.vscode\extensions\redhat.java-1.56.0-win32-x64\jre\21.0.12.1-win32-x86_64\bin\jimage.dll
Event: 0.472 Attempting to load shared library c:\Users\user\.vscode\extensions\redhat.java-1.56.0-win32-x64\jre\21.0.12.1-win32-x86_64\bin\verify.dll
Event: 0.472 Loaded shared library c:\Users\user\.vscode\extensions\redhat.java-1.56.0-win32-x64\jre\21.0.12.1-win32-x86_64\bin\verify.dll
Event: 3.563 Attempting to load shared library C:\Users\user\AppData\Roaming\Code\User\globalStorage\redhat.java\1.56.0\config_win\org.eclipse.equinox.launcher\org.eclipse.equinox.launcher.win32.win32.x86_64_1.3.100.v20260804-1928\eclipse_11924.dll
Event: 3.565 Loaded shared library C:\Users\user\AppData\Roaming\Code\User\globalStorage\redhat.java\1.56.0\config_win\org.eclipse.equinox.launcher\org.eclipse.equinox.launcher.win32.win32.x86_64_1.3.100.v20260804-1928\eclipse_11924.dll
Event: 9.410 Attempting to load shared library C:\Users\user\AppData\Local\Temp\jna-3599307\jna11942135726735436721.dll
Event: 9.745 Loaded shared library C:\Users\user\AppData\Local\Temp\jna-3599307\jna11942135726735436721.dll
Event: 25.558 Attempting to load shared library C:\Users\user\.gradle\native\660c5614fbf4a5f2a75b1949f50a0caf5cd603558e7d8a26e50b933a0cfb79d1\windows-amd64\native-platform.dll
Event: 25.560 Loaded shared library C:\Users\user\.gradle\native\660c5614fbf4a5f2a75b1949f50a0caf5cd603558e7d8a26e50b933a0cfb79d1\windows-amd64\native-platform.dll
Event: 28.164 Attempting to load shared library C:\Users\user\.vscode\extensions\redhat.java-1.56.0-win32-x64\jre\21.0.12.1-win32-x86_64\bin\management.dll
Event: 28.166 Loaded shared library C:\Users\user\.vscode\extensions\redhat.java-1.56.0-win32-x64\jre\21.0.12.1-win32-x86_64\bin\management.dll
Event: 28.170 Attempting to load shared library C:\Users\user\.vscode\extensions\redhat.java-1.56.0-win32-x64\jre\21.0.12.1-win32-x86_64\bin\management_ext.dll
Event: 28.172 Loaded shared library C:\Users\user\.vscode\extensions\redhat.java-1.56.0-win32-x64\jre\21.0.12.1-win32-x86_64\bin\management_ext.dll
Event: 29.280 Attempting to load shared library C:\Users\user\.vscode\extensions\redhat.java-1.56.0-win32-x64\jre\21.0.12.1-win32-x86_64\bin\sunmscapi.dll
Event: 29.284 Loaded shared library C:\Users\user\.vscode\extensions\redhat.java-1.56.0-win32-x64\jre\21.0.12.1-win32-x86_64\bin\sunmscapi.dll
Event: 29.548 Attempting to load shared library C:\Users\user\.vscode\extensions\redhat.java-1.56.0-win32-x64\jre\21.0.12.1-win32-x86_64\bin\extnet.dll
Event: 29.550 Loaded shared library C:\Users\user\.vscode\extensions\redhat.java-1.56.0-win32-x64\jre\21.0.12.1-win32-x86_64\bin\extnet.dll

Deoptimization events (20 events):
Event: 67.096 Thread 0x0000025829db8b40 DEOPT PACKING pc=0x0000024f8c7f4a84 sp=0x000000e8163fe7f0
Event: 67.096 Thread 0x0000025829db8b40 DEOPT UNPACKING pc=0x0000024f93444242 sp=0x000000e8163fdca8 mode 0
Event: 67.098 Thread 0x0000025829db8b40 DEOPT PACKING pc=0x0000024f8d5e02c4 sp=0x000000e8163fd8d0
Event: 67.098 Thread 0x0000025829db8b40 DEOPT UNPACKING pc=0x0000024f93444242 sp=0x000000e8163fcd60 mode 0
Event: 67.564 Thread 0x0000025829db8b40 DEOPT PACKING pc=0x0000024f8ddd4e15 sp=0x000000e8163fdf90
Event: 67.564 Thread 0x0000025829db8b40 DEOPT UNPACKING pc=0x0000024f93444242 sp=0x000000e8163fd4a0 mode 0
Event: 67.567 Thread 0x0000025829db8b40 DEOPT PACKING pc=0x0000024f8d6ef399 sp=0x000000e8163fd9b0
Event: 67.568 Thread 0x0000025829db8b40 DEOPT UNPACKING pc=0x0000024f93444242 sp=0x000000e8163fced8 mode 0
Event: 67.597 Thread 0x0000025829db8b40 DEOPT PACKING pc=0x0000024f8d4e7d4a sp=0x000000e8163fda60
Event: 67.597 Thread 0x0000025829db8b40 DEOPT UNPACKING pc=0x0000024f93444242 sp=0x000000e8163fce80 mode 0
Event: 67.615 Thread 0x0000025829db8b40 DEOPT PACKING pc=0x0000024f8c7f4a84 sp=0x000000e8163fe7f0
Event: 67.615 Thread 0x0000025829db8b40 DEOPT UNPACKING pc=0x0000024f93444242 sp=0x000000e8163fdca8 mode 0
Event: 67.679 Thread 0x0000025829db8b40 Uncommon trap: trap_request=0xffffff45 fr.pc=0x0000024f9452fde8 relative=0x0000000000000608
Event: 67.679 Thread 0x0000025829db8b40 Uncommon trap: reason=unstable_if action=reinterpret pc=0x0000024f9452fde8 method=org.eclipse.jdt.internal.compiler.parser.Scanner.getNextToken0()Lorg/eclipse/jdt/internal/compiler/parser/TerminalToken; @ 196 c2
Event: 67.679 Thread 0x0000025829db8b40 DEOPT PACKING pc=0x0000024f9452fde8 sp=0x000000e8163fe850
Event: 67.679 Thread 0x0000025829db8b40 DEOPT UNPACKING pc=0x0000024f93443aa2 sp=0x000000e8163fe798 mode 2
Event: 67.767 Thread 0x0000025829db8b40 Uncommon trap: trap_request=0xffffff45 fr.pc=0x0000024f94534c14 relative=0x0000000000001034
Event: 67.767 Thread 0x0000025829db8b40 Uncommon trap: reason=unstable_if action=reinterpret pc=0x0000024f94534c14 method=org.eclipse.core.runtime.Path.toOSString()Ljava/lang/String; @ 66 c2
Event: 67.767 Thread 0x0000025829db8b40 DEOPT PACKING pc=0x0000024f94534c14 sp=0x000000e8163fe940
Event: 67.768 Thread 0x0000025829db8b40 DEOPT UNPACKING pc=0x0000024f93443aa2 sp=0x000000e8163fe8f8 mode 2

Classes loaded (20 events):
Event: 44.428 Loading class java/util/ArrayDeque$DeqSpliterator
Event: 44.428 Loading class java/util/ArrayDeque$DeqSpliterator done
Event: 51.113 Loading class java/lang/StringLatin1$LinesSpliterator
Event: 51.113 Loading class java/lang/StringLatin1$LinesSpliterator done
Event: 52.435 Loading class jdk/internal/module/IllegalAccessLogger
Event: 52.435 Loading class jdk/internal/module/IllegalAccessLogger done
Event: 60.232 Loading class sun/nio/fs/WindowsFileCopy
Event: 60.232 Loading class sun/nio/fs/WindowsFileCopy done
Event: 60.750 Loading class javax/xml/transform/TransformerConfigurationException
Event: 60.750 Loading class javax/xml/transform/TransformerConfigurationException done
Event: 61.284 Loading class java/util/Hashtable$KeySet
Event: 61.284 Loading class java/util/Hashtable$KeySet done
Event: 61.564 Loading class java/util/HashMap$EntrySpliterator
Event: 61.564 Loading class java/util/HashMap$EntrySpliterator done
Event: 62.969 Loading class java/net/DatagramSocket
Event: 62.969 Loading class java/net/DatagramSocket done
Event: 62.970 Loading class java/net/DatagramSocket$1
Event: 62.970 Loading class java/net/DatagramSocket$1 done
Event: 63.704 Loading class jdk/internal/ref/CleanerImpl$InnocuousThreadFactory
Event: 63.705 Loading class jdk/internal/ref/CleanerImpl$InnocuousThreadFactory done

Classes unloaded (10 events):
Event: 12.933 Thread 0x0000024f88d5fb60 Unloading class 0x00000257e31acc00 'java/lang/invoke/LambdaForm$MH+0x00000257e31acc00'
Event: 12.933 Thread 0x0000024f88d5fb60 Unloading class 0x00000257e31ac800 'java/lang/invoke/LambdaForm$MH+0x00000257e31ac800'
Event: 12.933 Thread 0x0000024f88d5fb60 Unloading class 0x00000257e31ac400 'java/lang/invoke/LambdaForm$MH+0x00000257e31ac400'
Event: 12.933 Thread 0x0000024f88d5fb60 Unloading class 0x00000257e31ac000 'java/lang/invoke/LambdaForm$MH+0x00000257e31ac000'
Event: 12.933 Thread 0x0000024f88d5fb60 Unloading class 0x00000257e31abc00 'java/lang/invoke/LambdaForm$BMH+0x00000257e31abc00'
Event: 12.933 Thread 0x0000024f88d5fb60 Unloading class 0x00000257e31ab800 'java/lang/invoke/LambdaForm$DMH+0x00000257e31ab800'
Event: 12.933 Thread 0x0000024f88d5fb60 Unloading class 0x00000257e31aa400 'java/lang/invoke/LambdaForm$DMH+0x00000257e31aa400'
Event: 18.157 Thread 0x0000024f88d5fb60 Unloading class 0x00000257e32f7800 'java/lang/invoke/LambdaForm$MH+0x00000257e32f7800'
Event: 18.157 Thread 0x0000024f88d5fb60 Unloading class 0x00000257e32f7400 'java/lang/invoke/LambdaForm$DMH+0x00000257e32f7400'
Event: 18.157 Thread 0x0000024f88d5fb60 Unloading class 0x00000257e32ec800 'java/lang/invoke/LambdaForm$MH+0x00000257e32ec800'

Classes redefined (0 events):
No events

Internal exceptions (20 events):
Event: 67.106 Thread 0x0000025829db8b40 Implicit null exception at 0x0000024f8d7ee89e to 0x0000024f8d7eeaa5
Event: 67.106 Thread 0x0000025829db8b40 Exception <a 'java/lang/NullPointerException'{0x00000254f05a2058}> (0x00000254f05a2058) 
thrown [s\src\hotspot\share\runtime\sharedRuntime.cpp, line 625]
Event: 67.106 Thread 0x0000025829db8b40 Implicit null exception at 0x0000024f8d7ee89e to 0x0000024f8d7eeaa5
Event: 67.106 Thread 0x0000025829db8b40 Exception <a 'java/lang/NullPointerException'{0x00000254f05a2e10}> (0x00000254f05a2e10) 
thrown [s\src\hotspot\share\runtime\sharedRuntime.cpp, line 625]
Event: 67.106 Thread 0x0000025829db8b40 Implicit null exception at 0x0000024f8d7ee89e to 0x0000024f8d7eeaa5
Event: 67.106 Thread 0x0000025829db8b40 Exception <a 'java/lang/NullPointerException'{0x00000254f05a3db8}> (0x00000254f05a3db8) 
thrown [s\src\hotspot\share\runtime\sharedRuntime.cpp, line 625]
Event: 67.151 Thread 0x0000025829db8b40 Implicit null exception at 0x0000024f8d7ee89e to 0x0000024f8d7eeaa5
Event: 67.152 Thread 0x0000025829db8b40 Exception <a 'java/lang/NullPointerException'{0x00000254f0632a00}> (0x00000254f0632a00) 
thrown [s\src\hotspot\share\runtime\sharedRuntime.cpp, line 625]
Event: 67.429 Thread 0x0000025829db8b40 Implicit null exception at 0x0000024f8d7ee89e to 0x0000024f8d7eeaa5
Event: 67.429 Thread 0x0000025829db8b40 Exception <a 'java/lang/NullPointerException'{0x00000254f06c9c70}> (0x00000254f06c9c70) 
thrown [s\src\hotspot\share\runtime\sharedRuntime.cpp, line 625]
Event: 67.431 Thread 0x0000025829db8b40 Implicit null exception at 0x0000024f8d7ee89e to 0x0000024f8d7eeaa5
Event: 67.431 Thread 0x0000025829db8b40 Exception <a 'java/lang/NullPointerException'{0x00000254f06d3900}> (0x00000254f06d3900) 
thrown [s\src\hotspot\share\runtime\sharedRuntime.cpp, line 625]
Event: 67.431 Thread 0x0000025829db8b40 Implicit null exception at 0x0000024f8d7ee89e to 0x0000024f8d7eeaa5
Event: 67.431 Thread 0x0000025829db8b40 Exception <a 'java/lang/NullPointerException'{0x00000254f06d6690}> (0x00000254f06d6690) 
thrown [s\src\hotspot\share\runtime\sharedRuntime.cpp, line 625]
Event: 67.431 Thread 0x0000025829db8b40 Implicit null exception at 0x0000024f8d7ee89e to 0x0000024f8d7eeaa5
Event: 67.431 Thread 0x0000025829db8b40 Exception <a 'java/lang/NullPointerException'{0x00000254f06d7c38}> (0x00000254f06d7c38) 
thrown [s\src\hotspot\share\runtime\sharedRuntime.cpp, line 625]
Event: 67.564 Thread 0x0000025829db8b40 Implicit null exception at 0x0000024f8d7ee89e to 0x0000024f8d7eeaa5
Event: 67.564 Thread 0x0000025829db8b40 Exception <a 'java/lang/NullPointerException'{0x00000254f05e7b70}> (0x00000254f05e7b70) 
thrown [s\src\hotspot\share\runtime\sharedRuntime.cpp, line 625]
Event: 67.601 Thread 0x0000025829db8b40 Implicit null exception at 0x0000024f8d7ee89e to 0x0000024f8d7eeaa5
Event: 67.601 Thread 0x0000025829db8b40 Exception <a 'java/lang/NullPointerException'{0x00000254f060d490}> (0x00000254f060d490) 
thrown [s\src\hotspot\share\runtime\sharedRuntime.cpp, line 625]

ZGC Phase Switch (0 events):
No events

VM Operations (20 events):
Event: 67.218 Executing safepoint VM operation: ParallelGCFailedAllocation (Allocation Failure)
Event: 67.221 Executing safepoint VM operation: ParallelGCFailedAllocation (Allocation Failure) done
Event: 67.282 Executing safepoint VM operation: ParallelGCFailedAllocation (Allocation Failure)
Event: 67.286 Executing safepoint VM operation: ParallelGCFailedAllocation (Allocation Failure) done
Event: 67.300 Executing safepoint VM operation: ParallelGCFailedAllocation (Allocation Failure)
Event: 67.304 Executing safepoint VM operation: ParallelGCFailedAllocation (Allocation Failure) done
Event: 67.454 Executing safepoint VM operation: ParallelGCFailedAllocation (Allocation Failure)
Event: 67.457 Executing safepoint VM operation: ParallelGCFailedAllocation (Allocation Failure) done
Event: 67.559 Executing safepoint VM operation: ParallelGCFailedAllocation (Allocation Failure)
Event: 67.562 Executing safepoint VM operation: ParallelGCFailedAllocation (Allocation Failure) done
Event: 67.590 Executing safepoint VM operation: ParallelGCFailedAllocation (Allocation Failure)
Event: 67.595 Executing safepoint VM operation: ParallelGCFailedAllocation (Allocation Failure) done
Event: 67.683 Executing safepoint VM operation: ParallelGCFailedAllocation (Allocation Failure)
Event: 67.685 Executing safepoint VM operation: ParallelGCFailedAllocation (Allocation Failure) done
Event: 67.718 Executing safepoint VM operation: ParallelGCFailedAllocation (Allocation Failure)
Event: 67.720 Executing safepoint VM operation: ParallelGCFailedAllocation (Allocation Failure) done
Event: 67.730 Executing safepoint VM operation: ParallelGCFailedAllocation (Allocation Failure)
Event: 67.732 Executing safepoint VM operation: ParallelGCFailedAllocation (Allocation Failure) done
Event: 67.915 Executing safepoint VM operation: ParallelGCFailedAllocation (Allocation Failure)
Event: 67.918 Executing safepoint VM operation: ParallelGCFailedAllocation (Allocation Failure) done

Memory protections (0 events):
No events

Nmethod flushes (20 events):
Event: 29.471 Thread 0x0000024f88d5fb60 flushing  nmethod 0x0000024f8c7a4210
Event: 29.471 Thread 0x0000024f88d5fb60 flushing  nmethod 0x0000024f8c7a4c90
Event: 29.471 Thread 0x0000024f88d5fb60 flushing  nmethod 0x0000024f8c7a5510
Event: 29.471 Thread 0x0000024f88d5fb60 flushing  nmethod 0x0000024f8c7bd790
Event: 29.471 Thread 0x0000024f88d5fb60 flushing  nmethod 0x0000024f8c7be110
Event: 29.471 Thread 0x0000024f88d5fb60 flushing  nmethod 0x0000024f8c7be490
Event: 29.471 Thread 0x0000024f88d5fb60 flushing  nmethod 0x0000024f8c7c2010
Event: 29.471 Thread 0x0000024f88d5fb60 flushing  nmethod 0x0000024f8c804290
Event: 29.471 Thread 0x0000024f88d5fb60 flushing  nmethod 0x0000024f8c816e90
Event: 29.471 Thread 0x0000024f88d5fb60 flushing  nmethod 0x0000024f8c81b010
Event: 29.471 Thread 0x0000024f88d5fb60 flushing  nmethod 0x0000024f8c81b790
Event: 29.471 Thread 0x0000024f88d5fb60 flushing  nmethod 0x0000024f8c81c310
Event: 29.471 Thread 0x0000024f88d5fb60 flushing  nmethod 0x0000024f8c823f90
Event: 29.471 Thread 0x0000024f88d5fb60 flushing  nmethod 0x0000024f8c824590
Event: 29.471 Thread 0x0000024f88d5fb60 flushing  nmethod 0x0000024f8c824e10
Event: 29.471 Thread 0x0000024f88d5fb60 flushing  nmethod 0x0000024f8c827b90
Event: 29.471 Thread 0x0000024f88d5fb60 flushing  nmethod 0x0000024f8c82fa10
Event: 29.471 Thread 0x0000024f88d5fb60 flushing  nmethod 0x0000024f8c835c10
Event: 29.471 Thread 0x0000024f88d5fb60 flushing  nmethod 0x0000024f8c8b0d10
Event: 29.471 Thread 0x0000024f88d5fb60 flushing  nmethod 0x0000024f8c8d8690

Events (20 events):
Event: 33.401 Thread 0x0000025829db5d50 Thread exited: 0x0000025829db5d50
Event: 35.060 Thread 0x00000258237df0a0 Thread added: 0x0000025829db28d0
Event: 35.065 Thread 0x0000025829db28d0 Thread added: 0x0000025829db5d50
Event: 35.068 Thread 0x0000025829db5d50 Thread added: 0x0000025829db63e0
Event: 35.070 Thread 0x0000025829db5d50 Thread added: 0x0000025829db2f60
Event: 35.148 Thread 0x0000025828d56df0 Thread exited: 0x0000025828d56df0
Event: 35.592 Thread 0x00000258237df0a0 Thread added: 0x0000025829db7100
Event: 35.592 Thread 0x00000258237df0a0 Thread added: 0x0000025829db9860
Event: 37.599 Thread 0x0000024f88a9f930 Thread added: 0x0000025828d54510
Event: 38.481 Thread 0x0000025829db5030 Thread added: 0x0000025829db7e20
Event: 38.527 Thread 0x0000025829db7e20 Thread added: 0x0000025829db6a70
Event: 38.554 Thread 0x0000025829db6a70 Thread added: 0x0000025829db8b40
Event: 42.336 Thread 0x00000258237df0a0 Thread added: 0x00000258344d2770
Event: 42.785 Thread 0x00000258237df0a0 Thread added: 0x00000258344d13c0
Event: 42.929 Thread 0x00000258237df0a0 Thread added: 0x00000258344d1a50
Event: 44.843 Thread 0x00000258237ddcf0 Thread added: 0x00000258344d20e0
Event: 61.148 Thread 0x00000258344d20e0 Thread added: 0x00000258344d3b20
Event: 61.154 Thread 0x00000258237df730 Thread added: 0x00000258344d5560
Event: 61.639 Thread 0x00000258237dea10 Thread added: 0x00000258344d5bf0
Event: 63.705 Thread 0x0000025829db7e20 Thread added: 0x00000258344d6280


Dynamic libraries:
0x00007ff7cc180000 - 0x00007ff7cc18e000 	c:\Users\user\.vscode\extensions\redhat.java-1.56.0-win32-x64\jre\21.0.12.1-win32-x86_64\bin\java.exe
0x00007ffa57640000 - 0x00007ffa578a7000 	C:\WINDOWS\SYSTEM32\ntdll.dll
0x00007ffa55540000 - 0x00007ffa5560b000 	C:\WINDOWS\System32\KERNEL32.DLL
0x00007ffa549f0000 - 0x00007ffa54df2000 	C:\WINDOWS\System32\KERNELBASE.dll
0x00007ffa54e00000 - 0x00007ffa54f4c000 	C:\WINDOWS\System32\ucrtbase.dll
0x00007ffa33980000 - 0x00007ffa33998000 	c:\Users\user\.vscode\extensions\redhat.java-1.56.0-win32-x64\jre\21.0.12.1-win32-x86_64\bin\jli.dll
0x00007ffa55360000 - 0x00007ffa5552f000 	C:\WINDOWS\System32\USER32.dll
0x00007ffa54840000 - 0x00007ffa54867000 	C:\WINDOWS\System32\win32u.dll
0x00007ffa575d0000 - 0x00007ffa575fb000 	C:\WINDOWS\System32\GDI32.dll
0x00007ffa550f0000 - 0x00007ffa55219000 	C:\WINDOWS\System32\gdi32full.dll
0x00007ffa55220000 - 0x00007ffa552c3000 	C:\WINDOWS\System32\msvcp_win.dll
0x00007ffa3ab70000 - 0x00007ffa3ab8e000 	c:\Users\user\.vscode\extensions\redhat.java-1.56.0-win32-x64\jre\21.0.12.1-win32-x86_64\bin\VCRUNTIME140.dll
0x00007ffa45890000 - 0x00007ffa45b20000 	C:\WINDOWS\WinSxS\amd64_microsoft.windows.common-controls_6595b64144ccf1df_6.0.26100.9278_none_3e0d1ba8e3303201\COMCTL32.dll
0x00007ffa55ae0000 - 0x00007ffa55b89000 	C:\WINDOWS\System32\msvcrt.dll
0x00007ffa563a0000 - 0x00007ffa563d1000 	C:\WINDOWS\System32\IMM32.DLL
0x00007ffa43580000 - 0x00007ffa4358c000 	c:\Users\user\.vscode\extensions\redhat.java-1.56.0-win32-x64\jre\21.0.12.1-win32-x86_64\bin\vcruntime140_1.dll
0x00007ff9f9e50000 - 0x00007ff9f9edd000 	c:\Users\user\.vscode\extensions\redhat.java-1.56.0-win32-x64\jre\21.0.12.1-win32-x86_64\bin\msvcp140.dll
0x00007ff999e40000 - 0x00007ff99abe2000 	c:\Users\user\.vscode\extensions\redhat.java-1.56.0-win32-x64\jre\21.0.12.1-win32-x86_64\bin\server\jvm.dll
0x00007ffa55610000 - 0x00007ffa556cc000 	C:\WINDOWS\System32\ADVAPI32.dll
0x00007ffa55980000 - 0x00007ffa55a29000 	C:\WINDOWS\System32\sechost.dll
0x00007ffa57260000 - 0x00007ffa57378000 	C:\WINDOWS\System32\RPCRT4.dll
0x00007ffa57540000 - 0x00007ffa575c0000 	C:\WINDOWS\System32\WS2_32.dll
0x00007ffa546a0000 - 0x00007ffa546fe000 	C:\WINDOWS\SYSTEM32\POWRPROF.dll
0x00007ffa4e4e0000 - 0x00007ffa4e516000 	C:\WINDOWS\SYSTEM32\WINMM.dll
0x00007ffa4e520000 - 0x00007ffa4e52b000 	C:\WINDOWS\SYSTEM32\VERSION.dll
0x00007ffa54680000 - 0x00007ffa54695000 	C:\WINDOWS\SYSTEM32\UMPDC.dll
0x00007ffa53510000 - 0x00007ffa5352b000 	C:\WINDOWS\SYSTEM32\kernel.appcore.dll
0x00007ffa43540000 - 0x00007ffa4354a000 	c:\Users\user\.vscode\extensions\redhat.java-1.56.0-win32-x64\jre\21.0.12.1-win32-x86_64\bin\jimage.dll
0x00007ffa40c70000 - 0x00007ffa40ebc000 	C:\WINDOWS\SYSTEM32\DBGHELP.DLL
0x00007ffa56e50000 - 0x00007ffa571d5000 	C:\WINDOWS\System32\combase.dll
0x00007ffa562c0000 - 0x00007ffa56399000 	C:\WINDOWS\System32\OLEAUT32.dll
0x00007ffa3d490000 - 0x00007ffa3d4cb000 	C:\WINDOWS\SYSTEM32\dbgcore.DLL
0x00007ffa54870000 - 0x00007ffa5491c000 	C:\WINDOWS\System32\bcryptPrimitives.dll
0x00007ff9f9e40000 - 0x00007ff9f9e4f000 	c:\Users\user\.vscode\extensions\redhat.java-1.56.0-win32-x64\jre\21.0.12.1-win32-x86_64\bin\instrument.dll
0x00007ff9f9b40000 - 0x00007ff9f9b60000 	c:\Users\user\.vscode\extensions\redhat.java-1.56.0-win32-x64\jre\21.0.12.1-win32-x86_64\bin\java.dll
0x00007ffa563e0000 - 0x00007ffa56b78000 	C:\WINDOWS\System32\SHELL32.dll
0x00007ffa52290000 - 0x00007ffa52b3e000 	C:\WINDOWS\SYSTEM32\windows.storage.dll
0x00007ffa55b90000 - 0x00007ffa55c8b000 	C:\WINDOWS\System32\SHCORE.dll
0x00007ffa56250000 - 0x00007ffa562b6000 	C:\WINDOWS\System32\shlwapi.dll
0x00007ffa54760000 - 0x00007ffa54789000 	C:\WINDOWS\SYSTEM32\profapi.dll
0x00007ff9f4470000 - 0x00007ff9f4488000 	c:\Users\user\.vscode\extensions\redhat.java-1.56.0-win32-x64\jre\21.0.12.1-win32-x86_64\bin\zip.dll
0x00007ffa3c070000 - 0x00007ffa3c080000 	C:\Users\user\.vscode\extensions\redhat.java-1.56.0-win32-x64\jre\21.0.12.1-win32-x86_64\bin\net.dll
0x00007ffa4a9e0000 - 0x00007ffa4ab0a000 	C:\WINDOWS\SYSTEM32\WINHTTP.dll
0x00007ffa53ad0000 - 0x00007ffa53b3c000 	C:\WINDOWS\system32\mswsock.dll
0x00007ff9f4450000 - 0x00007ff9f4466000 	C:\Users\user\.vscode\extensions\redhat.java-1.56.0-win32-x64\jre\21.0.12.1-win32-x86_64\bin\nio.dll
0x00007ffa3aa40000 - 0x00007ffa3aa50000 	c:\Users\user\.vscode\extensions\redhat.java-1.56.0-win32-x64\jre\21.0.12.1-win32-x86_64\bin\verify.dll
0x00007ff9f9ce0000 - 0x00007ff9f9d25000 	C:\Users\user\AppData\Roaming\Code\User\globalStorage\redhat.java\1.56.0\config_win\org.eclipse.equinox.launcher\org.eclipse.equinox.launcher.win32.win32.x86_64_1.3.100.v20260804-1928\eclipse_11924.dll
0x00007ffa55700000 - 0x00007ffa5589a000 	C:\WINDOWS\System32\ole32.dll
0x00007ffa53dc0000 - 0x00007ffa53ddb000 	C:\WINDOWS\SYSTEM32\CRYPTSP.dll
0x00007ffa53470000 - 0x00007ffa534a9000 	C:\WINDOWS\system32\rsaenh.dll
0x00007ffa53b80000 - 0x00007ffa53bb4000 	C:\WINDOWS\SYSTEM32\USERENV.dll
0x00007ffa54730000 - 0x00007ffa5475a000 	C:\WINDOWS\SYSTEM32\bcrypt.dll
0x00007ffa53de0000 - 0x00007ffa53dec000 	C:\WINDOWS\SYSTEM32\CRYPTBASE.dll
0x00007ffa52ef0000 - 0x00007ffa52f23000 	C:\WINDOWS\SYSTEM32\IPHLPAPI.DLL
0x00007ffa56d60000 - 0x00007ffa56d6a000 	C:\WINDOWS\System32\NSI.dll
0x00007ffa380e0000 - 0x00007ffa38129000 	C:\Users\user\AppData\Local\Temp\jna-3599307\jna11942135726735436721.dll
0x00007ffa56e30000 - 0x00007ffa56e38000 	C:\WINDOWS\System32\PSAPI.DLL
0x00007ffa4a9b0000 - 0x00007ffa4a9cd000 	C:\WINDOWS\SYSTEM32\dhcpcsvc6.DLL
0x00007ffa4a980000 - 0x00007ffa4a9a5000 	C:\WINDOWS\SYSTEM32\dhcpcsvc.DLL
0x00007ffa4f580000 - 0x00007ffa4f5a7000 	C:\Users\user\.gradle\native\660c5614fbf4a5f2a75b1949f50a0caf5cd603558e7d8a26e50b933a0cfb79d1\windows-amd64\native-platform.dll
0x00007ffa39940000 - 0x00007ffa3994a000 	C:\Users\user\.vscode\extensions\redhat.java-1.56.0-win32-x64\jre\21.0.12.1-win32-x86_64\bin\management.dll
0x00007ffa1f320000 - 0x00007ffa1f32c000 	C:\Users\user\.vscode\extensions\redhat.java-1.56.0-win32-x64\jre\21.0.12.1-win32-x86_64\bin\management_ext.dll
0x00007ffa3c140000 - 0x00007ffa3c14e000 	C:\Users\user\.vscode\extensions\redhat.java-1.56.0-win32-x64\jre\21.0.12.1-win32-x86_64\bin\sunmscapi.dll
0x00007ffa54f60000 - 0x00007ffa550de000 	C:\WINDOWS\System32\CRYPT32.dll
0x00007ffa54000000 - 0x00007ffa54030000 	C:\WINDOWS\SYSTEM32\ncrypt.dll
0x00007ffa53fb0000 - 0x00007ffa53fef000 	C:\WINDOWS\SYSTEM32\NTASN1.dll
0x00007ffa52f90000 - 0x00007ffa530e8000 	C:\WINDOWS\SYSTEM32\DNSAPI.dll
0x00007ffa538b0000 - 0x00007ffa538bd000 	C:\WINDOWS\SYSTEM32\DSPARSE.dll
0x00007ffa47530000 - 0x00007ffa4753b000 	C:\Windows\System32\rasadhlp.dll
0x00007ffa4a250000 - 0x00007ffa4a2d6000 	C:\WINDOWS\System32\fwpuclnt.dll
0x00007ffa1f190000 - 0x00007ffa1f199000 	C:\Users\user\.vscode\extensions\redhat.java-1.56.0-win32-x64\jre\21.0.12.1-win32-x86_64\bin\extnet.dll

JVMTI agents:
c:\Users\user\.vscode\extensions\redhat.java-1.56.0-win32-x64\lombok\lombok-1.18.39-4050.jar path:c:\Users\user\.vscode\extensions\redhat.java-1.56.0-win32-x64\jre\21.0.12.1-win32-x86_64\bin\instrument.dll, loaded, initialized, instrumentlib options:none

dbghelp: loaded successfully - version: 4.0.5 - missing functions: none
symbol engine: initialized successfully - sym options: 0x614 - pdb path: .;c:\Users\user\.vscode\extensions\redhat.java-1.56.0-win32-x64\jre\21.0.12.1-win32-x86_64\bin;C:\WINDOWS\SYSTEM32;C:\WINDOWS\WinSxS\amd64_microsoft.windows.common-controls_6595b64144ccf1df_6.0.26100.9278_none_3e0d1ba8e3303201;c:\Users\user\.vscode\extensions\redhat.java-1.56.0-win32-x64\jre\21.0.12.1-win32-x86_64\bin\server;C:\Users\user\AppData\Roaming\Code\User\globalStorage\redhat.java\1.56.0\config_win\org.eclipse.equinox.launcher\org.eclipse.equinox.launcher.win32.win32.x86_64_1.3.100.v20260804-1928;C:\Users\user\AppData\Local\Temp\jna-3599307;C:\Users\user\.gradle\native\660c5614fbf4a5f2a75b1949f50a0caf5cd603558e7d8a26e50b933a0cfb79d1\windows-amd64

VM Arguments:
jvm_args: --add-modules=ALL-SYSTEM --add-opens=java.base/java.util=ALL-UNNAMED --add-opens=java.base/java.lang=ALL-UNNAMED --add-opens=java.base/sun.nio.fs=ALL-UNNAMED -Declipse.application=org.eclipse.jdt.ls.core.id1 -Dosgi.bundles.defaultStartLevel=4 -Declipse.product=org.eclipse.jdt.ls.core.product -Djava.import.generatesMetadataFilesAtProjectRoot=false -Dm2e.project.cache.size=50 -DDetectVMInstallationsJob.disabled=true -Dfile.encoding=utf8 -XX:+UseParallelGC -XX:GCTimeRatio=4 -XX:AdaptiveSizePolicyWeight=90 -Dsun.zip.disableMemoryMapping=true -Xmx32G -Xms100m -Xlog:disable -javaagent:c:\Users\user\.vscode\extensions\redhat.java-1.56.0-win32-x64\lombok\lombok-1.18.39-4050.jar -XX:+HeapDumpOnOutOfMemoryError -XX:HeapDumpPath=c:\Users\user\AppData\Roaming\Code\User\workspaceStorage\9d9156ffb6426d8458dc70a5770c4c03\redhat.java -Daether.dependencyCollector.impl=bf 
java_command: c:\Users\user\.vscode\extensions\redhat.java-1.56.0-win32-x64\server\plugins\org.eclipse.equinox.launcher_1.8.0.v20260804-1928.jar -configuration c:\Users\user\AppData\Roaming\Code\User\globalStorage\redhat.java\1.56.0\config_win -data c:\Users\user\AppData\Roaming\Code\User\workspaceStorage\9d9156ffb6426d8458dc70a5770c4c03\redhat.java\jdt_ws --stdio
java_class_path (initial): c:\Users\user\.vscode\extensions\redhat.java-1.56.0-win32-x64\server\plugins\org.eclipse.equinox.launcher_1.8.0.v20260804-1928.jar
Launcher Type: SUN_STANDARD

[Global flags]
    uintx AdaptiveSizePolicyWeight                 = 90                                        {product} {command line}
     intx CICompilerCount                          = 3                                         {product} {ergonomic}
    uintx GCTimeRatio                              = 4                                         {product} {command line}
     bool HeapDumpOnOutOfMemoryError               = true                                   {manageable} {command line}
    ccstr HeapDumpPath                             = c:\Users\user\AppData\Roaming\Code\User\workspaceStorage\9d9156ffb6426d8458dc70a5770c4c03\redhat.java         {manageable} {command line}
   size_t InitialHeapSize                          = 104857600                                 {product} {command line}
   size_t MaxHeapSize                              = 34359738368                               {product} {command line}
   size_t MaxNewSize                               = 11453071360                               {product} {ergonomic}
   size_t MinHeapDeltaBytes                        = 524288                                    {product} {ergonomic}
   size_t MinHeapSize                              = 104857600                                 {product} {command line}
   size_t NewSize                                  = 34603008                                  {product} {ergonomic}
    uintx NonNMethodCodeHeapSize                   = 5832780                                {pd product} {ergonomic}
    uintx NonProfiledCodeHeapSize                  = 122912730                              {pd product} {ergonomic}
   size_t OldSize                                  = 70254592                                  {product} {ergonomic}
    uintx ProfiledCodeHeapSize                     = 122912730                              {pd product} {ergonomic}
    uintx ReservedCodeCacheSize                    = 251658240                              {pd product} {ergonomic}
     bool SegmentedCodeCache                       = true                                      {product} {ergonomic}
   size_t SoftMaxHeapSize                          = 34359738368                            {manageable} {ergonomic}
     bool UseLargePagesIndividualAllocation        = false                                  {pd product} {ergonomic}
     bool UseParallelGC                            = true                                      {product} {command line}

Logging:
Log output configuration:
 #0: stdout all=off uptime,level,tags foldmultilines=false
 #1: stderr all=off uptime,level,tags foldmultilines=false

Release file:
JAVA_VERSION="21.0.12.1" 
MODULES="java.base java.compiler java.datatransfer java.xml java.prefs java.desktop java.instrument java.logging java.management java.security.sasl java.naming java.rmi java.management.rmi java.net.http java.scripting java.security.jgss java.transaction.xa java.sql java.sql.rowset java.xml.crypto java.se java.smartcardio jdk.accessibility jdk.internal.jvmstat jdk.attach jdk.charsets jdk.internal.opt jdk.zipfs jdk.compiler jdk.crypto.ec jdk.crypto.cryptoki jdk.crypto.mscapi jdk.dynalink jdk.internal.ed jdk.editpad jdk.hotspot.agent jdk.httpserver jdk.internal.le jdk.internal.vm.ci jdk.internal.vm.compiler jdk.internal.vm.compiler.management jdk.jartool jdk.javadoc jdk.jcmd jdk.management jdk.management.agent jdk.jconsole jdk.jdeps jdk.jdwp.agent jdk.jdi jdk.jfr jdk.jshell jdk.jsobject jdk.jstatd jdk.localedata jdk.management.jfr jdk.naming.dns jdk.naming.rmi jdk.net jdk.nio.mapmode jdk.random jdk.sctp jdk.security.auth jdk.security.jgss jdk.unsupported jdk.unsupported.desktop jdk.xml.dom" 

Environment Variables:
JAVA_HOME=C:\Program Files\Java\jdk-17
PATH=C:\Program Files\Common Files\Oracle\Java\javapath;C:\Program Files (x86)\Common Files\Oracle\Java\java8path;C:\Program Files (x86)\Common Files\Oracle\Java\javapath;C:\Python313\Scripts\;C:\Python313\;C:\WINDOWS\system32;C:\WINDOWS;C:\WINDOWS\System32\Wbem;C:\WINDOWS\System32\WindowsPowerShell\v1.0\;C:\WINDOWS\System32\OpenSSH\;C:\Program Files\nodejs\;C:\ProgramData\chocolatey\bin;%ANDROID_HOME%\platform-tools;%ANDROID_HOME%\emulator;C:\Python313\Scripts;C:\Users\user\AppData\Local\Programs\Python\Python313\Scripts;C:\mingw64\bin;C:\xampp\php;C:\ProgramData\ComposerSetup\bin;C:\Program Files\Git\cmd;C:\Program Files (x86)\Nmap\;C:\Program Files\Nmap\;C:\Program Files\PostgreSQL\17\bin;;C:\Users\user\AppData\Local\Muse Hub\lib;C:\Program Files\Docker\Docker\resources\bin;C:\Users\user\AppData\Local\agy\bin;C:\Users\user\AppData\Local\Microsoft\WindowsApps;C:\Users\user\AppData\Roaming\npm;C:\Program Files\Java\jdk-17\bin;C:\mingw64\bin;C:\Users\user\AppData\Roaming\Composer\vendor\bin;C:\Program Files (x86)\Nmap;C:\Users\user\AppData\Local\Programs\Antigravity\bin;C:\Users\user\AppData\Local\Muse Hub\lib;C:\Users\user\.lmstudio\bin;C:\Users\user\AppData\Local\Microsoft\WindowsApps;C:\Users\user\AppData\Local\Programs\Antigravity IDE\bin;C:\Users\user\AppData\Local\Programs\Microsoft VS Code\bin
USERNAME=user
OS=Windows_NT
PROCESSOR_IDENTIFIER=AMD64 Family 23 Model 24 Stepping 1, AuthenticAMD
TMP=C:\Users\user\AppData\Local\Temp
TEMP=C:\Users\user\AppData\Local\Temp




Periodic native trim disabled

---------------  S Y S T E M  ---------------

OS:
 Windows 11 , 64 bit Build 26100 (10.0.26100.9444)
OS uptime: 0 days 9:33 hours
Hyper-V role detected

CPU: total 4 (initial active 4) (4 cores per cpu, 2 threads per core) family 23 model 24 stepping 1 microcode 0x8108109, cx8, cmov, fxsr, ht, mmx, 3dnowpref, sse, sse2, sse3, ssse3, sse4a, sse4.1, sse4.2, popcnt, lzcnt, tsc, tscinvbit, avx, avx2, aes, clmul, bmi1, bmi2, adx, sha, fma, vzeroupper, clflush, clflushopt, hv, rdtscp, f16c
Processor Information for the first 4 processors :
  Max Mhz: 2600, Current Mhz: 2600, Mhz Limit: 2600

Memory: 4k page, system-wide physical 18369M (650M free)
TotalPageFile size 48770M (AvailPageFile size 65M)
current process WorkingSet (physical memory assigned to process): 665M, peak: 665M
current process commit charge ("private bytes"): 1746M, peak: 1747M

vm_info: OpenJDK 64-Bit Server VM (21.0.12.1+1-LTS) for windows-amd64 JRE (21.0.12.1+1-LTS), built on 2026-08-18T00:00:00Z by "admin" with MS VC++ 17.12 (VS2022)

END.
