#
# There is insufficient memory for the Java Runtime Environment to continue.
# Native memory allocation (malloc) failed to allocate 1153696 bytes. Error detail: Chunk::new
# Possible reasons:
#   The system is out of physical RAM or swap space
#   This process is running with CompressedOops enabled, and the Java Heap may be blocking the growth of the native heap
# Possible solutions:
#   Reduce memory load on the system
#   Increase physical memory or swap space
#   Check if swap backing store is full
#   Decrease Java heap size (-Xmx/-Xms)
#   Decrease number of Java threads
#   Decrease Java thread stack sizes (-Xss)
#   Set larger code cache with -XX:ReservedCodeCacheSize=
#   JVM is running with Unscaled Compressed Oops mode in which the Java heap is
#     placed in the first 4GB address space. The Java Heap base address is the
#     maximum limit for the native heap growth. Please use -XX:HeapBaseMinAddress
#     to set the Java Heap base and to place the Java Heap above 4GB virtual address.
# This output file may be truncated or incomplete.
#
#  Out of Memory Error (arena.cpp:168), pid=13268, tid=18332
#
# JRE version: OpenJDK Runtime Environment Temurin-21.0.12.1+1 (21.0.12.1+1) (build 21.0.12.1+1-LTS)
# Java VM: OpenJDK 64-Bit Server VM Temurin-21.0.12.1+1 (21.0.12.1+1-LTS, mixed mode, sharing, tiered, compressed oops, compressed class ptrs, g1 gc, windows-amd64)
# No core dump will be written. Minidumps are not enabled by default on client versions of Windows
#

---------------  S U M M A R Y ------------

Command Line: --add-opens=java.base/java.lang=ALL-UNNAMED --add-opens=java.base/java.lang.invoke=ALL-UNNAMED --add-opens=java.base/java.util=ALL-UNNAMED --add-opens=java.prefs/java.util.prefs=ALL-UNNAMED --add-exports=jdk.compiler/com.sun.tools.javac.api=ALL-UNNAMED --add-exports=jdk.compiler/com.sun.tools.javac.util=ALL-UNNAMED --add-opens=java.base/java.nio.charset=ALL-UNNAMED --add-opens=java.base/java.net=ALL-UNNAMED --add-opens=java.base/java.util.concurrent=ALL-UNNAMED --add-opens=java.base/java.util.concurrent.atomic=ALL-UNNAMED --add-opens=java.xml/javax.xml.namespace=ALL-UNNAMED --add-opens=java.base/java.time=ALL-UNNAMED -XX:MaxMetaspaceSize=384m -XX:+HeapDumpOnOutOfMemoryError -Xms256m -Xmx512m -Dfile.encoding=UTF-8 -Duser.country=419 -Duser.language=es -Duser.variant -javaagent:C:\Users\user\.gradle\wrapper\dists\gradle-9.5.1-bin\iq79hdu3mqx29lgffhp8bfmx\gradle-9.5.1\lib\agents\gradle-instrumentation-agent-9.5.1.jar org.gradle.launcher.daemon.bootstrap.GradleDaemon 9.5.1

Host: AMD Ryzen 3 3250U with Radeon Graphics         , 4 cores, 17G,  Windows 11 , 64 bit Build 26100 (10.0.26100.9444)
Time: Mon Sep 14 20:07:06 2026 Hora est. Pacífico, Sudamérica elapsed time: 776.921941 seconds (0d 0h 12m 56s)

---------------  T H R E A D  ---------------

Current thread (0x000002057403d0f0):  JavaThread "C2 CompilerThread0" daemon [_thread_in_native, id=18332, stack(0x000000aa3cf00000,0x000000aa3d000000) (1024K)]


Current CompileTask:
C2:776922 5225       4       org.gradle.internal.service.DefaultServiceRegistry$ClassInspector::getDetailsForClass (50 bytes)

Stack: [0x000000aa3cf00000,0x000000aa3d000000]
Native frames: (J=compiled Java code, j=interpreted, Vv=VM code, C=native code)
V  [jvm.dll+0x6d83e9]
V  [jvm.dll+0x8b5736]
V  [jvm.dll+0x8b7cee]
V  [jvm.dll+0x8b83d3]
V  [jvm.dll+0x284596]
V  [jvm.dll+0xc685d]
V  [jvm.dll+0xc6da1]
V  [jvm.dll+0x3bf18b]
V  [jvm.dll+0x1e3f42]
V  [jvm.dll+0x24c853]
V  [jvm.dll+0x24bce0]
V  [jvm.dll+0x1cb4ae]
V  [jvm.dll+0x25baad]
V  [jvm.dll+0x25a03a]
V  [jvm.dll+0x3f8aae]
V  [jvm.dll+0x8600cd]
V  [jvm.dll+0x6d6c1d]
C  [ucrtbase.dll+0x2cd30]
C  [KERNEL32.DLL+0x2cd87]
C  [ntdll.dll+0xacaec]


---------------  P R O C E S S  ---------------

Threads class SMR info:
_java_thread_list=0x000002057cb23540, length=37, elements={
0x000002055ef0f070, 0x00000205740307e0, 0x0000020574032160, 0x000002057403a440,
0x000002057403aea0, 0x000002057403b900, 0x000002057403c360, 0x000002057403d0f0,
0x00000205740aa580, 0x0000020574244060, 0x00000205742cca60, 0x000002057a1172d0,
0x000002057911d310, 0x000002057a38a360, 0x00000205793b3760, 0x000002057a388480,
0x0000020574a219f0, 0x0000020579872330, 0x0000020579875120, 0x00000205798729c0,
0x00000205798736e0, 0x0000020579873050, 0x0000020579873d70, 0x0000020579874a90,
0x000002057a727fd0, 0x000002057a726590, 0x000002057a7272b0, 0x000002057a726c20,
0x000002057a7251e0, 0x000002057a725f00, 0x000002057a728cf0, 0x000002057a728660,
0x000002057a725870, 0x000002057a729a10, 0x000002057a72adc0, 0x000002057a72a0a0,
0x000002057a729380
}

Java Threads: ( => current thread )
  0x000002055ef0f070 JavaThread "main"                              [_thread_blocked, id=20684, stack(0x000000aa3c100000,0x000000aa3c200000) (1024K)]
  0x00000205740307e0 JavaThread "Reference Handler"          daemon [_thread_blocked, id=18104, stack(0x000000aa3c900000,0x000000aa3ca00000) (1024K)]
  0x0000020574032160 JavaThread "Finalizer"                  daemon [_thread_blocked, id=19876, stack(0x000000aa3ca00000,0x000000aa3cb00000) (1024K)]
  0x000002057403a440 JavaThread "Signal Dispatcher"          daemon [_thread_blocked, id=20124, stack(0x000000aa3cb00000,0x000000aa3cc00000) (1024K)]
  0x000002057403aea0 JavaThread "Attach Listener"            daemon [_thread_blocked, id=15736, stack(0x000000aa3cc00000,0x000000aa3cd00000) (1024K)]
  0x000002057403b900 JavaThread "Service Thread"             daemon [_thread_blocked, id=18772, stack(0x000000aa3cd00000,0x000000aa3ce00000) (1024K)]
  0x000002057403c360 JavaThread "Monitor Deflation Thread"   daemon [_thread_blocked, id=17412, stack(0x000000aa3ce00000,0x000000aa3cf00000) (1024K)]
=>0x000002057403d0f0 JavaThread "C2 CompilerThread0"         daemon [_thread_in_native, id=18332, stack(0x000000aa3cf00000,0x000000aa3d000000) (1024K)]
  0x00000205740aa580 JavaThread "C1 CompilerThread0"         daemon [_thread_blocked, id=1828, stack(0x000000aa3d000000,0x000000aa3d100000) (1024K)]
  0x0000020574244060 JavaThread "Common-Cleaner"             daemon [_thread_blocked, id=1616, stack(0x000000aa3d100000,0x000000aa3d200000) (1024K)]
  0x00000205742cca60 JavaThread "Notification Thread"        daemon [_thread_blocked, id=16852, stack(0x000000aa3d200000,0x000000aa3d300000) (1024K)]
  0x000002057a1172d0 JavaThread "Daemon health stats"               [_thread_blocked, id=19080, stack(0x000000aa3d600000,0x000000aa3d700000) (1024K)]
  0x000002057911d310 JavaThread "Incoming local TCP Connector on port 45511"        [_thread_in_native, id=37976, stack(0x000000aa3d700000,0x000000aa3d800000) (1024K)]
  0x000002057a38a360 JavaThread "Daemon periodic checks"            [_thread_in_native, id=39592, stack(0x000000aa3bf00000,0x000000aa3c000000) (1024K)]
  0x00000205793b3760 JavaThread "Daemon"                            [_thread_blocked, id=19632, stack(0x000000aa3db00000,0x000000aa3dc00000) (1024K)]
  0x000002057a388480 JavaThread "Handler for socket connection from /127.0.0.1:45511 to /127.0.0.1:19315"        [_thread_in_native, id=39032, stack(0x000000aa3dc00000,0x000000aa3dd00000) (1024K)]
  0x0000020574a219f0 JavaThread "Cancel handler"                    [_thread_blocked, id=27608, stack(0x000000aa3dd00000,0x000000aa3de00000) (1024K)]
  0x0000020579872330 JavaThread "Daemon worker"                     [_thread_in_vm, id=28588, stack(0x000000aa3de00000,0x000000aa3df00000) (1024K)]
  0x0000020579875120 JavaThread "Asynchronous log dispatcher for DefaultDaemonConnection: socket connection from /127.0.0.1:45511 to /127.0.0.1:19315"        [_thread_blocked, id=33424, stack(0x000000aa3df00000,0x000000aa3e000000) (1024K)]
  0x00000205798729c0 JavaThread "Stdin handler"                     [_thread_blocked, id=23764, stack(0x000000aa3e000000,0x000000aa3e100000) (1024K)]
  0x00000205798736e0 JavaThread "Daemon client event forwarder"        [_thread_blocked, id=18896, stack(0x000000aa3e100000,0x000000aa3e200000) (1024K)]
  0x0000020579873050 JavaThread "Cache worker for journal cache (C:\Users\user\.gradle\caches\journal-1)"        [_thread_blocked, id=19004, stack(0x000000aa3e200000,0x000000aa3e300000) (1024K)]
  0x0000020579873d70 JavaThread "File lock request listener"        [_thread_in_native, id=31548, stack(0x000000aa3e300000,0x000000aa3e400000) (1024K)]
  0x0000020579874a90 JavaThread "Cache worker for file hash cache (C:\Users\user\.gradle\caches\9.5.1\fileHashes)"        [_thread_blocked, id=23008, stack(0x000000aa3e500000,0x000000aa3e600000) (1024K)]
  0x000002057a727fd0 JavaThread "Cache worker for file hash cache (C:\Users\user\Documents\DEVVAULT\devvault\.gradle\9.5.1\fileHashes)"        [_thread_blocked, id=1684, stack(0x000000aa3c000000,0x000000aa3c100000) (1024K)]
  0x000002057a726590 JavaThread "Cache worker for Build Output Cleanup Cache (C:\Users\user\Documents\DEVVAULT\devvault\.gradle\buildOutputCleanup)"        [_thread_blocked, id=4864, stack(0x000000aa3d900000,0x000000aa3da00000) (1024K)]
  0x000002057a7272b0 JavaThread "File watcher server"        daemon [_thread_in_native, id=12636, stack(0x000000aa3da00000,0x000000aa3db00000) (1024K)]
  0x000002057a726c20 JavaThread "File watcher consumer"      daemon [_thread_blocked, id=15044, stack(0x000000aa3e600000,0x000000aa3e700000) (1024K)]
  0x000002057a7251e0 JavaThread "Cache worker for file content cache (C:\Users\user\.gradle\caches\9.5.1\fileContent)"        [_thread_blocked, id=38720, stack(0x000000aa3e700000,0x000000aa3e800000) (1024K)]
  0x000002057a725f00 JavaThread "Cache worker for checksums cache (C:\Users\user\Documents\DEVVAULT\devvault\.gradle\9.5.1\checksums)"        [_thread_blocked, id=7744, stack(0x000000aa3e800000,0x000000aa3e900000) (1024K)]
  0x000002057a728cf0 JavaThread "Cache worker for cache directory md-supplier (C:\Users\user\.gradle\caches\9.5.1\md-supplier)"        [_thread_blocked, id=7636, stack(0x000000aa3e900000,0x000000aa3ea00000) (1024K)]
  0x000002057a728660 JavaThread "Cache worker for cache directory md-rule (C:\Users\user\.gradle\caches\9.5.1\md-rule)"        [_thread_blocked, id=15436, stack(0x000000aa3ea00000,0x000000aa3eb00000) (1024K)]
  0x000002057a725870 JavaThread "jar transforms"                    [_thread_blocked, id=27276, stack(0x000000aa3d800000,0x000000aa3d900000) (1024K)]
  0x000002057a729a10 JavaThread "jar transforms Thread 2"           [_thread_blocked, id=40584, stack(0x000000aa3eb00000,0x000000aa3ec00000) (1024K)]
  0x000002057a72adc0 JavaThread "jar transforms Thread 3"           [_thread_blocked, id=18468, stack(0x000000aa3e400000,0x000000aa3e500000) (1024K)]
  0x000002057a72a0a0 JavaThread "File lock release action executor Thread 2"        [_thread_blocked, id=10884, stack(0x000000aa3ec00000,0x000000aa3ed00000) (1024K)]
  0x000002057a729380 JavaThread "jar transforms Thread 4"           [_thread_blocked, id=31732, stack(0x000000aa3ed00000,0x000000aa3ee00000) (1024K)]
Total: 37

Other Threads:
  0x0000020574017350 VMThread "VM Thread"                           [id=36660, stack(0x000000aa3c800000,0x000000aa3c900000) (1024K)]
  0x00000205740057a0 WatcherThread "VM Periodic Task Thread"        [id=17740, stack(0x000000aa3c700000,0x000000aa3c800000) (1024K)]
  0x000002055ef3a670 WorkerThread "GC Thread#0"                     [id=12060, stack(0x000000aa3c200000,0x000000aa3c300000) (1024K)]
  0x00000205742ea070 WorkerThread "GC Thread#1"                     [id=17988, stack(0x000000aa3d300000,0x000000aa3d400000) (1024K)]
  0x00000205746b87f0 WorkerThread "GC Thread#2"                     [id=31380, stack(0x000000aa3d400000,0x000000aa3d500000) (1024K)]
  0x00000205746b8ba0 WorkerThread "GC Thread#3"                     [id=12224, stack(0x000000aa3d500000,0x000000aa3d600000) (1024K)]
  0x000002055ef3fd80 ConcurrentGCThread "G1 Main Marker"            [id=816, stack(0x000000aa3c300000,0x000000aa3c400000) (1024K)]
  0x000002055ef41620 WorkerThread "G1 Conc#0"                       [id=17844, stack(0x000000aa3c400000,0x000000aa3c500000) (1024K)]
  0x0000020573ed15b0 ConcurrentGCThread "G1 Refine#0"               [id=20636, stack(0x000000aa3c500000,0x000000aa3c600000) (1024K)]
  0x0000020573ed2040 ConcurrentGCThread "G1 Service"                [id=800, stack(0x000000aa3c600000,0x000000aa3c700000) (1024K)]
Total: 10

Threads with active compile tasks:
C2 CompilerThread0  776973 5225       4       org.gradle.internal.service.DefaultServiceRegistry$ClassInspector::getDetailsForClass (50 bytes)
Total: 1

VM state: not at safepoint (normal execution)

VM Mutex/Monitor currently owned by a thread: None

Heap address: 0x00000000e0000000, size: 512 MB, Compressed Oops mode: 32-bit

CDS archive(s) mapped at: [0x0000020500000000-0x0000020500ba0000-0x0000020500ba0000), size 12189696, SharedBaseAddress: 0x0000020500000000, ArchiveRelocationMode: 1.
Compressed class space mapped at: 0x0000020501000000-0x0000020515000000, reserved size: 335544320
Narrow klass base: 0x0000020500000000, Narrow klass shift: 0, Narrow klass range: 0x100000000

GC Precious Log:
 CardTable entry size: 512
 Card Set container configuration: InlinePtr #cards 5 size 8 Array Of Cards #cards 12 size 40 Howl #buckets 4 coarsen threshold 1843 Howl Bitmap #cards 512 size 80 coarsen threshold 460 Card regions per heap region 1 cards per card region 2048
 CPUs: 4 total, 4 available
 Memory: 18369M
 Large Page Support: Disabled
 NUMA Support: Disabled
 Compressed Oops: Enabled (32-bit)
 Heap Region Size: 1M
 Heap Min Capacity: 256M
 Heap Initial Capacity: 256M
 Heap Max Capacity: 512M
 Pre-touch: Disabled
 Parallel Workers: 4
 Concurrent Workers: 1
 Concurrent Refinement Workers: 4
 Periodic GC: Disabled

Heap:
 garbage-first heap   total 262144K, used 84140K [0x00000000e0000000, 0x0000000100000000)
  region size 1024K, 62 young (63488K), 10 survivors (10240K)
 Metaspace       used 38442K, committed 39936K, reserved 393216K
  class space    used 5638K, committed 6336K, reserved 327680K

Heap Regions: E=young(eden), S=young(survivor), O=old, HS=humongous(starts), HC=humongous(continues), CS=collection set, F=free, TAMS=top-at-mark-start, PB=parsable bottom
|   0|0x00000000e0000000, 0x00000000e0100000, 0x00000000e0100000|100%| O|  |TAMS 0x00000000e0000000| PB 0x00000000e0000000| Untracked 
|   1|0x00000000e0100000, 0x00000000e0200000, 0x00000000e0200000|100%|HS|  |TAMS 0x00000000e0100000| PB 0x00000000e0100000| Complete 
|   2|0x00000000e0200000, 0x00000000e0300000, 0x00000000e0300000|100%|HC|  |TAMS 0x00000000e0200000| PB 0x00000000e0200000| Complete 
|   3|0x00000000e0300000, 0x00000000e0400000, 0x00000000e0400000|100%|HC|  |TAMS 0x00000000e0300000| PB 0x00000000e0300000| Complete 
|   4|0x00000000e0400000, 0x00000000e0500000, 0x00000000e0500000|100%|HC|  |TAMS 0x00000000e0400000| PB 0x00000000e0400000| Complete 
|   5|0x00000000e0500000, 0x00000000e0600000, 0x00000000e0600000|100%| O|  |TAMS 0x00000000e0500000| PB 0x00000000e0500000| Untracked 
|   6|0x00000000e0600000, 0x00000000e0600000, 0x00000000e0700000|  0%| F|  |TAMS 0x00000000e0600000| PB 0x00000000e0600000| Untracked 
|   7|0x00000000e0700000, 0x00000000e0800000, 0x00000000e0800000|100%| O|  |TAMS 0x00000000e0700000| PB 0x00000000e0700000| Untracked 
|   8|0x00000000e0800000, 0x00000000e0900000, 0x00000000e0900000|100%| O|  |TAMS 0x00000000e0800000| PB 0x00000000e0800000| Untracked 
|   9|0x00000000e0900000, 0x00000000e0a00000, 0x00000000e0a00000|100%| O|  |TAMS 0x00000000e0900000| PB 0x00000000e0900000| Untracked 
|  10|0x00000000e0a00000, 0x00000000e0b00000, 0x00000000e0b00000|100%|HS|  |TAMS 0x00000000e0a00000| PB 0x00000000e0a00000| Complete 
|  11|0x00000000e0b00000, 0x00000000e0c00000, 0x00000000e0c00000|100%| O|  |TAMS 0x00000000e0b00000| PB 0x00000000e0b00000| Untracked 
|  12|0x00000000e0c00000, 0x00000000e0d00000, 0x00000000e0d00000|100%| O|  |TAMS 0x00000000e0c00000| PB 0x00000000e0c00000| Untracked 
|  13|0x00000000e0d00000, 0x00000000e0e00000, 0x00000000e0e00000|100%| O|  |TAMS 0x00000000e0d00000| PB 0x00000000e0d00000| Untracked 
|  14|0x00000000e0e00000, 0x00000000e0f00000, 0x00000000e0f00000|100%| O|  |TAMS 0x00000000e0e00000| PB 0x00000000e0e00000| Untracked 
|  15|0x00000000e0f00000, 0x00000000e1000000, 0x00000000e1000000|100%| O|  |TAMS 0x00000000e0f00000| PB 0x00000000e0f00000| Untracked 
|  16|0x00000000e1000000, 0x00000000e1100000, 0x00000000e1100000|100%| O|  |TAMS 0x00000000e1000000| PB 0x00000000e1000000| Untracked 
|  17|0x00000000e1100000, 0x00000000e1200000, 0x00000000e1200000|100%| O|  |TAMS 0x00000000e1100000| PB 0x00000000e1100000| Untracked 
|  18|0x00000000e1200000, 0x00000000e1300000, 0x00000000e1300000|100%| O|  |TAMS 0x00000000e1200000| PB 0x00000000e1200000| Untracked 
|  19|0x00000000e1300000, 0x00000000e1400000, 0x00000000e1400000|100%| O|  |TAMS 0x00000000e1300000| PB 0x00000000e1300000| Untracked 
|  20|0x00000000e1400000, 0x00000000e1500000, 0x00000000e1500000|100%| O|  |TAMS 0x00000000e1400000| PB 0x00000000e1400000| Untracked 
|  21|0x00000000e1500000, 0x00000000e1600000, 0x00000000e1600000|100%| O|Cm|TAMS 0x00000000e1500000| PB 0x00000000e1500000| Complete 
|  22|0x00000000e1600000, 0x00000000e16ab0a8, 0x00000000e1700000| 66%| O|  |TAMS 0x00000000e1600000| PB 0x00000000e1600000| Untracked 
|  23|0x00000000e1700000, 0x00000000e1700000, 0x00000000e1800000|  0%| F|  |TAMS 0x00000000e1700000| PB 0x00000000e1700000| Untracked 
|  24|0x00000000e1800000, 0x00000000e1800000, 0x00000000e1900000|  0%| F|  |TAMS 0x00000000e1800000| PB 0x00000000e1800000| Untracked 
|  25|0x00000000e1900000, 0x00000000e1900000, 0x00000000e1a00000|  0%| F|  |TAMS 0x00000000e1900000| PB 0x00000000e1900000| Untracked 
|  26|0x00000000e1a00000, 0x00000000e1a00000, 0x00000000e1b00000|  0%| F|  |TAMS 0x00000000e1a00000| PB 0x00000000e1a00000| Untracked 
|  27|0x00000000e1b00000, 0x00000000e1b00000, 0x00000000e1c00000|  0%| F|  |TAMS 0x00000000e1b00000| PB 0x00000000e1b00000| Untracked 
|  28|0x00000000e1c00000, 0x00000000e1c00000, 0x00000000e1d00000|  0%| F|  |TAMS 0x00000000e1c00000| PB 0x00000000e1c00000| Untracked 
|  29|0x00000000e1d00000, 0x00000000e1d00000, 0x00000000e1e00000|  0%| F|  |TAMS 0x00000000e1d00000| PB 0x00000000e1d00000| Untracked 
|  30|0x00000000e1e00000, 0x00000000e1e00000, 0x00000000e1f00000|  0%| F|  |TAMS 0x00000000e1e00000| PB 0x00000000e1e00000| Untracked 
|  31|0x00000000e1f00000, 0x00000000e1f00000, 0x00000000e2000000|  0%| F|  |TAMS 0x00000000e1f00000| PB 0x00000000e1f00000| Untracked 
|  32|0x00000000e2000000, 0x00000000e2000000, 0x00000000e2100000|  0%| F|  |TAMS 0x00000000e2000000| PB 0x00000000e2000000| Untracked 
|  33|0x00000000e2100000, 0x00000000e2100000, 0x00000000e2200000|  0%| F|  |TAMS 0x00000000e2100000| PB 0x00000000e2100000| Untracked 
|  34|0x00000000e2200000, 0x00000000e2200000, 0x00000000e2300000|  0%| F|  |TAMS 0x00000000e2200000| PB 0x00000000e2200000| Untracked 
|  35|0x00000000e2300000, 0x00000000e2300000, 0x00000000e2400000|  0%| F|  |TAMS 0x00000000e2300000| PB 0x00000000e2300000| Untracked 
|  36|0x00000000e2400000, 0x00000000e2400000, 0x00000000e2500000|  0%| F|  |TAMS 0x00000000e2400000| PB 0x00000000e2400000| Untracked 
|  37|0x00000000e2500000, 0x00000000e2500000, 0x00000000e2600000|  0%| F|  |TAMS 0x00000000e2500000| PB 0x00000000e2500000| Untracked 
|  38|0x00000000e2600000, 0x00000000e2600000, 0x00000000e2700000|  0%| F|  |TAMS 0x00000000e2600000| PB 0x00000000e2600000| Untracked 
|  39|0x00000000e2700000, 0x00000000e2700000, 0x00000000e2800000|  0%| F|  |TAMS 0x00000000e2700000| PB 0x00000000e2700000| Untracked 
|  40|0x00000000e2800000, 0x00000000e2800000, 0x00000000e2900000|  0%| F|  |TAMS 0x00000000e2800000| PB 0x00000000e2800000| Untracked 
|  41|0x00000000e2900000, 0x00000000e2900000, 0x00000000e2a00000|  0%| F|  |TAMS 0x00000000e2900000| PB 0x00000000e2900000| Untracked 
|  42|0x00000000e2a00000, 0x00000000e2a00000, 0x00000000e2b00000|  0%| F|  |TAMS 0x00000000e2a00000| PB 0x00000000e2a00000| Untracked 
|  43|0x00000000e2b00000, 0x00000000e2b00000, 0x00000000e2c00000|  0%| F|  |TAMS 0x00000000e2b00000| PB 0x00000000e2b00000| Untracked 
|  44|0x00000000e2c00000, 0x00000000e2c00000, 0x00000000e2d00000|  0%| F|  |TAMS 0x00000000e2c00000| PB 0x00000000e2c00000| Untracked 
|  45|0x00000000e2d00000, 0x00000000e2d00000, 0x00000000e2e00000|  0%| F|  |TAMS 0x00000000e2d00000| PB 0x00000000e2d00000| Untracked 
|  46|0x00000000e2e00000, 0x00000000e2e00000, 0x00000000e2f00000|  0%| F|  |TAMS 0x00000000e2e00000| PB 0x00000000e2e00000| Untracked 
|  47|0x00000000e2f00000, 0x00000000e2f00000, 0x00000000e3000000|  0%| F|  |TAMS 0x00000000e2f00000| PB 0x00000000e2f00000| Untracked 
|  48|0x00000000e3000000, 0x00000000e3000000, 0x00000000e3100000|  0%| F|  |TAMS 0x00000000e3000000| PB 0x00000000e3000000| Untracked 
|  49|0x00000000e3100000, 0x00000000e3100000, 0x00000000e3200000|  0%| F|  |TAMS 0x00000000e3100000| PB 0x00000000e3100000| Untracked 
|  50|0x00000000e3200000, 0x00000000e3200000, 0x00000000e3300000|  0%| F|  |TAMS 0x00000000e3200000| PB 0x00000000e3200000| Untracked 
|  51|0x00000000e3300000, 0x00000000e3300000, 0x00000000e3400000|  0%| F|  |TAMS 0x00000000e3300000| PB 0x00000000e3300000| Untracked 
|  52|0x00000000e3400000, 0x00000000e3400000, 0x00000000e3500000|  0%| F|  |TAMS 0x00000000e3400000| PB 0x00000000e3400000| Untracked 
|  53|0x00000000e3500000, 0x00000000e3500000, 0x00000000e3600000|  0%| F|  |TAMS 0x00000000e3500000| PB 0x00000000e3500000| Untracked 
|  54|0x00000000e3600000, 0x00000000e3600000, 0x00000000e3700000|  0%| F|  |TAMS 0x00000000e3600000| PB 0x00000000e3600000| Untracked 
|  55|0x00000000e3700000, 0x00000000e3700000, 0x00000000e3800000|  0%| F|  |TAMS 0x00000000e3700000| PB 0x00000000e3700000| Untracked 
|  56|0x00000000e3800000, 0x00000000e3800000, 0x00000000e3900000|  0%| F|  |TAMS 0x00000000e3800000| PB 0x00000000e3800000| Untracked 
|  57|0x00000000e3900000, 0x00000000e3900000, 0x00000000e3a00000|  0%| F|  |TAMS 0x00000000e3900000| PB 0x00000000e3900000| Untracked 
|  58|0x00000000e3a00000, 0x00000000e3a00000, 0x00000000e3b00000|  0%| F|  |TAMS 0x00000000e3a00000| PB 0x00000000e3a00000| Untracked 
|  59|0x00000000e3b00000, 0x00000000e3b00000, 0x00000000e3c00000|  0%| F|  |TAMS 0x00000000e3b00000| PB 0x00000000e3b00000| Untracked 
|  60|0x00000000e3c00000, 0x00000000e3c00000, 0x00000000e3d00000|  0%| F|  |TAMS 0x00000000e3c00000| PB 0x00000000e3c00000| Untracked 
|  61|0x00000000e3d00000, 0x00000000e3d00000, 0x00000000e3e00000|  0%| F|  |TAMS 0x00000000e3d00000| PB 0x00000000e3d00000| Untracked 
|  62|0x00000000e3e00000, 0x00000000e3e00000, 0x00000000e3f00000|  0%| F|  |TAMS 0x00000000e3e00000| PB 0x00000000e3e00000| Untracked 
|  63|0x00000000e3f00000, 0x00000000e3f00000, 0x00000000e4000000|  0%| F|  |TAMS 0x00000000e3f00000| PB 0x00000000e3f00000| Untracked 
|  64|0x00000000e4000000, 0x00000000e4000000, 0x00000000e4100000|  0%| F|  |TAMS 0x00000000e4000000| PB 0x00000000e4000000| Untracked 
|  65|0x00000000e4100000, 0x00000000e4100000, 0x00000000e4200000|  0%| F|  |TAMS 0x00000000e4100000| PB 0x00000000e4100000| Untracked 
|  66|0x00000000e4200000, 0x00000000e4200000, 0x00000000e4300000|  0%| F|  |TAMS 0x00000000e4200000| PB 0x00000000e4200000| Untracked 
|  67|0x00000000e4300000, 0x00000000e4300000, 0x00000000e4400000|  0%| F|  |TAMS 0x00000000e4300000| PB 0x00000000e4300000| Untracked 
|  68|0x00000000e4400000, 0x00000000e4400000, 0x00000000e4500000|  0%| F|  |TAMS 0x00000000e4400000| PB 0x00000000e4400000| Untracked 
|  69|0x00000000e4500000, 0x00000000e4500000, 0x00000000e4600000|  0%| F|  |TAMS 0x00000000e4500000| PB 0x00000000e4500000| Untracked 
|  70|0x00000000e4600000, 0x00000000e4600000, 0x00000000e4700000|  0%| F|  |TAMS 0x00000000e4600000| PB 0x00000000e4600000| Untracked 
|  71|0x00000000e4700000, 0x00000000e4700000, 0x00000000e4800000|  0%| F|  |TAMS 0x00000000e4700000| PB 0x00000000e4700000| Untracked 
|  72|0x00000000e4800000, 0x00000000e4800000, 0x00000000e4900000|  0%| F|  |TAMS 0x00000000e4800000| PB 0x00000000e4800000| Untracked 
|  73|0x00000000e4900000, 0x00000000e4900000, 0x00000000e4a00000|  0%| F|  |TAMS 0x00000000e4900000| PB 0x00000000e4900000| Untracked 
|  74|0x00000000e4a00000, 0x00000000e4a00000, 0x00000000e4b00000|  0%| F|  |TAMS 0x00000000e4a00000| PB 0x00000000e4a00000| Untracked 
|  75|0x00000000e4b00000, 0x00000000e4b00000, 0x00000000e4c00000|  0%| F|  |TAMS 0x00000000e4b00000| PB 0x00000000e4b00000| Untracked 
|  76|0x00000000e4c00000, 0x00000000e4c00000, 0x00000000e4d00000|  0%| F|  |TAMS 0x00000000e4c00000| PB 0x00000000e4c00000| Untracked 
|  77|0x00000000e4d00000, 0x00000000e4d00000, 0x00000000e4e00000|  0%| F|  |TAMS 0x00000000e4d00000| PB 0x00000000e4d00000| Untracked 
|  78|0x00000000e4e00000, 0x00000000e4e00000, 0x00000000e4f00000|  0%| F|  |TAMS 0x00000000e4e00000| PB 0x00000000e4e00000| Untracked 
|  79|0x00000000e4f00000, 0x00000000e4f00000, 0x00000000e5000000|  0%| F|  |TAMS 0x00000000e4f00000| PB 0x00000000e4f00000| Untracked 
|  80|0x00000000e5000000, 0x00000000e5000000, 0x00000000e5100000|  0%| F|  |TAMS 0x00000000e5000000| PB 0x00000000e5000000| Untracked 
|  81|0x00000000e5100000, 0x00000000e5100000, 0x00000000e5200000|  0%| F|  |TAMS 0x00000000e5100000| PB 0x00000000e5100000| Untracked 
|  82|0x00000000e5200000, 0x00000000e5200000, 0x00000000e5300000|  0%| F|  |TAMS 0x00000000e5200000| PB 0x00000000e5200000| Untracked 
|  83|0x00000000e5300000, 0x00000000e5300000, 0x00000000e5400000|  0%| F|  |TAMS 0x00000000e5300000| PB 0x00000000e5300000| Untracked 
|  84|0x00000000e5400000, 0x00000000e5400000, 0x00000000e5500000|  0%| F|  |TAMS 0x00000000e5400000| PB 0x00000000e5400000| Untracked 
|  85|0x00000000e5500000, 0x00000000e5500000, 0x00000000e5600000|  0%| F|  |TAMS 0x00000000e5500000| PB 0x00000000e5500000| Untracked 
|  86|0x00000000e5600000, 0x00000000e5600000, 0x00000000e5700000|  0%| F|  |TAMS 0x00000000e5600000| PB 0x00000000e5600000| Untracked 
|  87|0x00000000e5700000, 0x00000000e5700000, 0x00000000e5800000|  0%| F|  |TAMS 0x00000000e5700000| PB 0x00000000e5700000| Untracked 
|  88|0x00000000e5800000, 0x00000000e5800000, 0x00000000e5900000|  0%| F|  |TAMS 0x00000000e5800000| PB 0x00000000e5800000| Untracked 
|  89|0x00000000e5900000, 0x00000000e5900000, 0x00000000e5a00000|  0%| F|  |TAMS 0x00000000e5900000| PB 0x00000000e5900000| Untracked 
|  90|0x00000000e5a00000, 0x00000000e5a00000, 0x00000000e5b00000|  0%| F|  |TAMS 0x00000000e5a00000| PB 0x00000000e5a00000| Untracked 
|  91|0x00000000e5b00000, 0x00000000e5b00000, 0x00000000e5c00000|  0%| F|  |TAMS 0x00000000e5b00000| PB 0x00000000e5b00000| Untracked 
|  92|0x00000000e5c00000, 0x00000000e5c00000, 0x00000000e5d00000|  0%| F|  |TAMS 0x00000000e5c00000| PB 0x00000000e5c00000| Untracked 
|  93|0x00000000e5d00000, 0x00000000e5d00000, 0x00000000e5e00000|  0%| F|  |TAMS 0x00000000e5d00000| PB 0x00000000e5d00000| Untracked 
|  94|0x00000000e5e00000, 0x00000000e5e00000, 0x00000000e5f00000|  0%| F|  |TAMS 0x00000000e5e00000| PB 0x00000000e5e00000| Untracked 
|  95|0x00000000e5f00000, 0x00000000e5f00000, 0x00000000e6000000|  0%| F|  |TAMS 0x00000000e5f00000| PB 0x00000000e5f00000| Untracked 
|  96|0x00000000e6000000, 0x00000000e6000000, 0x00000000e6100000|  0%| F|  |TAMS 0x00000000e6000000| PB 0x00000000e6000000| Untracked 
|  97|0x00000000e6100000, 0x00000000e6100000, 0x00000000e6200000|  0%| F|  |TAMS 0x00000000e6100000| PB 0x00000000e6100000| Untracked 
|  98|0x00000000e6200000, 0x00000000e6200000, 0x00000000e6300000|  0%| F|  |TAMS 0x00000000e6200000| PB 0x00000000e6200000| Untracked 
|  99|0x00000000e6300000, 0x00000000e6300000, 0x00000000e6400000|  0%| F|  |TAMS 0x00000000e6300000| PB 0x00000000e6300000| Untracked 
| 100|0x00000000e6400000, 0x00000000e6400000, 0x00000000e6500000|  0%| F|  |TAMS 0x00000000e6400000| PB 0x00000000e6400000| Untracked 
| 101|0x00000000e6500000, 0x00000000e6500000, 0x00000000e6600000|  0%| F|  |TAMS 0x00000000e6500000| PB 0x00000000e6500000| Untracked 
| 102|0x00000000e6600000, 0x00000000e6600000, 0x00000000e6700000|  0%| F|  |TAMS 0x00000000e6600000| PB 0x00000000e6600000| Untracked 
| 103|0x00000000e6700000, 0x00000000e6700000, 0x00000000e6800000|  0%| F|  |TAMS 0x00000000e6700000| PB 0x00000000e6700000| Untracked 
| 104|0x00000000e6800000, 0x00000000e6800000, 0x00000000e6900000|  0%| F|  |TAMS 0x00000000e6800000| PB 0x00000000e6800000| Untracked 
| 105|0x00000000e6900000, 0x00000000e6900000, 0x00000000e6a00000|  0%| F|  |TAMS 0x00000000e6900000| PB 0x00000000e6900000| Untracked 
| 106|0x00000000e6a00000, 0x00000000e6a00000, 0x00000000e6b00000|  0%| F|  |TAMS 0x00000000e6a00000| PB 0x00000000e6a00000| Untracked 
| 107|0x00000000e6b00000, 0x00000000e6b00000, 0x00000000e6c00000|  0%| F|  |TAMS 0x00000000e6b00000| PB 0x00000000e6b00000| Untracked 
| 108|0x00000000e6c00000, 0x00000000e6c00000, 0x00000000e6d00000|  0%| F|  |TAMS 0x00000000e6c00000| PB 0x00000000e6c00000| Untracked 
| 109|0x00000000e6d00000, 0x00000000e6d00000, 0x00000000e6e00000|  0%| F|  |TAMS 0x00000000e6d00000| PB 0x00000000e6d00000| Untracked 
| 110|0x00000000e6e00000, 0x00000000e6e00000, 0x00000000e6f00000|  0%| F|  |TAMS 0x00000000e6e00000| PB 0x00000000e6e00000| Untracked 
| 111|0x00000000e6f00000, 0x00000000e6f00000, 0x00000000e7000000|  0%| F|  |TAMS 0x00000000e6f00000| PB 0x00000000e6f00000| Untracked 
| 112|0x00000000e7000000, 0x00000000e7000000, 0x00000000e7100000|  0%| F|  |TAMS 0x00000000e7000000| PB 0x00000000e7000000| Untracked 
| 113|0x00000000e7100000, 0x00000000e7100000, 0x00000000e7200000|  0%| F|  |TAMS 0x00000000e7100000| PB 0x00000000e7100000| Untracked 
| 114|0x00000000e7200000, 0x00000000e7200000, 0x00000000e7300000|  0%| F|  |TAMS 0x00000000e7200000| PB 0x00000000e7200000| Untracked 
| 115|0x00000000e7300000, 0x00000000e7300000, 0x00000000e7400000|  0%| F|  |TAMS 0x00000000e7300000| PB 0x00000000e7300000| Untracked 
| 116|0x00000000e7400000, 0x00000000e7400000, 0x00000000e7500000|  0%| F|  |TAMS 0x00000000e7400000| PB 0x00000000e7400000| Untracked 
| 117|0x00000000e7500000, 0x00000000e7500000, 0x00000000e7600000|  0%| F|  |TAMS 0x00000000e7500000| PB 0x00000000e7500000| Untracked 
| 118|0x00000000e7600000, 0x00000000e7600000, 0x00000000e7700000|  0%| F|  |TAMS 0x00000000e7600000| PB 0x00000000e7600000| Untracked 
| 119|0x00000000e7700000, 0x00000000e7700000, 0x00000000e7800000|  0%| F|  |TAMS 0x00000000e7700000| PB 0x00000000e7700000| Untracked 
| 120|0x00000000e7800000, 0x00000000e7800000, 0x00000000e7900000|  0%| F|  |TAMS 0x00000000e7800000| PB 0x00000000e7800000| Untracked 
| 121|0x00000000e7900000, 0x00000000e7900000, 0x00000000e7a00000|  0%| F|  |TAMS 0x00000000e7900000| PB 0x00000000e7900000| Untracked 
| 122|0x00000000e7a00000, 0x00000000e7a00000, 0x00000000e7b00000|  0%| F|  |TAMS 0x00000000e7a00000| PB 0x00000000e7a00000| Untracked 
| 123|0x00000000e7b00000, 0x00000000e7b00000, 0x00000000e7c00000|  0%| F|  |TAMS 0x00000000e7b00000| PB 0x00000000e7b00000| Untracked 
| 124|0x00000000e7c00000, 0x00000000e7c00000, 0x00000000e7d00000|  0%| F|  |TAMS 0x00000000e7c00000| PB 0x00000000e7c00000| Untracked 
| 125|0x00000000e7d00000, 0x00000000e7d00000, 0x00000000e7e00000|  0%| F|  |TAMS 0x00000000e7d00000| PB 0x00000000e7d00000| Untracked 
| 126|0x00000000e7e00000, 0x00000000e7e00000, 0x00000000e7f00000|  0%| F|  |TAMS 0x00000000e7e00000| PB 0x00000000e7e00000| Untracked 
| 127|0x00000000e7f00000, 0x00000000e7f00000, 0x00000000e8000000|  0%| F|  |TAMS 0x00000000e7f00000| PB 0x00000000e7f00000| Untracked 
| 128|0x00000000e8000000, 0x00000000e8000000, 0x00000000e8100000|  0%| F|  |TAMS 0x00000000e8000000| PB 0x00000000e8000000| Untracked 
| 129|0x00000000e8100000, 0x00000000e8100000, 0x00000000e8200000|  0%| F|  |TAMS 0x00000000e8100000| PB 0x00000000e8100000| Untracked 
| 130|0x00000000e8200000, 0x00000000e8200000, 0x00000000e8300000|  0%| F|  |TAMS 0x00000000e8200000| PB 0x00000000e8200000| Untracked 
| 131|0x00000000e8300000, 0x00000000e8300000, 0x00000000e8400000|  0%| F|  |TAMS 0x00000000e8300000| PB 0x00000000e8300000| Untracked 
| 132|0x00000000e8400000, 0x00000000e8400000, 0x00000000e8500000|  0%| F|  |TAMS 0x00000000e8400000| PB 0x00000000e8400000| Untracked 
| 133|0x00000000e8500000, 0x00000000e8500000, 0x00000000e8600000|  0%| F|  |TAMS 0x00000000e8500000| PB 0x00000000e8500000| Untracked 
| 134|0x00000000e8600000, 0x00000000e8600000, 0x00000000e8700000|  0%| F|  |TAMS 0x00000000e8600000| PB 0x00000000e8600000| Untracked 
| 135|0x00000000e8700000, 0x00000000e8700000, 0x00000000e8800000|  0%| F|  |TAMS 0x00000000e8700000| PB 0x00000000e8700000| Untracked 
| 136|0x00000000e8800000, 0x00000000e8800000, 0x00000000e8900000|  0%| F|  |TAMS 0x00000000e8800000| PB 0x00000000e8800000| Untracked 
| 137|0x00000000e8900000, 0x00000000e8900000, 0x00000000e8a00000|  0%| F|  |TAMS 0x00000000e8900000| PB 0x00000000e8900000| Untracked 
| 138|0x00000000e8a00000, 0x00000000e8a00000, 0x00000000e8b00000|  0%| F|  |TAMS 0x00000000e8a00000| PB 0x00000000e8a00000| Untracked 
| 139|0x00000000e8b00000, 0x00000000e8b00000, 0x00000000e8c00000|  0%| F|  |TAMS 0x00000000e8b00000| PB 0x00000000e8b00000| Untracked 
| 140|0x00000000e8c00000, 0x00000000e8c00000, 0x00000000e8d00000|  0%| F|  |TAMS 0x00000000e8c00000| PB 0x00000000e8c00000| Untracked 
| 141|0x00000000e8d00000, 0x00000000e8d00000, 0x00000000e8e00000|  0%| F|  |TAMS 0x00000000e8d00000| PB 0x00000000e8d00000| Untracked 
| 142|0x00000000e8e00000, 0x00000000e8e00000, 0x00000000e8f00000|  0%| F|  |TAMS 0x00000000e8e00000| PB 0x00000000e8e00000| Untracked 
| 143|0x00000000e8f00000, 0x00000000e8f00000, 0x00000000e9000000|  0%| F|  |TAMS 0x00000000e8f00000| PB 0x00000000e8f00000| Untracked 
| 144|0x00000000e9000000, 0x00000000e9000000, 0x00000000e9100000|  0%| F|  |TAMS 0x00000000e9000000| PB 0x00000000e9000000| Untracked 
| 145|0x00000000e9100000, 0x00000000e9100000, 0x00000000e9200000|  0%| F|  |TAMS 0x00000000e9100000| PB 0x00000000e9100000| Untracked 
| 146|0x00000000e9200000, 0x00000000e9200000, 0x00000000e9300000|  0%| F|  |TAMS 0x00000000e9200000| PB 0x00000000e9200000| Untracked 
| 147|0x00000000e9300000, 0x00000000e9300000, 0x00000000e9400000|  0%| F|  |TAMS 0x00000000e9300000| PB 0x00000000e9300000| Untracked 
| 148|0x00000000e9400000, 0x00000000e9400000, 0x00000000e9500000|  0%| F|  |TAMS 0x00000000e9400000| PB 0x00000000e9400000| Untracked 
| 149|0x00000000e9500000, 0x00000000e9500000, 0x00000000e9600000|  0%| F|  |TAMS 0x00000000e9500000| PB 0x00000000e9500000| Untracked 
| 150|0x00000000e9600000, 0x00000000e9600000, 0x00000000e9700000|  0%| F|  |TAMS 0x00000000e9600000| PB 0x00000000e9600000| Untracked 
| 151|0x00000000e9700000, 0x00000000e9700000, 0x00000000e9800000|  0%| F|  |TAMS 0x00000000e9700000| PB 0x00000000e9700000| Untracked 
| 152|0x00000000e9800000, 0x00000000e9800000, 0x00000000e9900000|  0%| F|  |TAMS 0x00000000e9800000| PB 0x00000000e9800000| Untracked 
| 153|0x00000000e9900000, 0x00000000e9900000, 0x00000000e9a00000|  0%| F|  |TAMS 0x00000000e9900000| PB 0x00000000e9900000| Untracked 
| 154|0x00000000e9a00000, 0x00000000e9a00000, 0x00000000e9b00000|  0%| F|  |TAMS 0x00000000e9a00000| PB 0x00000000e9a00000| Untracked 
| 155|0x00000000e9b00000, 0x00000000e9b00000, 0x00000000e9c00000|  0%| F|  |TAMS 0x00000000e9b00000| PB 0x00000000e9b00000| Untracked 
| 156|0x00000000e9c00000, 0x00000000e9c00000, 0x00000000e9d00000|  0%| F|  |TAMS 0x00000000e9c00000| PB 0x00000000e9c00000| Untracked 
| 157|0x00000000e9d00000, 0x00000000e9d00000, 0x00000000e9e00000|  0%| F|  |TAMS 0x00000000e9d00000| PB 0x00000000e9d00000| Untracked 
| 158|0x00000000e9e00000, 0x00000000e9e00000, 0x00000000e9f00000|  0%| F|  |TAMS 0x00000000e9e00000| PB 0x00000000e9e00000| Untracked 
| 159|0x00000000e9f00000, 0x00000000e9f00000, 0x00000000ea000000|  0%| F|  |TAMS 0x00000000e9f00000| PB 0x00000000e9f00000| Untracked 
| 160|0x00000000ea000000, 0x00000000ea000000, 0x00000000ea100000|  0%| F|  |TAMS 0x00000000ea000000| PB 0x00000000ea000000| Untracked 
| 161|0x00000000ea100000, 0x00000000ea100000, 0x00000000ea200000|  0%| F|  |TAMS 0x00000000ea100000| PB 0x00000000ea100000| Untracked 
| 162|0x00000000ea200000, 0x00000000ea200000, 0x00000000ea300000|  0%| F|  |TAMS 0x00000000ea200000| PB 0x00000000ea200000| Untracked 
| 163|0x00000000ea300000, 0x00000000ea300000, 0x00000000ea400000|  0%| F|  |TAMS 0x00000000ea300000| PB 0x00000000ea300000| Untracked 
| 164|0x00000000ea400000, 0x00000000ea400000, 0x00000000ea500000|  0%| F|  |TAMS 0x00000000ea400000| PB 0x00000000ea400000| Untracked 
| 165|0x00000000ea500000, 0x00000000ea500000, 0x00000000ea600000|  0%| F|  |TAMS 0x00000000ea500000| PB 0x00000000ea500000| Untracked 
| 166|0x00000000ea600000, 0x00000000ea600000, 0x00000000ea700000|  0%| F|  |TAMS 0x00000000ea600000| PB 0x00000000ea600000| Untracked 
| 167|0x00000000ea700000, 0x00000000ea700000, 0x00000000ea800000|  0%| F|  |TAMS 0x00000000ea700000| PB 0x00000000ea700000| Untracked 
| 168|0x00000000ea800000, 0x00000000ea800000, 0x00000000ea900000|  0%| F|  |TAMS 0x00000000ea800000| PB 0x00000000ea800000| Untracked 
| 169|0x00000000ea900000, 0x00000000ea900000, 0x00000000eaa00000|  0%| F|  |TAMS 0x00000000ea900000| PB 0x00000000ea900000| Untracked 
| 170|0x00000000eaa00000, 0x00000000eaa00000, 0x00000000eab00000|  0%| F|  |TAMS 0x00000000eaa00000| PB 0x00000000eaa00000| Untracked 
| 171|0x00000000eab00000, 0x00000000eab00000, 0x00000000eac00000|  0%| F|  |TAMS 0x00000000eab00000| PB 0x00000000eab00000| Untracked 
| 172|0x00000000eac00000, 0x00000000eac00000, 0x00000000ead00000|  0%| F|  |TAMS 0x00000000eac00000| PB 0x00000000eac00000| Untracked 
| 173|0x00000000ead00000, 0x00000000ead00000, 0x00000000eae00000|  0%| F|  |TAMS 0x00000000ead00000| PB 0x00000000ead00000| Untracked 
| 174|0x00000000eae00000, 0x00000000eae00000, 0x00000000eaf00000|  0%| F|  |TAMS 0x00000000eae00000| PB 0x00000000eae00000| Untracked 
| 175|0x00000000eaf00000, 0x00000000eaf00000, 0x00000000eb000000|  0%| F|  |TAMS 0x00000000eaf00000| PB 0x00000000eaf00000| Untracked 
| 176|0x00000000eb000000, 0x00000000eb000000, 0x00000000eb100000|  0%| F|  |TAMS 0x00000000eb000000| PB 0x00000000eb000000| Untracked 
| 177|0x00000000eb100000, 0x00000000eb100000, 0x00000000eb200000|  0%| F|  |TAMS 0x00000000eb100000| PB 0x00000000eb100000| Untracked 
| 178|0x00000000eb200000, 0x00000000eb200000, 0x00000000eb300000|  0%| F|  |TAMS 0x00000000eb200000| PB 0x00000000eb200000| Untracked 
| 179|0x00000000eb300000, 0x00000000eb300000, 0x00000000eb400000|  0%| F|  |TAMS 0x00000000eb300000| PB 0x00000000eb300000| Untracked 
| 180|0x00000000eb400000, 0x00000000eb400000, 0x00000000eb500000|  0%| F|  |TAMS 0x00000000eb400000| PB 0x00000000eb400000| Untracked 
| 181|0x00000000eb500000, 0x00000000eb500000, 0x00000000eb600000|  0%| F|  |TAMS 0x00000000eb500000| PB 0x00000000eb500000| Untracked 
| 182|0x00000000eb600000, 0x00000000eb600000, 0x00000000eb700000|  0%| F|  |TAMS 0x00000000eb600000| PB 0x00000000eb600000| Untracked 
| 183|0x00000000eb700000, 0x00000000eb700000, 0x00000000eb800000|  0%| F|  |TAMS 0x00000000eb700000| PB 0x00000000eb700000| Untracked 
| 184|0x00000000eb800000, 0x00000000eb800000, 0x00000000eb900000|  0%| F|  |TAMS 0x00000000eb800000| PB 0x00000000eb800000| Untracked 
| 185|0x00000000eb900000, 0x00000000eb900000, 0x00000000eba00000|  0%| F|  |TAMS 0x00000000eb900000| PB 0x00000000eb900000| Untracked 
| 186|0x00000000eba00000, 0x00000000eba00000, 0x00000000ebb00000|  0%| F|  |TAMS 0x00000000eba00000| PB 0x00000000eba00000| Untracked 
| 187|0x00000000ebb00000, 0x00000000ebb00000, 0x00000000ebc00000|  0%| F|  |TAMS 0x00000000ebb00000| PB 0x00000000ebb00000| Untracked 
| 188|0x00000000ebc00000, 0x00000000ebc00000, 0x00000000ebd00000|  0%| F|  |TAMS 0x00000000ebc00000| PB 0x00000000ebc00000| Untracked 
| 189|0x00000000ebd00000, 0x00000000ebd00000, 0x00000000ebe00000|  0%| F|  |TAMS 0x00000000ebd00000| PB 0x00000000ebd00000| Untracked 
| 190|0x00000000ebe00000, 0x00000000ebe00000, 0x00000000ebf00000|  0%| F|  |TAMS 0x00000000ebe00000| PB 0x00000000ebe00000| Untracked 
| 191|0x00000000ebf00000, 0x00000000ebf00000, 0x00000000ec000000|  0%| F|  |TAMS 0x00000000ebf00000| PB 0x00000000ebf00000| Untracked 
| 192|0x00000000ec000000, 0x00000000ec000000, 0x00000000ec100000|  0%| F|  |TAMS 0x00000000ec000000| PB 0x00000000ec000000| Untracked 
| 193|0x00000000ec100000, 0x00000000ec100000, 0x00000000ec200000|  0%| F|  |TAMS 0x00000000ec100000| PB 0x00000000ec100000| Untracked 
| 194|0x00000000ec200000, 0x00000000ec280000, 0x00000000ec300000| 50%| E|  |TAMS 0x00000000ec200000| PB 0x00000000ec200000| Complete 
| 195|0x00000000ec300000, 0x00000000ec400000, 0x00000000ec400000|100%| E|CS|TAMS 0x00000000ec300000| PB 0x00000000ec300000| Complete 
| 196|0x00000000ec400000, 0x00000000ec500000, 0x00000000ec500000|100%| E|CS|TAMS 0x00000000ec400000| PB 0x00000000ec400000| Complete 
| 197|0x00000000ec500000, 0x00000000ec600000, 0x00000000ec600000|100%| E|CS|TAMS 0x00000000ec500000| PB 0x00000000ec500000| Complete 
| 198|0x00000000ec600000, 0x00000000ec700000, 0x00000000ec700000|100%| E|CS|TAMS 0x00000000ec600000| PB 0x00000000ec600000| Complete 
| 199|0x00000000ec700000, 0x00000000ec800000, 0x00000000ec800000|100%| E|CS|TAMS 0x00000000ec700000| PB 0x00000000ec700000| Complete 
| 200|0x00000000ec800000, 0x00000000ec900000, 0x00000000ec900000|100%| E|CS|TAMS 0x00000000ec800000| PB 0x00000000ec800000| Complete 
| 201|0x00000000ec900000, 0x00000000eca00000, 0x00000000eca00000|100%| E|CS|TAMS 0x00000000ec900000| PB 0x00000000ec900000| Complete 
| 202|0x00000000eca00000, 0x00000000ecb00000, 0x00000000ecb00000|100%| E|CS|TAMS 0x00000000eca00000| PB 0x00000000eca00000| Complete 
| 203|0x00000000ecb00000, 0x00000000ecc00000, 0x00000000ecc00000|100%| E|CS|TAMS 0x00000000ecb00000| PB 0x00000000ecb00000| Complete 
| 204|0x00000000ecc00000, 0x00000000ecd00000, 0x00000000ecd00000|100%| E|CS|TAMS 0x00000000ecc00000| PB 0x00000000ecc00000| Complete 
| 205|0x00000000ecd00000, 0x00000000ece00000, 0x00000000ece00000|100%| E|CS|TAMS 0x00000000ecd00000| PB 0x00000000ecd00000| Complete 
| 206|0x00000000ece00000, 0x00000000ecf00000, 0x00000000ecf00000|100%| E|CS|TAMS 0x00000000ece00000| PB 0x00000000ece00000| Complete 
| 207|0x00000000ecf00000, 0x00000000ed000000, 0x00000000ed000000|100%| E|CS|TAMS 0x00000000ecf00000| PB 0x00000000ecf00000| Complete 
| 208|0x00000000ed000000, 0x00000000ed100000, 0x00000000ed100000|100%| E|CS|TAMS 0x00000000ed000000| PB 0x00000000ed000000| Complete 
| 209|0x00000000ed100000, 0x00000000ed200000, 0x00000000ed200000|100%| E|CS|TAMS 0x00000000ed100000| PB 0x00000000ed100000| Complete 
| 210|0x00000000ed200000, 0x00000000ed300000, 0x00000000ed300000|100%| E|CS|TAMS 0x00000000ed200000| PB 0x00000000ed200000| Complete 
| 211|0x00000000ed300000, 0x00000000ed400000, 0x00000000ed400000|100%| E|CS|TAMS 0x00000000ed300000| PB 0x00000000ed300000| Complete 
| 212|0x00000000ed400000, 0x00000000ed500000, 0x00000000ed500000|100%| E|CS|TAMS 0x00000000ed400000| PB 0x00000000ed400000| Complete 
| 213|0x00000000ed500000, 0x00000000ed600000, 0x00000000ed600000|100%| E|CS|TAMS 0x00000000ed500000| PB 0x00000000ed500000| Complete 
| 214|0x00000000ed600000, 0x00000000ed700000, 0x00000000ed700000|100%| E|CS|TAMS 0x00000000ed600000| PB 0x00000000ed600000| Complete 
| 215|0x00000000ed700000, 0x00000000ed800000, 0x00000000ed800000|100%| E|CS|TAMS 0x00000000ed700000| PB 0x00000000ed700000| Complete 
| 216|0x00000000ed800000, 0x00000000ed900000, 0x00000000ed900000|100%| E|CS|TAMS 0x00000000ed800000| PB 0x00000000ed800000| Complete 
| 217|0x00000000ed900000, 0x00000000eda00000, 0x00000000eda00000|100%| E|CS|TAMS 0x00000000ed900000| PB 0x00000000ed900000| Complete 
| 218|0x00000000eda00000, 0x00000000edb00000, 0x00000000edb00000|100%| E|CS|TAMS 0x00000000eda00000| PB 0x00000000eda00000| Complete 
| 219|0x00000000edb00000, 0x00000000edc00000, 0x00000000edc00000|100%| E|CS|TAMS 0x00000000edb00000| PB 0x00000000edb00000| Complete 
| 220|0x00000000edc00000, 0x00000000edd00000, 0x00000000edd00000|100%| E|CS|TAMS 0x00000000edc00000| PB 0x00000000edc00000| Complete 
| 221|0x00000000edd00000, 0x00000000ede00000, 0x00000000ede00000|100%| E|CS|TAMS 0x00000000edd00000| PB 0x00000000edd00000| Complete 
| 222|0x00000000ede00000, 0x00000000edf00000, 0x00000000edf00000|100%| E|CS|TAMS 0x00000000ede00000| PB 0x00000000ede00000| Complete 
| 223|0x00000000edf00000, 0x00000000ee000000, 0x00000000ee000000|100%| E|CS|TAMS 0x00000000edf00000| PB 0x00000000edf00000| Complete 
| 224|0x00000000ee000000, 0x00000000ee100000, 0x00000000ee100000|100%| E|CS|TAMS 0x00000000ee000000| PB 0x00000000ee000000| Complete 
| 225|0x00000000ee100000, 0x00000000ee200000, 0x00000000ee200000|100%| E|CS|TAMS 0x00000000ee100000| PB 0x00000000ee100000| Complete 
| 226|0x00000000ee200000, 0x00000000ee300000, 0x00000000ee300000|100%| E|CS|TAMS 0x00000000ee200000| PB 0x00000000ee200000| Complete 
| 227|0x00000000ee300000, 0x00000000ee400000, 0x00000000ee400000|100%| E|CS|TAMS 0x00000000ee300000| PB 0x00000000ee300000| Complete 
| 228|0x00000000ee400000, 0x00000000ee500000, 0x00000000ee500000|100%| E|CS|TAMS 0x00000000ee400000| PB 0x00000000ee400000| Complete 
| 229|0x00000000ee500000, 0x00000000ee600000, 0x00000000ee600000|100%| E|CS|TAMS 0x00000000ee500000| PB 0x00000000ee500000| Complete 
| 230|0x00000000ee600000, 0x00000000ee700000, 0x00000000ee700000|100%| E|CS|TAMS 0x00000000ee600000| PB 0x00000000ee600000| Complete 
| 231|0x00000000ee700000, 0x00000000ee800000, 0x00000000ee800000|100%| E|CS|TAMS 0x00000000ee700000| PB 0x00000000ee700000| Complete 
| 232|0x00000000ee800000, 0x00000000ee900000, 0x00000000ee900000|100%| E|CS|TAMS 0x00000000ee800000| PB 0x00000000ee800000| Complete 
| 233|0x00000000ee900000, 0x00000000eea00000, 0x00000000eea00000|100%| E|CS|TAMS 0x00000000ee900000| PB 0x00000000ee900000| Complete 
| 234|0x00000000eea00000, 0x00000000eeb00000, 0x00000000eeb00000|100%| E|CS|TAMS 0x00000000eea00000| PB 0x00000000eea00000| Complete 
| 235|0x00000000eeb00000, 0x00000000eec00000, 0x00000000eec00000|100%| E|CS|TAMS 0x00000000eeb00000| PB 0x00000000eeb00000| Complete 
| 236|0x00000000eec00000, 0x00000000eed00000, 0x00000000eed00000|100%| E|CS|TAMS 0x00000000eec00000| PB 0x00000000eec00000| Complete 
| 237|0x00000000eed00000, 0x00000000eee00000, 0x00000000eee00000|100%| E|CS|TAMS 0x00000000eed00000| PB 0x00000000eed00000| Complete 
| 238|0x00000000eee00000, 0x00000000eef00000, 0x00000000eef00000|100%| E|CS|TAMS 0x00000000eee00000| PB 0x00000000eee00000| Complete 
| 239|0x00000000eef00000, 0x00000000ef000000, 0x00000000ef000000|100%| E|CS|TAMS 0x00000000eef00000| PB 0x00000000eef00000| Complete 
| 240|0x00000000ef000000, 0x00000000ef100000, 0x00000000ef100000|100%| E|CS|TAMS 0x00000000ef000000| PB 0x00000000ef000000| Complete 
| 241|0x00000000ef100000, 0x00000000ef200000, 0x00000000ef200000|100%| E|CS|TAMS 0x00000000ef100000| PB 0x00000000ef100000| Complete 
| 242|0x00000000ef200000, 0x00000000ef300000, 0x00000000ef300000|100%| E|CS|TAMS 0x00000000ef200000| PB 0x00000000ef200000| Complete 
| 243|0x00000000ef300000, 0x00000000ef380000, 0x00000000ef400000| 50%| S|CS|TAMS 0x00000000ef300000| PB 0x00000000ef300000| Complete 
| 244|0x00000000ef400000, 0x00000000ef500000, 0x00000000ef500000|100%| S|CS|TAMS 0x00000000ef400000| PB 0x00000000ef400000| Complete 
| 245|0x00000000ef500000, 0x00000000ef600000, 0x00000000ef600000|100%| S|CS|TAMS 0x00000000ef500000| PB 0x00000000ef500000| Complete 
| 246|0x00000000ef600000, 0x00000000ef700000, 0x00000000ef700000|100%| S|CS|TAMS 0x00000000ef600000| PB 0x00000000ef600000| Complete 
| 247|0x00000000ef700000, 0x00000000ef800000, 0x00000000ef800000|100%| S|CS|TAMS 0x00000000ef700000| PB 0x00000000ef700000| Complete 
| 248|0x00000000ef800000, 0x00000000ef900000, 0x00000000ef900000|100%| S|CS|TAMS 0x00000000ef800000| PB 0x00000000ef800000| Complete 
| 249|0x00000000ef900000, 0x00000000efa00000, 0x00000000efa00000|100%| S|CS|TAMS 0x00000000ef900000| PB 0x00000000ef900000| Complete 
| 250|0x00000000efa00000, 0x00000000efb00000, 0x00000000efb00000|100%| S|CS|TAMS 0x00000000efa00000| PB 0x00000000efa00000| Complete 
| 251|0x00000000efb00000, 0x00000000efc00000, 0x00000000efc00000|100%| S|CS|TAMS 0x00000000efb00000| PB 0x00000000efb00000| Complete 
| 252|0x00000000efc00000, 0x00000000efd00000, 0x00000000efd00000|100%| S|CS|TAMS 0x00000000efc00000| PB 0x00000000efc00000| Complete 
| 253|0x00000000efd00000, 0x00000000efe00000, 0x00000000efe00000|100%| E|CS|TAMS 0x00000000efd00000| PB 0x00000000efd00000| Complete 
| 254|0x00000000efe00000, 0x00000000eff00000, 0x00000000eff00000|100%| E|CS|TAMS 0x00000000efe00000| PB 0x00000000efe00000| Complete 
| 255|0x00000000eff00000, 0x00000000f0000000, 0x00000000f0000000|100%| E|CS|TAMS 0x00000000eff00000| PB 0x00000000eff00000| Complete 

Card table byte_map: [0x0000020571110000,0x0000020571210000] _byte_map_base: 0x0000020570a10000

Marking Bits: (CMBitMap*) 0x000002055ef3b4a0
 Bits: [0x0000020571210000, 0x0000020571a10000)

Polling page: 0x000002055cd20000

Metaspace:

Usage:
  Non-class:     32.04 MB used.
      Class:      5.51 MB used.
       Both:     37.54 MB used.

Virtual space:
  Non-class space:       64.00 MB reserved,      32.81 MB ( 51%) committed,  1 nodes.
      Class space:      320.00 MB reserved,       6.19 MB (  2%) committed,  1 nodes.
             Both:      384.00 MB reserved,      39.00 MB ( 10%) committed. 

Chunk freelists:
   Non-Class:  14.61 MB
       Class:  9.75 MB
        Both:  24.36 MB

MaxMetaspaceSize: 384.00 MB
CompressedClassSpaceSize: 320.00 MB
Initial GC threshold: 21.00 MB
Current GC threshold: 59.19 MB
CDS: on
 - commit_granule_bytes: 65536.
 - commit_granule_words: 8192.
 - virtual_space_node_default_size: 8388608.
 - enlarge_chunks_in_place: 1.
 - use_allocation_guard: 0.


Internal statistics:

num_allocs_failed_limit: 9.
num_arena_births: 2720.
num_arena_deaths: 120.
num_vsnodes_births: 2.
num_vsnodes_deaths: 0.
num_space_committed: 624.
num_space_uncommitted: 0.
num_chunks_returned_to_freelist: 130.
num_chunks_taken_from_freelist: 4629.
num_chunk_merges: 47.
num_chunk_splits: 2965.
num_chunks_enlarged: 1792.
num_inconsistent_stats: 0.

CodeHeap 'non-profiled nmethods': size=120000Kb used=2715Kb max_used=2739Kb free=117284Kb
 bounds [0x0000020569be0000, 0x0000020569ec0000, 0x0000020571110000]
CodeHeap 'profiled nmethods': size=120000Kb used=8916Kb max_used=9153Kb free=111083Kb
 bounds [0x0000020562110000, 0x0000020562a10000, 0x0000020569640000]
CodeHeap 'non-nmethods': size=5760Kb used=1835Kb max_used=1882Kb free=3924Kb
 bounds [0x0000020569640000, 0x00000205698b0000, 0x0000020569be0000]
CodeCache: size=245760Kb, used=13466Kb, max_used=13774Kb, free=232291Kb
 total_blobs=5372, nmethods=4662, adapters=614, full_count=0
Compilation: enabled, stopped_count=0, restarted_count=0

Compilation events (20 events):
Event: 769.856 Thread 0x00000205740aa580 nmethod 5215 0x0000020569c2b910 code [0x0000020569c2baa0, 0x0000020569c2bb50]
Event: 769.857 Thread 0x00000205740aa580 5216       3       org.objectweb.asm.Frame::execute (2303 bytes)
Event: 769.864 Thread 0x00000205740aa580 nmethod 5216 0x00000205621c4510 code [0x00000205621c5360, 0x00000205621cb840]
Event: 769.864 Thread 0x00000205740aa580 5217       3       java.lang.invoke.Invokers$Holder::linkToTargetMethod (15 bytes)
Event: 769.864 Thread 0x00000205740aa580 nmethod 5217 0x0000020562632e10 code [0x0000020562632fe0, 0x0000020562633438]
Event: 769.864 Thread 0x00000205740aa580 5218       3       org.gradle.model.internal.asm.MethodVisitorScope::_CHECKCAST (9 bytes)
Event: 769.865 Thread 0x00000205740aa580 nmethod 5218 0x0000020562632890 code [0x0000020562632a40, 0x0000020562632cb0]
Event: 769.865 Thread 0x00000205740aa580 5220       1       org.gradle.internal.instantiation.generator.AbstractClassGenerator$MethodMetadata::getGenericReturnType (5 bytes)
Event: 769.865 Thread 0x00000205740aa580 nmethod 5220 0x0000020569c2b610 code [0x0000020569c2b7a0, 0x0000020569c2b868]
Event: 769.865 Thread 0x00000205740aa580 5219       1       org.gradle.internal.instantiation.generator.AsmBackedClassGenerator$ClassBuilderImpl::access$1300 (5 bytes)
Event: 769.865 Thread 0x00000205740aa580 nmethod 5219 0x0000020569c2b310 code [0x0000020569c2b4a0, 0x0000020569c2b550]
Event: 770.058 Thread 0x000002057403d0f0 5221       4       java.util.ComparableTimSort::reverseRange (32 bytes)
Event: 770.070 Thread 0x000002057403d0f0 nmethod 5221 0x0000020569c60590 code [0x0000020569c60740, 0x0000020569c60fb0]
Event: 770.424 Thread 0x00000205740aa580 5222       3       org.gradle.internal.collect.ArrayCopy::append (24 bytes)
Event: 770.424 Thread 0x00000205740aa580 nmethod 5222 0x000002056212c290 code [0x000002056212c460, 0x000002056212c840]
Event: 770.425 Thread 0x00000205740aa580 5223       3       java.lang.Class::getDeclaredConstructors (27 bytes)
Event: 770.425 Thread 0x00000205740aa580 nmethod 5223 0x000002056212bd10 code [0x000002056212bee0, 0x000002056212c148]
Event: 770.681 Thread 0x00000205740aa580 5224       3       org.gradle.internal.service.TypeStringFormatter::format (178 bytes)
Event: 770.683 Thread 0x00000205740aa580 nmethod 5224 0x0000020562129790 code [0x0000020562129be0, 0x000002056212b4e8]
Event: 776.663 Thread 0x000002057403d0f0 5225       4       org.gradle.internal.service.DefaultServiceRegistry$ClassInspector::getDetailsForClass (50 bytes)

GC Heap History (16 events):
Event: 8.039 GC heap before
{Heap before GC invocations=0 (full 0):
 garbage-first heap   total 262144K, used 13312K [0x00000000e0000000, 0x0000000100000000)
  region size 1024K, 13 young (13312K), 0 survivors (0K)
 Metaspace       used 1182K, committed 1344K, reserved 393216K
  class space    used 105K, committed 192K, reserved 327680K
}
Event: 8.188 GC heap after
{Heap after GC invocations=1 (full 0):
 garbage-first heap   total 262144K, used 2953K [0x00000000e0000000, 0x0000000100000000)
  region size 1024K, 2 young (2048K), 2 survivors (2048K)
 Metaspace       used 1182K, committed 1344K, reserved 393216K
  class space    used 105K, committed 192K, reserved 327680K
}
Event: 22.647 GC heap before
{Heap before GC invocations=1 (full 0):
 garbage-first heap   total 262144K, used 23433K [0x00000000e0000000, 0x0000000100000000)
  region size 1024K, 19 young (19456K), 2 survivors (2048K)
 Metaspace       used 4509K, committed 4736K, reserved 393216K
  class space    used 587K, committed 704K, reserved 327680K
}
Event: 22.659 GC heap after
{Heap after GC invocations=2 (full 0):
 garbage-first heap   total 262144K, used 12496K [0x00000000e0000000, 0x0000000100000000)
  region size 1024K, 3 young (3072K), 3 survivors (3072K)
 Metaspace       used 4509K, committed 4736K, reserved 393216K
  class space    used 587K, committed 704K, reserved 327680K
}
Event: 28.693 GC heap before
{Heap before GC invocations=2 (full 0):
 garbage-first heap   total 262144K, used 35024K [0x00000000e0000000, 0x0000000100000000)
  region size 1024K, 24 young (24576K), 3 survivors (3072K)
 Metaspace       used 4665K, committed 4864K, reserved 393216K
  class space    used 589K, committed 704K, reserved 327680K
}
Event: 28.699 GC heap after
{Heap after GC invocations=3 (full 0):
 garbage-first heap   total 262144K, used 15936K [0x00000000e0000000, 0x0000000100000000)
  region size 1024K, 3 young (3072K), 3 survivors (3072K)
 Metaspace       used 4665K, committed 4864K, reserved 393216K
  class space    used 589K, committed 704K, reserved 327680K
}
Event: 344.384 GC heap before
{Heap before GC invocations=3 (full 0):
 garbage-first heap   total 262144K, used 104000K [0x00000000e0000000, 0x0000000100000000)
  region size 1024K, 89 young (91136K), 3 survivors (3072K)
 Metaspace       used 15146K, committed 15552K, reserved 393216K
  class space    used 2045K, committed 2240K, reserved 327680K
}
Event: 344.399 GC heap after
{Heap after GC invocations=4 (full 0):
 garbage-first heap   total 262144K, used 22762K [0x00000000e0000000, 0x0000000100000000)
  region size 1024K, 10 young (10240K), 10 survivors (10240K)
 Metaspace       used 15146K, committed 15552K, reserved 393216K
  class space    used 2045K, committed 2240K, reserved 327680K
}
Event: 386.073 GC heap before
{Heap before GC invocations=4 (full 0):
 garbage-first heap   total 262144K, used 64746K [0x00000000e0000000, 0x0000000100000000)
  region size 1024K, 52 young (53248K), 10 survivors (10240K)
 Metaspace       used 20843K, committed 21504K, reserved 393216K
  class space    used 2930K, committed 3264K, reserved 327680K
}
Event: 386.088 GC heap after
{Heap after GC invocations=5 (full 0):
 garbage-first heap   total 262144K, used 25238K [0x00000000e0000000, 0x0000000100000000)
  region size 1024K, 10 young (10240K), 10 survivors (10240K)
 Metaspace       used 20843K, committed 21504K, reserved 393216K
  class space    used 2930K, committed 3264K, reserved 327680K
}
Event: 485.307 GC heap before
{Heap before GC invocations=6 (full 0):
 garbage-first heap   total 262144K, used 120470K [0x00000000e0000000, 0x0000000100000000)
  region size 1024K, 104 young (106496K), 10 survivors (10240K)
 Metaspace       used 32442K, committed 33856K, reserved 393216K
  class space    used 4884K, committed 5568K, reserved 327680K
}
Event: 485.332 GC heap after
{Heap after GC invocations=7 (full 0):
 garbage-first heap   total 262144K, used 30010K [0x00000000e0000000, 0x0000000100000000)
  region size 1024K, 8 young (8192K), 8 survivors (8192K)
 Metaspace       used 32442K, committed 33856K, reserved 393216K
  class space    used 4884K, committed 5568K, reserved 327680K
}
Event: 552.852 GC heap before
{Heap before GC invocations=7 (full 0):
 garbage-first heap   total 262144K, used 48442K [0x00000000e0000000, 0x0000000100000000)
  region size 1024K, 28 young (28672K), 8 survivors (8192K)
 Metaspace       used 34553K, committed 35968K, reserved 393216K
  class space    used 5095K, committed 5824K, reserved 327680K
}
Event: 552.866 GC heap after
{Heap after GC invocations=8 (full 0):
 garbage-first heap   total 262144K, used 31080K [0x00000000e0000000, 0x0000000100000000)
  region size 1024K, 9 young (9216K), 9 survivors (9216K)
 Metaspace       used 34553K, committed 35968K, reserved 393216K
  class space    used 5095K, committed 5824K, reserved 327680K
}
Event: 554.131 GC heap before
{Heap before GC invocations=8 (full 0):
 garbage-first heap   total 262144K, used 33128K [0x00000000e0000000, 0x0000000100000000)
  region size 1024K, 12 young (12288K), 9 survivors (9216K)
 Metaspace       used 34938K, committed 36288K, reserved 393216K
  class space    used 5122K, committed 5824K, reserved 327680K
}
Event: 554.149 GC heap after
{Heap after GC invocations=9 (full 0):
 garbage-first heap   total 262144K, used 31916K [0x00000000e0000000, 0x0000000100000000)
  region size 1024K, 10 young (10240K), 10 survivors (10240K)
 Metaspace       used 34938K, committed 36288K, reserved 393216K
  class space    used 5122K, committed 5824K, reserved 327680K
}

Dll operation events (20 events):
Event: 1.329 Attempting to load shared library C:\Users\user\.vscode\extensions\redhat.java-1.56.0-win32-x64\jre\21.0.12.1-win32-x86_64\bin\nio.dll
Event: 1.329 Loaded shared library C:\Users\user\.vscode\extensions\redhat.java-1.56.0-win32-x64\jre\21.0.12.1-win32-x86_64\bin\nio.dll
Event: 1.337 Attempting to load shared library C:\Users\user\.vscode\extensions\redhat.java-1.56.0-win32-x64\jre\21.0.12.1-win32-x86_64\bin\zip.dll
Event: 1.337 Loaded shared library C:\Users\user\.vscode\extensions\redhat.java-1.56.0-win32-x64\jre\21.0.12.1-win32-x86_64\bin\zip.dll
Event: 2.373 Attempting to load shared library C:\Users\user\.vscode\extensions\redhat.java-1.56.0-win32-x64\jre\21.0.12.1-win32-x86_64\bin\jimage.dll
Event: 2.373 Loaded shared library C:\Users\user\.vscode\extensions\redhat.java-1.56.0-win32-x64\jre\21.0.12.1-win32-x86_64\bin\jimage.dll
Event: 11.761 Attempting to load shared library C:\Users\user\.vscode\extensions\redhat.java-1.56.0-win32-x64\jre\21.0.12.1-win32-x86_64\bin\verify.dll
Event: 11.762 Loaded shared library C:\Users\user\.vscode\extensions\redhat.java-1.56.0-win32-x64\jre\21.0.12.1-win32-x86_64\bin\verify.dll
Event: 12.612 Attempting to load shared library C:\Users\user\.gradle\native\660c5614fbf4a5f2a75b1949f50a0caf5cd603558e7d8a26e50b933a0cfb79d1\windows-amd64\native-platform.dll
Event: 12.625 Loaded shared library C:\Users\user\.gradle\native\660c5614fbf4a5f2a75b1949f50a0caf5cd603558e7d8a26e50b933a0cfb79d1\windows-amd64\native-platform.dll
Event: 12.785 Attempting to load shared library C:\Users\user\.gradle\native\0.2.8\x86_64-windows-gnu\gradle-fileevents.dll
Event: 12.787 Loaded shared library C:\Users\user\.gradle\native\0.2.8\x86_64-windows-gnu\gradle-fileevents.dll
Event: 53.758 Attempting to load shared library C:\Users\user\.vscode\extensions\redhat.java-1.56.0-win32-x64\jre\21.0.12.1-win32-x86_64\bin\management.dll
Event: 53.759 Loaded shared library C:\Users\user\.vscode\extensions\redhat.java-1.56.0-win32-x64\jre\21.0.12.1-win32-x86_64\bin\management.dll
Event: 53.764 Attempting to load shared library C:\Users\user\.vscode\extensions\redhat.java-1.56.0-win32-x64\jre\21.0.12.1-win32-x86_64\bin\management_ext.dll
Event: 53.765 Loaded shared library C:\Users\user\.vscode\extensions\redhat.java-1.56.0-win32-x64\jre\21.0.12.1-win32-x86_64\bin\management_ext.dll
Event: 72.940 Attempting to load shared library C:\Users\user\.vscode\extensions\redhat.java-1.56.0-win32-x64\jre\21.0.12.1-win32-x86_64\bin\extnet.dll
Event: 72.941 Loaded shared library C:\Users\user\.vscode\extensions\redhat.java-1.56.0-win32-x64\jre\21.0.12.1-win32-x86_64\bin\extnet.dll
Event: 306.661 Attempting to load shared library C:\Users\user\.vscode\extensions\redhat.java-1.56.0-win32-x64\jre\21.0.12.1-win32-x86_64\bin\sunmscapi.dll
Event: 306.840 Loaded shared library C:\Users\user\.vscode\extensions\redhat.java-1.56.0-win32-x64\jre\21.0.12.1-win32-x86_64\bin\sunmscapi.dll

Deoptimization events (20 events):
Event: 756.049 Thread 0x000002057a1172d0 Uncommon trap: trap_request=0xffffffd6 fr.pc=0x0000020569cd32c8 relative=0x00000000000008e8
Event: 756.049 Thread 0x000002057a1172d0 Uncommon trap: reason=array_check action=maybe_recompile pc=0x0000020569cd32c8 method=java.util.ComparableTimSort.reverseRange([Ljava/lang/Object;II)V @ 27 c2
Event: 756.049 Thread 0x000002057a1172d0 DEOPT PACKING pc=0x0000020569cd32c8 sp=0x000000aa3d6fe280
Event: 756.049 Thread 0x000002057a1172d0 DEOPT UNPACKING pc=0x0000020569694422 sp=0x000000aa3d6fe240 mode 2
Event: 756.049 Thread 0x000002057a1172d0 Uncommon trap: trap_request=0xffffffd6 fr.pc=0x0000020569cd32c8 relative=0x00000000000008e8
Event: 756.049 Thread 0x000002057a1172d0 Uncommon trap: reason=array_check action=maybe_recompile pc=0x0000020569cd32c8 method=java.util.ComparableTimSort.reverseRange([Ljava/lang/Object;II)V @ 27 c2
Event: 756.049 Thread 0x000002057a1172d0 DEOPT PACKING pc=0x0000020569cd32c8 sp=0x000000aa3d6fe280
Event: 756.049 Thread 0x000002057a1172d0 DEOPT UNPACKING pc=0x0000020569694422 sp=0x000000aa3d6fe240 mode 2
Event: 765.843 Thread 0x0000020579872330 Uncommon trap: trap_request=0xffffffde fr.pc=0x0000020569d3df94 relative=0x00000000000002b4
Event: 765.843 Thread 0x0000020579872330 Uncommon trap: reason=class_check action=maybe_recompile pc=0x0000020569d3df94 method=java.util.Collections$SetFromMap.remove(Ljava/lang/Object;)Z @ 5 c2
Event: 765.843 Thread 0x0000020579872330 DEOPT PACKING pc=0x0000020569d3df94 sp=0x000000aa3defb140
Event: 765.843 Thread 0x0000020579872330 DEOPT UNPACKING pc=0x0000020569694422 sp=0x000000aa3defb118 mode 2
Event: 767.792 Thread 0x0000020579872330 Uncommon trap: trap_request=0xffffff45 fr.pc=0x0000020569e2da14 relative=0x00000000000009d4
Event: 767.792 Thread 0x0000020579872330 Uncommon trap: reason=unstable_if action=reinterpret pc=0x0000020569e2da14 method=org.objectweb.asm.Frame.push(I)V @ 26 c2
Event: 767.792 Thread 0x0000020579872330 DEOPT PACKING pc=0x0000020569e2da14 sp=0x000000aa3def9ec0
Event: 767.792 Thread 0x0000020579872330 DEOPT UNPACKING pc=0x0000020569694422 sp=0x000000aa3def9dc8 mode 2
Event: 769.859 Thread 0x0000020579872330 Uncommon trap: trap_request=0xffffff45 fr.pc=0x0000020569cdfb88 relative=0x0000000000000248
Event: 769.859 Thread 0x0000020579872330 Uncommon trap: reason=unstable_if action=reinterpret pc=0x0000020569cdfb88 method=org.objectweb.asm.Frame.push(I)V @ 26 c2
Event: 769.859 Thread 0x0000020579872330 DEOPT PACKING pc=0x0000020569cdfb88 sp=0x000000aa3defa160
Event: 769.859 Thread 0x0000020579872330 DEOPT UNPACKING pc=0x0000020569694422 sp=0x000000aa3defa118 mode 2

Classes loaded (20 events):
Event: 573.904 Loading class java/util/stream/IntPipeline$1$1
Event: 573.904 Loading class java/util/stream/Sink$ChainedInt
Event: 573.904 Loading class java/util/stream/Sink$OfInt
Event: 573.905 Loading class java/util/stream/Sink$OfInt done
Event: 573.905 Loading class java/util/stream/Sink$ChainedInt done
Event: 573.905 Loading class java/util/stream/IntPipeline$1$1 done
Event: 574.942 Loading class sun/nio/fs/WindowsException
Event: 574.943 Loading class sun/nio/fs/WindowsException done
Event: 574.944 Loading class java/nio/file/FileAlreadyExistsException
Event: 574.944 Loading class java/nio/file/FileAlreadyExistsException done
Event: 574.946 Loading class java/nio/file/AccessMode
Event: 574.947 Loading class java/nio/file/AccessMode done
Event: 761.279 Loading class java/lang/StringLatin1$CharsSpliterator
Event: 761.280 Loading class java/lang/StringLatin1$CharsSpliterator done
Event: 761.283 Loading class java/util/stream/Nodes$IntFixedNodeBuilder
Event: 761.283 Loading class java/util/stream/Node$Builder$OfInt
Event: 761.283 Loading class java/util/stream/Node$Builder$OfInt done
Event: 761.283 Loading class java/util/stream/Nodes$IntArrayNode
Event: 761.284 Loading class java/util/stream/Nodes$IntArrayNode done
Event: 761.284 Loading class java/util/stream/Nodes$IntFixedNodeBuilder done

Classes unloaded (20 events):
Event: 554.445 Thread 0x0000020574017350 Unloading class 0x0000020501142c00 'java/lang/invoke/LambdaForm$MH+0x0000020501142c00'
Event: 554.445 Thread 0x0000020574017350 Unloading class 0x0000020501142800 'java/lang/invoke/LambdaForm$MH+0x0000020501142800'
Event: 554.445 Thread 0x0000020574017350 Unloading class 0x0000020501142400 'java/lang/invoke/LambdaForm$MH+0x0000020501142400'
Event: 554.445 Thread 0x0000020574017350 Unloading class 0x0000020501142000 'java/lang/invoke/LambdaForm$MH+0x0000020501142000'
Event: 554.445 Thread 0x0000020574017350 Unloading class 0x0000020501141c00 'java/lang/invoke/LambdaForm$MH+0x0000020501141c00'
Event: 554.445 Thread 0x0000020574017350 Unloading class 0x00000205010ed800 'java/lang/invoke/LambdaForm$MH+0x00000205010ed800'
Event: 554.445 Thread 0x0000020574017350 Unloading class 0x00000205010ed400 'java/lang/invoke/LambdaForm$MH+0x00000205010ed400'
Event: 554.445 Thread 0x0000020574017350 Unloading class 0x00000205010ed000 'java/lang/invoke/LambdaForm$MH+0x00000205010ed000'
Event: 554.445 Thread 0x0000020574017350 Unloading class 0x00000205010e5000 'java/lang/invoke/LambdaForm$MH+0x00000205010e5000'
Event: 554.445 Thread 0x0000020574017350 Unloading class 0x00000205010e4c00 'java/lang/invoke/LambdaForm$MH+0x00000205010e4c00'
Event: 554.445 Thread 0x0000020574017350 Unloading class 0x00000205010e4800 'java/lang/invoke/LambdaForm$BMH+0x00000205010e4800'
Event: 554.446 Thread 0x0000020574017350 Unloading class 0x0000020501084400 'java/lang/invoke/LambdaForm$DMH+0x0000020501084400'
Event: 554.446 Thread 0x0000020574017350 Unloading class 0x000002050103a000 'java/lang/invoke/LambdaForm$MH+0x000002050103a000'
Event: 554.446 Thread 0x0000020574017350 Unloading class 0x0000020501039c00 'java/lang/invoke/LambdaForm$MH+0x0000020501039c00'
Event: 554.446 Thread 0x0000020574017350 Unloading class 0x0000020501039800 'java/lang/invoke/LambdaForm$MH+0x0000020501039800'
Event: 554.446 Thread 0x0000020574017350 Unloading class 0x0000020501038000 'java/lang/invoke/LambdaForm$MH+0x0000020501038000'
Event: 554.446 Thread 0x0000020574017350 Unloading class 0x0000020501002400 'java/lang/invoke/LambdaForm$MH+0x0000020501002400'
Event: 554.446 Thread 0x0000020574017350 Unloading class 0x0000020501002000 'java/lang/invoke/LambdaForm$MH+0x0000020501002000'
Event: 554.446 Thread 0x0000020574017350 Unloading class 0x0000020501001c00 'java/lang/invoke/LambdaForm$MH+0x0000020501001c00'
Event: 554.446 Thread 0x0000020574017350 Unloading class 0x0000020501001400 'java/lang/invoke/LambdaForm$MH+0x0000020501001400'

Classes redefined (0 events):
No events

Internal exceptions (20 events):
Event: 569.230 Thread 0x0000020579872330 Exception <a 'java/lang/ClassNotFoundException'{0x00000000ee6091a0}: org/gradle/invocation/DefaultGradle_DecoratedCustomizer> (0x00000000ee6091a0) 
thrown [s\src\hotspot\share\classfile\systemDictionary.cpp, line 313]
Event: 574.170 Thread 0x0000020579872330 Exception <a 'java/lang/IncompatibleClassChangeError'{0x00000000ee2b6298}: Found class java.lang.Object, but interface was expected> (0x00000000ee2b6298) 
thrown [s\src\hotspot\share\interpreter\linkResolver.cpp, line 840]
Event: 574.943 Thread 0x0000020579872330 Exception <a 'sun/nio/fs/WindowsException'{0x00000000ee13d170}> (0x00000000ee13d170) 
thrown [s\src\hotspot\share\prims\jni.cpp, line 520]
Event: 574.948 Thread 0x0000020579872330 Exception <a 'sun/nio/fs/WindowsException'{0x00000000ee13eeb0}> (0x00000000ee13eeb0) 
thrown [s\src\hotspot\share\prims\jni.cpp, line 520]
Event: 574.950 Thread 0x0000020579872330 Exception <a 'sun/nio/fs/WindowsException'{0x00000000ee140370}> (0x00000000ee140370) 
thrown [s\src\hotspot\share\prims\jni.cpp, line 520]
Event: 574.951 Thread 0x0000020579872330 Exception <a 'sun/nio/fs/WindowsException'{0x00000000ee141850}> (0x00000000ee141850) 
thrown [s\src\hotspot\share\prims\jni.cpp, line 520]
Event: 688.214 Thread 0x0000020579872330 Exception <a 'java/lang/IncompatibleClassChangeError'{0x00000000ed5b8ba8}: Found class java.lang.Object, but interface was expected> (0x00000000ed5b8ba8) 
thrown [s\src\hotspot\share\interpreter\linkResolver.cpp, line 840]
Event: 757.222 Thread 0x0000020579872330 Exception <a 'java/lang/ClassNotFoundException'{0x00000000eceac438}: settings_69v1sbe6y8o8de84b1ehlo62dBeanInfo> (0x00000000eceac438) 
thrown [s\src\hotspot\share\classfile\systemDictionary.cpp, line 313]
Event: 757.225 Thread 0x0000020579872330 Exception <a 'java/lang/ClassNotFoundException'{0x00000000eceb65a0}: org/gradle/initialization/SettingsScriptBeanInfo> (0x00000000eceb65a0) 
thrown [s\src\hotspot\share\classfile\systemDictionary.cpp, line 313]
Event: 757.228 Thread 0x0000020579872330 Exception <a 'java/lang/ClassNotFoundException'{0x00000000ecec0c48}: org/gradle/plugin/use/internal/PluginsAwareScriptBeanInfo> (0x00000000ecec0c48) 
thrown [s\src\hotspot\share\classfile\systemDictionary.cpp, line 313]
Event: 757.229 Thread 0x0000020579872330 Exception <a 'java/lang/ClassNotFoundException'{0x00000000ececb2e8}: org/gradle/plugin/use/internal/PluginsAwareScriptCustomizer> (0x00000000ececb2e8) 
thrown [s\src\hotspot\share\classfile\systemDictionary.cpp, line 313]
Event: 757.792 Thread 0x0000020579872330 Exception <a 'java/lang/ClassNotFoundException'{0x00000000ecd8bf98}: org/gradle/initialization/SettingsScriptCustomizer> (0x00000000ecd8bf98) 
thrown [s\src\hotspot\share\classfile\systemDictionary.cpp, line 313]
Event: 757.979 Thread 0x0000020579872330 Exception <a 'java/lang/ClassNotFoundException'{0x00000000ecd999b8}: settings_69v1sbe6y8o8de84b1ehlo62dCustomizer> (0x00000000ecd999b8) 
thrown [s\src\hotspot\share\classfile\systemDictionary.cpp, line 313]
Event: 761.264 Thread 0x0000020579872330 Exception <a 'java/lang/NoSuchMethodError'{0x00000000ecddaf20}: 'java.lang.Object java.lang.invoke.DirectMethodHandle$Holder.invokeSpecial(java.lang.Object, java.lang.Object, java.lang.Object, java.lang.Object, int)'> (0x00000000ecddaf20) 
thrown [s\src\hotspot\share\interpreter\linkResolver.cpp, line 773]
Event: 761.898 Thread 0x0000020579872330 Exception <a 'java/lang/ClassNotFoundException'{0x00000000ecb1d800}: org/gradle/initialization/DefaultSettings_DecoratedBeanInfo> (0x00000000ecb1d800) 
thrown [s\src\hotspot\share\classfile\systemDictionary.cpp, line 313]
Event: 761.902 Thread 0x0000020579872330 Exception <a 'java/lang/ClassNotFoundException'{0x00000000ecb2d0c0}: org/gradle/initialization/DefaultSettingsBeanInfo> (0x00000000ecb2d0c0) 
thrown [s\src\hotspot\share\classfile\systemDictionary.cpp, line 313]
Event: 761.904 Thread 0x0000020579872330 Exception <a 'java/lang/ClassNotFoundException'{0x00000000ecb3c410}: org/gradle/initialization/DefaultSettingsCustomizer> (0x00000000ecb3c410) 
thrown [s\src\hotspot\share\classfile\systemDictionary.cpp, line 313]
Event: 763.425 Thread 0x0000020579872330 Exception <a 'java/lang/ClassNotFoundException'{0x00000000ecb89d40}: org/gradle/initialization/DefaultSettings_DecoratedCustomizer> (0x00000000ecb89d40) 
thrown [s\src\hotspot\share\classfile\systemDictionary.cpp, line 313]
Event: 763.811 Thread 0x0000020579872330 Exception <a 'java/lang/ClassNotFoundException'{0x00000000eca413b8}: org/gradle/initialization/DefaultProjectDescriptorBeanInfo> (0x00000000eca413b8) 
thrown [s\src\hotspot\share\classfile\systemDictionary.cpp, line 313]
Event: 764.012 Thread 0x0000020579872330 Exception <a 'java/lang/ClassNotFoundException'{0x00000000eca4ffc0}: org/gradle/initialization/DefaultProjectDescriptorCustomizer> (0x00000000eca4ffc0) 
thrown [s\src\hotspot\share\classfile\systemDictionary.cpp, line 313]

ZGC Phase Switch (0 events):
No events

VM Operations (20 events):
Event: 759.782 Executing safepoint VM operation: Cleanup
Event: 759.943 Executing safepoint VM operation: Cleanup done
Event: 760.957 Executing safepoint VM operation: Cleanup
Event: 761.246 Executing safepoint VM operation: Cleanup done
Event: 762.250 Executing safepoint VM operation: Cleanup
Event: 762.344 Executing safepoint VM operation: Cleanup done
Event: 763.354 Executing safepoint VM operation: Cleanup
Event: 763.414 Executing safepoint VM operation: Cleanup done
Event: 764.429 Executing safepoint VM operation: Cleanup
Event: 764.462 Executing safepoint VM operation: Cleanup done
Event: 765.472 Executing safepoint VM operation: Cleanup
Event: 765.582 Executing safepoint VM operation: Cleanup done
Event: 766.594 Executing safepoint VM operation: Cleanup
Event: 766.844 Executing safepoint VM operation: Cleanup done
Event: 767.857 Executing safepoint VM operation: Cleanup
Event: 768.106 Executing safepoint VM operation: Cleanup done
Event: 769.132 Executing safepoint VM operation: Cleanup
Event: 769.853 Executing safepoint VM operation: Cleanup done
Event: 770.858 Executing safepoint VM operation: Cleanup
Event: 771.026 Executing safepoint VM operation: Cleanup done

Memory protections (0 events):
No events

Nmethod flushes (20 events):
Event: 554.465 Thread 0x0000020574017350 flushing  nmethod 0x0000020562566c10
Event: 554.465 Thread 0x0000020574017350 flushing  nmethod 0x000002056256c090
Event: 554.465 Thread 0x0000020574017350 flushing  nmethod 0x000002056256de90
Event: 554.465 Thread 0x0000020574017350 flushing  nmethod 0x000002056256e210
Event: 554.465 Thread 0x0000020574017350 flushing  nmethod 0x000002056259d890
Event: 554.465 Thread 0x0000020574017350 flushing  nmethod 0x00000205625a2e90
Event: 554.465 Thread 0x0000020574017350 flushing  nmethod 0x00000205625a3c90
Event: 554.465 Thread 0x0000020574017350 flushing  nmethod 0x00000205625a5410
Event: 554.465 Thread 0x0000020574017350 flushing  nmethod 0x00000205625bf510
Event: 554.465 Thread 0x0000020574017350 flushing  nmethod 0x00000205625c1010
Event: 554.465 Thread 0x0000020574017350 flushing  nmethod 0x00000205625c3b90
Event: 554.465 Thread 0x0000020574017350 flushing  nmethod 0x00000205625c3f90
Event: 554.465 Thread 0x0000020574017350 flushing  nmethod 0x00000205625c4490
Event: 554.465 Thread 0x0000020574017350 flushing  nmethod 0x00000205625c4d10
Event: 554.465 Thread 0x0000020574017350 flushing  nmethod 0x00000205625c5310
Event: 554.465 Thread 0x0000020574017350 flushing  nmethod 0x00000205625c6890
Event: 554.465 Thread 0x0000020574017350 flushing  nmethod 0x0000020562603f10
Event: 554.465 Thread 0x0000020574017350 flushing  nmethod 0x0000020562604290
Event: 554.465 Thread 0x0000020574017350 flushing  nmethod 0x000002056263cc10
Event: 554.465 Thread 0x0000020574017350 flushing  nmethod 0x0000020562640510

Events (20 events):
Event: 315.730 Thread 0x0000020579872330 Thread added: 0x00000205798729c0
Event: 315.892 Thread 0x0000020579872330 Thread added: 0x00000205798736e0
Event: 349.518 Thread 0x0000020579872330 Thread added: 0x0000020579873050
Event: 350.867 Thread 0x0000020579872330 Thread added: 0x0000020579873d70
Event: 356.944 Thread 0x0000020579873d70 Thread added: 0x0000020579874400
Event: 359.647 Thread 0x0000020579872330 Thread added: 0x0000020579874a90
Event: 404.632 Thread 0x0000020579872330 Thread added: 0x000002057a727fd0
Event: 405.302 Thread 0x0000020579872330 Thread added: 0x000002057a726590
Event: 414.117 Thread 0x0000020579872330 Thread added: 0x000002057a7272b0
Event: 414.317 Thread 0x0000020579872330 Thread added: 0x000002057a726c20
Event: 419.911 Thread 0x0000020579872330 Thread added: 0x000002057a7251e0
Event: 424.146 Thread 0x0000020579872330 Thread added: 0x000002057a725f00
Event: 441.657 Thread 0x0000020579872330 Thread added: 0x000002057a728cf0
Event: 444.242 Thread 0x0000020579872330 Thread added: 0x000002057a728660
Event: 477.225 Thread 0x0000020579872330 Thread added: 0x000002057a725870
Event: 534.930 Thread 0x0000020579872330 Thread added: 0x000002057a729a10
Event: 652.745 Thread 0x0000020579874400 Thread exited: 0x0000020579874400
Event: 683.458 Thread 0x0000020579872330 Thread added: 0x000002057a72adc0
Event: 683.477 Thread 0x0000020579873d70 Thread added: 0x000002057a72a0a0
Event: 750.376 Thread 0x0000020579872330 Thread added: 0x000002057a729380


Dynamic libraries:
0x00007ff729460000 - 0x00007ff72946e000 	C:\Users\user\.vscode\extensions\redhat.java-1.56.0-win32-x64\jre\21.0.12.1-win32-x86_64\bin\java.exe
0x00007ff8b9a00000 - 0x00007ff8b9c67000 	C:\WINDOWS\SYSTEM32\ntdll.dll
0x00007ff8b7eb0000 - 0x00007ff8b7f7b000 	C:\WINDOWS\System32\KERNEL32.DLL
0x00007ff8b6fe0000 - 0x00007ff8b73e2000 	C:\WINDOWS\System32\KERNELBASE.dll
0x00007ff8b6e80000 - 0x00007ff8b6fcc000 	C:\WINDOWS\System32\ucrtbase.dll
0x00007ff89fdd0000 - 0x00007ff89fde8000 	C:\Users\user\.vscode\extensions\redhat.java-1.56.0-win32-x64\jre\21.0.12.1-win32-x86_64\bin\jli.dll
0x00007ff8b77e0000 - 0x00007ff8b79af000 	C:\WINDOWS\System32\USER32.dll
0x00007ff8b6d90000 - 0x00007ff8b6db7000 	C:\WINDOWS\System32\win32u.dll
0x00007ff8b8560000 - 0x00007ff8b858b000 	C:\WINDOWS\System32\GDI32.dll
0x00007ff8b7540000 - 0x00007ff8b7669000 	C:\WINDOWS\System32\gdi32full.dll
0x00007ff8b7670000 - 0x00007ff8b7713000 	C:\WINDOWS\System32\msvcp_win.dll
0x00007ff8b18f0000 - 0x00007ff8b190e000 	C:\Users\user\.vscode\extensions\redhat.java-1.56.0-win32-x64\jre\21.0.12.1-win32-x86_64\bin\VCRUNTIME140.dll
0x00007ff8981e0000 - 0x00007ff898470000 	C:\WINDOWS\WinSxS\amd64_microsoft.windows.common-controls_6595b64144ccf1df_6.0.26100.9278_none_3e0d1ba8e3303201\COMCTL32.dll
0x00007ff8b9910000 - 0x00007ff8b99b9000 	C:\WINDOWS\System32\msvcrt.dll
0x00007ff8b7a50000 - 0x00007ff8b7a81000 	C:\WINDOWS\System32\IMM32.DLL
0x00007ff8b1dd0000 - 0x00007ff8b1ddc000 	C:\Users\user\.vscode\extensions\redhat.java-1.56.0-win32-x64\jre\21.0.12.1-win32-x86_64\bin\vcruntime140_1.dll
0x00007ff845710000 - 0x00007ff84579d000 	C:\Users\user\.vscode\extensions\redhat.java-1.56.0-win32-x64\jre\21.0.12.1-win32-x86_64\bin\msvcp140.dll
0x00007ff8349f0000 - 0x00007ff835792000 	C:\Users\user\.vscode\extensions\redhat.java-1.56.0-win32-x64\jre\21.0.12.1-win32-x86_64\bin\server\jvm.dll
0x00007ff8b9810000 - 0x00007ff8b98cc000 	C:\WINDOWS\System32\ADVAPI32.dll
0x00007ff8b9430000 - 0x00007ff8b94d9000 	C:\WINDOWS\System32\sechost.dll
0x00007ff8b96f0000 - 0x00007ff8b9808000 	C:\WINDOWS\System32\RPCRT4.dll
0x00007ff8b92a0000 - 0x00007ff8b9320000 	C:\WINDOWS\System32\WS2_32.dll
0x00007ff8b6a80000 - 0x00007ff8b6ade000 	C:\WINDOWS\SYSTEM32\POWRPROF.dll
0x00007ff8afe40000 - 0x00007ff8afe76000 	C:\WINDOWS\SYSTEM32\WINMM.dll
0x00007ff8afe80000 - 0x00007ff8afe8b000 	C:\WINDOWS\SYSTEM32\VERSION.dll
0x00007ff8b6a60000 - 0x00007ff8b6a75000 	C:\WINDOWS\SYSTEM32\UMPDC.dll
0x00007ff8b58d0000 - 0x00007ff8b58eb000 	C:\WINDOWS\SYSTEM32\kernel.appcore.dll
0x00007ff8b1960000 - 0x00007ff8b196a000 	C:\Users\user\.vscode\extensions\redhat.java-1.56.0-win32-x64\jre\21.0.12.1-win32-x86_64\bin\jimage.dll
0x00007ff8ac1b0000 - 0x00007ff8ac3fc000 	C:\WINDOWS\SYSTEM32\DBGHELP.DLL
0x00007ff8b7b20000 - 0x00007ff8b7ea5000 	C:\WINDOWS\System32\combase.dll
0x00007ff8b94e0000 - 0x00007ff8b95b9000 	C:\WINDOWS\System32\OLEAUT32.dll
0x00007ff89d300000 - 0x00007ff89d33b000 	C:\WINDOWS\SYSTEM32\dbgcore.DLL
0x00007ff8b7480000 - 0x00007ff8b752c000 	C:\WINDOWS\System32\bcryptPrimitives.dll
0x00007ff8913b0000 - 0x00007ff8913bf000 	C:\Users\user\.vscode\extensions\redhat.java-1.56.0-win32-x64\jre\21.0.12.1-win32-x86_64\bin\instrument.dll
0x00007ff89fdb0000 - 0x00007ff89fdd0000 	C:\Users\user\.vscode\extensions\redhat.java-1.56.0-win32-x64\jre\21.0.12.1-win32-x86_64\bin\java.dll
0x00007ff8b85b0000 - 0x00007ff8b8d48000 	C:\WINDOWS\System32\SHELL32.dll
0x00007ff8b4650000 - 0x00007ff8b4efe000 	C:\WINDOWS\SYSTEM32\windows.storage.dll
0x00007ff8b9330000 - 0x00007ff8b942b000 	C:\WINDOWS\System32\SHCORE.dll
0x00007ff8b91e0000 - 0x00007ff8b9246000 	C:\WINDOWS\System32\shlwapi.dll
0x00007ff8b6b20000 - 0x00007ff8b6b49000 	C:\WINDOWS\SYSTEM32\profapi.dll
0x00007ff894850000 - 0x00007ff894868000 	C:\Users\user\.vscode\extensions\redhat.java-1.56.0-win32-x64\jre\21.0.12.1-win32-x86_64\bin\zip.dll
0x00007ff8aad00000 - 0x00007ff8aad10000 	C:\Users\user\.vscode\extensions\redhat.java-1.56.0-win32-x64\jre\21.0.12.1-win32-x86_64\bin\net.dll
0x00007ff8ac450000 - 0x00007ff8ac57a000 	C:\WINDOWS\SYSTEM32\WINHTTP.dll
0x00007ff8b5e90000 - 0x00007ff8b5efc000 	C:\WINDOWS\system32\mswsock.dll
0x00007ff892360000 - 0x00007ff892376000 	C:\Users\user\.vscode\extensions\redhat.java-1.56.0-win32-x64\jre\21.0.12.1-win32-x86_64\bin\nio.dll
0x00007ff8aac00000 - 0x00007ff8aac10000 	C:\Users\user\.vscode\extensions\redhat.java-1.56.0-win32-x64\jre\21.0.12.1-win32-x86_64\bin\verify.dll
0x00007ff85c110000 - 0x00007ff85c137000 	C:\Users\user\.gradle\native\660c5614fbf4a5f2a75b1949f50a0caf5cd603558e7d8a26e50b933a0cfb79d1\windows-amd64\native-platform.dll
0x00007ff88f240000 - 0x00007ff88f2b7000 	C:\Users\user\.gradle\native\0.2.8\x86_64-windows-gnu\gradle-fileevents.dll
0x00007ff8a8970000 - 0x00007ff8a897a000 	C:\Users\user\.vscode\extensions\redhat.java-1.56.0-win32-x64\jre\21.0.12.1-win32-x86_64\bin\management.dll
0x00007ff89d340000 - 0x00007ff89d34c000 	C:\Users\user\.vscode\extensions\redhat.java-1.56.0-win32-x64\jre\21.0.12.1-win32-x86_64\bin\management_ext.dll
0x00007ff8b9900000 - 0x00007ff8b9908000 	C:\WINDOWS\System32\PSAPI.DLL
0x00007ff8b5310000 - 0x00007ff8b5343000 	C:\WINDOWS\SYSTEM32\IPHLPAPI.DLL
0x00007ff8b9670000 - 0x00007ff8b967a000 	C:\WINDOWS\System32\NSI.dll
0x00007ff899480000 - 0x00007ff899489000 	C:\Users\user\.vscode\extensions\redhat.java-1.56.0-win32-x64\jre\21.0.12.1-win32-x86_64\bin\extnet.dll
0x00007ff8b6180000 - 0x00007ff8b619b000 	C:\WINDOWS\SYSTEM32\CRYPTSP.dll
0x00007ff8b5830000 - 0x00007ff8b5869000 	C:\WINDOWS\system32\rsaenh.dll
0x00007ff8b5f40000 - 0x00007ff8b5f74000 	C:\WINDOWS\SYSTEM32\USERENV.dll
0x00007ff8b6af0000 - 0x00007ff8b6b1a000 	C:\WINDOWS\SYSTEM32\bcrypt.dll
0x00007ff8b61a0000 - 0x00007ff8b61ac000 	C:\WINDOWS\SYSTEM32\CRYPTBASE.dll
0x00007ff8913a0000 - 0x00007ff8913ae000 	C:\Users\user\.vscode\extensions\redhat.java-1.56.0-win32-x64\jre\21.0.12.1-win32-x86_64\bin\sunmscapi.dll
0x00007ff8b6c00000 - 0x00007ff8b6d7e000 	C:\WINDOWS\System32\CRYPT32.dll
0x00007ff8b63c0000 - 0x00007ff8b63f0000 	C:\WINDOWS\SYSTEM32\ncrypt.dll
0x00007ff8b6370000 - 0x00007ff8b63af000 	C:\WINDOWS\SYSTEM32\NTASN1.dll
0x00007ff88b8f0000 - 0x00007ff88b8f8000 	C:\WINDOWS\system32\wshunix.dll

JVMTI agents:
C:\Users\user\.gradle\wrapper\dists\gradle-9.5.1-bin\iq79hdu3mqx29lgffhp8bfmx\gradle-9.5.1\lib\agents\gradle-instrumentation-agent-9.5.1.jar path:C:\Users\user\.vscode\extensions\redhat.java-1.56.0-win32-x64\jre\21.0.12.1-win32-x86_64\bin\instrument.dll, loaded, initialized, instrumentlib options:none

dbghelp: loaded successfully - version: 4.0.5 - missing functions: none
symbol engine: initialized successfully - sym options: 0x614 - pdb path: .;C:\Users\user\.vscode\extensions\redhat.java-1.56.0-win32-x64\jre\21.0.12.1-win32-x86_64\bin;C:\WINDOWS\SYSTEM32;C:\WINDOWS\WinSxS\amd64_microsoft.windows.common-controls_6595b64144ccf1df_6.0.26100.9278_none_3e0d1ba8e3303201;C:\Users\user\.vscode\extensions\redhat.java-1.56.0-win32-x64\jre\21.0.12.1-win32-x86_64\bin\server;C:\Users\user\.gradle\native\660c5614fbf4a5f2a75b1949f50a0caf5cd603558e7d8a26e50b933a0cfb79d1\windows-amd64;C:\Users\user\.gradle\native\0.2.8\x86_64-windows-gnu

VM Arguments:
jvm_args: --add-opens=java.base/java.lang=ALL-UNNAMED --add-opens=java.base/java.lang.invoke=ALL-UNNAMED --add-opens=java.base/java.util=ALL-UNNAMED --add-opens=java.prefs/java.util.prefs=ALL-UNNAMED --add-exports=jdk.compiler/com.sun.tools.javac.api=ALL-UNNAMED --add-exports=jdk.compiler/com.sun.tools.javac.util=ALL-UNNAMED --add-opens=java.base/java.nio.charset=ALL-UNNAMED --add-opens=java.base/java.net=ALL-UNNAMED --add-opens=java.base/java.util.concurrent=ALL-UNNAMED --add-opens=java.base/java.util.concurrent.atomic=ALL-UNNAMED --add-opens=java.xml/javax.xml.namespace=ALL-UNNAMED --add-opens=java.base/java.time=ALL-UNNAMED -XX:MaxMetaspaceSize=384m -XX:+HeapDumpOnOutOfMemoryError -Xms256m -Xmx512m -Dfile.encoding=UTF-8 -Duser.country=419 -Duser.language=es -Duser.variant -javaagent:C:\Users\user\.gradle\wrapper\dists\gradle-9.5.1-bin\iq79hdu3mqx29lgffhp8bfmx\gradle-9.5.1\lib\agents\gradle-instrumentation-agent-9.5.1.jar 
java_command: org.gradle.launcher.daemon.bootstrap.GradleDaemon 9.5.1
java_class_path (initial): C:\Users\user\.gradle\wrapper\dists\gradle-9.5.1-bin\iq79hdu3mqx29lgffhp8bfmx\gradle-9.5.1\lib\gradle-daemon-main-9.5.1.jar
Launcher Type: SUN_STANDARD

[Global flags]
     intx CICompilerCount                          = 3                                         {product} {ergonomic}
   size_t CompressedClassSpaceSize                 = 335544320                                 {product} {ergonomic}
     uint ConcGCThreads                            = 1                                         {product} {ergonomic}
     uint G1ConcRefinementThreads                  = 4                                         {product} {ergonomic}
   size_t G1HeapRegionSize                         = 1048576                                   {product} {ergonomic}
    uintx GCDrainStackTargetSize                   = 64                                        {product} {ergonomic}
     bool HeapDumpOnOutOfMemoryError               = true                                   {manageable} {command line}
   size_t InitialHeapSize                          = 268435456                                 {product} {command line}
   size_t MarkStackSize                            = 4194304                                   {product} {ergonomic}
   size_t MaxHeapSize                              = 536870912                                 {product} {command line}
   size_t MaxMetaspaceSize                         = 402653184                                 {product} {command line}
   size_t MaxNewSize                               = 321912832                                 {product} {ergonomic}
   size_t MinHeapDeltaBytes                        = 1048576                                   {product} {ergonomic}
   size_t MinHeapSize                              = 268435456                                 {product} {command line}
    uintx NonNMethodCodeHeapSize                   = 5832780                                {pd product} {ergonomic}
    uintx NonProfiledCodeHeapSize                  = 122912730                              {pd product} {ergonomic}
    uintx ProfiledCodeHeapSize                     = 122912730                              {pd product} {ergonomic}
    uintx ReservedCodeCacheSize                    = 251658240                              {pd product} {ergonomic}
     bool SegmentedCodeCache                       = true                                      {product} {ergonomic}
   size_t SoftMaxHeapSize                          = 536870912                              {manageable} {ergonomic}
     bool UseCompressedOops                        = true                           {product lp64_product} {ergonomic}
     bool UseG1GC                                  = true                                      {product} {ergonomic}
     bool UseLargePagesIndividualAllocation        = false                                  {pd product} {ergonomic}

Logging:
Log output configuration:
 #0: stdout all=warning uptime,level,tags foldmultilines=false
 #1: stderr all=off uptime,level,tags foldmultilines=false

Release file:
JAVA_VERSION="21.0.12.1" 
MODULES="java.base java.compiler java.datatransfer java.xml java.prefs java.desktop java.instrument java.logging java.management java.security.sasl java.naming java.rmi java.management.rmi java.net.http java.scripting java.security.jgss java.transaction.xa java.sql java.sql.rowset java.xml.crypto java.se java.smartcardio jdk.accessibility jdk.internal.jvmstat jdk.attach jdk.charsets jdk.internal.opt jdk.zipfs jdk.compiler jdk.crypto.ec jdk.crypto.cryptoki jdk.crypto.mscapi jdk.dynalink jdk.internal.ed jdk.editpad jdk.hotspot.agent jdk.httpserver jdk.internal.le jdk.internal.vm.ci jdk.internal.vm.compiler jdk.internal.vm.compiler.management jdk.jartool jdk.javadoc jdk.jcmd jdk.management jdk.management.agent jdk.jconsole jdk.jdeps jdk.jdwp.agent jdk.jdi jdk.jfr jdk.jshell jdk.jsobject jdk.jstatd jdk.localedata jdk.management.jfr jdk.naming.dns jdk.naming.rmi jdk.net jdk.nio.mapmode jdk.random jdk.sctp jdk.security.auth jdk.security.jgss jdk.unsupported jdk.unsupported.desktop jdk.xml.dom" 

Environment Variables:
JAVA_HOME=C:\Program Files\Java\jdk-17
PATH=C:\Program Files\Common Files\Oracle\Java\javapath;C:\Program Files (x86)\Common Files\Oracle\Java\java8path;C:\Program Files (x86)\Common Files\Oracle\Java\javapath;C:\Python313\Scripts\;C:\Python313\;C:\WINDOWS\system32;C:\WINDOWS;C:\WINDOWS\System32\Wbem;C:\WINDOWS\System32\WindowsPowerShell\v1.0\;C:\WINDOWS\System32\OpenSSH\;C:\Program Files\nodejs\;C:\ProgramData\chocolatey\bin;%ANDROID_HOME%\platform-tools;%ANDROID_HOME%\emulator;C:\Python313\Scripts;C:\Users\user\AppData\Local\Programs\Python\Python313\Scripts;C:\mingw64\bin;C:\xampp\php;C:\ProgramData\ComposerSetup\bin;C:\Program Files\Git\cmd;C:\Program Files (x86)\Nmap\;C:\Program Files\Nmap\;C:\Program Files\PostgreSQL\17\bin;;C:\Users\user\AppData\Local\Muse Hub\lib;C:\Program Files\Docker\Docker\resources\bin;C:\Users\user\AppData\Local\agy\bin;C:\Users\user\AppData\Local\Microsoft\WindowsApps;C:\Users\user\AppData\Roaming\npm;C:\Program Files\Java\jdk-17\bin;C:\mingw64\bin;C:\Users\user\AppData\Roaming\Composer\vendor\bin;C:\Program Files (x86)\Nmap;C:\Users\user\AppData\Local\Programs\Antigravity\bin;C:\Users\user\AppData\Local\Muse Hub\lib;C:\Users\user\.lmstudio\bin;C:\Users\user\AppData\Local\Microsoft\WindowsApps;C:\Users\user\AppData\Local\Programs\Antigravity IDE\bin;C:\Users\user\AppData\Local\Programs\Microsoft VS Code\bin
USERNAME=user
OS=Windows_NT
PROCESSOR_IDENTIFIER=AMD64 Family 23 Model 24 Stepping 1, AuthenticAMD
TMP=C:\Users\user\AppData\Local\Temp
TEMP=C:\Users\user\AppData\Local\Temp




Periodic native trim disabled

---------------  S Y S T E M  ---------------

OS:
 Windows 11 , 64 bit Build 26100 (10.0.26100.9444)
OS uptime: 0 days 1:35 hours
Hyper-V role detected

CPU: total 4 (initial active 4) (4 cores per cpu, 2 threads per core) family 23 model 24 stepping 1 microcode 0x8108109, cx8, cmov, fxsr, ht, mmx, 3dnowpref, sse, sse2, sse3, ssse3, sse4a, sse4.1, sse4.2, popcnt, lzcnt, tsc, tscinvbit, avx, avx2, aes, clmul, bmi1, bmi2, adx, sha, fma, vzeroupper, clflush, clflushopt, hv, rdtscp, f16c
Processor Information for the first 4 processors :
  Max Mhz: 2600, Current Mhz: 2600, Mhz Limit: 2600

Memory: 4k page, system-wide physical 18369M (190M free)
TotalPageFile size 48770M (AvailPageFile size 6M)
current process WorkingSet (physical memory assigned to process): 121M, peak: 253M
current process commit charge ("private bytes"): 439M, peak: 453M

vm_info: OpenJDK 64-Bit Server VM (21.0.12.1+1-LTS) for windows-amd64 JRE (21.0.12.1+1-LTS), built on 2026-08-18T00:00:00Z by "admin" with MS VC++ 17.12 (VS2022)

END.
