#
# There is insufficient memory for the Java Runtime Environment to continue.
# Native memory allocation (malloc) failed to allocate 1551632 bytes. Error detail: Chunk::new
# Possible reasons:
#   The system is out of physical RAM or swap space
#   This process is running with CompressedOops enabled, and the Java Heap may be blocking the growth of the native heap
# Possible solutions:
#   Reduce memory load on the system
#   Increase physical memory or swap space
#   Check if swap backing store is full
#   Decrease Java heap size (-Xmx/-Xms)
#   Decrease number of Java threads
#   Decrease Java thread stack sizes (-Xss)
#   Set larger code cache with -XX:ReservedCodeCacheSize=
#   JVM is running with Unscaled Compressed Oops mode in which the Java heap is
#     placed in the first 4GB address space. The Java Heap base address is the
#     maximum limit for the native heap growth. Please use -XX:HeapBaseMinAddress
#     to set the Java Heap base and to place the Java Heap above 4GB virtual address.
# This output file may be truncated or incomplete.
#
#  Out of Memory Error (arena.cpp:168), pid=13436, tid=21788
#
# JRE version: OpenJDK Runtime Environment Temurin-21.0.12.1+1 (21.0.12.1+1) (build 21.0.12.1+1-LTS)
# Java VM: OpenJDK 64-Bit Server VM Temurin-21.0.12.1+1 (21.0.12.1+1-LTS, mixed mode, sharing, tiered, compressed oops, compressed class ptrs, g1 gc, windows-amd64)
# No core dump will be written. Minidumps are not enabled by default on client versions of Windows
#

---------------  S U M M A R Y ------------

Command Line: --add-opens=java.base/java.lang=ALL-UNNAMED --add-opens=java.base/java.lang.invoke=ALL-UNNAMED --add-opens=java.base/java.util=ALL-UNNAMED --add-opens=java.prefs/java.util.prefs=ALL-UNNAMED --add-exports=jdk.compiler/com.sun.tools.javac.api=ALL-UNNAMED --add-exports=jdk.compiler/com.sun.tools.javac.util=ALL-UNNAMED --add-opens=java.base/java.nio.charset=ALL-UNNAMED --add-opens=java.base/java.net=ALL-UNNAMED --add-opens=java.base/java.util.concurrent=ALL-UNNAMED --add-opens=java.base/java.util.concurrent.atomic=ALL-UNNAMED --add-opens=java.xml/javax.xml.namespace=ALL-UNNAMED --add-opens=java.base/java.time=ALL-UNNAMED -XX:MaxMetaspaceSize=384m -XX:+HeapDumpOnOutOfMemoryError -Xms256m -Xmx512m -Dfile.encoding=UTF-8 -Duser.country=419 -Duser.language=es -Duser.variant -javaagent:C:\Users\user\.gradle\wrapper\dists\gradle-9.5.1-bin\iq79hdu3mqx29lgffhp8bfmx\gradle-9.5.1\lib\agents\gradle-instrumentation-agent-9.5.1.jar org.gradle.launcher.daemon.bootstrap.GradleDaemon 9.5.1

Host: AMD Ryzen 3 3250U with Radeon Graphics         , 4 cores, 17G,  Windows 11 , 64 bit Build 26100 (10.0.26100.9444)
Time: Sat Sep 12 11:58:12 2026 Hora est. Pacífico, Sudamérica elapsed time: 1198.379546 seconds (0d 0h 19m 58s)

---------------  T H R E A D  ---------------

Current thread (0x0000018c3bc7d850):  JavaThread "C2 CompilerThread0" daemon [_thread_in_native, id=21788, stack(0x00000051cad00000,0x00000051cae00000) (1024K)]


Current CompileTask:
C2:1198380 7019   !   4       com.google.common.reflect.TypeVisitor::visit (225 bytes)

Stack: [0x00000051cad00000,0x00000051cae00000]
Native frames: (J=compiled Java code, j=interpreted, Vv=VM code, C=native code)
V  [jvm.dll+0x6d83e9]
V  [jvm.dll+0x8b5736]
V  [jvm.dll+0x8b7cee]
V  [jvm.dll+0x8b83d3]
V  [jvm.dll+0x284596]
V  [jvm.dll+0xc685d]
V  [jvm.dll+0xc6da1]
V  [jvm.dll+0x3bf18b]
V  [jvm.dll+0x38b6d2]
V  [jvm.dll+0x38ab1a]
V  [jvm.dll+0x24c700]
V  [jvm.dll+0x24bce0]
V  [jvm.dll+0x1cb4ae]
V  [jvm.dll+0x25baad]
V  [jvm.dll+0x25a03a]
V  [jvm.dll+0x3f8aae]
V  [jvm.dll+0x8600cd]
V  [jvm.dll+0x6d6c1d]
C  [ucrtbase.dll+0x2cd30]
C  [KERNEL32.DLL+0x2cd87]
C  [ntdll.dll+0xacaec]


---------------  P R O C E S S  ---------------

Threads class SMR info:
_java_thread_list=0x0000018c5864a0c0, length=41, elements={
0x0000018c26b500d0, 0x0000018c3bc71a70, 0x0000018c3bc733f0, 0x0000018c3bc78b90,
0x0000018c3bc795f0, 0x0000018c3bc7c060, 0x0000018c3bc7cac0, 0x0000018c3bc7d850,
0x0000018c3bc84ea0, 0x0000018c551965a0, 0x0000018c551bedf0, 0x0000018c56532ef0,
0x0000018c56091a60, 0x0000018c5663d3d0, 0x0000018c56bbf070, 0x0000018c56ba20a0,
0x0000018c55d6f350, 0x0000018c56f7ff20, 0x0000018c5505ee90, 0x0000018c55060240,
0x0000018c5505fbb0, 0x0000018c5505cdc0, 0x0000018c5505f520, 0x0000018c5505dae0,
0x0000018c5505e800, 0x0000018c57f7c950, 0x0000018c57f7cfe0, 0x0000018c57f7d670,
0x0000018c57f7e390, 0x0000018c57f7ea20, 0x0000018c57f7c2c0, 0x0000018c57f7b5a0,
0x0000018c57f7f0b0, 0x0000018c57f7bc30, 0x0000018c57f81ea0, 0x0000018c57f80af0,
0x0000018c57f81180, 0x0000018c57f82bc0, 0x0000018c57f82530, 0x0000018c57f80460,
0x0000018c57f7f740
}

Java Threads: ( => current thread )
  0x0000018c26b500d0 JavaThread "main"                              [_thread_blocked, id=17372, stack(0x00000051c9f00000,0x00000051ca000000) (1024K)]
  0x0000018c3bc71a70 JavaThread "Reference Handler"          daemon [_thread_blocked, id=13440, stack(0x00000051ca700000,0x00000051ca800000) (1024K)]
  0x0000018c3bc733f0 JavaThread "Finalizer"                  daemon [_thread_blocked, id=7128, stack(0x00000051ca800000,0x00000051ca900000) (1024K)]
  0x0000018c3bc78b90 JavaThread "Signal Dispatcher"          daemon [_thread_blocked, id=12400, stack(0x00000051ca900000,0x00000051caa00000) (1024K)]
  0x0000018c3bc795f0 JavaThread "Attach Listener"            daemon [_thread_blocked, id=10704, stack(0x00000051caa00000,0x00000051cab00000) (1024K)]
  0x0000018c3bc7c060 JavaThread "Service Thread"             daemon [_thread_blocked, id=21488, stack(0x00000051cab00000,0x00000051cac00000) (1024K)]
  0x0000018c3bc7cac0 JavaThread "Monitor Deflation Thread"   daemon [_thread_blocked, id=11324, stack(0x00000051cac00000,0x00000051cad00000) (1024K)]
=>0x0000018c3bc7d850 JavaThread "C2 CompilerThread0"         daemon [_thread_in_native, id=21788, stack(0x00000051cad00000,0x00000051cae00000) (1024K)]
  0x0000018c3bc84ea0 JavaThread "C1 CompilerThread0"         daemon [_thread_blocked, id=23488, stack(0x00000051cae00000,0x00000051caf00000) (1024K)]
  0x0000018c551965a0 JavaThread "Common-Cleaner"             daemon [_thread_blocked, id=18940, stack(0x00000051caf00000,0x00000051cb000000) (1024K)]
  0x0000018c551bedf0 JavaThread "Notification Thread"        daemon [_thread_blocked, id=16736, stack(0x00000051cb000000,0x00000051cb100000) (1024K)]
  0x0000018c56532ef0 JavaThread "Daemon health stats"               [_thread_blocked, id=6868, stack(0x00000051c9e00000,0x00000051c9f00000) (1024K)]
  0x0000018c56091a60 JavaThread "Incoming local TCP Connector on port 45718"        [_thread_in_native, id=23232, stack(0x00000051cb600000,0x00000051cb700000) (1024K)]
  0x0000018c5663d3d0 JavaThread "Daemon periodic checks"            [_thread_blocked, id=30072, stack(0x00000051cb800000,0x00000051cb900000) (1024K)]
  0x0000018c56bbf070 JavaThread "Daemon"                            [_thread_blocked, id=30380, stack(0x00000051cb900000,0x00000051cba00000) (1024K)]
  0x0000018c56ba20a0 JavaThread "Handler for socket connection from /127.0.0.1:45718 to /127.0.0.1:44031"        [_thread_in_native, id=30396, stack(0x00000051cba00000,0x00000051cbb00000) (1024K)]
  0x0000018c55d6f350 JavaThread "Cancel handler"                    [_thread_blocked, id=30452, stack(0x00000051cbb00000,0x00000051cbc00000) (1024K)]
  0x0000018c56f7ff20 JavaThread "Daemon worker"                     [_thread_in_vm, id=30616, stack(0x00000051cbc00000,0x00000051cbd00000) (1024K)]
  0x0000018c5505ee90 JavaThread "Asynchronous log dispatcher for DefaultDaemonConnection: socket connection from /127.0.0.1:45718 to /127.0.0.1:44031"        [_thread_blocked, id=27056, stack(0x00000051cbd00000,0x00000051cbe00000) (1024K)]
  0x0000018c55060240 JavaThread "Stdin handler"                     [_thread_blocked, id=26584, stack(0x00000051cbe00000,0x00000051cbf00000) (1024K)]
  0x0000018c5505fbb0 JavaThread "Daemon client event forwarder"        [_thread_blocked, id=17428, stack(0x00000051cbf00000,0x00000051cc000000) (1024K)]
  0x0000018c5505cdc0 JavaThread "Cache worker for journal cache (C:\Users\user\.gradle\caches\journal-1)"        [_thread_blocked, id=19024, stack(0x00000051c9d00000,0x00000051c9e00000) (1024K)]
  0x0000018c5505f520 JavaThread "File lock request listener"        [_thread_in_native, id=25960, stack(0x00000051cb500000,0x00000051cb600000) (1024K)]
  0x0000018c5505dae0 JavaThread "Cache worker for file hash cache (C:\Users\user\.gradle\caches\9.5.1\fileHashes)"        [_thread_blocked, id=30256, stack(0x00000051cc100000,0x00000051cc200000) (1024K)]
  0x0000018c5505e800 JavaThread "Cache worker for file hash cache (C:\Users\user\Documents\DEVVAULT\devvault\.gradle\9.5.1\fileHashes)"        [_thread_blocked, id=18744, stack(0x00000051cb400000,0x00000051cb500000) (1024K)]
  0x0000018c57f7c950 JavaThread "Cache worker for Build Output Cleanup Cache (C:\Users\user\Documents\DEVVAULT\devvault\.gradle\buildOutputCleanup)"        [_thread_blocked, id=29408, stack(0x00000051cb700000,0x00000051cb800000) (1024K)]
  0x0000018c57f7cfe0 JavaThread "File watcher server"        daemon [_thread_in_native, id=28892, stack(0x00000051cc200000,0x00000051cc300000) (1024K)]
  0x0000018c57f7d670 JavaThread "File watcher consumer"      daemon [_thread_blocked, id=23260, stack(0x00000051cc300000,0x00000051cc400000) (1024K)]
  0x0000018c57f7e390 JavaThread "Cache worker for file content cache (C:\Users\user\.gradle\caches\9.5.1\fileContent)"        [_thread_blocked, id=8448, stack(0x00000051cc400000,0x00000051cc500000) (1024K)]
  0x0000018c57f7ea20 JavaThread "Cache worker for checksums cache (C:\Users\user\Documents\DEVVAULT\devvault\.gradle\9.5.1\checksums)"        [_thread_blocked, id=30560, stack(0x00000051cc500000,0x00000051cc600000) (1024K)]
  0x0000018c57f7c2c0 JavaThread "Cache worker for cache directory md-supplier (C:\Users\user\.gradle\caches\9.5.1\md-supplier)"        [_thread_blocked, id=23432, stack(0x00000051cc600000,0x00000051cc700000) (1024K)]
  0x0000018c57f7b5a0 JavaThread "Cache worker for cache directory md-rule (C:\Users\user\.gradle\caches\9.5.1\md-rule)"        [_thread_blocked, id=12964, stack(0x00000051cc700000,0x00000051cc800000) (1024K)]
  0x0000018c57f7f0b0 JavaThread "jar transforms"                    [_thread_blocked, id=30288, stack(0x00000051cc800000,0x00000051cc900000) (1024K)]
  0x0000018c57f7bc30 JavaThread "jar transforms Thread 2"           [_thread_blocked, id=19064, stack(0x00000051cca00000,0x00000051ccb00000) (1024K)]
  0x0000018c57f81ea0 JavaThread "jar transforms Thread 3"           [_thread_blocked, id=4288, stack(0x00000051cc900000,0x00000051cca00000) (1024K)]
  0x0000018c57f80af0 JavaThread "jar transforms Thread 4"           [_thread_blocked, id=27176, stack(0x00000051ccc00000,0x00000051ccd00000) (1024K)]
  0x0000018c57f81180 JavaThread "File lock release action executor Thread 4"        [_thread_blocked, id=32556, stack(0x00000051cc000000,0x00000051cc100000) (1024K)]
  0x0000018c57f82bc0 JavaThread "Build operations"                  [_thread_blocked, id=29460, stack(0x00000051ccb00000,0x00000051ccc00000) (1024K)]
  0x0000018c57f82530 JavaThread "Build operations Thread 2"         [_thread_blocked, id=23196, stack(0x00000051ccd00000,0x00000051cce00000) (1024K)]
  0x0000018c57f80460 JavaThread "Build operations Thread 3"         [_thread_blocked, id=28024, stack(0x00000051cce00000,0x00000051ccf00000) (1024K)]
  0x0000018c57f7f740 JavaThread "Build operations Thread 4"         [_thread_blocked, id=25684, stack(0x00000051cd000000,0x00000051cd100000) (1024K)]
Total: 41

Other Threads:
  0x0000018c3bc56780 VMThread "VM Thread"                           [id=21332, stack(0x00000051ca600000,0x00000051ca700000) (1024K)]
  0x0000018c3bc42d50 WatcherThread "VM Periodic Task Thread"        [id=12624, stack(0x00000051ca500000,0x00000051ca600000) (1024K)]
  0x0000018c26b7a6b0 WorkerThread "GC Thread#0"                     [id=25020, stack(0x00000051ca000000,0x00000051ca100000) (1024K)]
  0x0000018c554622a0 WorkerThread "GC Thread#1"                     [id=28168, stack(0x00000051cb100000,0x00000051cb200000) (1024K)]
  0x0000018c55447c00 WorkerThread "GC Thread#2"                     [id=28172, stack(0x00000051cb200000,0x00000051cb300000) (1024K)]
  0x0000018c550528c0 WorkerThread "GC Thread#3"                     [id=28176, stack(0x00000051cb300000,0x00000051cb400000) (1024K)]
  0x0000018c26b7fdc0 ConcurrentGCThread "G1 Main Marker"            [id=17260, stack(0x00000051ca100000,0x00000051ca200000) (1024K)]
  0x0000018c26b81660 WorkerThread "G1 Conc#0"                       [id=17948, stack(0x00000051ca200000,0x00000051ca300000) (1024K)]
  0x0000018c26c0e660 ConcurrentGCThread "G1 Refine#0"               [id=13788, stack(0x00000051ca300000,0x00000051ca400000) (1024K)]
  0x0000018c3bb131a0 ConcurrentGCThread "G1 Service"                [id=8464, stack(0x00000051ca400000,0x00000051ca500000) (1024K)]
Total: 10

Threads with active compile tasks:
C2 CompilerThread0  1198438 7019   !   4       com.google.common.reflect.TypeVisitor::visit (225 bytes)
Total: 1

VM state: not at safepoint (normal execution)

VM Mutex/Monitor currently owned by a thread: None

Heap address: 0x00000000e0000000, size: 512 MB, Compressed Oops mode: 32-bit

CDS archive(s) mapped at: [0x0000018c3c000000-0x0000018c3cba0000-0x0000018c3cba0000), size 12189696, SharedBaseAddress: 0x0000018c3c000000, ArchiveRelocationMode: 1.
Compressed class space mapped at: 0x0000018c3d000000-0x0000018c51000000, reserved size: 335544320
Narrow klass base: 0x0000018c3c000000, Narrow klass shift: 0, Narrow klass range: 0x100000000

GC Precious Log:
 CardTable entry size: 512
 Card Set container configuration: InlinePtr #cards 5 size 8 Array Of Cards #cards 12 size 40 Howl #buckets 4 coarsen threshold 1843 Howl Bitmap #cards 512 size 80 coarsen threshold 460 Card regions per heap region 1 cards per card region 2048
 CPUs: 4 total, 4 available
 Memory: 18369M
 Large Page Support: Disabled
 NUMA Support: Disabled
 Compressed Oops: Enabled (32-bit)
 Heap Region Size: 1M
 Heap Min Capacity: 256M
 Heap Initial Capacity: 256M
 Heap Max Capacity: 512M
 Pre-touch: Disabled
 Parallel Workers: 4
 Concurrent Workers: 1
 Concurrent Refinement Workers: 4
 Periodic GC: Disabled

Heap:
 garbage-first heap   total 262144K, used 63402K [0x00000000e0000000, 0x0000000100000000)
  region size 1024K, 40 young (40960K), 15 survivors (15360K)
 Metaspace       used 48440K, committed 50368K, reserved 393216K
  class space    used 7268K, committed 8256K, reserved 327680K

Heap Regions: E=young(eden), S=young(survivor), O=old, HS=humongous(starts), HC=humongous(continues), CS=collection set, F=free, TAMS=top-at-mark-start, PB=parsable bottom
|   0|0x00000000e0000000, 0x00000000e0100000, 0x00000000e0100000|100%| O|  |TAMS 0x00000000e0000000| PB 0x00000000e0000000| Untracked 
|   1|0x00000000e0100000, 0x00000000e0200000, 0x00000000e0200000|100%|HS|  |TAMS 0x00000000e0100000| PB 0x00000000e0100000| Complete 
|   2|0x00000000e0200000, 0x00000000e0300000, 0x00000000e0300000|100%|HC|  |TAMS 0x00000000e0200000| PB 0x00000000e0200000| Complete 
|   3|0x00000000e0300000, 0x00000000e0400000, 0x00000000e0400000|100%|HC|  |TAMS 0x00000000e0300000| PB 0x00000000e0300000| Complete 
|   4|0x00000000e0400000, 0x00000000e0500000, 0x00000000e0500000|100%|HC|  |TAMS 0x00000000e0400000| PB 0x00000000e0400000| Complete 
|   5|0x00000000e0500000, 0x00000000e0600000, 0x00000000e0600000|100%| O|  |TAMS 0x00000000e0500000| PB 0x00000000e0500000| Untracked 
|   6|0x00000000e0600000, 0x00000000e0700000, 0x00000000e0700000|100%| O|  |TAMS 0x00000000e0600000| PB 0x00000000e0600000| Untracked 
|   7|0x00000000e0700000, 0x00000000e0800000, 0x00000000e0800000|100%| O|  |TAMS 0x00000000e0700000| PB 0x00000000e0700000| Untracked 
|   8|0x00000000e0800000, 0x00000000e0900000, 0x00000000e0900000|100%| O|  |TAMS 0x00000000e0800000| PB 0x00000000e0800000| Untracked 
|   9|0x00000000e0900000, 0x00000000e0a00000, 0x00000000e0a00000|100%|HS|  |TAMS 0x00000000e0900000| PB 0x00000000e0900000| Complete 
|  10|0x00000000e0a00000, 0x00000000e0b00000, 0x00000000e0b00000|100%| O|  |TAMS 0x00000000e0a00000| PB 0x00000000e0a00000| Untracked 
|  11|0x00000000e0b00000, 0x00000000e0c00000, 0x00000000e0c00000|100%| O|  |TAMS 0x00000000e0b00000| PB 0x00000000e0b00000| Untracked 
|  12|0x00000000e0c00000, 0x00000000e0c00000, 0x00000000e0d00000|  0%| F|  |TAMS 0x00000000e0c00000| PB 0x00000000e0c00000| Untracked 
|  13|0x00000000e0d00000, 0x00000000e0e00000, 0x00000000e0e00000|100%| O|  |TAMS 0x00000000e0d00000| PB 0x00000000e0d00000| Untracked 
|  14|0x00000000e0e00000, 0x00000000e0f00000, 0x00000000e0f00000|100%| O|  |TAMS 0x00000000e0e00000| PB 0x00000000e0e00000| Untracked 
|  15|0x00000000e0f00000, 0x00000000e1000000, 0x00000000e1000000|100%| O|  |TAMS 0x00000000e0f00000| PB 0x00000000e0f00000| Untracked 
|  16|0x00000000e1000000, 0x00000000e1100000, 0x00000000e1100000|100%| O|  |TAMS 0x00000000e1000000| PB 0x00000000e1000000| Untracked 
|  17|0x00000000e1100000, 0x00000000e1200000, 0x00000000e1200000|100%| O|  |TAMS 0x00000000e1100000| PB 0x00000000e1100000| Untracked 
|  18|0x00000000e1200000, 0x00000000e1300000, 0x00000000e1300000|100%| O|  |TAMS 0x00000000e1200000| PB 0x00000000e1200000| Untracked 
|  19|0x00000000e1300000, 0x00000000e1400000, 0x00000000e1400000|100%| O|  |TAMS 0x00000000e1300000| PB 0x00000000e1300000| Untracked 
|  20|0x00000000e1400000, 0x00000000e1500000, 0x00000000e1500000|100%| O|  |TAMS 0x00000000e1400000| PB 0x00000000e1400000| Untracked 
|  21|0x00000000e1500000, 0x00000000e1600000, 0x00000000e1600000|100%| O|  |TAMS 0x00000000e1500000| PB 0x00000000e1500000| Untracked 
|  22|0x00000000e1600000, 0x00000000e1700000, 0x00000000e1700000|100%| O|  |TAMS 0x00000000e1600000| PB 0x00000000e1600000| Untracked 
|  23|0x00000000e1700000, 0x00000000e1800000, 0x00000000e1800000|100%| O|Cm|TAMS 0x00000000e1700000| PB 0x00000000e1700000| Complete 
|  24|0x00000000e1800000, 0x00000000e1900000, 0x00000000e1900000|100%| O|  |TAMS 0x00000000e1800000| PB 0x00000000e1800000| Untracked 
|  25|0x00000000e1900000, 0x00000000e196aa00, 0x00000000e1a00000| 41%| O|  |TAMS 0x00000000e1900000| PB 0x00000000e1900000| Untracked 
|  26|0x00000000e1a00000, 0x00000000e1a00000, 0x00000000e1b00000|  0%| F|  |TAMS 0x00000000e1a00000| PB 0x00000000e1a00000| Untracked 
|  27|0x00000000e1b00000, 0x00000000e1b00000, 0x00000000e1c00000|  0%| F|  |TAMS 0x00000000e1b00000| PB 0x00000000e1b00000| Untracked 
|  28|0x00000000e1c00000, 0x00000000e1c00000, 0x00000000e1d00000|  0%| F|  |TAMS 0x00000000e1c00000| PB 0x00000000e1c00000| Untracked 
|  29|0x00000000e1d00000, 0x00000000e1d00000, 0x00000000e1e00000|  0%| F|  |TAMS 0x00000000e1d00000| PB 0x00000000e1d00000| Untracked 
|  30|0x00000000e1e00000, 0x00000000e1e00000, 0x00000000e1f00000|  0%| F|  |TAMS 0x00000000e1e00000| PB 0x00000000e1e00000| Untracked 
|  31|0x00000000e1f00000, 0x00000000e1f00000, 0x00000000e2000000|  0%| F|  |TAMS 0x00000000e1f00000| PB 0x00000000e1f00000| Untracked 
|  32|0x00000000e2000000, 0x00000000e2000000, 0x00000000e2100000|  0%| F|  |TAMS 0x00000000e2000000| PB 0x00000000e2000000| Untracked 
|  33|0x00000000e2100000, 0x00000000e2100000, 0x00000000e2200000|  0%| F|  |TAMS 0x00000000e2100000| PB 0x00000000e2100000| Untracked 
|  34|0x00000000e2200000, 0x00000000e2200000, 0x00000000e2300000|  0%| F|  |TAMS 0x00000000e2200000| PB 0x00000000e2200000| Untracked 
|  35|0x00000000e2300000, 0x00000000e2300000, 0x00000000e2400000|  0%| F|  |TAMS 0x00000000e2300000| PB 0x00000000e2300000| Untracked 
|  36|0x00000000e2400000, 0x00000000e2400000, 0x00000000e2500000|  0%| F|  |TAMS 0x00000000e2400000| PB 0x00000000e2400000| Untracked 
|  37|0x00000000e2500000, 0x00000000e2500000, 0x00000000e2600000|  0%| F|  |TAMS 0x00000000e2500000| PB 0x00000000e2500000| Untracked 
|  38|0x00000000e2600000, 0x00000000e2600000, 0x00000000e2700000|  0%| F|  |TAMS 0x00000000e2600000| PB 0x00000000e2600000| Untracked 
|  39|0x00000000e2700000, 0x00000000e2700000, 0x00000000e2800000|  0%| F|  |TAMS 0x00000000e2700000| PB 0x00000000e2700000| Untracked 
|  40|0x00000000e2800000, 0x00000000e2800000, 0x00000000e2900000|  0%| F|  |TAMS 0x00000000e2800000| PB 0x00000000e2800000| Untracked 
|  41|0x00000000e2900000, 0x00000000e2900000, 0x00000000e2a00000|  0%| F|  |TAMS 0x00000000e2900000| PB 0x00000000e2900000| Untracked 
|  42|0x00000000e2a00000, 0x00000000e2a00000, 0x00000000e2b00000|  0%| F|  |TAMS 0x00000000e2a00000| PB 0x00000000e2a00000| Untracked 
|  43|0x00000000e2b00000, 0x00000000e2b00000, 0x00000000e2c00000|  0%| F|  |TAMS 0x00000000e2b00000| PB 0x00000000e2b00000| Untracked 
|  44|0x00000000e2c00000, 0x00000000e2c00000, 0x00000000e2d00000|  0%| F|  |TAMS 0x00000000e2c00000| PB 0x00000000e2c00000| Untracked 
|  45|0x00000000e2d00000, 0x00000000e2d00000, 0x00000000e2e00000|  0%| F|  |TAMS 0x00000000e2d00000| PB 0x00000000e2d00000| Untracked 
|  46|0x00000000e2e00000, 0x00000000e2e00000, 0x00000000e2f00000|  0%| F|  |TAMS 0x00000000e2e00000| PB 0x00000000e2e00000| Untracked 
|  47|0x00000000e2f00000, 0x00000000e2f00000, 0x00000000e3000000|  0%| F|  |TAMS 0x00000000e2f00000| PB 0x00000000e2f00000| Untracked 
|  48|0x00000000e3000000, 0x00000000e3000000, 0x00000000e3100000|  0%| F|  |TAMS 0x00000000e3000000| PB 0x00000000e3000000| Untracked 
|  49|0x00000000e3100000, 0x00000000e3100000, 0x00000000e3200000|  0%| F|  |TAMS 0x00000000e3100000| PB 0x00000000e3100000| Untracked 
|  50|0x00000000e3200000, 0x00000000e3200000, 0x00000000e3300000|  0%| F|  |TAMS 0x00000000e3200000| PB 0x00000000e3200000| Untracked 
|  51|0x00000000e3300000, 0x00000000e3300000, 0x00000000e3400000|  0%| F|  |TAMS 0x00000000e3300000| PB 0x00000000e3300000| Untracked 
|  52|0x00000000e3400000, 0x00000000e3400000, 0x00000000e3500000|  0%| F|  |TAMS 0x00000000e3400000| PB 0x00000000e3400000| Untracked 
|  53|0x00000000e3500000, 0x00000000e3500000, 0x00000000e3600000|  0%| F|  |TAMS 0x00000000e3500000| PB 0x00000000e3500000| Untracked 
|  54|0x00000000e3600000, 0x00000000e3600000, 0x00000000e3700000|  0%| F|  |TAMS 0x00000000e3600000| PB 0x00000000e3600000| Untracked 
|  55|0x00000000e3700000, 0x00000000e3700000, 0x00000000e3800000|  0%| F|  |TAMS 0x00000000e3700000| PB 0x00000000e3700000| Untracked 
|  56|0x00000000e3800000, 0x00000000e3800000, 0x00000000e3900000|  0%| F|  |TAMS 0x00000000e3800000| PB 0x00000000e3800000| Untracked 
|  57|0x00000000e3900000, 0x00000000e3900000, 0x00000000e3a00000|  0%| F|  |TAMS 0x00000000e3900000| PB 0x00000000e3900000| Untracked 
|  58|0x00000000e3a00000, 0x00000000e3a00000, 0x00000000e3b00000|  0%| F|  |TAMS 0x00000000e3a00000| PB 0x00000000e3a00000| Untracked 
|  59|0x00000000e3b00000, 0x00000000e3b00000, 0x00000000e3c00000|  0%| F|  |TAMS 0x00000000e3b00000| PB 0x00000000e3b00000| Untracked 
|  60|0x00000000e3c00000, 0x00000000e3c00000, 0x00000000e3d00000|  0%| F|  |TAMS 0x00000000e3c00000| PB 0x00000000e3c00000| Untracked 
|  61|0x00000000e3d00000, 0x00000000e3d00000, 0x00000000e3e00000|  0%| F|  |TAMS 0x00000000e3d00000| PB 0x00000000e3d00000| Untracked 
|  62|0x00000000e3e00000, 0x00000000e3e00000, 0x00000000e3f00000|  0%| F|  |TAMS 0x00000000e3e00000| PB 0x00000000e3e00000| Untracked 
|  63|0x00000000e3f00000, 0x00000000e3f00000, 0x00000000e4000000|  0%| F|  |TAMS 0x00000000e3f00000| PB 0x00000000e3f00000| Untracked 
|  64|0x00000000e4000000, 0x00000000e4000000, 0x00000000e4100000|  0%| F|  |TAMS 0x00000000e4000000| PB 0x00000000e4000000| Untracked 
|  65|0x00000000e4100000, 0x00000000e4100000, 0x00000000e4200000|  0%| F|  |TAMS 0x00000000e4100000| PB 0x00000000e4100000| Untracked 
|  66|0x00000000e4200000, 0x00000000e4200000, 0x00000000e4300000|  0%| F|  |TAMS 0x00000000e4200000| PB 0x00000000e4200000| Untracked 
|  67|0x00000000e4300000, 0x00000000e4300000, 0x00000000e4400000|  0%| F|  |TAMS 0x00000000e4300000| PB 0x00000000e4300000| Untracked 
|  68|0x00000000e4400000, 0x00000000e4400000, 0x00000000e4500000|  0%| F|  |TAMS 0x00000000e4400000| PB 0x00000000e4400000| Untracked 
|  69|0x00000000e4500000, 0x00000000e4500000, 0x00000000e4600000|  0%| F|  |TAMS 0x00000000e4500000| PB 0x00000000e4500000| Untracked 
|  70|0x00000000e4600000, 0x00000000e4600000, 0x00000000e4700000|  0%| F|  |TAMS 0x00000000e4600000| PB 0x00000000e4600000| Untracked 
|  71|0x00000000e4700000, 0x00000000e4700000, 0x00000000e4800000|  0%| F|  |TAMS 0x00000000e4700000| PB 0x00000000e4700000| Untracked 
|  72|0x00000000e4800000, 0x00000000e4800000, 0x00000000e4900000|  0%| F|  |TAMS 0x00000000e4800000| PB 0x00000000e4800000| Untracked 
|  73|0x00000000e4900000, 0x00000000e4900000, 0x00000000e4a00000|  0%| F|  |TAMS 0x00000000e4900000| PB 0x00000000e4900000| Untracked 
|  74|0x00000000e4a00000, 0x00000000e4a00000, 0x00000000e4b00000|  0%| F|  |TAMS 0x00000000e4a00000| PB 0x00000000e4a00000| Untracked 
|  75|0x00000000e4b00000, 0x00000000e4b00000, 0x00000000e4c00000|  0%| F|  |TAMS 0x00000000e4b00000| PB 0x00000000e4b00000| Untracked 
|  76|0x00000000e4c00000, 0x00000000e4c00000, 0x00000000e4d00000|  0%| F|  |TAMS 0x00000000e4c00000| PB 0x00000000e4c00000| Untracked 
|  77|0x00000000e4d00000, 0x00000000e4d00000, 0x00000000e4e00000|  0%| F|  |TAMS 0x00000000e4d00000| PB 0x00000000e4d00000| Untracked 
|  78|0x00000000e4e00000, 0x00000000e4e00000, 0x00000000e4f00000|  0%| F|  |TAMS 0x00000000e4e00000| PB 0x00000000e4e00000| Untracked 
|  79|0x00000000e4f00000, 0x00000000e4f00000, 0x00000000e5000000|  0%| F|  |TAMS 0x00000000e4f00000| PB 0x00000000e4f00000| Untracked 
|  80|0x00000000e5000000, 0x00000000e5000000, 0x00000000e5100000|  0%| F|  |TAMS 0x00000000e5000000| PB 0x00000000e5000000| Untracked 
|  81|0x00000000e5100000, 0x00000000e5100000, 0x00000000e5200000|  0%| F|  |TAMS 0x00000000e5100000| PB 0x00000000e5100000| Untracked 
|  82|0x00000000e5200000, 0x00000000e5200000, 0x00000000e5300000|  0%| F|  |TAMS 0x00000000e5200000| PB 0x00000000e5200000| Untracked 
|  83|0x00000000e5300000, 0x00000000e5300000, 0x00000000e5400000|  0%| F|  |TAMS 0x00000000e5300000| PB 0x00000000e5300000| Untracked 
|  84|0x00000000e5400000, 0x00000000e5400000, 0x00000000e5500000|  0%| F|  |TAMS 0x00000000e5400000| PB 0x00000000e5400000| Untracked 
|  85|0x00000000e5500000, 0x00000000e5500000, 0x00000000e5600000|  0%| F|  |TAMS 0x00000000e5500000| PB 0x00000000e5500000| Untracked 
|  86|0x00000000e5600000, 0x00000000e5600000, 0x00000000e5700000|  0%| F|  |TAMS 0x00000000e5600000| PB 0x00000000e5600000| Untracked 
|  87|0x00000000e5700000, 0x00000000e5700000, 0x00000000e5800000|  0%| F|  |TAMS 0x00000000e5700000| PB 0x00000000e5700000| Untracked 
|  88|0x00000000e5800000, 0x00000000e5880000, 0x00000000e5900000| 50%| S|CS|TAMS 0x00000000e5800000| PB 0x00000000e5800000| Complete 
|  89|0x00000000e5900000, 0x00000000e5a00000, 0x00000000e5a00000|100%| S|CS|TAMS 0x00000000e5900000| PB 0x00000000e5900000| Complete 
|  90|0x00000000e5a00000, 0x00000000e5b00000, 0x00000000e5b00000|100%| S|CS|TAMS 0x00000000e5a00000| PB 0x00000000e5a00000| Complete 
|  91|0x00000000e5b00000, 0x00000000e5c00000, 0x00000000e5c00000|100%| S|CS|TAMS 0x00000000e5b00000| PB 0x00000000e5b00000| Complete 
|  92|0x00000000e5c00000, 0x00000000e5d00000, 0x00000000e5d00000|100%| S|CS|TAMS 0x00000000e5c00000| PB 0x00000000e5c00000| Complete 
|  93|0x00000000e5d00000, 0x00000000e5e00000, 0x00000000e5e00000|100%| S|CS|TAMS 0x00000000e5d00000| PB 0x00000000e5d00000| Complete 
|  94|0x00000000e5e00000, 0x00000000e5f00000, 0x00000000e5f00000|100%| S|CS|TAMS 0x00000000e5e00000| PB 0x00000000e5e00000| Complete 
|  95|0x00000000e5f00000, 0x00000000e6000000, 0x00000000e6000000|100%| S|CS|TAMS 0x00000000e5f00000| PB 0x00000000e5f00000| Complete 
|  96|0x00000000e6000000, 0x00000000e6100000, 0x00000000e6100000|100%| S|CS|TAMS 0x00000000e6000000| PB 0x00000000e6000000| Complete 
|  97|0x00000000e6100000, 0x00000000e6200000, 0x00000000e6200000|100%| S|CS|TAMS 0x00000000e6100000| PB 0x00000000e6100000| Complete 
|  98|0x00000000e6200000, 0x00000000e6300000, 0x00000000e6300000|100%| S|CS|TAMS 0x00000000e6200000| PB 0x00000000e6200000| Complete 
|  99|0x00000000e6300000, 0x00000000e6400000, 0x00000000e6400000|100%| S|CS|TAMS 0x00000000e6300000| PB 0x00000000e6300000| Complete 
| 100|0x00000000e6400000, 0x00000000e6500000, 0x00000000e6500000|100%| S|CS|TAMS 0x00000000e6400000| PB 0x00000000e6400000| Complete 
| 101|0x00000000e6500000, 0x00000000e6600000, 0x00000000e6600000|100%| S|CS|TAMS 0x00000000e6500000| PB 0x00000000e6500000| Complete 
| 102|0x00000000e6600000, 0x00000000e6700000, 0x00000000e6700000|100%| S|CS|TAMS 0x00000000e6600000| PB 0x00000000e6600000| Complete 
| 103|0x00000000e6700000, 0x00000000e6700000, 0x00000000e6800000|  0%| F|  |TAMS 0x00000000e6700000| PB 0x00000000e6700000| Untracked 
| 104|0x00000000e6800000, 0x00000000e6800000, 0x00000000e6900000|  0%| F|  |TAMS 0x00000000e6800000| PB 0x00000000e6800000| Untracked 
| 105|0x00000000e6900000, 0x00000000e6900000, 0x00000000e6a00000|  0%| F|  |TAMS 0x00000000e6900000| PB 0x00000000e6900000| Untracked 
| 106|0x00000000e6a00000, 0x00000000e6a00000, 0x00000000e6b00000|  0%| F|  |TAMS 0x00000000e6a00000| PB 0x00000000e6a00000| Untracked 
| 107|0x00000000e6b00000, 0x00000000e6b00000, 0x00000000e6c00000|  0%| F|  |TAMS 0x00000000e6b00000| PB 0x00000000e6b00000| Untracked 
| 108|0x00000000e6c00000, 0x00000000e6c00000, 0x00000000e6d00000|  0%| F|  |TAMS 0x00000000e6c00000| PB 0x00000000e6c00000| Untracked 
| 109|0x00000000e6d00000, 0x00000000e6d00000, 0x00000000e6e00000|  0%| F|  |TAMS 0x00000000e6d00000| PB 0x00000000e6d00000| Untracked 
| 110|0x00000000e6e00000, 0x00000000e6e00000, 0x00000000e6f00000|  0%| F|  |TAMS 0x00000000e6e00000| PB 0x00000000e6e00000| Untracked 
| 111|0x00000000e6f00000, 0x00000000e6f00000, 0x00000000e7000000|  0%| F|  |TAMS 0x00000000e6f00000| PB 0x00000000e6f00000| Untracked 
| 112|0x00000000e7000000, 0x00000000e7000000, 0x00000000e7100000|  0%| F|  |TAMS 0x00000000e7000000| PB 0x00000000e7000000| Untracked 
| 113|0x00000000e7100000, 0x00000000e7100000, 0x00000000e7200000|  0%| F|  |TAMS 0x00000000e7100000| PB 0x00000000e7100000| Untracked 
| 114|0x00000000e7200000, 0x00000000e7200000, 0x00000000e7300000|  0%| F|  |TAMS 0x00000000e7200000| PB 0x00000000e7200000| Untracked 
| 115|0x00000000e7300000, 0x00000000e7300000, 0x00000000e7400000|  0%| F|  |TAMS 0x00000000e7300000| PB 0x00000000e7300000| Untracked 
| 116|0x00000000e7400000, 0x00000000e7400000, 0x00000000e7500000|  0%| F|  |TAMS 0x00000000e7400000| PB 0x00000000e7400000| Untracked 
| 117|0x00000000e7500000, 0x00000000e7500000, 0x00000000e7600000|  0%| F|  |TAMS 0x00000000e7500000| PB 0x00000000e7500000| Untracked 
| 118|0x00000000e7600000, 0x00000000e7600000, 0x00000000e7700000|  0%| F|  |TAMS 0x00000000e7600000| PB 0x00000000e7600000| Untracked 
| 119|0x00000000e7700000, 0x00000000e7700000, 0x00000000e7800000|  0%| F|  |TAMS 0x00000000e7700000| PB 0x00000000e7700000| Untracked 
| 120|0x00000000e7800000, 0x00000000e7800000, 0x00000000e7900000|  0%| F|  |TAMS 0x00000000e7800000| PB 0x00000000e7800000| Untracked 
| 121|0x00000000e7900000, 0x00000000e7900000, 0x00000000e7a00000|  0%| F|  |TAMS 0x00000000e7900000| PB 0x00000000e7900000| Untracked 
| 122|0x00000000e7a00000, 0x00000000e7a00000, 0x00000000e7b00000|  0%| F|  |TAMS 0x00000000e7a00000| PB 0x00000000e7a00000| Untracked 
| 123|0x00000000e7b00000, 0x00000000e7b00000, 0x00000000e7c00000|  0%| F|  |TAMS 0x00000000e7b00000| PB 0x00000000e7b00000| Untracked 
| 124|0x00000000e7c00000, 0x00000000e7c00000, 0x00000000e7d00000|  0%| F|  |TAMS 0x00000000e7c00000| PB 0x00000000e7c00000| Untracked 
| 125|0x00000000e7d00000, 0x00000000e7d00000, 0x00000000e7e00000|  0%| F|  |TAMS 0x00000000e7d00000| PB 0x00000000e7d00000| Untracked 
| 126|0x00000000e7e00000, 0x00000000e7e00000, 0x00000000e7f00000|  0%| F|  |TAMS 0x00000000e7e00000| PB 0x00000000e7e00000| Untracked 
| 127|0x00000000e7f00000, 0x00000000e7f00000, 0x00000000e8000000|  0%| F|  |TAMS 0x00000000e7f00000| PB 0x00000000e7f00000| Untracked 
| 128|0x00000000e8000000, 0x00000000e8000000, 0x00000000e8100000|  0%| F|  |TAMS 0x00000000e8000000| PB 0x00000000e8000000| Untracked 
| 129|0x00000000e8100000, 0x00000000e8100000, 0x00000000e8200000|  0%| F|  |TAMS 0x00000000e8100000| PB 0x00000000e8100000| Untracked 
| 130|0x00000000e8200000, 0x00000000e8200000, 0x00000000e8300000|  0%| F|  |TAMS 0x00000000e8200000| PB 0x00000000e8200000| Untracked 
| 131|0x00000000e8300000, 0x00000000e8300000, 0x00000000e8400000|  0%| F|  |TAMS 0x00000000e8300000| PB 0x00000000e8300000| Untracked 
| 132|0x00000000e8400000, 0x00000000e8400000, 0x00000000e8500000|  0%| F|  |TAMS 0x00000000e8400000| PB 0x00000000e8400000| Untracked 
| 133|0x00000000e8500000, 0x00000000e8500000, 0x00000000e8600000|  0%| F|  |TAMS 0x00000000e8500000| PB 0x00000000e8500000| Untracked 
| 134|0x00000000e8600000, 0x00000000e8600000, 0x00000000e8700000|  0%| F|  |TAMS 0x00000000e8600000| PB 0x00000000e8600000| Untracked 
| 135|0x00000000e8700000, 0x00000000e8700000, 0x00000000e8800000|  0%| F|  |TAMS 0x00000000e8700000| PB 0x00000000e8700000| Untracked 
| 136|0x00000000e8800000, 0x00000000e8800000, 0x00000000e8900000|  0%| F|  |TAMS 0x00000000e8800000| PB 0x00000000e8800000| Untracked 
| 137|0x00000000e8900000, 0x00000000e8900000, 0x00000000e8a00000|  0%| F|  |TAMS 0x00000000e8900000| PB 0x00000000e8900000| Untracked 
| 138|0x00000000e8a00000, 0x00000000e8a00000, 0x00000000e8b00000|  0%| F|  |TAMS 0x00000000e8a00000| PB 0x00000000e8a00000| Untracked 
| 139|0x00000000e8b00000, 0x00000000e8b00000, 0x00000000e8c00000|  0%| F|  |TAMS 0x00000000e8b00000| PB 0x00000000e8b00000| Untracked 
| 140|0x00000000e8c00000, 0x00000000e8c00000, 0x00000000e8d00000|  0%| F|  |TAMS 0x00000000e8c00000| PB 0x00000000e8c00000| Untracked 
| 141|0x00000000e8d00000, 0x00000000e8d00000, 0x00000000e8e00000|  0%| F|  |TAMS 0x00000000e8d00000| PB 0x00000000e8d00000| Untracked 
| 142|0x00000000e8e00000, 0x00000000e8e00000, 0x00000000e8f00000|  0%| F|  |TAMS 0x00000000e8e00000| PB 0x00000000e8e00000| Untracked 
| 143|0x00000000e8f00000, 0x00000000e8f00000, 0x00000000e9000000|  0%| F|  |TAMS 0x00000000e8f00000| PB 0x00000000e8f00000| Untracked 
| 144|0x00000000e9000000, 0x00000000e9000000, 0x00000000e9100000|  0%| F|  |TAMS 0x00000000e9000000| PB 0x00000000e9000000| Untracked 
| 145|0x00000000e9100000, 0x00000000e9100000, 0x00000000e9200000|  0%| F|  |TAMS 0x00000000e9100000| PB 0x00000000e9100000| Untracked 
| 146|0x00000000e9200000, 0x00000000e9200000, 0x00000000e9300000|  0%| F|  |TAMS 0x00000000e9200000| PB 0x00000000e9200000| Untracked 
| 147|0x00000000e9300000, 0x00000000e9300000, 0x00000000e9400000|  0%| F|  |TAMS 0x00000000e9300000| PB 0x00000000e9300000| Untracked 
| 148|0x00000000e9400000, 0x00000000e9400000, 0x00000000e9500000|  0%| F|  |TAMS 0x00000000e9400000| PB 0x00000000e9400000| Untracked 
| 149|0x00000000e9500000, 0x00000000e9500000, 0x00000000e9600000|  0%| F|  |TAMS 0x00000000e9500000| PB 0x00000000e9500000| Untracked 
| 150|0x00000000e9600000, 0x00000000e9600000, 0x00000000e9700000|  0%| F|  |TAMS 0x00000000e9600000| PB 0x00000000e9600000| Untracked 
| 151|0x00000000e9700000, 0x00000000e9700000, 0x00000000e9800000|  0%| F|  |TAMS 0x00000000e9700000| PB 0x00000000e9700000| Untracked 
| 152|0x00000000e9800000, 0x00000000e9800000, 0x00000000e9900000|  0%| F|  |TAMS 0x00000000e9800000| PB 0x00000000e9800000| Untracked 
| 153|0x00000000e9900000, 0x00000000e9900000, 0x00000000e9a00000|  0%| F|  |TAMS 0x00000000e9900000| PB 0x00000000e9900000| Untracked 
| 154|0x00000000e9a00000, 0x00000000e9a00000, 0x00000000e9b00000|  0%| F|  |TAMS 0x00000000e9a00000| PB 0x00000000e9a00000| Untracked 
| 155|0x00000000e9b00000, 0x00000000e9b00000, 0x00000000e9c00000|  0%| F|  |TAMS 0x00000000e9b00000| PB 0x00000000e9b00000| Untracked 
| 156|0x00000000e9c00000, 0x00000000e9c00000, 0x00000000e9d00000|  0%| F|  |TAMS 0x00000000e9c00000| PB 0x00000000e9c00000| Untracked 
| 157|0x00000000e9d00000, 0x00000000e9d00000, 0x00000000e9e00000|  0%| F|  |TAMS 0x00000000e9d00000| PB 0x00000000e9d00000| Untracked 
| 158|0x00000000e9e00000, 0x00000000e9e00000, 0x00000000e9f00000|  0%| F|  |TAMS 0x00000000e9e00000| PB 0x00000000e9e00000| Untracked 
| 159|0x00000000e9f00000, 0x00000000e9f00000, 0x00000000ea000000|  0%| F|  |TAMS 0x00000000e9f00000| PB 0x00000000e9f00000| Untracked 
| 160|0x00000000ea000000, 0x00000000ea000000, 0x00000000ea100000|  0%| F|  |TAMS 0x00000000ea000000| PB 0x00000000ea000000| Untracked 
| 161|0x00000000ea100000, 0x00000000ea100000, 0x00000000ea200000|  0%| F|  |TAMS 0x00000000ea100000| PB 0x00000000ea100000| Untracked 
| 162|0x00000000ea200000, 0x00000000ea200000, 0x00000000ea300000|  0%| F|  |TAMS 0x00000000ea200000| PB 0x00000000ea200000| Untracked 
| 163|0x00000000ea300000, 0x00000000ea300000, 0x00000000ea400000|  0%| F|  |TAMS 0x00000000ea300000| PB 0x00000000ea300000| Untracked 
| 164|0x00000000ea400000, 0x00000000ea400000, 0x00000000ea500000|  0%| F|  |TAMS 0x00000000ea400000| PB 0x00000000ea400000| Untracked 
| 165|0x00000000ea500000, 0x00000000ea500000, 0x00000000ea600000|  0%| F|  |TAMS 0x00000000ea500000| PB 0x00000000ea500000| Untracked 
| 166|0x00000000ea600000, 0x00000000ea600000, 0x00000000ea700000|  0%| F|  |TAMS 0x00000000ea600000| PB 0x00000000ea600000| Untracked 
| 167|0x00000000ea700000, 0x00000000ea700000, 0x00000000ea800000|  0%| F|  |TAMS 0x00000000ea700000| PB 0x00000000ea700000| Untracked 
| 168|0x00000000ea800000, 0x00000000ea800000, 0x00000000ea900000|  0%| F|  |TAMS 0x00000000ea800000| PB 0x00000000ea800000| Untracked 
| 169|0x00000000ea900000, 0x00000000ea900000, 0x00000000eaa00000|  0%| F|  |TAMS 0x00000000ea900000| PB 0x00000000ea900000| Untracked 
| 170|0x00000000eaa00000, 0x00000000eaa00000, 0x00000000eab00000|  0%| F|  |TAMS 0x00000000eaa00000| PB 0x00000000eaa00000| Untracked 
| 171|0x00000000eab00000, 0x00000000eab00000, 0x00000000eac00000|  0%| F|  |TAMS 0x00000000eab00000| PB 0x00000000eab00000| Untracked 
| 172|0x00000000eac00000, 0x00000000eac00000, 0x00000000ead00000|  0%| F|  |TAMS 0x00000000eac00000| PB 0x00000000eac00000| Untracked 
| 173|0x00000000ead00000, 0x00000000ead00000, 0x00000000eae00000|  0%| F|  |TAMS 0x00000000ead00000| PB 0x00000000ead00000| Untracked 
| 174|0x00000000eae00000, 0x00000000eae00000, 0x00000000eaf00000|  0%| F|  |TAMS 0x00000000eae00000| PB 0x00000000eae00000| Untracked 
| 175|0x00000000eaf00000, 0x00000000eaf00000, 0x00000000eb000000|  0%| F|  |TAMS 0x00000000eaf00000| PB 0x00000000eaf00000| Untracked 
| 176|0x00000000eb000000, 0x00000000eb000000, 0x00000000eb100000|  0%| F|  |TAMS 0x00000000eb000000| PB 0x00000000eb000000| Untracked 
| 177|0x00000000eb100000, 0x00000000eb100000, 0x00000000eb200000|  0%| F|  |TAMS 0x00000000eb100000| PB 0x00000000eb100000| Untracked 
| 178|0x00000000eb200000, 0x00000000eb200000, 0x00000000eb300000|  0%| F|  |TAMS 0x00000000eb200000| PB 0x00000000eb200000| Untracked 
| 179|0x00000000eb300000, 0x00000000eb300000, 0x00000000eb400000|  0%| F|  |TAMS 0x00000000eb300000| PB 0x00000000eb300000| Untracked 
| 180|0x00000000eb400000, 0x00000000eb400000, 0x00000000eb500000|  0%| F|  |TAMS 0x00000000eb400000| PB 0x00000000eb400000| Untracked 
| 181|0x00000000eb500000, 0x00000000eb500000, 0x00000000eb600000|  0%| F|  |TAMS 0x00000000eb500000| PB 0x00000000eb500000| Untracked 
| 182|0x00000000eb600000, 0x00000000eb600000, 0x00000000eb700000|  0%| F|  |TAMS 0x00000000eb600000| PB 0x00000000eb600000| Untracked 
| 183|0x00000000eb700000, 0x00000000eb700000, 0x00000000eb800000|  0%| F|  |TAMS 0x00000000eb700000| PB 0x00000000eb700000| Untracked 
| 184|0x00000000eb800000, 0x00000000eb800000, 0x00000000eb900000|  0%| F|  |TAMS 0x00000000eb800000| PB 0x00000000eb800000| Untracked 
| 185|0x00000000eb900000, 0x00000000eb900000, 0x00000000eba00000|  0%| F|  |TAMS 0x00000000eb900000| PB 0x00000000eb900000| Untracked 
| 186|0x00000000eba00000, 0x00000000eba00000, 0x00000000ebb00000|  0%| F|  |TAMS 0x00000000eba00000| PB 0x00000000eba00000| Untracked 
| 187|0x00000000ebb00000, 0x00000000ebb00000, 0x00000000ebc00000|  0%| F|  |TAMS 0x00000000ebb00000| PB 0x00000000ebb00000| Untracked 
| 188|0x00000000ebc00000, 0x00000000ebc00000, 0x00000000ebd00000|  0%| F|  |TAMS 0x00000000ebc00000| PB 0x00000000ebc00000| Untracked 
| 189|0x00000000ebd00000, 0x00000000ebd00000, 0x00000000ebe00000|  0%| F|  |TAMS 0x00000000ebd00000| PB 0x00000000ebd00000| Untracked 
| 190|0x00000000ebe00000, 0x00000000ebe00000, 0x00000000ebf00000|  0%| F|  |TAMS 0x00000000ebe00000| PB 0x00000000ebe00000| Untracked 
| 191|0x00000000ebf00000, 0x00000000ebf00000, 0x00000000ec000000|  0%| F|  |TAMS 0x00000000ebf00000| PB 0x00000000ebf00000| Untracked 
| 192|0x00000000ec000000, 0x00000000ec000000, 0x00000000ec100000|  0%| F|  |TAMS 0x00000000ec000000| PB 0x00000000ec000000| Untracked 
| 193|0x00000000ec100000, 0x00000000ec100000, 0x00000000ec200000|  0%| F|  |TAMS 0x00000000ec100000| PB 0x00000000ec100000| Untracked 
| 194|0x00000000ec200000, 0x00000000ec200000, 0x00000000ec300000|  0%| F|  |TAMS 0x00000000ec200000| PB 0x00000000ec200000| Untracked 
| 195|0x00000000ec300000, 0x00000000ec300000, 0x00000000ec400000|  0%| F|  |TAMS 0x00000000ec300000| PB 0x00000000ec300000| Untracked 
| 196|0x00000000ec400000, 0x00000000ec400000, 0x00000000ec500000|  0%| F|  |TAMS 0x00000000ec400000| PB 0x00000000ec400000| Untracked 
| 197|0x00000000ec500000, 0x00000000ec500000, 0x00000000ec600000|  0%| F|  |TAMS 0x00000000ec500000| PB 0x00000000ec500000| Untracked 
| 198|0x00000000ec600000, 0x00000000ec600000, 0x00000000ec700000|  0%| F|  |TAMS 0x00000000ec600000| PB 0x00000000ec600000| Untracked 
| 199|0x00000000ec700000, 0x00000000ec700000, 0x00000000ec800000|  0%| F|  |TAMS 0x00000000ec700000| PB 0x00000000ec700000| Untracked 
| 200|0x00000000ec800000, 0x00000000ec800000, 0x00000000ec900000|  0%| F|  |TAMS 0x00000000ec800000| PB 0x00000000ec800000| Untracked 
| 201|0x00000000ec900000, 0x00000000ec900000, 0x00000000eca00000|  0%| F|  |TAMS 0x00000000ec900000| PB 0x00000000ec900000| Untracked 
| 202|0x00000000eca00000, 0x00000000eca00000, 0x00000000ecb00000|  0%| F|  |TAMS 0x00000000eca00000| PB 0x00000000eca00000| Untracked 
| 203|0x00000000ecb00000, 0x00000000ecb00000, 0x00000000ecc00000|  0%| F|  |TAMS 0x00000000ecb00000| PB 0x00000000ecb00000| Untracked 
| 204|0x00000000ecc00000, 0x00000000ecc00000, 0x00000000ecd00000|  0%| F|  |TAMS 0x00000000ecc00000| PB 0x00000000ecc00000| Untracked 
| 205|0x00000000ecd00000, 0x00000000ecd00000, 0x00000000ece00000|  0%| F|  |TAMS 0x00000000ecd00000| PB 0x00000000ecd00000| Untracked 
| 206|0x00000000ece00000, 0x00000000ece00000, 0x00000000ecf00000|  0%| F|  |TAMS 0x00000000ece00000| PB 0x00000000ece00000| Untracked 
| 207|0x00000000ecf00000, 0x00000000ecf00000, 0x00000000ed000000|  0%| F|  |TAMS 0x00000000ecf00000| PB 0x00000000ecf00000| Untracked 
| 208|0x00000000ed000000, 0x00000000ed000000, 0x00000000ed100000|  0%| F|  |TAMS 0x00000000ed000000| PB 0x00000000ed000000| Untracked 
| 209|0x00000000ed100000, 0x00000000ed100000, 0x00000000ed200000|  0%| F|  |TAMS 0x00000000ed100000| PB 0x00000000ed100000| Untracked 
| 210|0x00000000ed200000, 0x00000000ed200000, 0x00000000ed300000|  0%| F|  |TAMS 0x00000000ed200000| PB 0x00000000ed200000| Untracked 
| 211|0x00000000ed300000, 0x00000000ed300000, 0x00000000ed400000|  0%| F|  |TAMS 0x00000000ed300000| PB 0x00000000ed300000| Untracked 
| 212|0x00000000ed400000, 0x00000000ed400000, 0x00000000ed500000|  0%| F|  |TAMS 0x00000000ed400000| PB 0x00000000ed400000| Untracked 
| 213|0x00000000ed500000, 0x00000000ed500000, 0x00000000ed600000|  0%| F|  |TAMS 0x00000000ed500000| PB 0x00000000ed500000| Untracked 
| 214|0x00000000ed600000, 0x00000000ed600000, 0x00000000ed700000|  0%| F|  |TAMS 0x00000000ed600000| PB 0x00000000ed600000| Untracked 
| 215|0x00000000ed700000, 0x00000000ed700000, 0x00000000ed800000|  0%| F|  |TAMS 0x00000000ed700000| PB 0x00000000ed700000| Untracked 
| 216|0x00000000ed800000, 0x00000000ed800000, 0x00000000ed900000|  0%| F|  |TAMS 0x00000000ed800000| PB 0x00000000ed800000| Untracked 
| 217|0x00000000ed900000, 0x00000000ed900000, 0x00000000eda00000|  0%| F|  |TAMS 0x00000000ed900000| PB 0x00000000ed900000| Untracked 
| 218|0x00000000eda00000, 0x00000000eda00000, 0x00000000edb00000|  0%| F|  |TAMS 0x00000000eda00000| PB 0x00000000eda00000| Untracked 
| 219|0x00000000edb00000, 0x00000000edb00000, 0x00000000edc00000|  0%| F|  |TAMS 0x00000000edb00000| PB 0x00000000edb00000| Untracked 
| 220|0x00000000edc00000, 0x00000000edc00000, 0x00000000edd00000|  0%| F|  |TAMS 0x00000000edc00000| PB 0x00000000edc00000| Untracked 
| 221|0x00000000edd00000, 0x00000000edd00000, 0x00000000ede00000|  0%| F|  |TAMS 0x00000000edd00000| PB 0x00000000edd00000| Untracked 
| 222|0x00000000ede00000, 0x00000000ede00000, 0x00000000edf00000|  0%| F|  |TAMS 0x00000000ede00000| PB 0x00000000ede00000| Untracked 
| 223|0x00000000edf00000, 0x00000000edf00000, 0x00000000ee000000|  0%| F|  |TAMS 0x00000000edf00000| PB 0x00000000edf00000| Untracked 
| 224|0x00000000ee000000, 0x00000000ee000000, 0x00000000ee100000|  0%| F|  |TAMS 0x00000000ee000000| PB 0x00000000ee000000| Untracked 
| 225|0x00000000ee100000, 0x00000000ee100000, 0x00000000ee200000|  0%| F|  |TAMS 0x00000000ee100000| PB 0x00000000ee100000| Untracked 
| 226|0x00000000ee200000, 0x00000000ee200000, 0x00000000ee300000|  0%| F|  |TAMS 0x00000000ee200000| PB 0x00000000ee200000| Untracked 
| 227|0x00000000ee300000, 0x00000000ee300000, 0x00000000ee400000|  0%| F|  |TAMS 0x00000000ee300000| PB 0x00000000ee300000| Untracked 
| 228|0x00000000ee400000, 0x00000000ee400000, 0x00000000ee500000|  0%| F|  |TAMS 0x00000000ee400000| PB 0x00000000ee400000| Untracked 
| 229|0x00000000ee500000, 0x00000000ee500000, 0x00000000ee600000|  0%| F|  |TAMS 0x00000000ee500000| PB 0x00000000ee500000| Untracked 
| 230|0x00000000ee600000, 0x00000000ee600000, 0x00000000ee700000|  0%| F|  |TAMS 0x00000000ee600000| PB 0x00000000ee600000| Untracked 
| 231|0x00000000ee700000, 0x00000000ee800000, 0x00000000ee800000|100%| E|  |TAMS 0x00000000ee700000| PB 0x00000000ee700000| Complete 
| 232|0x00000000ee800000, 0x00000000ee900000, 0x00000000ee900000|100%| E|CS|TAMS 0x00000000ee800000| PB 0x00000000ee800000| Complete 
| 233|0x00000000ee900000, 0x00000000eea00000, 0x00000000eea00000|100%| E|CS|TAMS 0x00000000ee900000| PB 0x00000000ee900000| Complete 
| 234|0x00000000eea00000, 0x00000000eeb00000, 0x00000000eeb00000|100%| E|CS|TAMS 0x00000000eea00000| PB 0x00000000eea00000| Complete 
| 235|0x00000000eeb00000, 0x00000000eec00000, 0x00000000eec00000|100%| E|CS|TAMS 0x00000000eeb00000| PB 0x00000000eeb00000| Complete 
| 236|0x00000000eec00000, 0x00000000eed00000, 0x00000000eed00000|100%| E|CS|TAMS 0x00000000eec00000| PB 0x00000000eec00000| Complete 
| 237|0x00000000eed00000, 0x00000000eee00000, 0x00000000eee00000|100%| E|CS|TAMS 0x00000000eed00000| PB 0x00000000eed00000| Complete 
| 238|0x00000000eee00000, 0x00000000eef00000, 0x00000000eef00000|100%| E|CS|TAMS 0x00000000eee00000| PB 0x00000000eee00000| Complete 
| 239|0x00000000eef00000, 0x00000000ef000000, 0x00000000ef000000|100%| E|CS|TAMS 0x00000000eef00000| PB 0x00000000eef00000| Complete 
| 240|0x00000000ef000000, 0x00000000ef100000, 0x00000000ef100000|100%| E|CS|TAMS 0x00000000ef000000| PB 0x00000000ef000000| Complete 
| 241|0x00000000ef100000, 0x00000000ef200000, 0x00000000ef200000|100%| E|CS|TAMS 0x00000000ef100000| PB 0x00000000ef100000| Complete 
| 242|0x00000000ef200000, 0x00000000ef300000, 0x00000000ef300000|100%| E|CS|TAMS 0x00000000ef200000| PB 0x00000000ef200000| Complete 
| 243|0x00000000ef300000, 0x00000000ef400000, 0x00000000ef400000|100%| E|CS|TAMS 0x00000000ef300000| PB 0x00000000ef300000| Complete 
| 244|0x00000000ef400000, 0x00000000ef500000, 0x00000000ef500000|100%| E|CS|TAMS 0x00000000ef400000| PB 0x00000000ef400000| Complete 
| 245|0x00000000ef500000, 0x00000000ef600000, 0x00000000ef600000|100%| E|CS|TAMS 0x00000000ef500000| PB 0x00000000ef500000| Complete 
| 246|0x00000000ef600000, 0x00000000ef700000, 0x00000000ef700000|100%| E|CS|TAMS 0x00000000ef600000| PB 0x00000000ef600000| Complete 
| 247|0x00000000ef700000, 0x00000000ef800000, 0x00000000ef800000|100%| E|CS|TAMS 0x00000000ef700000| PB 0x00000000ef700000| Complete 
| 248|0x00000000ef800000, 0x00000000ef900000, 0x00000000ef900000|100%| E|  |TAMS 0x00000000ef800000| PB 0x00000000ef800000| Complete 
| 249|0x00000000ef900000, 0x00000000efa00000, 0x00000000efa00000|100%| E|CS|TAMS 0x00000000ef900000| PB 0x00000000ef900000| Complete 
| 250|0x00000000efa00000, 0x00000000efb00000, 0x00000000efb00000|100%| E|CS|TAMS 0x00000000efa00000| PB 0x00000000efa00000| Complete 
| 251|0x00000000efb00000, 0x00000000efc00000, 0x00000000efc00000|100%| E|CS|TAMS 0x00000000efb00000| PB 0x00000000efb00000| Complete 
| 252|0x00000000efc00000, 0x00000000efd00000, 0x00000000efd00000|100%| E|CS|TAMS 0x00000000efc00000| PB 0x00000000efc00000| Complete 
| 253|0x00000000efd00000, 0x00000000efe00000, 0x00000000efe00000|100%| E|CS|TAMS 0x00000000efd00000| PB 0x00000000efd00000| Complete 
| 254|0x00000000efe00000, 0x00000000eff00000, 0x00000000eff00000|100%| E|CS|TAMS 0x00000000efe00000| PB 0x00000000efe00000| Complete 
| 255|0x00000000eff00000, 0x00000000f0000000, 0x00000000f0000000|100%| E|CS|TAMS 0x00000000eff00000| PB 0x00000000eff00000| Complete 

Card table byte_map: [0x0000018c38d50000,0x0000018c38e50000] _byte_map_base: 0x0000018c38650000

Marking Bits: (CMBitMap*) 0x0000018c26b7b4e0
 Bits: [0x0000018c38e50000, 0x0000018c39650000)

Polling page: 0x0000018c249c0000

Metaspace:

Usage:
  Non-class:     40.21 MB used.
      Class:      7.10 MB used.
       Both:     47.31 MB used.

Virtual space:
  Non-class space:       64.00 MB reserved,      41.12 MB ( 64%) committed,  1 nodes.
      Class space:      320.00 MB reserved,       8.06 MB (  3%) committed,  1 nodes.
             Both:      384.00 MB reserved,      49.19 MB ( 13%) committed. 

Chunk freelists:
   Non-Class:  6.69 MB
       Class:  7.98 MB
        Both:  14.67 MB

MaxMetaspaceSize: 384.00 MB
CompressedClassSpaceSize: 320.00 MB
Initial GC threshold: 21.00 MB
Current GC threshold: 59.19 MB
CDS: on
 - commit_granule_bytes: 65536.
 - commit_granule_words: 8192.
 - virtual_space_node_default_size: 8388608.
 - enlarge_chunks_in_place: 1.
 - use_allocation_guard: 0.


Internal statistics:

num_allocs_failed_limit: 9.
num_arena_births: 3440.
num_arena_deaths: 6.
num_vsnodes_births: 2.
num_vsnodes_deaths: 0.
num_space_committed: 787.
num_space_uncommitted: 0.
num_chunks_returned_to_freelist: 15.
num_chunks_taken_from_freelist: 5933.
num_chunk_merges: 6.
num_chunk_splits: 3793.
num_chunks_enlarged: 2220.
num_inconsistent_stats: 0.

CodeHeap 'non-profiled nmethods': size=120000Kb used=3619Kb max_used=3619Kb free=116380Kb
 bounds [0x0000018c31820000, 0x0000018c31bb0000, 0x0000018c38d50000]
CodeHeap 'profiled nmethods': size=120000Kb used=12494Kb max_used=12494Kb free=107505Kb
 bounds [0x0000018c29d50000, 0x0000018c2a990000, 0x0000018c31280000]
CodeHeap 'non-nmethods': size=5760Kb used=1885Kb max_used=1915Kb free=3874Kb
 bounds [0x0000018c31280000, 0x0000018c314f0000, 0x0000018c31820000]
CodeCache: size=245760Kb, used=17998Kb, max_used=18028Kb, free=227759Kb
 total_blobs=7264, nmethods=6510, adapters=658, full_count=0
Compilation: enabled, stopped_count=0, restarted_count=0

Compilation events (20 events):
Event: 1196.833 Thread 0x0000018c3bc84ea0 nmethod 7010 0x0000018c2a973d10 code [0x0000018c2a974240, 0x0000018c2a976ec0]
Event: 1196.906 Thread 0x0000018c3bc84ea0 7011       3       org.gradle.model.internal.asm.MethodVisitorScope::_AUTOBOX (35 bytes)
Event: 1196.907 Thread 0x0000018c3bc84ea0 nmethod 7011 0x0000018c2a977d90 code [0x0000018c2a977fa0, 0x0000018c2a978680]
Event: 1196.907 Thread 0x0000018c3bc84ea0 7012       3       org.gradle.model.internal.asm.MethodVisitorScope::_UNBOX (178 bytes)
Event: 1196.910 Thread 0x0000018c3bc84ea0 nmethod 7012 0x0000018c2a978910 code [0x0000018c2a978da0, 0x0000018c2a97ae70]
Event: 1196.910 Thread 0x0000018c3bc84ea0 7013       3       org.gradle.internal.instantiation.generator.AsmBackedClassGenerator$ClassBuilderImpl$$Lambda/0x0000018c3d1f39f8::<init> (50 bytes)
Event: 1196.910 Thread 0x0000018c3bc84ea0 nmethod 7013 0x0000018c2a97b810 code [0x0000018c2a97b9c0, 0x0000018c2a97bd70]
Event: 1197.047 Thread 0x0000018c3bc7d850 7014       4       org.objectweb.asm.SymbolTable::addConstantMethodref (24 bytes)
Event: 1197.048 Thread 0x0000018c3bc7d850 nmethod 7014 0x0000018c31ba8390 code [0x0000018c31ba8520, 0x0000018c31ba85f0]
Event: 1197.749 Thread 0x0000018c3bc7d850 7015       4       java.lang.invoke.InvokerBytecodeGenerator::emitPushArguments (45 bytes)
Event: 1197.756 Thread 0x0000018c3bc7d850 nmethod 7015 0x0000018c31ba8690 code [0x0000018c31ba8860, 0x0000018c31ba8c20]
Event: 1198.086 Thread 0x0000018c3bc84ea0 7016       3       org.gradle.internal.instantiation.generator.AsmBackedClassGenerator::getDetails (52 bytes)
Event: 1198.087 Thread 0x0000018c3bc84ea0 nmethod 7016 0x0000018c2a97be90 code [0x0000018c2a97c1a0, 0x0000018c2a97d470]
Event: 1198.087 Thread 0x0000018c3bc84ea0 7017       3       org.gradle.internal.instantiation.generator.DependencyInjectingInstantiator::verifyParameters (175 bytes)
Event: 1198.089 Thread 0x0000018c3bc84ea0 nmethod 7017 0x0000018c2a97da90 code [0x0000018c2a97dde0, 0x0000018c2a97f028]
Event: 1198.089 Thread 0x0000018c3bc84ea0 7018       3       java.lang.invoke.LambdaForm$MH/0x0000018c3d03bc00::invoke (56 bytes)
Event: 1198.090 Thread 0x0000018c3bc84ea0 nmethod 7018 0x0000018c2a97f690 code [0x0000018c2a97f8a0, 0x0000018c2a9801f8]
Event: 1198.181 Thread 0x0000018c3bc7d850 7019   !   4       com.google.common.reflect.TypeVisitor::visit (225 bytes)
Event: 1198.310 Thread 0x0000018c3bc84ea0 7021       3       org.gradle.internal.instantiation.generator.AsmBackedClassGenerator$ClassBuilderImpl::addLazyGetter (18 bytes)
Event: 1198.311 Thread 0x0000018c3bc84ea0 nmethod 7021 0x0000018c2a980410 code [0x0000018c2a9805c0, 0x0000018c2a980728]

GC Heap History (16 events):
Event: 22.092 GC heap before
{Heap before GC invocations=0 (full 0):
 garbage-first heap   total 262144K, used 12288K [0x00000000e0000000, 0x0000000100000000)
  region size 1024K, 13 young (13312K), 0 survivors (0K)
 Metaspace       used 1206K, committed 1408K, reserved 393216K
  class space    used 108K, committed 192K, reserved 327680K
}
Event: 28.008 GC heap after
{Heap after GC invocations=1 (full 0):
 garbage-first heap   total 262144K, used 2826K [0x00000000e0000000, 0x0000000100000000)
  region size 1024K, 2 young (2048K), 2 survivors (2048K)
 Metaspace       used 1206K, committed 1408K, reserved 393216K
  class space    used 108K, committed 192K, reserved 327680K
}
Event: 110.804 GC heap before
{Heap before GC invocations=1 (full 0):
 garbage-first heap   total 262144K, used 26378K [0x00000000e0000000, 0x0000000100000000)
  region size 1024K, 22 young (22528K), 2 survivors (2048K)
 Metaspace       used 4529K, committed 4736K, reserved 393216K
  class space    used 590K, committed 704K, reserved 327680K
}
Event: 110.820 GC heap after
{Heap after GC invocations=2 (full 0):
 garbage-first heap   total 262144K, used 11582K [0x00000000e0000000, 0x0000000100000000)
  region size 1024K, 3 young (3072K), 3 survivors (3072K)
 Metaspace       used 4529K, committed 4736K, reserved 393216K
  class space    used 590K, committed 704K, reserved 327680K
}
Event: 184.276 GC heap before
{Heap before GC invocations=2 (full 0):
 garbage-first heap   total 262144K, used 35134K [0x00000000e0000000, 0x0000000100000000)
  region size 1024K, 25 young (25600K), 3 survivors (3072K)
 Metaspace       used 4695K, committed 4864K, reserved 393216K
  class space    used 591K, committed 704K, reserved 327680K
}
Event: 184.300 GC heap after
{Heap after GC invocations=3 (full 0):
 garbage-first heap   total 262144K, used 16674K [0x00000000e0000000, 0x0000000100000000)
  region size 1024K, 4 young (4096K), 4 survivors (4096K)
 Metaspace       used 4695K, committed 4864K, reserved 393216K
  class space    used 591K, committed 704K, reserved 327680K
}
Event: 415.073 GC heap before
{Heap before GC invocations=3 (full 0):
 garbage-first heap   total 262144K, used 127266K [0x00000000e0000000, 0x0000000100000000)
  region size 1024K, 113 young (115712K), 4 survivors (4096K)
 Metaspace       used 20837K, committed 21504K, reserved 393216K
  class space    used 2958K, committed 3264K, reserved 327680K
}
Event: 415.105 GC heap after
{Heap after GC invocations=4 (full 0):
 garbage-first heap   total 262144K, used 24089K [0x00000000e0000000, 0x0000000100000000)
  region size 1024K, 11 young (11264K), 11 survivors (11264K)
 Metaspace       used 20837K, committed 21504K, reserved 393216K
  class space    used 2958K, committed 3264K, reserved 327680K
}
Event: 558.331 GC heap before
{Heap before GC invocations=5 (full 0):
 garbage-first heap   total 262144K, used 114201K [0x00000000e0000000, 0x0000000100000000)
  region size 1024K, 99 young (101376K), 11 survivors (11264K)
 Metaspace       used 31275K, committed 32576K, reserved 393216K
  class space    used 4686K, committed 5312K, reserved 327680K
}
Event: 558.384 GC heap after
{Heap after GC invocations=6 (full 0):
 garbage-first heap   total 262144K, used 29060K [0x00000000e0000000, 0x0000000100000000)
  region size 1024K, 5 young (5120K), 5 survivors (5120K)
 Metaspace       used 31275K, committed 32576K, reserved 393216K
  class space    used 4686K, committed 5312K, reserved 327680K
}
Event: 625.747 GC heap before
{Heap before GC invocations=6 (full 0):
 garbage-first heap   total 262144K, used 53636K [0x00000000e0000000, 0x0000000100000000)
  region size 1024K, 31 young (31744K), 5 survivors (5120K)
 Metaspace       used 34612K, committed 35968K, reserved 393216K
  class space    used 5100K, committed 5760K, reserved 327680K
}
Event: 625.767 GC heap after
{Heap after GC invocations=7 (full 0):
 garbage-first heap   total 262144K, used 31403K [0x00000000e0000000, 0x0000000100000000)
  region size 1024K, 7 young (7168K), 7 survivors (7168K)
 Metaspace       used 34612K, committed 35968K, reserved 393216K
  class space    used 5100K, committed 5760K, reserved 327680K
}
Event: 627.987 GC heap before
{Heap before GC invocations=7 (full 0):
 garbage-first heap   total 262144K, used 32427K [0x00000000e0000000, 0x0000000100000000)
  region size 1024K, 9 young (9216K), 7 survivors (7168K)
 Metaspace       used 34942K, committed 36288K, reserved 393216K
  class space    used 5118K, committed 5824K, reserved 327680K
}
Event: 628.004 GC heap after
{Heap after GC invocations=8 (full 0):
 garbage-first heap   total 262144K, used 31713K [0x00000000e0000000, 0x0000000100000000)
  region size 1024K, 7 young (7168K), 7 survivors (7168K)
 Metaspace       used 34942K, committed 36288K, reserved 393216K
  class space    used 5118K, committed 5824K, reserved 327680K
}
Event: 1127.116 GC heap before
{Heap before GC invocations=9 (full 0):
 garbage-first heap   total 262144K, used 181217K [0x00000000e0000000, 0x0000000100000000)
  region size 1024K, 153 young (156672K), 7 survivors (7168K)
 Metaspace       used 47301K, committed 49152K, reserved 393216K
  class space    used 7115K, committed 8000K, reserved 327680K
}
Event: 1127.215 GC heap after
{Heap after GC invocations=10 (full 0):
 garbage-first heap   total 262144K, used 39850K [0x00000000e0000000, 0x0000000100000000)
  region size 1024K, 15 young (15360K), 15 survivors (15360K)
 Metaspace       used 47301K, committed 49152K, reserved 393216K
  class space    used 7115K, committed 8000K, reserved 327680K
}

Dll operation events (20 events):
Event: 3.647 Attempting to load shared library C:\Users\user\.vscode\extensions\redhat.java-1.56.0-win32-x64\jre\21.0.12.1-win32-x86_64\bin\nio.dll
Event: 3.648 Loaded shared library C:\Users\user\.vscode\extensions\redhat.java-1.56.0-win32-x64\jre\21.0.12.1-win32-x86_64\bin\nio.dll
Event: 3.657 Attempting to load shared library C:\Users\user\.vscode\extensions\redhat.java-1.56.0-win32-x64\jre\21.0.12.1-win32-x86_64\bin\zip.dll
Event: 3.657 Loaded shared library C:\Users\user\.vscode\extensions\redhat.java-1.56.0-win32-x64\jre\21.0.12.1-win32-x86_64\bin\zip.dll
Event: 11.420 Attempting to load shared library C:\Users\user\.vscode\extensions\redhat.java-1.56.0-win32-x64\jre\21.0.12.1-win32-x86_64\bin\jimage.dll
Event: 11.420 Loaded shared library C:\Users\user\.vscode\extensions\redhat.java-1.56.0-win32-x64\jre\21.0.12.1-win32-x86_64\bin\jimage.dll
Event: 45.469 Attempting to load shared library C:\Users\user\.vscode\extensions\redhat.java-1.56.0-win32-x64\jre\21.0.12.1-win32-x86_64\bin\verify.dll
Event: 45.469 Loaded shared library C:\Users\user\.vscode\extensions\redhat.java-1.56.0-win32-x64\jre\21.0.12.1-win32-x86_64\bin\verify.dll
Event: 50.897 Attempting to load shared library C:\Users\user\.gradle\native\660c5614fbf4a5f2a75b1949f50a0caf5cd603558e7d8a26e50b933a0cfb79d1\windows-amd64\native-platform.dll
Event: 50.900 Loaded shared library C:\Users\user\.gradle\native\660c5614fbf4a5f2a75b1949f50a0caf5cd603558e7d8a26e50b933a0cfb79d1\windows-amd64\native-platform.dll
Event: 52.001 Attempting to load shared library C:\Users\user\.gradle\native\0.2.8\x86_64-windows-gnu\gradle-fileevents.dll
Event: 52.003 Loaded shared library C:\Users\user\.gradle\native\0.2.8\x86_64-windows-gnu\gradle-fileevents.dll
Event: 240.141 Attempting to load shared library C:\Users\user\.vscode\extensions\redhat.java-1.56.0-win32-x64\jre\21.0.12.1-win32-x86_64\bin\management.dll
Event: 240.611 Loaded shared library C:\Users\user\.vscode\extensions\redhat.java-1.56.0-win32-x64\jre\21.0.12.1-win32-x86_64\bin\management.dll
Event: 240.635 Attempting to load shared library C:\Users\user\.vscode\extensions\redhat.java-1.56.0-win32-x64\jre\21.0.12.1-win32-x86_64\bin\management_ext.dll
Event: 240.637 Loaded shared library C:\Users\user\.vscode\extensions\redhat.java-1.56.0-win32-x64\jre\21.0.12.1-win32-x86_64\bin\management_ext.dll
Event: 272.846 Attempting to load shared library C:\Users\user\.vscode\extensions\redhat.java-1.56.0-win32-x64\jre\21.0.12.1-win32-x86_64\bin\extnet.dll
Event: 272.847 Loaded shared library C:\Users\user\.vscode\extensions\redhat.java-1.56.0-win32-x64\jre\21.0.12.1-win32-x86_64\bin\extnet.dll
Event: 321.610 Attempting to load shared library C:\Users\user\.vscode\extensions\redhat.java-1.56.0-win32-x64\jre\21.0.12.1-win32-x86_64\bin\sunmscapi.dll
Event: 321.620 Loaded shared library C:\Users\user\.vscode\extensions\redhat.java-1.56.0-win32-x64\jre\21.0.12.1-win32-x86_64\bin\sunmscapi.dll

Deoptimization events (20 events):
Event: 1134.433 Thread 0x0000018c57f80460 DEOPT PACKING pc=0x0000018c31b77a74 sp=0x00000051ccefc730
Event: 1134.433 Thread 0x0000018c57f80460 DEOPT UNPACKING pc=0x0000018c312d4422 sp=0x00000051ccefc718 mode 2
Event: 1134.735 Thread 0x0000018c57f7f740 Uncommon trap: trap_request=0xffffffd6 fr.pc=0x0000018c31b77a74 relative=0x0000000000000514
Event: 1134.735 Thread 0x0000018c57f7f740 Uncommon trap: reason=array_check action=maybe_recompile pc=0x0000018c31b77a74 method=com.google.common.collect.ImmutableMap$Builder.put(Ljava/lang/Object;Ljava/lang/Object;)Lcom/google/common/collect/ImmutableMap$Builder; @ 32 c2
Event: 1134.735 Thread 0x0000018c57f80460 Uncommon trap: trap_request=0xffffffd6 fr.pc=0x0000018c31b77a74 relative=0x0000000000000514
Event: 1134.735 Thread 0x0000018c57f7f740 DEOPT PACKING pc=0x0000018c31b77a74 sp=0x00000051cd0fc700
Event: 1134.735 Thread 0x0000018c57f80460 Uncommon trap: reason=array_check action=maybe_recompile pc=0x0000018c31b77a74 method=com.google.common.collect.ImmutableMap$Builder.put(Ljava/lang/Object;Ljava/lang/Object;)Lcom/google/common/collect/ImmutableMap$Builder; @ 32 c2
Event: 1134.735 Thread 0x0000018c57f80460 DEOPT PACKING pc=0x0000018c31b77a74 sp=0x00000051ccefc7a0
Event: 1134.735 Thread 0x0000018c57f7f740 DEOPT UNPACKING pc=0x0000018c312d4422 sp=0x00000051cd0fc6e8 mode 2
Event: 1134.735 Thread 0x0000018c57f80460 DEOPT UNPACKING pc=0x0000018c312d4422 sp=0x00000051ccefc770 mode 2
Event: 1134.989 Thread 0x0000018c57f7f740 DEOPT PACKING pc=0x0000018c29fe63d2 sp=0x00000051cd0fc640
Event: 1134.989 Thread 0x0000018c57f7f740 DEOPT UNPACKING pc=0x0000018c312d4bc2 sp=0x00000051cd0fbb08 mode 0
Event: 1139.105 Thread 0x0000018c57f82530 DEOPT PACKING pc=0x0000018c2a296646 sp=0x00000051ccdfc5c0
Event: 1139.105 Thread 0x0000018c57f82530 DEOPT UNPACKING pc=0x0000018c312d4bc2 sp=0x00000051ccdfbb40 mode 0
Event: 1139.828 Thread 0x0000018c57f7f740 DEOPT PACKING pc=0x0000018c2a63adc9 sp=0x00000051cd0fd530
Event: 1139.828 Thread 0x0000018c57f7f740 DEOPT UNPACKING pc=0x0000018c312d4bc2 sp=0x00000051cd0fc9a0 mode 0
Event: 1162.356 Thread 0x0000018c5505dae0 DEOPT PACKING pc=0x0000018c2a703e79 sp=0x00000051cc1fe910
Event: 1162.356 Thread 0x0000018c5505dae0 DEOPT UNPACKING pc=0x0000018c312d4bc2 sp=0x00000051cc1fddb0 mode 0
Event: 1171.781 Thread 0x0000018c5505dae0 DEOPT PACKING pc=0x0000018c2a76effe sp=0x00000051cc1fe3c0
Event: 1171.782 Thread 0x0000018c5505dae0 DEOPT UNPACKING pc=0x0000018c312d4bc2 sp=0x00000051cc1fd930 mode 0

Classes loaded (20 events):
Event: 1109.400 Loading class jdk/internal/reflect/MethodAccessorGenerator$1
Event: 1109.400 Loading class jdk/internal/reflect/MethodAccessorGenerator$1 done
Event: 1109.400 Loading class jdk/internal/reflect/ClassDefiner
Event: 1109.902 Loading class jdk/internal/reflect/ClassDefiner done
Event: 1109.903 Loading class jdk/internal/reflect/ClassDefiner$1
Event: 1109.903 Loading class jdk/internal/reflect/ClassDefiner$1 done
Event: 1110.183 Loading class jdk/internal/reflect/SerializationConstructorAccessorImpl
Event: 1110.183 Loading class jdk/internal/reflect/SerializationConstructorAccessorImpl done
Event: 1122.136 Loading class sun/nio/ch/ChannelInputStream
Event: 1122.450 Loading class sun/nio/ch/ChannelInputStream done
Event: 1160.717 Loading class java/lang/foreign/MemorySegment
Event: 1160.814 Loading class java/lang/foreign/MemorySegment done
Event: 1175.253 Loading class java/util/stream/SortedOps
Event: 1175.439 Loading class java/util/stream/SortedOps done
Event: 1175.439 Loading class java/util/stream/SortedOps$OfRef
Event: 1175.440 Loading class java/util/stream/SortedOps$OfRef done
Event: 1175.688 Loading class java/util/stream/SortedOps$SizedRefSortingSink
Event: 1175.689 Loading class java/util/stream/SortedOps$AbstractRefSortingSink
Event: 1175.689 Loading class java/util/stream/SortedOps$AbstractRefSortingSink done
Event: 1175.689 Loading class java/util/stream/SortedOps$SizedRefSortingSink done

Classes unloaded (3 events):
Event: 628.082 Thread 0x0000018c3bc56780 Unloading class 0x0000018c3d002000 'java/lang/invoke/LambdaForm$MH+0x0000018c3d002000'
Event: 628.082 Thread 0x0000018c3bc56780 Unloading class 0x0000018c3d001c00 'java/lang/invoke/LambdaForm$MH+0x0000018c3d001c00'
Event: 628.082 Thread 0x0000018c3bc56780 Unloading class 0x0000018c3d001400 'java/lang/invoke/LambdaForm$MH+0x0000018c3d001400'

Classes redefined (0 events):
No events

Internal exceptions (20 events):
Event: 889.257 Thread 0x0000018c56f7ff20 Exception <a 'java/lang/NoSuchMethodError'{0x00000000e9aae178}: 'java.lang.Object java.lang.invoke.DirectMethodHandle$Holder.newInvokeSpecial(java.lang.Object, java.lang.Object, java.lang.Object, int)'> (0x00000000e9aae178) 
thrown [s\src\hotspot\share\interpreter\linkResolver.cpp, line 773]
Event: 889.386 Thread 0x0000018c56f7ff20 Exception <a 'java/lang/NoSuchMethodError'{0x00000000e9ab2a48}: 'java.lang.Object java.lang.invoke.Invokers$Holder.linkToTargetMethod(java.lang.Object, java.lang.Object, int, java.lang.Object)'> (0x00000000e9ab2a48) 
thrown [s\src\hotspot\share\interpreter\linkResolver.cpp, line 773]
Event: 902.215 Thread 0x0000018c56f7ff20 Exception <a 'java/lang/NoSuchMethodError'{0x00000000e97dfe88}: 'int java.lang.invoke.DirectMethodHandle$Holder.invokeSpecialIFC(java.lang.Object, java.lang.Object, java.lang.Object)'> (0x00000000e97dfe88) 
thrown [s\src\hotspot\share\interpreter\linkResolver.cpp, line 773]
Event: 917.489 Thread 0x0000018c56f7ff20 Exception <a 'java/lang/NoSuchMethodError'{0x00000000e912e2d0}: 'void java.lang.invoke.DirectMethodHandle$Holder.invokeStatic(java.lang.Object, java.lang.Object, java.lang.Object, int, java.lang.Object)'> (0x00000000e912e2d0) 
thrown [s\src\hotspot\share\interpreter\linkResolver.cpp, line 773]
Event: 927.374 Thread 0x0000018c56f7ff20 Exception <a 'java/lang/NoSuchMethodError'{0x00000000e8f481b8}: 'int java.lang.invoke.DirectMethodHandle$Holder.invokeInterface(java.lang.Object, java.lang.Object, java.lang.Object, java.lang.Object, java.lang.Object)'> (0x00000000e8f481b8) 
thrown [s\src\hotspot\share\interpreter\linkResolver.cpp, line 773]
Event: 963.147 Thread 0x0000018c56f7ff20 Exception <a 'java/lang/NoSuchMethodError'{0x00000000e84ee8c8}: 'int java.lang.invoke.DirectMethodHandle$Holder.invokeInterface(java.lang.Object, java.lang.Object, java.lang.Object, java.lang.Object)'> (0x00000000e84ee8c8) 
thrown [s\src\hotspot\share\interpreter\linkResolver.cpp, line 773]
Event: 968.221 Thread 0x0000018c56f7ff20 Exception <a 'java/lang/NoSuchMethodError'{0x00000000e82c55a8}: 'java.lang.Object java.lang.invoke.DirectMethodHandle$Holder.invokeStatic(java.lang.Object, long, java.lang.Object)'> (0x00000000e82c55a8) 
thrown [s\src\hotspot\share\interpreter\linkResolver.cpp, line 773]
Event: 968.372 Thread 0x0000018c56f7ff20 Exception <a 'java/lang/NoSuchMethodError'{0x00000000e82cca18}: 'java.lang.Object java.lang.invoke.DirectMethodHandle$Holder.newInvokeSpecial(java.lang.Object, long)'> (0x00000000e82cca18) 
thrown [s\src\hotspot\share\interpreter\linkResolver.cpp, line 773]
Event: 968.996 Thread 0x0000018c56f7ff20 Exception <a 'java/lang/NoSuchMethodError'{0x00000000e81a4ff0}: 'java.lang.Object java.lang.invoke.DirectMethodHandle$Holder.newInvokeSpecial(java.lang.Object, java.lang.Object, java.lang.Object, java.lang.Object, java.lang.Object, long, java.lang.Object)'> (0x00000000e81a4ff0) 
thrown [s\src\hotspot\share\interpreter\linkResolver.cpp, line 773]
Event: 968.997 Thread 0x0000018c56f7ff20 Exception <a 'java/lang/NoSuchMethodError'{0x00000000e81ad9c8}: 'java.lang.Object java.lang.invoke.Invokers$Holder.linkToTargetMethod(java.lang.Object, java.lang.Object, java.lang.Object, java.lang.Object, long, java.lang.Object, java.lang.Object)'> (0x00000000e81ad9c8) 
thrown [s\src\hotspot\share\interpreter\linkResolver.cpp, line 773]
Event: 969.504 Thread 0x0000018c56f7ff20 Exception <a 'java/lang/NoSuchMethodError'{0x00000000e81edc50}: 'java.lang.Object java.lang.invoke.DirectMethodHandle$Holder.newInvokeSpecial(java.lang.Object, java.lang.Object, java.lang.Object, long, java.lang.Object)'> (0x00000000e81edc50) 
thrown [s\src\hotspot\share\interpreter\linkResolver.cpp, line 773]
Event: 969.941 Thread 0x0000018c56f7ff20 Exception <a 'java/lang/NoSuchMethodError'{0x00000000e81f2ac8}: 'java.lang.Object java.lang.invoke.DirectMethodHandle$Holder.invokeSpecial(java.lang.Object, java.lang.Object, java.lang.Object, java.lang.Object, long, java.lang.Object)'> (0x00000000e81f2ac8) 
thrown [s\src\hotspot\share\interpreter\linkResolver.cpp, line 773]
Event: 969.941 Thread 0x0000018c56f7ff20 Exception <a 'java/lang/NoSuchMethodError'{0x00000000e81f7010}: 'java.lang.Object java.lang.invoke.Invokers$Holder.linkToTargetMethod(java.lang.Object, java.lang.Object, long, java.lang.Object, java.lang.Object)'> (0x00000000e81f7010) 
thrown [s\src\hotspot\share\interpreter\linkResolver.cpp, line 773]
Event: 971.299 Thread 0x0000018c56f7ff20 Implicit null exception at 0x0000018c31a6087c to 0x0000018c31a60934
Event: 976.263 Thread 0x0000018c56f7ff20 Exception <a 'java/lang/NoSuchMethodError'{0x00000000e7e5a208}: 'java.lang.Object java.lang.invoke.DirectMethodHandle$Holder.invokeSpecial(java.lang.Object, java.lang.Object, long, java.lang.Object, java.lang.Object)'> (0x00000000e7e5a208) 
thrown [s\src\hotspot\share\interpreter\linkResolver.cpp, line 773]
Event: 1096.675 Thread 0x0000018c56f7ff20 Exception <a 'java/lang/NoSuchMethodError'{0x00000000e70990c0}: 'void java.lang.invoke.DirectMethodHandle$Holder.invokeVirtual(java.lang.Object, java.lang.Object)'> (0x00000000e70990c0) 
thrown [s\src\hotspot\share\interpreter\linkResolver.cpp, line 773]
Event: 1111.066 Thread 0x0000018c56f7ff20 Exception <a 'java/lang/NoSuchMethodError'{0x00000000e6da6148}: 'java.lang.Object java.lang.invoke.DirectMethodHandle$Holder.newInvokeSpecial(java.lang.Object, java.lang.Object, java.lang.Object, java.lang.Object, int, java.lang.Object)'> (0x00000000e6da6148) 
thrown [s\src\hotspot\share\interpreter\linkResolver.cpp, line 773]
Event: 1111.205 Thread 0x0000018c56f7ff20 Exception <a 'java/lang/NoSuchMethodError'{0x00000000e6dab3a8}: 'java.lang.Object java.lang.invoke.DirectMethodHandle$Holder.invokeSpecial(java.lang.Object, java.lang.Object, java.lang.Object, java.lang.Object, java.lang.Object, int, java.lang.Object)'> (0x00000000e6dab3a8) 
thrown [s\src\hotspot\share\interpreter\linkResolver.cpp, line 773]
Event: 1111.314 Thread 0x0000018c56f7ff20 Exception <a 'java/lang/NoSuchMethodError'{0x00000000e6dafc48}: 'java.lang.Object java.lang.invoke.Invokers$Holder.linkToTargetMethod(java.lang.Object, java.lang.Object, java.lang.Object, int, java.lang.Object, java.lang.Object)'> (0x00000000e6dafc48) 
thrown [s\src\hotspot\share\interpreter\linkResolver.cpp, line 773]
Event: 1132.561 Thread 0x0000018c56f7ff20 Exception <a 'java/lang/NoSuchMethodError'{0x00000000efd92948}: 'java.lang.Object java.lang.invoke.DirectMethodHandle$Holder.invokeSpecialIFC(java.lang.Object, java.lang.Object, java.lang.Object)'> (0x00000000efd92948) 
thrown [s\src\hotspot\share\interpreter\linkResolver.cpp, line 773]

ZGC Phase Switch (0 events):
No events

VM Operations (20 events):
Event: 1179.243 Executing safepoint VM operation: Cleanup
Event: 1179.412 Executing safepoint VM operation: Cleanup done
Event: 1182.619 Executing safepoint VM operation: Cleanup
Event: 1182.780 Executing safepoint VM operation: Cleanup done
Event: 1183.785 Executing safepoint VM operation: Cleanup
Event: 1183.785 Executing safepoint VM operation: Cleanup done
Event: 1184.790 Executing safepoint VM operation: Cleanup
Event: 1185.257 Executing safepoint VM operation: Cleanup done
Event: 1189.287 Executing safepoint VM operation: Cleanup
Event: 1189.564 Executing safepoint VM operation: Cleanup done
Event: 1190.565 Executing safepoint VM operation: Cleanup
Event: 1190.594 Executing safepoint VM operation: Cleanup done
Event: 1191.595 Executing safepoint VM operation: Cleanup
Event: 1191.692 Executing safepoint VM operation: Cleanup done
Event: 1194.724 Executing safepoint VM operation: Cleanup
Event: 1194.724 Executing safepoint VM operation: Cleanup done
Event: 1196.731 Executing safepoint VM operation: Cleanup
Event: 1196.829 Executing safepoint VM operation: Cleanup done
Event: 1197.843 Executing safepoint VM operation: Cleanup
Event: 1197.905 Executing safepoint VM operation: Cleanup done

Memory protections (0 events):
No events

Nmethod flushes (20 events):
Event: 628.100 Thread 0x0000018c3bc56780 flushing  nmethod 0x0000018c2a1e4a10
Event: 628.100 Thread 0x0000018c3bc56780 flushing  nmethod 0x0000018c2a1efe10
Event: 628.100 Thread 0x0000018c3bc56780 flushing  nmethod 0x0000018c2a1f7610
Event: 628.100 Thread 0x0000018c3bc56780 flushing  nmethod 0x0000018c2a1f8c10
Event: 628.100 Thread 0x0000018c3bc56780 flushing  nmethod 0x0000018c2a1f9610
Event: 628.100 Thread 0x0000018c3bc56780 flushing  nmethod 0x0000018c2a204290
Event: 628.100 Thread 0x0000018c3bc56780 flushing  nmethod 0x0000018c2a204c90
Event: 628.100 Thread 0x0000018c3bc56780 flushing  nmethod 0x0000018c2a205e10
Event: 628.100 Thread 0x0000018c3bc56780 flushing  nmethod 0x0000018c2a209490
Event: 628.100 Thread 0x0000018c3bc56780 flushing  nmethod 0x0000018c2a223990
Event: 628.100 Thread 0x0000018c3bc56780 flushing  nmethod 0x0000018c2a22db90
Event: 628.100 Thread 0x0000018c3bc56780 flushing  nmethod 0x0000018c2a22de90
Event: 628.100 Thread 0x0000018c3bc56780 flushing  nmethod 0x0000018c2a233010
Event: 628.100 Thread 0x0000018c3bc56780 flushing  nmethod 0x0000018c2a236390
Event: 628.100 Thread 0x0000018c3bc56780 flushing  nmethod 0x0000018c2a252010
Event: 628.100 Thread 0x0000018c3bc56780 flushing  nmethod 0x0000018c2a2a4690
Event: 628.100 Thread 0x0000018c3bc56780 flushing  nmethod 0x0000018c2a2ade10
Event: 628.100 Thread 0x0000018c3bc56780 flushing  nmethod 0x0000018c2a2b2b10
Event: 628.100 Thread 0x0000018c3bc56780 flushing  nmethod 0x0000018c2a1b1810
Event: 628.100 Thread 0x0000018c3bc56780 flushing  nmethod 0x0000018c2a28b010

Events (20 events):
Event: 442.173 Thread 0x0000018c56f7ff20 Thread added: 0x0000018c57f7c950
Event: 448.320 Thread 0x0000018c5505f520 Thread added: 0x0000018c57f7dd00
Event: 467.823 Thread 0x0000018c56f7ff20 Thread added: 0x0000018c57f7cfe0
Event: 468.634 Thread 0x0000018c56f7ff20 Thread added: 0x0000018c57f7d670
Event: 481.467 Thread 0x0000018c56f7ff20 Thread added: 0x0000018c57f7e390
Event: 498.403 Thread 0x0000018c56f7ff20 Thread added: 0x0000018c57f7ea20
Event: 541.607 Thread 0x0000018c56f7ff20 Thread added: 0x0000018c57f7c2c0
Event: 548.742 Thread 0x0000018c56f7ff20 Thread added: 0x0000018c57f7b5a0
Event: 571.272 Thread 0x0000018c56f7ff20 Thread added: 0x0000018c57f7f0b0
Event: 598.732 Thread 0x0000018c56f7ff20 Thread added: 0x0000018c57f7bc30
Event: 676.751 Thread 0x0000018c56f7ff20 Thread added: 0x0000018c57f81ea0
Event: 689.932 Thread 0x0000018c56f7ff20 Thread added: 0x0000018c57f80af0
Event: 751.369 Thread 0x0000018c57f7dd00 Thread exited: 0x0000018c57f7dd00
Event: 780.335 Thread 0x0000018c5505f520 Thread added: 0x0000018c57f7f740
Event: 859.724 Thread 0x0000018c57f7f740 Thread exited: 0x0000018c57f7f740
Event: 927.360 Thread 0x0000018c5505f520 Thread added: 0x0000018c57f81180
Event: 1011.625 Thread 0x0000018c56f7ff20 Thread added: 0x0000018c57f82bc0
Event: 1011.626 Thread 0x0000018c56f7ff20 Thread added: 0x0000018c57f82530
Event: 1011.626 Thread 0x0000018c56f7ff20 Thread added: 0x0000018c57f80460
Event: 1121.199 Thread 0x0000018c56f7ff20 Thread added: 0x0000018c57f7f740


Dynamic libraries:
0x00007ff623520000 - 0x00007ff62352e000 	C:\Users\user\.vscode\extensions\redhat.java-1.56.0-win32-x64\jre\21.0.12.1-win32-x86_64\bin\java.exe
0x00007ffbd9500000 - 0x00007ffbd9767000 	C:\WINDOWS\SYSTEM32\ntdll.dll
0x00007ffbd84d0000 - 0x00007ffbd859b000 	C:\WINDOWS\System32\KERNEL32.DLL
0x00007ffbd69d0000 - 0x00007ffbd6dd2000 	C:\WINDOWS\System32\KERNELBASE.dll
0x00007ffbd6de0000 - 0x00007ffbd6f2c000 	C:\WINDOWS\System32\ucrtbase.dll
0x00007ffbb2720000 - 0x00007ffbb2738000 	C:\Users\user\.vscode\extensions\redhat.java-1.56.0-win32-x64\jre\21.0.12.1-win32-x86_64\bin\jli.dll
0x00007ffbd92a0000 - 0x00007ffbd946f000 	C:\WINDOWS\System32\USER32.dll
0x00007ffbd6700000 - 0x00007ffbd6727000 	C:\WINDOWS\System32\win32u.dll
0x00007ffbd8310000 - 0x00007ffbd833b000 	C:\WINDOWS\System32\GDI32.dll
0x00007ffbd68a0000 - 0x00007ffbd69c9000 	C:\WINDOWS\System32\gdi32full.dll
0x00007ffbd6730000 - 0x00007ffbd67d3000 	C:\WINDOWS\System32\msvcp_win.dll
0x00007ffbb2f60000 - 0x00007ffbb2f7e000 	C:\Users\user\.vscode\extensions\redhat.java-1.56.0-win32-x64\jre\21.0.12.1-win32-x86_64\bin\VCRUNTIME140.dll
0x00007ffbc6e70000 - 0x00007ffbc7100000 	C:\WINDOWS\WinSxS\amd64_microsoft.windows.common-controls_6595b64144ccf1df_6.0.26100.9278_none_3e0d1ba8e3303201\COMCTL32.dll
0x00007ffbd7710000 - 0x00007ffbd77b9000 	C:\WINDOWS\System32\msvcrt.dll
0x00007ffbd76d0000 - 0x00007ffbd7701000 	C:\WINDOWS\System32\IMM32.DLL
0x00007ffbc50e0000 - 0x00007ffbc50ec000 	C:\Users\user\.vscode\extensions\redhat.java-1.56.0-win32-x64\jre\21.0.12.1-win32-x86_64\bin\vcruntime140_1.dll
0x00007ffb35e90000 - 0x00007ffb35f1d000 	C:\Users\user\.vscode\extensions\redhat.java-1.56.0-win32-x64\jre\21.0.12.1-win32-x86_64\bin\msvcp140.dll
0x00007ffafae30000 - 0x00007ffafbbd2000 	C:\Users\user\.vscode\extensions\redhat.java-1.56.0-win32-x64\jre\21.0.12.1-win32-x86_64\bin\server\jvm.dll
0x00007ffbd88d0000 - 0x00007ffbd898c000 	C:\WINDOWS\System32\ADVAPI32.dll
0x00007ffbd7fb0000 - 0x00007ffbd8059000 	C:\WINDOWS\System32\sechost.dll
0x00007ffbd8060000 - 0x00007ffbd8178000 	C:\WINDOWS\System32\RPCRT4.dll
0x00007ffbd85a0000 - 0x00007ffbd8620000 	C:\WINDOWS\System32\WS2_32.dll
0x00007ffbd6580000 - 0x00007ffbd65de000 	C:\WINDOWS\SYSTEM32\POWRPROF.dll
0x00007ffbcf560000 - 0x00007ffbcf596000 	C:\WINDOWS\SYSTEM32\WINMM.dll
0x00007ffbcf5a0000 - 0x00007ffbcf5ab000 	C:\WINDOWS\SYSTEM32\VERSION.dll
0x00007ffbd6560000 - 0x00007ffbd6575000 	C:\WINDOWS\SYSTEM32\UMPDC.dll
0x00007ffbd53d0000 - 0x00007ffbd53eb000 	C:\WINDOWS\SYSTEM32\kernel.appcore.dll
0x00007ffbc3ec0000 - 0x00007ffbc3eca000 	C:\Users\user\.vscode\extensions\redhat.java-1.56.0-win32-x64\jre\21.0.12.1-win32-x86_64\bin\jimage.dll
0x00007ffbcb340000 - 0x00007ffbcb58c000 	C:\WINDOWS\SYSTEM32\DBGHELP.DLL
0x00007ffbd8f10000 - 0x00007ffbd9295000 	C:\WINDOWS\System32\combase.dll
0x00007ffbd87f0000 - 0x00007ffbd88c9000 	C:\WINDOWS\System32\OLEAUT32.dll
0x00007ffbbafb0000 - 0x00007ffbbafeb000 	C:\WINDOWS\SYSTEM32\dbgcore.DLL
0x00007ffbd67e0000 - 0x00007ffbd688c000 	C:\WINDOWS\System32\bcryptPrimitives.dll
0x00007ffbd1460000 - 0x00007ffbd146f000 	C:\Users\user\.vscode\extensions\redhat.java-1.56.0-win32-x64\jre\21.0.12.1-win32-x86_64\bin\instrument.dll
0x00007ffbb2330000 - 0x00007ffbb2350000 	C:\Users\user\.vscode\extensions\redhat.java-1.56.0-win32-x64\jre\21.0.12.1-win32-x86_64\bin\java.dll
0x00007ffbd77c0000 - 0x00007ffbd7f58000 	C:\WINDOWS\System32\SHELL32.dll
0x00007ffbd4150000 - 0x00007ffbd49fe000 	C:\WINDOWS\SYSTEM32\windows.storage.dll
0x00007ffbd83d0000 - 0x00007ffbd84cb000 	C:\WINDOWS\System32\SHCORE.dll
0x00007ffbd8ea0000 - 0x00007ffbd8f06000 	C:\WINDOWS\System32\shlwapi.dll
0x00007ffbd6620000 - 0x00007ffbd6649000 	C:\WINDOWS\SYSTEM32\profapi.dll
0x00007ffbafb20000 - 0x00007ffbafb38000 	C:\Users\user\.vscode\extensions\redhat.java-1.56.0-win32-x64\jre\21.0.12.1-win32-x86_64\bin\zip.dll
0x00007ffbc2890000 - 0x00007ffbc28a0000 	C:\Users\user\.vscode\extensions\redhat.java-1.56.0-win32-x64\jre\21.0.12.1-win32-x86_64\bin\net.dll
0x00007ffbcc5a0000 - 0x00007ffbcc6ca000 	C:\WINDOWS\SYSTEM32\WINHTTP.dll
0x00007ffbd5990000 - 0x00007ffbd59fc000 	C:\WINDOWS\system32\mswsock.dll
0x00007ffbb8030000 - 0x00007ffbb8046000 	C:\Users\user\.vscode\extensions\redhat.java-1.56.0-win32-x64\jre\21.0.12.1-win32-x86_64\bin\nio.dll
0x00007ffbc1da0000 - 0x00007ffbc1db0000 	C:\Users\user\.vscode\extensions\redhat.java-1.56.0-win32-x64\jre\21.0.12.1-win32-x86_64\bin\verify.dll
0x00007ffbb4fe0000 - 0x00007ffbb5007000 	C:\Users\user\.gradle\native\660c5614fbf4a5f2a75b1949f50a0caf5cd603558e7d8a26e50b933a0cfb79d1\windows-amd64\native-platform.dll
0x00007ffb33ac0000 - 0x00007ffb33b37000 	C:\Users\user\.gradle\native\0.2.8\x86_64-windows-gnu\gradle-fileevents.dll
0x00007ffbbf690000 - 0x00007ffbbf69a000 	C:\Users\user\.vscode\extensions\redhat.java-1.56.0-win32-x64\jre\21.0.12.1-win32-x86_64\bin\management.dll
0x00007ffbbd8b0000 - 0x00007ffbbd8bc000 	C:\Users\user\.vscode\extensions\redhat.java-1.56.0-win32-x64\jre\21.0.12.1-win32-x86_64\bin\management_ext.dll
0x00007ffbd72c0000 - 0x00007ffbd72c8000 	C:\WINDOWS\System32\PSAPI.DLL
0x00007ffbd4d60000 - 0x00007ffbd4d93000 	C:\WINDOWS\SYSTEM32\IPHLPAPI.DLL
0x00007ffbd8e90000 - 0x00007ffbd8e9a000 	C:\WINDOWS\System32\NSI.dll
0x00007ffbbd480000 - 0x00007ffbbd489000 	C:\Users\user\.vscode\extensions\redhat.java-1.56.0-win32-x64\jre\21.0.12.1-win32-x86_64\bin\extnet.dll
0x00007ffbd5c80000 - 0x00007ffbd5c9b000 	C:\WINDOWS\SYSTEM32\CRYPTSP.dll
0x00007ffbd5330000 - 0x00007ffbd5369000 	C:\WINDOWS\system32\rsaenh.dll
0x00007ffbd5a40000 - 0x00007ffbd5a74000 	C:\WINDOWS\SYSTEM32\USERENV.dll
0x00007ffbd65f0000 - 0x00007ffbd661a000 	C:\WINDOWS\SYSTEM32\bcrypt.dll
0x00007ffbd5ca0000 - 0x00007ffbd5cac000 	C:\WINDOWS\SYSTEM32\CRYPTBASE.dll
0x00007ffbbb010000 - 0x00007ffbbb01e000 	C:\Users\user\.vscode\extensions\redhat.java-1.56.0-win32-x64\jre\21.0.12.1-win32-x86_64\bin\sunmscapi.dll
0x00007ffbd7000000 - 0x00007ffbd717e000 	C:\WINDOWS\System32\CRYPT32.dll
0x00007ffbd5ec0000 - 0x00007ffbd5ef0000 	C:\WINDOWS\SYSTEM32\ncrypt.dll
0x00007ffbd5e70000 - 0x00007ffbd5eaf000 	C:\WINDOWS\SYSTEM32\NTASN1.dll
0x00007ffbc7140000 - 0x00007ffbc7148000 	C:\WINDOWS\system32\wshunix.dll

JVMTI agents:
C:\Users\user\.gradle\wrapper\dists\gradle-9.5.1-bin\iq79hdu3mqx29lgffhp8bfmx\gradle-9.5.1\lib\agents\gradle-instrumentation-agent-9.5.1.jar path:C:\Users\user\.vscode\extensions\redhat.java-1.56.0-win32-x64\jre\21.0.12.1-win32-x86_64\bin\instrument.dll, loaded, initialized, instrumentlib options:none

dbghelp: loaded successfully - version: 4.0.5 - missing functions: none
symbol engine: initialized successfully - sym options: 0x614 - pdb path: .;C:\Users\user\.vscode\extensions\redhat.java-1.56.0-win32-x64\jre\21.0.12.1-win32-x86_64\bin;C:\WINDOWS\SYSTEM32;C:\WINDOWS\WinSxS\amd64_microsoft.windows.common-controls_6595b64144ccf1df_6.0.26100.9278_none_3e0d1ba8e3303201;C:\Users\user\.vscode\extensions\redhat.java-1.56.0-win32-x64\jre\21.0.12.1-win32-x86_64\bin\server;C:\Users\user\.gradle\native\660c5614fbf4a5f2a75b1949f50a0caf5cd603558e7d8a26e50b933a0cfb79d1\windows-amd64;C:\Users\user\.gradle\native\0.2.8\x86_64-windows-gnu

VM Arguments:
jvm_args: --add-opens=java.base/java.lang=ALL-UNNAMED --add-opens=java.base/java.lang.invoke=ALL-UNNAMED --add-opens=java.base/java.util=ALL-UNNAMED --add-opens=java.prefs/java.util.prefs=ALL-UNNAMED --add-exports=jdk.compiler/com.sun.tools.javac.api=ALL-UNNAMED --add-exports=jdk.compiler/com.sun.tools.javac.util=ALL-UNNAMED --add-opens=java.base/java.nio.charset=ALL-UNNAMED --add-opens=java.base/java.net=ALL-UNNAMED --add-opens=java.base/java.util.concurrent=ALL-UNNAMED --add-opens=java.base/java.util.concurrent.atomic=ALL-UNNAMED --add-opens=java.xml/javax.xml.namespace=ALL-UNNAMED --add-opens=java.base/java.time=ALL-UNNAMED -XX:MaxMetaspaceSize=384m -XX:+HeapDumpOnOutOfMemoryError -Xms256m -Xmx512m -Dfile.encoding=UTF-8 -Duser.country=419 -Duser.language=es -Duser.variant -javaagent:C:\Users\user\.gradle\wrapper\dists\gradle-9.5.1-bin\iq79hdu3mqx29lgffhp8bfmx\gradle-9.5.1\lib\agents\gradle-instrumentation-agent-9.5.1.jar 
java_command: org.gradle.launcher.daemon.bootstrap.GradleDaemon 9.5.1
java_class_path (initial): C:\Users\user\.gradle\wrapper\dists\gradle-9.5.1-bin\iq79hdu3mqx29lgffhp8bfmx\gradle-9.5.1\lib\gradle-daemon-main-9.5.1.jar
Launcher Type: SUN_STANDARD

[Global flags]
     intx CICompilerCount                          = 3                                         {product} {ergonomic}
   size_t CompressedClassSpaceSize                 = 335544320                                 {product} {ergonomic}
     uint ConcGCThreads                            = 1                                         {product} {ergonomic}
     uint G1ConcRefinementThreads                  = 4                                         {product} {ergonomic}
   size_t G1HeapRegionSize                         = 1048576                                   {product} {ergonomic}
    uintx GCDrainStackTargetSize                   = 64                                        {product} {ergonomic}
     bool HeapDumpOnOutOfMemoryError               = true                                   {manageable} {command line}
   size_t InitialHeapSize                          = 268435456                                 {product} {command line}
   size_t MarkStackSize                            = 4194304                                   {product} {ergonomic}
   size_t MaxHeapSize                              = 536870912                                 {product} {command line}
   size_t MaxMetaspaceSize                         = 402653184                                 {product} {command line}
   size_t MaxNewSize                               = 321912832                                 {product} {ergonomic}
   size_t MinHeapDeltaBytes                        = 1048576                                   {product} {ergonomic}
   size_t MinHeapSize                              = 268435456                                 {product} {command line}
    uintx NonNMethodCodeHeapSize                   = 5832780                                {pd product} {ergonomic}
    uintx NonProfiledCodeHeapSize                  = 122912730                              {pd product} {ergonomic}
    uintx ProfiledCodeHeapSize                     = 122912730                              {pd product} {ergonomic}
    uintx ReservedCodeCacheSize                    = 251658240                              {pd product} {ergonomic}
     bool SegmentedCodeCache                       = true                                      {product} {ergonomic}
   size_t SoftMaxHeapSize                          = 536870912                              {manageable} {ergonomic}
     bool UseCompressedOops                        = true                           {product lp64_product} {ergonomic}
     bool UseG1GC                                  = true                                      {product} {ergonomic}
     bool UseLargePagesIndividualAllocation        = false                                  {pd product} {ergonomic}

Logging:
Log output configuration:
 #0: stdout all=warning uptime,level,tags foldmultilines=false
 #1: stderr all=off uptime,level,tags foldmultilines=false

Release file:
JAVA_VERSION="21.0.12.1" 
MODULES="java.base java.compiler java.datatransfer java.xml java.prefs java.desktop java.instrument java.logging java.management java.security.sasl java.naming java.rmi java.management.rmi java.net.http java.scripting java.security.jgss java.transaction.xa java.sql java.sql.rowset java.xml.crypto java.se java.smartcardio jdk.accessibility jdk.internal.jvmstat jdk.attach jdk.charsets jdk.internal.opt jdk.zipfs jdk.compiler jdk.crypto.ec jdk.crypto.cryptoki jdk.crypto.mscapi jdk.dynalink jdk.internal.ed jdk.editpad jdk.hotspot.agent jdk.httpserver jdk.internal.le jdk.internal.vm.ci jdk.internal.vm.compiler jdk.internal.vm.compiler.management jdk.jartool jdk.javadoc jdk.jcmd jdk.management jdk.management.agent jdk.jconsole jdk.jdeps jdk.jdwp.agent jdk.jdi jdk.jfr jdk.jshell jdk.jsobject jdk.jstatd jdk.localedata jdk.management.jfr jdk.naming.dns jdk.naming.rmi jdk.net jdk.nio.mapmode jdk.random jdk.sctp jdk.security.auth jdk.security.jgss jdk.unsupported jdk.unsupported.desktop jdk.xml.dom" 

Environment Variables:
JAVA_HOME=C:\Program Files\Java\jdk-17
PATH=C:\Program Files\Common Files\Oracle\Java\javapath;C:\Program Files (x86)\Common Files\Oracle\Java\java8path;C:\Program Files (x86)\Common Files\Oracle\Java\javapath;C:\Python313\Scripts\;C:\Python313\;C:\WINDOWS\system32;C:\WINDOWS;C:\WINDOWS\System32\Wbem;C:\WINDOWS\System32\WindowsPowerShell\v1.0\;C:\WINDOWS\System32\OpenSSH\;C:\Program Files\nodejs\;C:\ProgramData\chocolatey\bin;%ANDROID_HOME%\platform-tools;%ANDROID_HOME%\emulator;C:\Python313\Scripts;C:\Users\user\AppData\Local\Programs\Python\Python313\Scripts;C:\mingw64\bin;C:\xampp\php;C:\ProgramData\ComposerSetup\bin;C:\Program Files\Git\cmd;C:\Program Files (x86)\Nmap\;C:\Program Files\Nmap\;C:\Program Files\PostgreSQL\17\bin;;C:\Users\user\AppData\Local\Muse Hub\lib;C:\Program Files\Docker\Docker\resources\bin;C:\Users\user\AppData\Local\agy\bin;C:\Users\user\AppData\Local\Microsoft\WindowsApps;C:\Users\user\AppData\Roaming\npm;C:\Program Files\Java\jdk-17\bin;C:\mingw64\bin;C:\Users\user\AppData\Roaming\Composer\vendor\bin;C:\Program Files (x86)\Nmap;C:\Users\user\AppData\Local\Programs\Antigravity\bin;C:\Users\user\AppData\Local\Muse Hub\lib;C:\Users\user\.lmstudio\bin;C:\Users\user\AppData\Local\Microsoft\WindowsApps;C:\Users\user\AppData\Local\Programs\Antigravity IDE\bin;C:\Users\user\AppData\Local\Programs\Microsoft VS Code\bin
USERNAME=user
OS=Windows_NT
PROCESSOR_IDENTIFIER=AMD64 Family 23 Model 24 Stepping 1, AuthenticAMD
TMP=C:\Users\user\AppData\Local\Temp
TEMP=C:\Users\user\AppData\Local\Temp




Periodic native trim disabled

---------------  S Y S T E M  ---------------

OS:
 Windows 11 , 64 bit Build 26100 (10.0.26100.9444)
OS uptime: 1 days 16:35 hours
Hyper-V role detected

CPU: total 4 (initial active 4) (4 cores per cpu, 2 threads per core) family 23 model 24 stepping 1 microcode 0x8108109, cx8, cmov, fxsr, ht, mmx, 3dnowpref, sse, sse2, sse3, ssse3, sse4a, sse4.1, sse4.2, popcnt, lzcnt, tsc, tscinvbit, avx, avx2, aes, clmul, bmi1, bmi2, adx, sha, fma, vzeroupper, clflush, clflushopt, hv, rdtscp, f16c
Processor Information for the first 4 processors :
  Max Mhz: 2600, Current Mhz: 2600, Mhz Limit: 2600

Memory: 4k page, system-wide physical 18369M (102M free)
TotalPageFile size 48770M (AvailPageFile size 4M)
current process WorkingSet (physical memory assigned to process): 189M, peak: 272M
current process commit charge ("private bytes"): 456M, peak: 457M

vm_info: OpenJDK 64-Bit Server VM (21.0.12.1+1-LTS) for windows-amd64 JRE (21.0.12.1+1-LTS), built on 2026-08-18T00:00:00Z by "admin" with MS VC++ 17.12 (VS2022)

END.
