#
# There is insufficient memory for the Java Runtime Environment to continue.
# Native memory allocation (malloc) failed to allocate 65552 bytes. Error detail: Chunk::new
# Possible reasons:
#   The system is out of physical RAM or swap space
#   This process is running with CompressedOops enabled, and the Java Heap may be blocking the growth of the native heap
# Possible solutions:
#   Reduce memory load on the system
#   Increase physical memory or swap space
#   Check if swap backing store is full
#   Decrease Java heap size (-Xmx/-Xms)
#   Decrease number of Java threads
#   Decrease Java thread stack sizes (-Xss)
#   Set larger code cache with -XX:ReservedCodeCacheSize=
#   JVM is running with Unscaled Compressed Oops mode in which the Java heap is
#     placed in the first 4GB address space. The Java Heap base address is the
#     maximum limit for the native heap growth. Please use -XX:HeapBaseMinAddress
#     to set the Java Heap base and to place the Java Heap above 4GB virtual address.
# This output file may be truncated or incomplete.
#
#  Out of Memory Error (arena.cpp:168), pid=14644, tid=25948
#
# JRE version: OpenJDK Runtime Environment Temurin-21.0.12.1+1 (21.0.12.1+1) (build 21.0.12.1+1-LTS)
# Java VM: OpenJDK 64-Bit Server VM Temurin-21.0.12.1+1 (21.0.12.1+1-LTS, mixed mode, sharing, tiered, compressed oops, compressed class ptrs, g1 gc, windows-amd64)
# No core dump will be written. Minidumps are not enabled by default on client versions of Windows
#

---------------  S U M M A R Y ------------

Command Line: --add-opens=java.base/java.lang=ALL-UNNAMED --add-opens=java.base/java.lang.invoke=ALL-UNNAMED --add-opens=java.base/java.util=ALL-UNNAMED --add-opens=java.prefs/java.util.prefs=ALL-UNNAMED --add-exports=jdk.compiler/com.sun.tools.javac.api=ALL-UNNAMED --add-exports=jdk.compiler/com.sun.tools.javac.util=ALL-UNNAMED --add-opens=java.base/java.nio.charset=ALL-UNNAMED --add-opens=java.base/java.net=ALL-UNNAMED --add-opens=java.base/java.util.concurrent=ALL-UNNAMED --add-opens=java.base/java.util.concurrent.atomic=ALL-UNNAMED --add-opens=java.xml/javax.xml.namespace=ALL-UNNAMED --add-opens=java.base/java.time=ALL-UNNAMED -XX:MaxMetaspaceSize=384m -XX:+HeapDumpOnOutOfMemoryError -Xms256m -Xmx512m -Dfile.encoding=UTF-8 -Duser.country=419 -Duser.language=es -Duser.variant -javaagent:C:\Users\user\.gradle\wrapper\dists\gradle-9.5.1-bin\iq79hdu3mqx29lgffhp8bfmx\gradle-9.5.1\lib\agents\gradle-instrumentation-agent-9.5.1.jar org.gradle.launcher.daemon.bootstrap.GradleDaemon 9.5.1

Host: AMD Ryzen 3 3250U with Radeon Graphics         , 4 cores, 17G,  Windows 11 , 64 bit Build 26100 (10.0.26100.9444)
Time: Thu Sep 10 19:20:53 2026 Hora est. Pacífico, Sudamérica elapsed time: 1073.503635 seconds (0d 0h 17m 53s)

---------------  T H R E A D  ---------------

Current thread (0x000001abc04ddde0):  JavaThread "C2 CompilerThread0" daemon [_thread_in_native, id=25948, stack(0x0000006cbc300000,0x0000006cbc400000) (1024K)]


Current CompileTask:
C2:1073503 7787       4       com.google.common.collect.ImmutableCollection$Builder::addAll (34 bytes)

Stack: [0x0000006cbc300000,0x0000006cbc400000]
Native frames: (J=compiled Java code, j=interpreted, Vv=VM code, C=native code)
V  [jvm.dll+0x6d83e9]
V  [jvm.dll+0x8b5736]
V  [jvm.dll+0x8b7cee]
V  [jvm.dll+0x8b83d3]
V  [jvm.dll+0x284596]
V  [jvm.dll+0xc685d]
V  [jvm.dll+0xc6da1]
V  [jvm.dll+0x6ff435]
V  [jvm.dll+0x6ff895]
V  [jvm.dll+0x701acd]
V  [jvm.dll+0x6ffe83]
V  [jvm.dll+0x255da3]
V  [jvm.dll+0x25612d]
V  [jvm.dll+0x24e6a0]
V  [jvm.dll+0x24bbe6]
V  [jvm.dll+0x1cb4ae]
V  [jvm.dll+0x25baad]
V  [jvm.dll+0x25a03a]
V  [jvm.dll+0x3f8aae]
V  [jvm.dll+0x8600cd]
V  [jvm.dll+0x6d6c1d]
C  [ucrtbase.dll+0x2cd30]
C  [KERNEL32.DLL+0x2cd87]
C  [ntdll.dll+0xacaec]


---------------  P R O C E S S  ---------------

Threads class SMR info:
_java_thread_list=0x000001abdded22f0, length=42, elements={
0x000001abab4b16a0, 0x000001abc04d4110, 0x000001abc04d5990, 0x000001abc04d9120,
0x000001abc04dbb90, 0x000001abc04dc5f0, 0x000001abc04dd050, 0x000001abc04ddde0,
0x000001abc051c5f0, 0x000001abc07437c0, 0x000001abc07d0ec0, 0x000001abda56f470,
0x000001abda2e88f0, 0x000001abda4fb2d0, 0x000001abdb021820, 0x000001abdbaab970,
0x000001abda8d75a0, 0x000001abdbb15760, 0x000001abdbd76620, 0x000001abdbd76cb0,
0x000001abdbd77340, 0x000001abdbd74be0, 0x000001abdbd75270, 0x000001abdbd75f90,
0x000001abdc0e7cb0, 0x000001abdc0e6270, 0x000001abdc0e8340, 0x000001abdc0e89d0,
0x000001abdc0e5be0, 0x000001abdc0e6f90, 0x000001abdc0e7620, 0x000001abdc0e5550,
0x000001abda8ba9a0, 0x000001abda8bb030, 0x000001abda8bb6c0, 0x000001abda8b8f60,
0x000001abda8b9c80, 0x000001abda8ba310, 0x000001abdbd75900, 0x000001abdc481df0,
0x000001abdc484550, 0x000001abdc485270
}

Java Threads: ( => current thread )
  0x000001abab4b16a0 JavaThread "main"                              [_thread_blocked, id=31672, stack(0x0000006cbb400000,0x0000006cbb500000) (1024K)]
  0x000001abc04d4110 JavaThread "Reference Handler"          daemon [_thread_blocked, id=17108, stack(0x0000006cbbd00000,0x0000006cbbe00000) (1024K)]
  0x000001abc04d5990 JavaThread "Finalizer"                  daemon [_thread_blocked, id=28400, stack(0x0000006cbbe00000,0x0000006cbbf00000) (1024K)]
  0x000001abc04d9120 JavaThread "Signal Dispatcher"          daemon [_thread_blocked, id=12680, stack(0x0000006cbbf00000,0x0000006cbc000000) (1024K)]
  0x000001abc04dbb90 JavaThread "Attach Listener"            daemon [_thread_blocked, id=32704, stack(0x0000006cbc000000,0x0000006cbc100000) (1024K)]
  0x000001abc04dc5f0 JavaThread "Service Thread"             daemon [_thread_blocked, id=31356, stack(0x0000006cbc100000,0x0000006cbc200000) (1024K)]
  0x000001abc04dd050 JavaThread "Monitor Deflation Thread"   daemon [_thread_blocked, id=30564, stack(0x0000006cbc200000,0x0000006cbc300000) (1024K)]
=>0x000001abc04ddde0 JavaThread "C2 CompilerThread0"         daemon [_thread_in_native, id=25948, stack(0x0000006cbc300000,0x0000006cbc400000) (1024K)]
  0x000001abc051c5f0 JavaThread "C1 CompilerThread0"         daemon [_thread_blocked, id=32564, stack(0x0000006cbc400000,0x0000006cbc500000) (1024K)]
  0x000001abc07437c0 JavaThread "Common-Cleaner"             daemon [_thread_blocked, id=26876, stack(0x0000006cbc500000,0x0000006cbc600000) (1024K)]
  0x000001abc07d0ec0 JavaThread "Notification Thread"        daemon [_thread_blocked, id=28852, stack(0x0000006cbc600000,0x0000006cbc700000) (1024K)]
  0x000001abda56f470 JavaThread "Daemon health stats"               [_thread_blocked, id=21992, stack(0x0000006cbb500000,0x0000006cbb600000) (1024K)]
  0x000001abda2e88f0 JavaThread "Incoming local TCP Connector on port 19154"        [_thread_in_native, id=28376, stack(0x0000006cbca00000,0x0000006cbcb00000) (1024K)]
  0x000001abda4fb2d0 JavaThread "Daemon periodic checks"            [_thread_blocked, id=23456, stack(0x0000006cbcb00000,0x0000006cbcc00000) (1024K)]
  0x000001abdb021820 JavaThread "Daemon"                            [_thread_blocked, id=16208, stack(0x0000006cbcd00000,0x0000006cbce00000) (1024K)]
  0x000001abdbaab970 JavaThread "Handler for socket connection from /127.0.0.1:19154 to /127.0.0.1:19168"        [_thread_in_native, id=27204, stack(0x0000006cbce00000,0x0000006cbcf00000) (1024K)]
  0x000001abda8d75a0 JavaThread "Cancel handler"                    [_thread_blocked, id=33480, stack(0x0000006cbcf00000,0x0000006cbd000000) (1024K)]
  0x000001abdbb15760 JavaThread "Daemon worker"                     [_thread_in_vm, id=32432, stack(0x0000006cbd000000,0x0000006cbd100000) (1024K)]
  0x000001abdbd76620 JavaThread "Asynchronous log dispatcher for DefaultDaemonConnection: socket connection from /127.0.0.1:19154 to /127.0.0.1:19168"        [_thread_blocked, id=28616, stack(0x0000006cbd100000,0x0000006cbd200000) (1024K)]
  0x000001abdbd76cb0 JavaThread "Stdin handler"                     [_thread_blocked, id=29524, stack(0x0000006cbd200000,0x0000006cbd300000) (1024K)]
  0x000001abdbd77340 JavaThread "Daemon client event forwarder"        [_thread_blocked, id=23376, stack(0x0000006cbd300000,0x0000006cbd400000) (1024K)]
  0x000001abdbd74be0 JavaThread "Cache worker for journal cache (C:\Users\user\.gradle\caches\journal-1)"        [_thread_blocked, id=4636, stack(0x0000006cbd400000,0x0000006cbd500000) (1024K)]
  0x000001abdbd75270 JavaThread "File lock request listener"        [_thread_in_native, id=6428, stack(0x0000006cbd500000,0x0000006cbd600000) (1024K)]
  0x000001abdbd75f90 JavaThread "Cache worker for file hash cache (C:\Users\user\.gradle\caches\9.5.1\fileHashes)"        [_thread_blocked, id=21884, stack(0x0000006cbd700000,0x0000006cbd800000) (1024K)]
  0x000001abdc0e7cb0 JavaThread "Cache worker for file hash cache (C:\Users\user\Documents\DEVVAULT\devvault\.gradle\9.5.1\fileHashes)"        [_thread_blocked, id=20572, stack(0x0000006cbb300000,0x0000006cbb400000) (1024K)]
  0x000001abdc0e6270 JavaThread "Cache worker for Build Output Cleanup Cache (C:\Users\user\Documents\DEVVAULT\devvault\.gradle\buildOutputCleanup)"        [_thread_blocked, id=18884, stack(0x0000006cbcc00000,0x0000006cbcd00000) (1024K)]
  0x000001abdc0e8340 JavaThread "File watcher server"        daemon [_thread_in_native, id=34020, stack(0x0000006cbd900000,0x0000006cbda00000) (1024K)]
  0x000001abdc0e89d0 JavaThread "File watcher consumer"      daemon [_thread_blocked, id=28544, stack(0x0000006cbda00000,0x0000006cbdb00000) (1024K)]
  0x000001abdc0e5be0 JavaThread "Cache worker for file content cache (C:\Users\user\.gradle\caches\9.5.1\fileContent)"        [_thread_blocked, id=23644, stack(0x0000006cbdc00000,0x0000006cbdd00000) (1024K)]
  0x000001abdc0e6f90 JavaThread "Cache worker for checksums cache (C:\Users\user\Documents\DEVVAULT\devvault\.gradle\9.5.1\checksums)"        [_thread_blocked, id=31364, stack(0x0000006cbdd00000,0x0000006cbde00000) (1024K)]
  0x000001abdc0e7620 JavaThread "Cache worker for cache directory md-supplier (C:\Users\user\.gradle\caches\9.5.1\md-supplier)"        [_thread_blocked, id=33728, stack(0x0000006cbde00000,0x0000006cbdf00000) (1024K)]
  0x000001abdc0e5550 JavaThread "Cache worker for cache directory md-rule (C:\Users\user\.gradle\caches\9.5.1\md-rule)"        [_thread_blocked, id=26276, stack(0x0000006cbdf00000,0x0000006cbe000000) (1024K)]
  0x000001abda8ba9a0 JavaThread "jar transforms"                    [_thread_blocked, id=34908, stack(0x0000006cbd800000,0x0000006cbd900000) (1024K)]
  0x000001abda8bb030 JavaThread "jar transforms Thread 2"           [_thread_blocked, id=21916, stack(0x0000006cbe000000,0x0000006cbe100000) (1024K)]
  0x000001abda8bb6c0 JavaThread "File lock release action executor Thread 2"        [_thread_blocked, id=31628, stack(0x0000006cbd600000,0x0000006cbd700000) (1024K)]
  0x000001abda8b8f60 JavaThread "jar transforms Thread 3"           [_thread_blocked, id=2596, stack(0x0000006cbdb00000,0x0000006cbdc00000) (1024K)]
  0x000001abda8b9c80 JavaThread "Build operations"                  [_thread_blocked, id=35052, stack(0x0000006cbe100000,0x0000006cbe200000) (1024K)]
  0x000001abda8ba310 JavaThread "Build operations Thread 2"         [_thread_blocked, id=32116, stack(0x0000006cbe200000,0x0000006cbe300000) (1024K)]
  0x000001abdbd75900 JavaThread "Build operations Thread 3"         [_thread_blocked, id=14932, stack(0x0000006cbe300000,0x0000006cbe400000) (1024K)]
  0x000001abdc481df0 JavaThread "Build operations Thread 4"         [_thread_blocked, id=37560, stack(0x0000006cbe500000,0x0000006cbe600000) (1024K)]
  0x000001abdc484550 JavaThread "Memory manager"                    [_thread_blocked, id=36300, stack(0x0000006cbe600000,0x0000006cbe700000) (1024K)]
  0x000001abdc485270 JavaThread "jar transforms Thread 4"           [_thread_blocked, id=33084, stack(0x0000006cbe700000,0x0000006cbe800000) (1024K)]
Total: 42

Other Threads:
  0x000001abc04b6cc0 VMThread "VM Thread"                           [id=29800, stack(0x0000006cbbc00000,0x0000006cbbd00000) (1024K)]
  0x000001abc04a8130 WatcherThread "VM Periodic Task Thread"        [id=31388, stack(0x0000006cbbb00000,0x0000006cbbc00000) (1024K)]
  0x000001abab4da9b0 WorkerThread "GC Thread#0"                     [id=4692, stack(0x0000006cbb600000,0x0000006cbb700000) (1024K)]
  0x000001abc0836b20 WorkerThread "GC Thread#1"                     [id=13160, stack(0x0000006cbc700000,0x0000006cbc800000) (1024K)]
  0x000001abda1bec40 WorkerThread "GC Thread#2"                     [id=22428, stack(0x0000006cbc800000,0x0000006cbc900000) (1024K)]
  0x000001abda1beff0 WorkerThread "GC Thread#3"                     [id=25976, stack(0x0000006cbc900000,0x0000006cbca00000) (1024K)]
  0x000001abab4e00c0 ConcurrentGCThread "G1 Main Marker"            [id=19276, stack(0x0000006cbb700000,0x0000006cbb800000) (1024K)]
  0x000001abab4e0ae0 WorkerThread "G1 Conc#0"                       [id=19628, stack(0x0000006cbb800000,0x0000006cbb900000) (1024K)]
  0x000001abab56ea10 ConcurrentGCThread "G1 Refine#0"               [id=8124, stack(0x0000006cbb900000,0x0000006cbba00000) (1024K)]
  0x000001abc0373590 ConcurrentGCThread "G1 Service"                [id=14816, stack(0x0000006cbba00000,0x0000006cbbb00000) (1024K)]
Total: 10

Threads with active compile tasks:
C2 CompilerThread0  1073548 7787       4       com.google.common.collect.ImmutableCollection$Builder::addAll (34 bytes)
Total: 1

VM state: not at safepoint (normal execution)

VM Mutex/Monitor currently owned by a thread: None

Heap address: 0x00000000e0000000, size: 512 MB, Compressed Oops mode: 32-bit

CDS archive(s) mapped at: [0x000001abc1000000-0x000001abc1ba0000-0x000001abc1ba0000), size 12189696, SharedBaseAddress: 0x000001abc1000000, ArchiveRelocationMode: 1.
Compressed class space mapped at: 0x000001abc2000000-0x000001abd6000000, reserved size: 335544320
Narrow klass base: 0x000001abc1000000, Narrow klass shift: 0, Narrow klass range: 0x100000000

GC Precious Log:
 CardTable entry size: 512
 Card Set container configuration: InlinePtr #cards 5 size 8 Array Of Cards #cards 12 size 40 Howl #buckets 4 coarsen threshold 1843 Howl Bitmap #cards 512 size 80 coarsen threshold 460 Card regions per heap region 1 cards per card region 2048
 CPUs: 4 total, 4 available
 Memory: 18369M
 Large Page Support: Disabled
 NUMA Support: Disabled
 Compressed Oops: Enabled (32-bit)
 Heap Region Size: 1M
 Heap Min Capacity: 256M
 Heap Initial Capacity: 256M
 Heap Max Capacity: 512M
 Pre-touch: Disabled
 Parallel Workers: 4
 Concurrent Workers: 1
 Concurrent Refinement Workers: 4
 Periodic GC: Disabled

Heap:
 garbage-first heap   total 262144K, used 65208K [0x00000000e0000000, 0x0000000100000000)
  region size 1024K, 37 young (37888K), 15 survivors (15360K)
 Metaspace       used 55356K, committed 57536K, reserved 393216K
  class space    used 8285K, committed 9344K, reserved 327680K

Heap Regions: E=young(eden), S=young(survivor), O=old, HS=humongous(starts), HC=humongous(continues), CS=collection set, F=free, TAMS=top-at-mark-start, PB=parsable bottom
|   0|0x00000000e0000000, 0x00000000e0100000, 0x00000000e0100000|100%| O|  |TAMS 0x00000000e0000000| PB 0x00000000e0000000| Untracked 
|   1|0x00000000e0100000, 0x00000000e0200000, 0x00000000e0200000|100%|HS|  |TAMS 0x00000000e0100000| PB 0x00000000e0100000| Complete 
|   2|0x00000000e0200000, 0x00000000e0300000, 0x00000000e0300000|100%|HC|  |TAMS 0x00000000e0200000| PB 0x00000000e0200000| Complete 
|   3|0x00000000e0300000, 0x00000000e0400000, 0x00000000e0400000|100%|HC|  |TAMS 0x00000000e0300000| PB 0x00000000e0300000| Complete 
|   4|0x00000000e0400000, 0x00000000e0500000, 0x00000000e0500000|100%|HC|  |TAMS 0x00000000e0400000| PB 0x00000000e0400000| Complete 
|   5|0x00000000e0500000, 0x00000000e0600000, 0x00000000e0600000|100%| O|  |TAMS 0x00000000e0500000| PB 0x00000000e0500000| Untracked 
|   6|0x00000000e0600000, 0x00000000e0700000, 0x00000000e0700000|100%| O|  |TAMS 0x00000000e0600000| PB 0x00000000e0600000| Untracked 
|   7|0x00000000e0700000, 0x00000000e0800000, 0x00000000e0800000|100%| O|  |TAMS 0x00000000e0700000| PB 0x00000000e0700000| Untracked 
|   8|0x00000000e0800000, 0x00000000e0900000, 0x00000000e0900000|100%| O|  |TAMS 0x00000000e0800000| PB 0x00000000e0800000| Untracked 
|   9|0x00000000e0900000, 0x00000000e0a00000, 0x00000000e0a00000|100%|HS|  |TAMS 0x00000000e0900000| PB 0x00000000e0900000| Complete 
|  10|0x00000000e0a00000, 0x00000000e0b00000, 0x00000000e0b00000|100%| O|  |TAMS 0x00000000e0a00000| PB 0x00000000e0a00000| Untracked 
|  11|0x00000000e0b00000, 0x00000000e0c00000, 0x00000000e0c00000|100%| O|  |TAMS 0x00000000e0b00000| PB 0x00000000e0b00000| Untracked 
|  12|0x00000000e0c00000, 0x00000000e0d00000, 0x00000000e0d00000|100%| O|  |TAMS 0x00000000e0c00000| PB 0x00000000e0c00000| Untracked 
|  13|0x00000000e0d00000, 0x00000000e0e00000, 0x00000000e0e00000|100%| O|  |TAMS 0x00000000e0d00000| PB 0x00000000e0d00000| Untracked 
|  14|0x00000000e0e00000, 0x00000000e0f00000, 0x00000000e0f00000|100%| O|  |TAMS 0x00000000e0e00000| PB 0x00000000e0e00000| Untracked 
|  15|0x00000000e0f00000, 0x00000000e1000000, 0x00000000e1000000|100%| O|  |TAMS 0x00000000e0f00000| PB 0x00000000e0f00000| Untracked 
|  16|0x00000000e1000000, 0x00000000e1100000, 0x00000000e1100000|100%| O|  |TAMS 0x00000000e1000000| PB 0x00000000e1000000| Untracked 
|  17|0x00000000e1100000, 0x00000000e1200000, 0x00000000e1200000|100%| O|  |TAMS 0x00000000e1100000| PB 0x00000000e1100000| Untracked 
|  18|0x00000000e1200000, 0x00000000e1300000, 0x00000000e1300000|100%| O|  |TAMS 0x00000000e1200000| PB 0x00000000e1200000| Untracked 
|  19|0x00000000e1300000, 0x00000000e1400000, 0x00000000e1400000|100%| O|  |TAMS 0x00000000e1300000| PB 0x00000000e1300000| Untracked 
|  20|0x00000000e1400000, 0x00000000e1500000, 0x00000000e1500000|100%| O|  |TAMS 0x00000000e1400000| PB 0x00000000e1400000| Untracked 
|  21|0x00000000e1500000, 0x00000000e1500000, 0x00000000e1600000|  0%| F|  |TAMS 0x00000000e1500000| PB 0x00000000e1500000| Untracked 
|  22|0x00000000e1600000, 0x00000000e1700000, 0x00000000e1700000|100%| O|  |TAMS 0x00000000e1600000| PB 0x00000000e1600000| Untracked 
|  23|0x00000000e1700000, 0x00000000e1800000, 0x00000000e1800000|100%| O|  |TAMS 0x00000000e1700000| PB 0x00000000e1700000| Untracked 
|  24|0x00000000e1800000, 0x00000000e1900000, 0x00000000e1900000|100%| O|  |TAMS 0x00000000e1800000| PB 0x00000000e1800000| Untracked 
|  25|0x00000000e1900000, 0x00000000e1a00000, 0x00000000e1a00000|100%| O|  |TAMS 0x00000000e1900000| PB 0x00000000e1900000| Untracked 
|  26|0x00000000e1a00000, 0x00000000e1b00000, 0x00000000e1b00000|100%| O|  |TAMS 0x00000000e1a00000| PB 0x00000000e1a00000| Untracked 
|  27|0x00000000e1b00000, 0x00000000e1c00000, 0x00000000e1c00000|100%| O|  |TAMS 0x00000000e1b00000| PB 0x00000000e1b00000| Untracked 
|  28|0x00000000e1c00000, 0x00000000e1d00000, 0x00000000e1d00000|100%| O|  |TAMS 0x00000000e1c00000| PB 0x00000000e1c00000| Untracked 
|  29|0x00000000e1d00000, 0x00000000e1d2e000, 0x00000000e1e00000| 17%| O|  |TAMS 0x00000000e1d00000| PB 0x00000000e1d00000| Untracked 
|  30|0x00000000e1e00000, 0x00000000e1e00000, 0x00000000e1f00000|  0%| F|  |TAMS 0x00000000e1e00000| PB 0x00000000e1e00000| Untracked 
|  31|0x00000000e1f00000, 0x00000000e1f00000, 0x00000000e2000000|  0%| F|  |TAMS 0x00000000e1f00000| PB 0x00000000e1f00000| Untracked 
|  32|0x00000000e2000000, 0x00000000e2000000, 0x00000000e2100000|  0%| F|  |TAMS 0x00000000e2000000| PB 0x00000000e2000000| Untracked 
|  33|0x00000000e2100000, 0x00000000e2100000, 0x00000000e2200000|  0%| F|  |TAMS 0x00000000e2100000| PB 0x00000000e2100000| Untracked 
|  34|0x00000000e2200000, 0x00000000e2200000, 0x00000000e2300000|  0%| F|  |TAMS 0x00000000e2200000| PB 0x00000000e2200000| Untracked 
|  35|0x00000000e2300000, 0x00000000e2300000, 0x00000000e2400000|  0%| F|  |TAMS 0x00000000e2300000| PB 0x00000000e2300000| Untracked 
|  36|0x00000000e2400000, 0x00000000e2400000, 0x00000000e2500000|  0%| F|  |TAMS 0x00000000e2400000| PB 0x00000000e2400000| Untracked 
|  37|0x00000000e2500000, 0x00000000e2500000, 0x00000000e2600000|  0%| F|  |TAMS 0x00000000e2500000| PB 0x00000000e2500000| Untracked 
|  38|0x00000000e2600000, 0x00000000e2600000, 0x00000000e2700000|  0%| F|  |TAMS 0x00000000e2600000| PB 0x00000000e2600000| Untracked 
|  39|0x00000000e2700000, 0x00000000e2700000, 0x00000000e2800000|  0%| F|  |TAMS 0x00000000e2700000| PB 0x00000000e2700000| Untracked 
|  40|0x00000000e2800000, 0x00000000e2800000, 0x00000000e2900000|  0%| F|  |TAMS 0x00000000e2800000| PB 0x00000000e2800000| Untracked 
|  41|0x00000000e2900000, 0x00000000e2900000, 0x00000000e2a00000|  0%| F|  |TAMS 0x00000000e2900000| PB 0x00000000e2900000| Untracked 
|  42|0x00000000e2a00000, 0x00000000e2a00000, 0x00000000e2b00000|  0%| F|  |TAMS 0x00000000e2a00000| PB 0x00000000e2a00000| Untracked 
|  43|0x00000000e2b00000, 0x00000000e2b00000, 0x00000000e2c00000|  0%| F|  |TAMS 0x00000000e2b00000| PB 0x00000000e2b00000| Untracked 
|  44|0x00000000e2c00000, 0x00000000e2c00000, 0x00000000e2d00000|  0%| F|  |TAMS 0x00000000e2c00000| PB 0x00000000e2c00000| Untracked 
|  45|0x00000000e2d00000, 0x00000000e2d00000, 0x00000000e2e00000|  0%| F|  |TAMS 0x00000000e2d00000| PB 0x00000000e2d00000| Untracked 
|  46|0x00000000e2e00000, 0x00000000e2e00000, 0x00000000e2f00000|  0%| F|  |TAMS 0x00000000e2e00000| PB 0x00000000e2e00000| Untracked 
|  47|0x00000000e2f00000, 0x00000000e2f00000, 0x00000000e3000000|  0%| F|  |TAMS 0x00000000e2f00000| PB 0x00000000e2f00000| Untracked 
|  48|0x00000000e3000000, 0x00000000e3000000, 0x00000000e3100000|  0%| F|  |TAMS 0x00000000e3000000| PB 0x00000000e3000000| Untracked 
|  49|0x00000000e3100000, 0x00000000e3100000, 0x00000000e3200000|  0%| F|  |TAMS 0x00000000e3100000| PB 0x00000000e3100000| Untracked 
|  50|0x00000000e3200000, 0x00000000e3200000, 0x00000000e3300000|  0%| F|  |TAMS 0x00000000e3200000| PB 0x00000000e3200000| Untracked 
|  51|0x00000000e3300000, 0x00000000e3300000, 0x00000000e3400000|  0%| F|  |TAMS 0x00000000e3300000| PB 0x00000000e3300000| Untracked 
|  52|0x00000000e3400000, 0x00000000e3400000, 0x00000000e3500000|  0%| F|  |TAMS 0x00000000e3400000| PB 0x00000000e3400000| Untracked 
|  53|0x00000000e3500000, 0x00000000e3500000, 0x00000000e3600000|  0%| F|  |TAMS 0x00000000e3500000| PB 0x00000000e3500000| Untracked 
|  54|0x00000000e3600000, 0x00000000e3600000, 0x00000000e3700000|  0%| F|  |TAMS 0x00000000e3600000| PB 0x00000000e3600000| Untracked 
|  55|0x00000000e3700000, 0x00000000e3700000, 0x00000000e3800000|  0%| F|  |TAMS 0x00000000e3700000| PB 0x00000000e3700000| Untracked 
|  56|0x00000000e3800000, 0x00000000e3800000, 0x00000000e3900000|  0%| F|  |TAMS 0x00000000e3800000| PB 0x00000000e3800000| Untracked 
|  57|0x00000000e3900000, 0x00000000e3900000, 0x00000000e3a00000|  0%| F|  |TAMS 0x00000000e3900000| PB 0x00000000e3900000| Untracked 
|  58|0x00000000e3a00000, 0x00000000e3a00000, 0x00000000e3b00000|  0%| F|  |TAMS 0x00000000e3a00000| PB 0x00000000e3a00000| Untracked 
|  59|0x00000000e3b00000, 0x00000000e3b00000, 0x00000000e3c00000|  0%| F|  |TAMS 0x00000000e3b00000| PB 0x00000000e3b00000| Untracked 
|  60|0x00000000e3c00000, 0x00000000e3c00000, 0x00000000e3d00000|  0%| F|  |TAMS 0x00000000e3c00000| PB 0x00000000e3c00000| Untracked 
|  61|0x00000000e3d00000, 0x00000000e3d00000, 0x00000000e3e00000|  0%| F|  |TAMS 0x00000000e3d00000| PB 0x00000000e3d00000| Untracked 
|  62|0x00000000e3e00000, 0x00000000e3e00000, 0x00000000e3f00000|  0%| F|  |TAMS 0x00000000e3e00000| PB 0x00000000e3e00000| Untracked 
|  63|0x00000000e3f00000, 0x00000000e3f00000, 0x00000000e4000000|  0%| F|  |TAMS 0x00000000e3f00000| PB 0x00000000e3f00000| Untracked 
|  64|0x00000000e4000000, 0x00000000e4000000, 0x00000000e4100000|  0%| F|  |TAMS 0x00000000e4000000| PB 0x00000000e4000000| Untracked 
|  65|0x00000000e4100000, 0x00000000e4100000, 0x00000000e4200000|  0%| F|  |TAMS 0x00000000e4100000| PB 0x00000000e4100000| Untracked 
|  66|0x00000000e4200000, 0x00000000e4200000, 0x00000000e4300000|  0%| F|  |TAMS 0x00000000e4200000| PB 0x00000000e4200000| Untracked 
|  67|0x00000000e4300000, 0x00000000e4300000, 0x00000000e4400000|  0%| F|  |TAMS 0x00000000e4300000| PB 0x00000000e4300000| Untracked 
|  68|0x00000000e4400000, 0x00000000e4400000, 0x00000000e4500000|  0%| F|  |TAMS 0x00000000e4400000| PB 0x00000000e4400000| Untracked 
|  69|0x00000000e4500000, 0x00000000e4500000, 0x00000000e4600000|  0%| F|  |TAMS 0x00000000e4500000| PB 0x00000000e4500000| Untracked 
|  70|0x00000000e4600000, 0x00000000e4600000, 0x00000000e4700000|  0%| F|  |TAMS 0x00000000e4600000| PB 0x00000000e4600000| Untracked 
|  71|0x00000000e4700000, 0x00000000e4700000, 0x00000000e4800000|  0%| F|  |TAMS 0x00000000e4700000| PB 0x00000000e4700000| Untracked 
|  72|0x00000000e4800000, 0x00000000e4800000, 0x00000000e4900000|  0%| F|  |TAMS 0x00000000e4800000| PB 0x00000000e4800000| Untracked 
|  73|0x00000000e4900000, 0x00000000e4900000, 0x00000000e4a00000|  0%| F|  |TAMS 0x00000000e4900000| PB 0x00000000e4900000| Untracked 
|  74|0x00000000e4a00000, 0x00000000e4a00000, 0x00000000e4b00000|  0%| F|  |TAMS 0x00000000e4a00000| PB 0x00000000e4a00000| Untracked 
|  75|0x00000000e4b00000, 0x00000000e4b00000, 0x00000000e4c00000|  0%| F|  |TAMS 0x00000000e4b00000| PB 0x00000000e4b00000| Untracked 
|  76|0x00000000e4c00000, 0x00000000e4c00000, 0x00000000e4d00000|  0%| F|  |TAMS 0x00000000e4c00000| PB 0x00000000e4c00000| Untracked 
|  77|0x00000000e4d00000, 0x00000000e4d00000, 0x00000000e4e00000|  0%| F|  |TAMS 0x00000000e4d00000| PB 0x00000000e4d00000| Untracked 
|  78|0x00000000e4e00000, 0x00000000e4e00000, 0x00000000e4f00000|  0%| F|  |TAMS 0x00000000e4e00000| PB 0x00000000e4e00000| Untracked 
|  79|0x00000000e4f00000, 0x00000000e4f00000, 0x00000000e5000000|  0%| F|  |TAMS 0x00000000e4f00000| PB 0x00000000e4f00000| Untracked 
|  80|0x00000000e5000000, 0x00000000e5000000, 0x00000000e5100000|  0%| F|  |TAMS 0x00000000e5000000| PB 0x00000000e5000000| Untracked 
|  81|0x00000000e5100000, 0x00000000e5100000, 0x00000000e5200000|  0%| F|  |TAMS 0x00000000e5100000| PB 0x00000000e5100000| Untracked 
|  82|0x00000000e5200000, 0x00000000e5200000, 0x00000000e5300000|  0%| F|  |TAMS 0x00000000e5200000| PB 0x00000000e5200000| Untracked 
|  83|0x00000000e5300000, 0x00000000e5300000, 0x00000000e5400000|  0%| F|  |TAMS 0x00000000e5300000| PB 0x00000000e5300000| Untracked 
|  84|0x00000000e5400000, 0x00000000e5400000, 0x00000000e5500000|  0%| F|  |TAMS 0x00000000e5400000| PB 0x00000000e5400000| Untracked 
|  85|0x00000000e5500000, 0x00000000e5500000, 0x00000000e5600000|  0%| F|  |TAMS 0x00000000e5500000| PB 0x00000000e5500000| Untracked 
|  86|0x00000000e5600000, 0x00000000e5600000, 0x00000000e5700000|  0%| F|  |TAMS 0x00000000e5600000| PB 0x00000000e5600000| Untracked 
|  87|0x00000000e5700000, 0x00000000e5700000, 0x00000000e5800000|  0%| F|  |TAMS 0x00000000e5700000| PB 0x00000000e5700000| Untracked 
|  88|0x00000000e5800000, 0x00000000e5800000, 0x00000000e5900000|  0%| F|  |TAMS 0x00000000e5800000| PB 0x00000000e5800000| Untracked 
|  89|0x00000000e5900000, 0x00000000e5900000, 0x00000000e5a00000|  0%| F|  |TAMS 0x00000000e5900000| PB 0x00000000e5900000| Untracked 
|  90|0x00000000e5a00000, 0x00000000e5a00000, 0x00000000e5b00000|  0%| F|  |TAMS 0x00000000e5a00000| PB 0x00000000e5a00000| Untracked 
|  91|0x00000000e5b00000, 0x00000000e5b00000, 0x00000000e5c00000|  0%| F|  |TAMS 0x00000000e5b00000| PB 0x00000000e5b00000| Untracked 
|  92|0x00000000e5c00000, 0x00000000e5c00000, 0x00000000e5d00000|  0%| F|  |TAMS 0x00000000e5c00000| PB 0x00000000e5c00000| Untracked 
|  93|0x00000000e5d00000, 0x00000000e5d00000, 0x00000000e5e00000|  0%| F|  |TAMS 0x00000000e5d00000| PB 0x00000000e5d00000| Untracked 
|  94|0x00000000e5e00000, 0x00000000e5e00000, 0x00000000e5f00000|  0%| F|  |TAMS 0x00000000e5e00000| PB 0x00000000e5e00000| Untracked 
|  95|0x00000000e5f00000, 0x00000000e5f00000, 0x00000000e6000000|  0%| F|  |TAMS 0x00000000e5f00000| PB 0x00000000e5f00000| Untracked 
|  96|0x00000000e6000000, 0x00000000e6000000, 0x00000000e6100000|  0%| F|  |TAMS 0x00000000e6000000| PB 0x00000000e6000000| Untracked 
|  97|0x00000000e6100000, 0x00000000e6100000, 0x00000000e6200000|  0%| F|  |TAMS 0x00000000e6100000| PB 0x00000000e6100000| Untracked 
|  98|0x00000000e6200000, 0x00000000e6200000, 0x00000000e6300000|  0%| F|  |TAMS 0x00000000e6200000| PB 0x00000000e6200000| Untracked 
|  99|0x00000000e6300000, 0x00000000e6300000, 0x00000000e6400000|  0%| F|  |TAMS 0x00000000e6300000| PB 0x00000000e6300000| Untracked 
| 100|0x00000000e6400000, 0x00000000e6400000, 0x00000000e6500000|  0%| F|  |TAMS 0x00000000e6400000| PB 0x00000000e6400000| Untracked 
| 101|0x00000000e6500000, 0x00000000e6500000, 0x00000000e6600000|  0%| F|  |TAMS 0x00000000e6500000| PB 0x00000000e6500000| Untracked 
| 102|0x00000000e6600000, 0x00000000e6600000, 0x00000000e6700000|  0%| F|  |TAMS 0x00000000e6600000| PB 0x00000000e6600000| Untracked 
| 103|0x00000000e6700000, 0x00000000e6700000, 0x00000000e6800000|  0%| F|  |TAMS 0x00000000e6700000| PB 0x00000000e6700000| Untracked 
| 104|0x00000000e6800000, 0x00000000e6800000, 0x00000000e6900000|  0%| F|  |TAMS 0x00000000e6800000| PB 0x00000000e6800000| Untracked 
| 105|0x00000000e6900000, 0x00000000e6900000, 0x00000000e6a00000|  0%| F|  |TAMS 0x00000000e6900000| PB 0x00000000e6900000| Untracked 
| 106|0x00000000e6a00000, 0x00000000e6a00000, 0x00000000e6b00000|  0%| F|  |TAMS 0x00000000e6a00000| PB 0x00000000e6a00000| Untracked 
| 107|0x00000000e6b00000, 0x00000000e6b00000, 0x00000000e6c00000|  0%| F|  |TAMS 0x00000000e6b00000| PB 0x00000000e6b00000| Untracked 
| 108|0x00000000e6c00000, 0x00000000e6c00000, 0x00000000e6d00000|  0%| F|  |TAMS 0x00000000e6c00000| PB 0x00000000e6c00000| Untracked 
| 109|0x00000000e6d00000, 0x00000000e6d00000, 0x00000000e6e00000|  0%| F|  |TAMS 0x00000000e6d00000| PB 0x00000000e6d00000| Untracked 
| 110|0x00000000e6e00000, 0x00000000e6e00000, 0x00000000e6f00000|  0%| F|  |TAMS 0x00000000e6e00000| PB 0x00000000e6e00000| Untracked 
| 111|0x00000000e6f00000, 0x00000000e6f00000, 0x00000000e7000000|  0%| F|  |TAMS 0x00000000e6f00000| PB 0x00000000e6f00000| Untracked 
| 112|0x00000000e7000000, 0x00000000e7000000, 0x00000000e7100000|  0%| F|  |TAMS 0x00000000e7000000| PB 0x00000000e7000000| Untracked 
| 113|0x00000000e7100000, 0x00000000e7100000, 0x00000000e7200000|  0%| F|  |TAMS 0x00000000e7100000| PB 0x00000000e7100000| Untracked 
| 114|0x00000000e7200000, 0x00000000e7200000, 0x00000000e7300000|  0%| F|  |TAMS 0x00000000e7200000| PB 0x00000000e7200000| Untracked 
| 115|0x00000000e7300000, 0x00000000e7300000, 0x00000000e7400000|  0%| F|  |TAMS 0x00000000e7300000| PB 0x00000000e7300000| Untracked 
| 116|0x00000000e7400000, 0x00000000e7400000, 0x00000000e7500000|  0%| F|  |TAMS 0x00000000e7400000| PB 0x00000000e7400000| Untracked 
| 117|0x00000000e7500000, 0x00000000e7500000, 0x00000000e7600000|  0%| F|  |TAMS 0x00000000e7500000| PB 0x00000000e7500000| Untracked 
| 118|0x00000000e7600000, 0x00000000e7600000, 0x00000000e7700000|  0%| F|  |TAMS 0x00000000e7600000| PB 0x00000000e7600000| Untracked 
| 119|0x00000000e7700000, 0x00000000e7700000, 0x00000000e7800000|  0%| F|  |TAMS 0x00000000e7700000| PB 0x00000000e7700000| Untracked 
| 120|0x00000000e7800000, 0x00000000e7800000, 0x00000000e7900000|  0%| F|  |TAMS 0x00000000e7800000| PB 0x00000000e7800000| Untracked 
| 121|0x00000000e7900000, 0x00000000e7900000, 0x00000000e7a00000|  0%| F|  |TAMS 0x00000000e7900000| PB 0x00000000e7900000| Untracked 
| 122|0x00000000e7a00000, 0x00000000e7a00000, 0x00000000e7b00000|  0%| F|  |TAMS 0x00000000e7a00000| PB 0x00000000e7a00000| Untracked 
| 123|0x00000000e7b00000, 0x00000000e7b00000, 0x00000000e7c00000|  0%| F|  |TAMS 0x00000000e7b00000| PB 0x00000000e7b00000| Untracked 
| 124|0x00000000e7c00000, 0x00000000e7c80000, 0x00000000e7d00000| 50%| S|CS|TAMS 0x00000000e7c00000| PB 0x00000000e7c00000| Complete 
| 125|0x00000000e7d00000, 0x00000000e7e00000, 0x00000000e7e00000|100%| S|CS|TAMS 0x00000000e7d00000| PB 0x00000000e7d00000| Complete 
| 126|0x00000000e7e00000, 0x00000000e7f00000, 0x00000000e7f00000|100%| S|CS|TAMS 0x00000000e7e00000| PB 0x00000000e7e00000| Complete 
| 127|0x00000000e7f00000, 0x00000000e8000000, 0x00000000e8000000|100%| S|CS|TAMS 0x00000000e7f00000| PB 0x00000000e7f00000| Complete 
| 128|0x00000000e8000000, 0x00000000e8100000, 0x00000000e8100000|100%| S|CS|TAMS 0x00000000e8000000| PB 0x00000000e8000000| Complete 
| 129|0x00000000e8100000, 0x00000000e8200000, 0x00000000e8200000|100%| S|CS|TAMS 0x00000000e8100000| PB 0x00000000e8100000| Complete 
| 130|0x00000000e8200000, 0x00000000e8300000, 0x00000000e8300000|100%| S|CS|TAMS 0x00000000e8200000| PB 0x00000000e8200000| Complete 
| 131|0x00000000e8300000, 0x00000000e8400000, 0x00000000e8400000|100%| S|CS|TAMS 0x00000000e8300000| PB 0x00000000e8300000| Complete 
| 132|0x00000000e8400000, 0x00000000e8500000, 0x00000000e8500000|100%| S|CS|TAMS 0x00000000e8400000| PB 0x00000000e8400000| Complete 
| 133|0x00000000e8500000, 0x00000000e8600000, 0x00000000e8600000|100%| S|CS|TAMS 0x00000000e8500000| PB 0x00000000e8500000| Complete 
| 134|0x00000000e8600000, 0x00000000e8700000, 0x00000000e8700000|100%| S|CS|TAMS 0x00000000e8600000| PB 0x00000000e8600000| Complete 
| 135|0x00000000e8700000, 0x00000000e8800000, 0x00000000e8800000|100%| S|CS|TAMS 0x00000000e8700000| PB 0x00000000e8700000| Complete 
| 136|0x00000000e8800000, 0x00000000e8900000, 0x00000000e8900000|100%| S|CS|TAMS 0x00000000e8800000| PB 0x00000000e8800000| Complete 
| 137|0x00000000e8900000, 0x00000000e8a00000, 0x00000000e8a00000|100%| S|CS|TAMS 0x00000000e8900000| PB 0x00000000e8900000| Complete 
| 138|0x00000000e8a00000, 0x00000000e8b00000, 0x00000000e8b00000|100%| S|CS|TAMS 0x00000000e8a00000| PB 0x00000000e8a00000| Complete 
| 139|0x00000000e8b00000, 0x00000000e8b00000, 0x00000000e8c00000|  0%| F|  |TAMS 0x00000000e8b00000| PB 0x00000000e8b00000| Untracked 
| 140|0x00000000e8c00000, 0x00000000e8c00000, 0x00000000e8d00000|  0%| F|  |TAMS 0x00000000e8c00000| PB 0x00000000e8c00000| Untracked 
| 141|0x00000000e8d00000, 0x00000000e8d00000, 0x00000000e8e00000|  0%| F|  |TAMS 0x00000000e8d00000| PB 0x00000000e8d00000| Untracked 
| 142|0x00000000e8e00000, 0x00000000e8e00000, 0x00000000e8f00000|  0%| F|  |TAMS 0x00000000e8e00000| PB 0x00000000e8e00000| Untracked 
| 143|0x00000000e8f00000, 0x00000000e8f00000, 0x00000000e9000000|  0%| F|  |TAMS 0x00000000e8f00000| PB 0x00000000e8f00000| Untracked 
| 144|0x00000000e9000000, 0x00000000e9000000, 0x00000000e9100000|  0%| F|  |TAMS 0x00000000e9000000| PB 0x00000000e9000000| Untracked 
| 145|0x00000000e9100000, 0x00000000e9100000, 0x00000000e9200000|  0%| F|  |TAMS 0x00000000e9100000| PB 0x00000000e9100000| Untracked 
| 146|0x00000000e9200000, 0x00000000e9200000, 0x00000000e9300000|  0%| F|  |TAMS 0x00000000e9200000| PB 0x00000000e9200000| Untracked 
| 147|0x00000000e9300000, 0x00000000e9300000, 0x00000000e9400000|  0%| F|  |TAMS 0x00000000e9300000| PB 0x00000000e9300000| Untracked 
| 148|0x00000000e9400000, 0x00000000e9400000, 0x00000000e9500000|  0%| F|  |TAMS 0x00000000e9400000| PB 0x00000000e9400000| Untracked 
| 149|0x00000000e9500000, 0x00000000e9500000, 0x00000000e9600000|  0%| F|  |TAMS 0x00000000e9500000| PB 0x00000000e9500000| Untracked 
| 150|0x00000000e9600000, 0x00000000e9600000, 0x00000000e9700000|  0%| F|  |TAMS 0x00000000e9600000| PB 0x00000000e9600000| Untracked 
| 151|0x00000000e9700000, 0x00000000e9700000, 0x00000000e9800000|  0%| F|  |TAMS 0x00000000e9700000| PB 0x00000000e9700000| Untracked 
| 152|0x00000000e9800000, 0x00000000e9800000, 0x00000000e9900000|  0%| F|  |TAMS 0x00000000e9800000| PB 0x00000000e9800000| Untracked 
| 153|0x00000000e9900000, 0x00000000e9900000, 0x00000000e9a00000|  0%| F|  |TAMS 0x00000000e9900000| PB 0x00000000e9900000| Untracked 
| 154|0x00000000e9a00000, 0x00000000e9a00000, 0x00000000e9b00000|  0%| F|  |TAMS 0x00000000e9a00000| PB 0x00000000e9a00000| Untracked 
| 155|0x00000000e9b00000, 0x00000000e9b00000, 0x00000000e9c00000|  0%| F|  |TAMS 0x00000000e9b00000| PB 0x00000000e9b00000| Untracked 
| 156|0x00000000e9c00000, 0x00000000e9c00000, 0x00000000e9d00000|  0%| F|  |TAMS 0x00000000e9c00000| PB 0x00000000e9c00000| Untracked 
| 157|0x00000000e9d00000, 0x00000000e9d00000, 0x00000000e9e00000|  0%| F|  |TAMS 0x00000000e9d00000| PB 0x00000000e9d00000| Untracked 
| 158|0x00000000e9e00000, 0x00000000e9e00000, 0x00000000e9f00000|  0%| F|  |TAMS 0x00000000e9e00000| PB 0x00000000e9e00000| Untracked 
| 159|0x00000000e9f00000, 0x00000000e9f00000, 0x00000000ea000000|  0%| F|  |TAMS 0x00000000e9f00000| PB 0x00000000e9f00000| Untracked 
| 160|0x00000000ea000000, 0x00000000ea000000, 0x00000000ea100000|  0%| F|  |TAMS 0x00000000ea000000| PB 0x00000000ea000000| Untracked 
| 161|0x00000000ea100000, 0x00000000ea100000, 0x00000000ea200000|  0%| F|  |TAMS 0x00000000ea100000| PB 0x00000000ea100000| Untracked 
| 162|0x00000000ea200000, 0x00000000ea200000, 0x00000000ea300000|  0%| F|  |TAMS 0x00000000ea200000| PB 0x00000000ea200000| Untracked 
| 163|0x00000000ea300000, 0x00000000ea300000, 0x00000000ea400000|  0%| F|  |TAMS 0x00000000ea300000| PB 0x00000000ea300000| Untracked 
| 164|0x00000000ea400000, 0x00000000ea400000, 0x00000000ea500000|  0%| F|  |TAMS 0x00000000ea400000| PB 0x00000000ea400000| Untracked 
| 165|0x00000000ea500000, 0x00000000ea500000, 0x00000000ea600000|  0%| F|  |TAMS 0x00000000ea500000| PB 0x00000000ea500000| Untracked 
| 166|0x00000000ea600000, 0x00000000ea600000, 0x00000000ea700000|  0%| F|  |TAMS 0x00000000ea600000| PB 0x00000000ea600000| Untracked 
| 167|0x00000000ea700000, 0x00000000ea700000, 0x00000000ea800000|  0%| F|  |TAMS 0x00000000ea700000| PB 0x00000000ea700000| Untracked 
| 168|0x00000000ea800000, 0x00000000ea800000, 0x00000000ea900000|  0%| F|  |TAMS 0x00000000ea800000| PB 0x00000000ea800000| Untracked 
| 169|0x00000000ea900000, 0x00000000ea900000, 0x00000000eaa00000|  0%| F|  |TAMS 0x00000000ea900000| PB 0x00000000ea900000| Untracked 
| 170|0x00000000eaa00000, 0x00000000eaa00000, 0x00000000eab00000|  0%| F|  |TAMS 0x00000000eaa00000| PB 0x00000000eaa00000| Untracked 
| 171|0x00000000eab00000, 0x00000000eab00000, 0x00000000eac00000|  0%| F|  |TAMS 0x00000000eab00000| PB 0x00000000eab00000| Untracked 
| 172|0x00000000eac00000, 0x00000000eac00000, 0x00000000ead00000|  0%| F|  |TAMS 0x00000000eac00000| PB 0x00000000eac00000| Untracked 
| 173|0x00000000ead00000, 0x00000000ead00000, 0x00000000eae00000|  0%| F|  |TAMS 0x00000000ead00000| PB 0x00000000ead00000| Untracked 
| 174|0x00000000eae00000, 0x00000000eae00000, 0x00000000eaf00000|  0%| F|  |TAMS 0x00000000eae00000| PB 0x00000000eae00000| Untracked 
| 175|0x00000000eaf00000, 0x00000000eaf00000, 0x00000000eb000000|  0%| F|  |TAMS 0x00000000eaf00000| PB 0x00000000eaf00000| Untracked 
| 176|0x00000000eb000000, 0x00000000eb000000, 0x00000000eb100000|  0%| F|  |TAMS 0x00000000eb000000| PB 0x00000000eb000000| Untracked 
| 177|0x00000000eb100000, 0x00000000eb100000, 0x00000000eb200000|  0%| F|  |TAMS 0x00000000eb100000| PB 0x00000000eb100000| Untracked 
| 178|0x00000000eb200000, 0x00000000eb200000, 0x00000000eb300000|  0%| F|  |TAMS 0x00000000eb200000| PB 0x00000000eb200000| Untracked 
| 179|0x00000000eb300000, 0x00000000eb300000, 0x00000000eb400000|  0%| F|  |TAMS 0x00000000eb300000| PB 0x00000000eb300000| Untracked 
| 180|0x00000000eb400000, 0x00000000eb400000, 0x00000000eb500000|  0%| F|  |TAMS 0x00000000eb400000| PB 0x00000000eb400000| Untracked 
| 181|0x00000000eb500000, 0x00000000eb500000, 0x00000000eb600000|  0%| F|  |TAMS 0x00000000eb500000| PB 0x00000000eb500000| Untracked 
| 182|0x00000000eb600000, 0x00000000eb600000, 0x00000000eb700000|  0%| F|  |TAMS 0x00000000eb600000| PB 0x00000000eb600000| Untracked 
| 183|0x00000000eb700000, 0x00000000eb700000, 0x00000000eb800000|  0%| F|  |TAMS 0x00000000eb700000| PB 0x00000000eb700000| Untracked 
| 184|0x00000000eb800000, 0x00000000eb800000, 0x00000000eb900000|  0%| F|  |TAMS 0x00000000eb800000| PB 0x00000000eb800000| Untracked 
| 185|0x00000000eb900000, 0x00000000eb900000, 0x00000000eba00000|  0%| F|  |TAMS 0x00000000eb900000| PB 0x00000000eb900000| Untracked 
| 186|0x00000000eba00000, 0x00000000eba00000, 0x00000000ebb00000|  0%| F|  |TAMS 0x00000000eba00000| PB 0x00000000eba00000| Untracked 
| 187|0x00000000ebb00000, 0x00000000ebb00000, 0x00000000ebc00000|  0%| F|  |TAMS 0x00000000ebb00000| PB 0x00000000ebb00000| Untracked 
| 188|0x00000000ebc00000, 0x00000000ebc00000, 0x00000000ebd00000|  0%| F|  |TAMS 0x00000000ebc00000| PB 0x00000000ebc00000| Untracked 
| 189|0x00000000ebd00000, 0x00000000ebd00000, 0x00000000ebe00000|  0%| F|  |TAMS 0x00000000ebd00000| PB 0x00000000ebd00000| Untracked 
| 190|0x00000000ebe00000, 0x00000000ebe00000, 0x00000000ebf00000|  0%| F|  |TAMS 0x00000000ebe00000| PB 0x00000000ebe00000| Untracked 
| 191|0x00000000ebf00000, 0x00000000ebf00000, 0x00000000ec000000|  0%| F|  |TAMS 0x00000000ebf00000| PB 0x00000000ebf00000| Untracked 
| 192|0x00000000ec000000, 0x00000000ec000000, 0x00000000ec100000|  0%| F|  |TAMS 0x00000000ec000000| PB 0x00000000ec000000| Untracked 
| 193|0x00000000ec100000, 0x00000000ec100000, 0x00000000ec200000|  0%| F|  |TAMS 0x00000000ec100000| PB 0x00000000ec100000| Untracked 
| 194|0x00000000ec200000, 0x00000000ec200000, 0x00000000ec300000|  0%| F|  |TAMS 0x00000000ec200000| PB 0x00000000ec200000| Untracked 
| 195|0x00000000ec300000, 0x00000000ec300000, 0x00000000ec400000|  0%| F|  |TAMS 0x00000000ec300000| PB 0x00000000ec300000| Untracked 
| 196|0x00000000ec400000, 0x00000000ec400000, 0x00000000ec500000|  0%| F|  |TAMS 0x00000000ec400000| PB 0x00000000ec400000| Untracked 
| 197|0x00000000ec500000, 0x00000000ec500000, 0x00000000ec600000|  0%| F|  |TAMS 0x00000000ec500000| PB 0x00000000ec500000| Untracked 
| 198|0x00000000ec600000, 0x00000000ec600000, 0x00000000ec700000|  0%| F|  |TAMS 0x00000000ec600000| PB 0x00000000ec600000| Untracked 
| 199|0x00000000ec700000, 0x00000000ec700000, 0x00000000ec800000|  0%| F|  |TAMS 0x00000000ec700000| PB 0x00000000ec700000| Untracked 
| 200|0x00000000ec800000, 0x00000000ec800000, 0x00000000ec900000|  0%| F|  |TAMS 0x00000000ec800000| PB 0x00000000ec800000| Untracked 
| 201|0x00000000ec900000, 0x00000000ec900000, 0x00000000eca00000|  0%| F|  |TAMS 0x00000000ec900000| PB 0x00000000ec900000| Untracked 
| 202|0x00000000eca00000, 0x00000000eca00000, 0x00000000ecb00000|  0%| F|  |TAMS 0x00000000eca00000| PB 0x00000000eca00000| Untracked 
| 203|0x00000000ecb00000, 0x00000000ecb00000, 0x00000000ecc00000|  0%| F|  |TAMS 0x00000000ecb00000| PB 0x00000000ecb00000| Untracked 
| 204|0x00000000ecc00000, 0x00000000ecc00000, 0x00000000ecd00000|  0%| F|  |TAMS 0x00000000ecc00000| PB 0x00000000ecc00000| Untracked 
| 205|0x00000000ecd00000, 0x00000000ecd00000, 0x00000000ece00000|  0%| F|  |TAMS 0x00000000ecd00000| PB 0x00000000ecd00000| Untracked 
| 206|0x00000000ece00000, 0x00000000ece00000, 0x00000000ecf00000|  0%| F|  |TAMS 0x00000000ece00000| PB 0x00000000ece00000| Untracked 
| 207|0x00000000ecf00000, 0x00000000ecf00000, 0x00000000ed000000|  0%| F|  |TAMS 0x00000000ecf00000| PB 0x00000000ecf00000| Untracked 
| 208|0x00000000ed000000, 0x00000000ed000000, 0x00000000ed100000|  0%| F|  |TAMS 0x00000000ed000000| PB 0x00000000ed000000| Untracked 
| 209|0x00000000ed100000, 0x00000000ed100000, 0x00000000ed200000|  0%| F|  |TAMS 0x00000000ed100000| PB 0x00000000ed100000| Untracked 
| 210|0x00000000ed200000, 0x00000000ed200000, 0x00000000ed300000|  0%| F|  |TAMS 0x00000000ed200000| PB 0x00000000ed200000| Untracked 
| 211|0x00000000ed300000, 0x00000000ed300000, 0x00000000ed400000|  0%| F|  |TAMS 0x00000000ed300000| PB 0x00000000ed300000| Untracked 
| 212|0x00000000ed400000, 0x00000000ed400000, 0x00000000ed500000|  0%| F|  |TAMS 0x00000000ed400000| PB 0x00000000ed400000| Untracked 
| 213|0x00000000ed500000, 0x00000000ed500000, 0x00000000ed600000|  0%| F|  |TAMS 0x00000000ed500000| PB 0x00000000ed500000| Untracked 
| 214|0x00000000ed600000, 0x00000000ed600000, 0x00000000ed700000|  0%| F|  |TAMS 0x00000000ed600000| PB 0x00000000ed600000| Untracked 
| 215|0x00000000ed700000, 0x00000000ed700000, 0x00000000ed800000|  0%| F|  |TAMS 0x00000000ed700000| PB 0x00000000ed700000| Untracked 
| 216|0x00000000ed800000, 0x00000000ed800000, 0x00000000ed900000|  0%| F|  |TAMS 0x00000000ed800000| PB 0x00000000ed800000| Untracked 
| 217|0x00000000ed900000, 0x00000000ed900000, 0x00000000eda00000|  0%| F|  |TAMS 0x00000000ed900000| PB 0x00000000ed900000| Untracked 
| 218|0x00000000eda00000, 0x00000000eda00000, 0x00000000edb00000|  0%| F|  |TAMS 0x00000000eda00000| PB 0x00000000eda00000| Untracked 
| 219|0x00000000edb00000, 0x00000000edb00000, 0x00000000edc00000|  0%| F|  |TAMS 0x00000000edb00000| PB 0x00000000edb00000| Untracked 
| 220|0x00000000edc00000, 0x00000000edc00000, 0x00000000edd00000|  0%| F|  |TAMS 0x00000000edc00000| PB 0x00000000edc00000| Untracked 
| 221|0x00000000edd00000, 0x00000000edd00000, 0x00000000ede00000|  0%| F|  |TAMS 0x00000000edd00000| PB 0x00000000edd00000| Untracked 
| 222|0x00000000ede00000, 0x00000000ede00000, 0x00000000edf00000|  0%| F|  |TAMS 0x00000000ede00000| PB 0x00000000ede00000| Untracked 
| 223|0x00000000edf00000, 0x00000000edf00000, 0x00000000ee000000|  0%| F|  |TAMS 0x00000000edf00000| PB 0x00000000edf00000| Untracked 
| 224|0x00000000ee000000, 0x00000000ee000000, 0x00000000ee100000|  0%| F|  |TAMS 0x00000000ee000000| PB 0x00000000ee000000| Untracked 
| 225|0x00000000ee100000, 0x00000000ee100000, 0x00000000ee200000|  0%| F|  |TAMS 0x00000000ee100000| PB 0x00000000ee100000| Untracked 
| 226|0x00000000ee200000, 0x00000000ee200000, 0x00000000ee300000|  0%| F|  |TAMS 0x00000000ee200000| PB 0x00000000ee200000| Untracked 
| 227|0x00000000ee300000, 0x00000000ee300000, 0x00000000ee400000|  0%| F|  |TAMS 0x00000000ee300000| PB 0x00000000ee300000| Untracked 
| 228|0x00000000ee400000, 0x00000000ee400000, 0x00000000ee500000|  0%| F|  |TAMS 0x00000000ee400000| PB 0x00000000ee400000| Untracked 
| 229|0x00000000ee500000, 0x00000000ee500000, 0x00000000ee600000|  0%| F|  |TAMS 0x00000000ee500000| PB 0x00000000ee500000| Untracked 
| 230|0x00000000ee600000, 0x00000000ee600000, 0x00000000ee700000|  0%| F|  |TAMS 0x00000000ee600000| PB 0x00000000ee600000| Untracked 
| 231|0x00000000ee700000, 0x00000000ee700000, 0x00000000ee800000|  0%| F|  |TAMS 0x00000000ee700000| PB 0x00000000ee700000| Untracked 
| 232|0x00000000ee800000, 0x00000000ee800000, 0x00000000ee900000|  0%| F|  |TAMS 0x00000000ee800000| PB 0x00000000ee800000| Untracked 
| 233|0x00000000ee900000, 0x00000000ee900000, 0x00000000eea00000|  0%| F|  |TAMS 0x00000000ee900000| PB 0x00000000ee900000| Untracked 
| 234|0x00000000eea00000, 0x00000000eea80000, 0x00000000eeb00000| 50%| E|  |TAMS 0x00000000eea00000| PB 0x00000000eea00000| Complete 
| 235|0x00000000eeb00000, 0x00000000eec00000, 0x00000000eec00000|100%| E|CS|TAMS 0x00000000eeb00000| PB 0x00000000eeb00000| Complete 
| 236|0x00000000eec00000, 0x00000000eed00000, 0x00000000eed00000|100%| E|CS|TAMS 0x00000000eec00000| PB 0x00000000eec00000| Complete 
| 237|0x00000000eed00000, 0x00000000eee00000, 0x00000000eee00000|100%| E|CS|TAMS 0x00000000eed00000| PB 0x00000000eed00000| Complete 
| 238|0x00000000eee00000, 0x00000000eef00000, 0x00000000eef00000|100%| E|CS|TAMS 0x00000000eee00000| PB 0x00000000eee00000| Complete 
| 239|0x00000000eef00000, 0x00000000ef000000, 0x00000000ef000000|100%| E|CS|TAMS 0x00000000eef00000| PB 0x00000000eef00000| Complete 
| 240|0x00000000ef000000, 0x00000000ef100000, 0x00000000ef100000|100%| E|CS|TAMS 0x00000000ef000000| PB 0x00000000ef000000| Complete 
| 241|0x00000000ef100000, 0x00000000ef200000, 0x00000000ef200000|100%| E|CS|TAMS 0x00000000ef100000| PB 0x00000000ef100000| Complete 
| 242|0x00000000ef200000, 0x00000000ef300000, 0x00000000ef300000|100%| E|CS|TAMS 0x00000000ef200000| PB 0x00000000ef200000| Complete 
| 243|0x00000000ef300000, 0x00000000ef400000, 0x00000000ef400000|100%| E|CS|TAMS 0x00000000ef300000| PB 0x00000000ef300000| Complete 
| 244|0x00000000ef400000, 0x00000000ef500000, 0x00000000ef500000|100%| E|CS|TAMS 0x00000000ef400000| PB 0x00000000ef400000| Complete 
| 245|0x00000000ef500000, 0x00000000ef600000, 0x00000000ef600000|100%| E|CS|TAMS 0x00000000ef500000| PB 0x00000000ef500000| Complete 
| 246|0x00000000ef600000, 0x00000000ef700000, 0x00000000ef700000|100%| E|CS|TAMS 0x00000000ef600000| PB 0x00000000ef600000| Complete 
| 247|0x00000000ef700000, 0x00000000ef800000, 0x00000000ef800000|100%| E|CS|TAMS 0x00000000ef700000| PB 0x00000000ef700000| Complete 
| 248|0x00000000ef800000, 0x00000000ef900000, 0x00000000ef900000|100%| E|CS|TAMS 0x00000000ef800000| PB 0x00000000ef800000| Complete 
| 249|0x00000000ef900000, 0x00000000efa00000, 0x00000000efa00000|100%| E|CS|TAMS 0x00000000ef900000| PB 0x00000000ef900000| Complete 
| 250|0x00000000efa00000, 0x00000000efb00000, 0x00000000efb00000|100%| E|CS|TAMS 0x00000000efa00000| PB 0x00000000efa00000| Complete 
| 251|0x00000000efb00000, 0x00000000efc00000, 0x00000000efc00000|100%| E|CS|TAMS 0x00000000efb00000| PB 0x00000000efb00000| Complete 
| 252|0x00000000efc00000, 0x00000000efd00000, 0x00000000efd00000|100%| E|CS|TAMS 0x00000000efc00000| PB 0x00000000efc00000| Complete 
| 253|0x00000000efd00000, 0x00000000efe00000, 0x00000000efe00000|100%| E|CS|TAMS 0x00000000efd00000| PB 0x00000000efd00000| Complete 
| 254|0x00000000efe00000, 0x00000000eff00000, 0x00000000eff00000|100%| E|CS|TAMS 0x00000000efe00000| PB 0x00000000efe00000| Complete 
| 255|0x00000000eff00000, 0x00000000f0000000, 0x00000000f0000000|100%| E|CS|TAMS 0x00000000eff00000| PB 0x00000000eff00000| Complete 

Card table byte_map: [0x000001abab2a0000,0x000001abab3a0000] _byte_map_base: 0x000001abaaba0000

Marking Bits: (CMBitMap*) 0x000001abab4db7e0
 Bits: [0x000001abbd6b0000, 0x000001abbdeb0000)

Polling page: 0x000001aba91a0000

Metaspace:

Usage:
  Non-class:     45.97 MB used.
      Class:      8.09 MB used.
       Both:     54.06 MB used.

Virtual space:
  Non-class space:       64.00 MB reserved,      47.06 MB ( 74%) committed,  1 nodes.
      Class space:      320.00 MB reserved,       9.12 MB (  3%) committed,  1 nodes.
             Both:      384.00 MB reserved,      56.19 MB ( 15%) committed. 

Chunk freelists:
   Non-Class:  880.00 KB
       Class:  6.92 MB
        Both:  7.78 MB

MaxMetaspaceSize: 384.00 MB
CompressedClassSpaceSize: 320.00 MB
Initial GC threshold: 21.00 MB
Current GC threshold: 59.19 MB
CDS: on
 - commit_granule_bytes: 65536.
 - commit_granule_words: 8192.
 - virtual_space_node_default_size: 8388608.
 - enlarge_chunks_in_place: 1.
 - use_allocation_guard: 0.


Internal statistics:

num_allocs_failed_limit: 9.
num_arena_births: 3852.
num_arena_deaths: 0.
num_vsnodes_births: 2.
num_vsnodes_deaths: 0.
num_space_committed: 899.
num_space_uncommitted: 0.
num_chunks_returned_to_freelist: 9.
num_chunks_taken_from_freelist: 6757.
num_chunk_merges: 6.
num_chunk_splits: 4291.
num_chunks_enlarged: 2499.
num_inconsistent_stats: 0.

CodeHeap 'non-profiled nmethods': size=120000Kb used=4688Kb max_used=4688Kb free=115311Kb
 bounds [0x000001abb6180000, 0x000001abb6620000, 0x000001abbd6b0000]
CodeHeap 'profiled nmethods': size=120000Kb used=14184Kb max_used=14184Kb free=105815Kb
 bounds [0x000001abae6b0000, 0x000001abaf490000, 0x000001abb5be0000]
CodeHeap 'non-nmethods': size=5760Kb used=1895Kb max_used=1938Kb free=3864Kb
 bounds [0x000001abb5be0000, 0x000001abb5e50000, 0x000001abb6180000]
CodeCache: size=245760Kb, used=20767Kb, max_used=20810Kb, free=224990Kb
 total_blobs=8059, nmethods=7292, adapters=671, full_count=0
Compilation: enabled, stopped_count=0, restarted_count=0

Compilation events (20 events):
Event: 1071.877 Thread 0x000001abc051c5f0 7779       2       com.google.common.collect.ImmutableMap$Builder::build (179 bytes)
Event: 1071.878 Thread 0x000001abc04ddde0 nmethod 7777 0x000001abb6612f10 code [0x000001abb66130a0, 0x000001abb6613148]
Event: 1071.878 Thread 0x000001abc04ddde0 7778       4       com.google.common.collect.AbstractMapBasedMultimap$KeySet$1::hasNext (10 bytes)
Event: 1071.879 Thread 0x000001abc051c5f0 nmethod 7779 0x000001abaf485a90 code [0x000001abaf485d60, 0x000001abaf486970]
Event: 1071.879 Thread 0x000001abc04ddde0 nmethod 7778 0x000001abb6613210 code [0x000001abb66133a0, 0x000001abb6613470]
Event: 1071.948 Thread 0x000001abc051c5f0 7780       3       org.gradle.api.DefaultTask::getName (5 bytes)
Event: 1071.948 Thread 0x000001abc051c5f0 nmethod 7780 0x000001abaf486f10 code [0x000001abaf4870c0, 0x000001abaf487248]
Event: 1072.329 Thread 0x000001abc051c5f0 7781       3       java.util.HashMap$TreeNode::<init> (10 bytes)
Event: 1072.330 Thread 0x000001abc051c5f0 nmethod 7781 0x000001abaf487310 code [0x000001abaf4874c0, 0x000001abaf4875f8]
Event: 1072.434 Thread 0x000001abc051c5f0 7782       3       java.lang.invoke.LambdaForm$DMH/0x000001abc23a3c00::newInvokeSpecial (34 bytes)
Event: 1072.435 Thread 0x000001abc051c5f0 nmethod 7782 0x000001abaf487690 code [0x000001abaf487880, 0x000001abaf488058]
Event: 1072.435 Thread 0x000001abc051c5f0 7783       3       com.google.common.collect.LinkedHashMultimap$ValueSet$1::next (43 bytes)
Event: 1072.435 Thread 0x000001abc051c5f0 nmethod 7783 0x000001abaf488290 code [0x000001abaf4884c0, 0x000001abaf488dc8]
Event: 1073.365 Thread 0x000001abc051c5f0 7784       3       java.util.HashMap$TreeNode::balanceInsertion (245 bytes)
Event: 1073.366 Thread 0x000001abc051c5f0 nmethod 7784 0x000001abaf489090 code [0x000001abaf489300, 0x000001abaf489c38]
Event: 1073.438 Thread 0x000001abc04ddde0 7785       4       org.gradle.internal.reflect.annotations.impl.DefaultTypeAnnotationMetadataStore$HasAnnotationMetadataBuilder$$Lambda/0x000001abc2787d08::apply (13 bytes)
Event: 1073.439 Thread 0x000001abc04ddde0 nmethod 7785 0x000001abb6613510 code [0x000001abb66136a0, 0x000001abb66137f8]
Event: 1073.464 Thread 0x000001abc04ddde0 7786       4       com.google.common.collect.ImmutableSet$SetBuilderImpl::addDedupedElement (28 bytes)
Event: 1073.472 Thread 0x000001abc04ddde0 nmethod 7786 0x000001abb6613910 code [0x000001abb6613ac0, 0x000001abb6613e40]
Event: 1073.472 Thread 0x000001abc04ddde0 7787       4       com.google.common.collect.ImmutableCollection$Builder::addAll (34 bytes)

GC Heap History (20 events):
Event: 4.818 GC heap before
{Heap before GC invocations=0 (full 0):
 garbage-first heap   total 262144K, used 13312K [0x00000000e0000000, 0x0000000100000000)
  region size 1024K, 13 young (13312K), 0 survivors (0K)
 Metaspace       used 1182K, committed 1344K, reserved 393216K
  class space    used 105K, committed 192K, reserved 327680K
}
Event: 5.248 GC heap after
{Heap after GC invocations=1 (full 0):
 garbage-first heap   total 262144K, used 2953K [0x00000000e0000000, 0x0000000100000000)
  region size 1024K, 2 young (2048K), 2 survivors (2048K)
 Metaspace       used 1182K, committed 1344K, reserved 393216K
  class space    used 105K, committed 192K, reserved 327680K
}
Event: 33.494 GC heap before
{Heap before GC invocations=1 (full 0):
 garbage-first heap   total 262144K, used 23433K [0x00000000e0000000, 0x0000000100000000)
  region size 1024K, 19 young (19456K), 2 survivors (2048K)
 Metaspace       used 4532K, committed 4736K, reserved 393216K
  class space    used 589K, committed 704K, reserved 327680K
}
Event: 33.499 GC heap after
{Heap after GC invocations=2 (full 0):
 garbage-first heap   total 262144K, used 11551K [0x00000000e0000000, 0x0000000100000000)
  region size 1024K, 3 young (3072K), 3 survivors (3072K)
 Metaspace       used 4532K, committed 4736K, reserved 393216K
  class space    used 589K, committed 704K, reserved 327680K
}
Event: 44.824 GC heap before
{Heap before GC invocations=2 (full 0):
 garbage-first heap   total 262144K, used 34079K [0x00000000e0000000, 0x0000000100000000)
  region size 1024K, 24 young (24576K), 3 survivors (3072K)
 Metaspace       used 4684K, committed 4864K, reserved 393216K
  class space    used 591K, committed 704K, reserved 327680K
}
Event: 44.828 GC heap after
{Heap after GC invocations=3 (full 0):
 garbage-first heap   total 262144K, used 15287K [0x00000000e0000000, 0x0000000100000000)
  region size 1024K, 3 young (3072K), 3 survivors (3072K)
 Metaspace       used 4684K, committed 4864K, reserved 393216K
  class space    used 591K, committed 704K, reserved 327680K
}
Event: 111.214 GC heap before
{Heap before GC invocations=3 (full 0):
 garbage-first heap   total 262144K, used 104375K [0x00000000e0000000, 0x0000000100000000)
  region size 1024K, 91 young (93184K), 3 survivors (3072K)
 Metaspace       used 18314K, committed 18880K, reserved 393216K
  class space    used 2547K, committed 2816K, reserved 327680K
}
Event: 111.228 GC heap after
{Heap after GC invocations=4 (full 0):
 garbage-first heap   total 262144K, used 22889K [0x00000000e0000000, 0x0000000100000000)
  region size 1024K, 10 young (10240K), 10 survivors (10240K)
 Metaspace       used 18314K, committed 18880K, reserved 393216K
  class space    used 2547K, committed 2816K, reserved 327680K
}
Event: 122.276 GC heap before
{Heap before GC invocations=4 (full 0):
 garbage-first heap   total 262144K, used 42345K [0x00000000e0000000, 0x0000000100000000)
  region size 1024K, 30 young (30720K), 10 survivors (10240K)
 Metaspace       used 20826K, committed 21504K, reserved 393216K
  class space    used 2972K, committed 3328K, reserved 327680K
}
Event: 122.291 GC heap after
{Heap after GC invocations=5 (full 0):
 garbage-first heap   total 262144K, used 25063K [0x00000000e0000000, 0x0000000100000000)
  region size 1024K, 2 young (2048K), 2 survivors (2048K)
 Metaspace       used 20826K, committed 21504K, reserved 393216K
  class space    used 2972K, committed 3328K, reserved 327680K
}
Event: 240.340 GC heap before
{Heap before GC invocations=6 (full 0):
 garbage-first heap   total 262144K, used 128487K [0x00000000e0000000, 0x0000000100000000)
  region size 1024K, 102 young (104448K), 2 survivors (2048K)
 Metaspace       used 34170K, committed 35456K, reserved 393216K
  class space    used 4914K, committed 5568K, reserved 327680K
}
Event: 240.360 GC heap after
{Heap after GC invocations=7 (full 0):
 garbage-first heap   total 262144K, used 29992K [0x00000000e0000000, 0x0000000100000000)
  region size 1024K, 7 young (7168K), 7 survivors (7168K)
 Metaspace       used 34170K, committed 35456K, reserved 393216K
  class space    used 4914K, committed 5568K, reserved 327680K
}
Event: 246.287 GC heap before
{Heap before GC invocations=7 (full 0):
 garbage-first heap   total 262144K, used 32040K [0x00000000e0000000, 0x0000000100000000)
  region size 1024K, 11 young (11264K), 7 survivors (7168K)
 Metaspace       used 34664K, committed 35968K, reserved 393216K
  class space    used 4961K, committed 5632K, reserved 327680K
}
Event: 246.298 GC heap after
{Heap after GC invocations=8 (full 0):
 garbage-first heap   total 262144K, used 30630K [0x00000000e0000000, 0x0000000100000000)
  region size 1024K, 8 young (8192K), 8 survivors (8192K)
 Metaspace       used 34664K, committed 35968K, reserved 393216K
  class space    used 4961K, committed 5632K, reserved 327680K
}
Event: 249.446 GC heap before
{Heap before GC invocations=8 (full 0):
 garbage-first heap   total 262144K, used 32678K [0x00000000e0000000, 0x0000000100000000)
  region size 1024K, 11 young (11264K), 8 survivors (8192K)
 Metaspace       used 34955K, committed 36288K, reserved 393216K
  class space    used 4989K, committed 5696K, reserved 327680K
}
Event: 249.456 GC heap after
{Heap after GC invocations=9 (full 0):
 garbage-first heap   total 262144K, used 30760K [0x00000000e0000000, 0x0000000100000000)
  region size 1024K, 8 young (8192K), 8 survivors (8192K)
 Metaspace       used 34955K, committed 36288K, reserved 393216K
  class space    used 4989K, committed 5696K, reserved 327680K
}
Event: 803.804 GC heap before
{Heap before GC invocations=10 (full 0):
 garbage-first heap   total 262144K, used 179240K [0x00000000e0000000, 0x0000000100000000)
  region size 1024K, 153 young (156672K), 8 survivors (8192K)
 Metaspace       used 47105K, committed 48960K, reserved 393216K
  class space    used 6968K, committed 7872K, reserved 327680K
}
Event: 804.020 GC heap after
{Heap after GC invocations=11 (full 0):
 garbage-first heap   total 262144K, used 36605K [0x00000000e0000000, 0x0000000100000000)
  region size 1024K, 14 young (14336K), 14 survivors (14336K)
 Metaspace       used 47105K, committed 48960K, reserved 393216K
  class space    used 6968K, committed 7872K, reserved 327680K
}
Event: 1056.145 GC heap before
{Heap before GC invocations=11 (full 0):
 garbage-first heap   total 262144K, used 155389K [0x00000000e0000000, 0x0000000100000000)
  region size 1024K, 131 young (134144K), 14 survivors (14336K)
 Metaspace       used 53884K, committed 56000K, reserved 393216K
  class space    used 8056K, committed 9088K, reserved 327680K
}
Event: 1056.225 GC heap after
{Heap after GC invocations=12 (full 0):
 garbage-first heap   total 262144K, used 43704K [0x00000000e0000000, 0x0000000100000000)
  region size 1024K, 15 young (15360K), 15 survivors (15360K)
 Metaspace       used 53884K, committed 56000K, reserved 393216K
  class space    used 8056K, committed 9088K, reserved 327680K
}

Dll operation events (20 events):
Event: 0.980 Attempting to load shared library C:\Users\user\.vscode\extensions\redhat.java-1.56.0-win32-x64\jre\21.0.12.1-win32-x86_64\bin\nio.dll
Event: 0.981 Loaded shared library C:\Users\user\.vscode\extensions\redhat.java-1.56.0-win32-x64\jre\21.0.12.1-win32-x86_64\bin\nio.dll
Event: 0.997 Attempting to load shared library C:\Users\user\.vscode\extensions\redhat.java-1.56.0-win32-x64\jre\21.0.12.1-win32-x86_64\bin\zip.dll
Event: 0.997 Loaded shared library C:\Users\user\.vscode\extensions\redhat.java-1.56.0-win32-x64\jre\21.0.12.1-win32-x86_64\bin\zip.dll
Event: 1.916 Attempting to load shared library C:\Users\user\.vscode\extensions\redhat.java-1.56.0-win32-x64\jre\21.0.12.1-win32-x86_64\bin\jimage.dll
Event: 1.916 Loaded shared library C:\Users\user\.vscode\extensions\redhat.java-1.56.0-win32-x64\jre\21.0.12.1-win32-x86_64\bin\jimage.dll
Event: 12.971 Attempting to load shared library C:\Users\user\.vscode\extensions\redhat.java-1.56.0-win32-x64\jre\21.0.12.1-win32-x86_64\bin\verify.dll
Event: 12.971 Loaded shared library C:\Users\user\.vscode\extensions\redhat.java-1.56.0-win32-x64\jre\21.0.12.1-win32-x86_64\bin\verify.dll
Event: 15.881 Attempting to load shared library C:\Users\user\.gradle\native\660c5614fbf4a5f2a75b1949f50a0caf5cd603558e7d8a26e50b933a0cfb79d1\windows-amd64\native-platform.dll
Event: 15.882 Loaded shared library C:\Users\user\.gradle\native\660c5614fbf4a5f2a75b1949f50a0caf5cd603558e7d8a26e50b933a0cfb79d1\windows-amd64\native-platform.dll
Event: 16.390 Attempting to load shared library C:\Users\user\.gradle\native\0.2.8\x86_64-windows-gnu\gradle-fileevents.dll
Event: 16.391 Loaded shared library C:\Users\user\.gradle\native\0.2.8\x86_64-windows-gnu\gradle-fileevents.dll
Event: 65.561 Attempting to load shared library C:\Users\user\.vscode\extensions\redhat.java-1.56.0-win32-x64\jre\21.0.12.1-win32-x86_64\bin\management.dll
Event: 65.642 Loaded shared library C:\Users\user\.vscode\extensions\redhat.java-1.56.0-win32-x64\jre\21.0.12.1-win32-x86_64\bin\management.dll
Event: 65.705 Attempting to load shared library C:\Users\user\.vscode\extensions\redhat.java-1.56.0-win32-x64\jre\21.0.12.1-win32-x86_64\bin\management_ext.dll
Event: 65.753 Loaded shared library C:\Users\user\.vscode\extensions\redhat.java-1.56.0-win32-x64\jre\21.0.12.1-win32-x86_64\bin\management_ext.dll
Event: 78.420 Attempting to load shared library C:\Users\user\.vscode\extensions\redhat.java-1.56.0-win32-x64\jre\21.0.12.1-win32-x86_64\bin\extnet.dll
Event: 78.420 Loaded shared library C:\Users\user\.vscode\extensions\redhat.java-1.56.0-win32-x64\jre\21.0.12.1-win32-x86_64\bin\extnet.dll
Event: 88.016 Attempting to load shared library C:\Users\user\.vscode\extensions\redhat.java-1.56.0-win32-x64\jre\21.0.12.1-win32-x86_64\bin\sunmscapi.dll
Event: 88.051 Loaded shared library C:\Users\user\.vscode\extensions\redhat.java-1.56.0-win32-x64\jre\21.0.12.1-win32-x86_64\bin\sunmscapi.dll

Deoptimization events (20 events):
Event: 1063.871 Thread 0x000001abdbb15760 Uncommon trap: trap_request=0xffffffde fr.pc=0x000001abb63b5788 relative=0x0000000000000148
Event: 1063.871 Thread 0x000001abdbb15760 Uncommon trap: reason=class_check action=maybe_recompile pc=0x000001abb63b5788 method=java.util.Spliterators$IteratorSpliterator.tryAdvance(Ljava/util/function/Consumer;)Z @ 68 c2
Event: 1063.871 Thread 0x000001abdbb15760 DEOPT PACKING pc=0x000001abb63b5788 sp=0x0000006cbd0f9fc0
Event: 1063.871 Thread 0x000001abdbb15760 DEOPT UNPACKING pc=0x000001abb5c34422 sp=0x0000006cbd0f9f58 mode 2
Event: 1063.871 Thread 0x000001abdbb15760 Uncommon trap: trap_request=0xffffffde fr.pc=0x000001abb63b5788 relative=0x0000000000000148
Event: 1063.871 Thread 0x000001abdbb15760 Uncommon trap: reason=class_check action=maybe_recompile pc=0x000001abb63b5788 method=java.util.Spliterators$IteratorSpliterator.tryAdvance(Ljava/util/function/Consumer;)Z @ 68 c2
Event: 1063.871 Thread 0x000001abdbb15760 DEOPT PACKING pc=0x000001abb63b5788 sp=0x0000006cbd0f9fc0
Event: 1063.871 Thread 0x000001abdbb15760 DEOPT UNPACKING pc=0x000001abb5c34422 sp=0x0000006cbd0f9f58 mode 2
Event: 1065.951 Thread 0x000001abdbb15760 Uncommon trap: trap_request=0xffffff76 fr.pc=0x000001abb6602818 relative=0x0000000000000f78
Event: 1065.951 Thread 0x000001abdbb15760 Uncommon trap: reason=predicate action=maybe_recompile pc=0x000001abb6602818 method=com.google.common.collect.RegularImmutableMap.fromEntryArrayCheckingBucketOverflow(I[Ljava/util/Map$Entry;Z)Lcom/google/common/collect/ImmutableMap; @ 50 c2
Event: 1065.951 Thread 0x000001abdbb15760 DEOPT PACKING pc=0x000001abb6602818 sp=0x0000006cbd0f9680
Event: 1065.951 Thread 0x000001abdbb15760 DEOPT UNPACKING pc=0x000001abb5c34422 sp=0x0000006cbd0f9548 mode 2
Event: 1065.952 Thread 0x000001abdbb15760 Uncommon trap: trap_request=0xffffff45 fr.pc=0x000001abb65bcbe4 relative=0x00000000000004a4
Event: 1065.952 Thread 0x000001abdbb15760 Uncommon trap: reason=unstable_if action=reinterpret pc=0x000001abb65bcbe4 method=sun.reflect.annotation.AnnotationInvocationHandler.invoke(Ljava/lang/Object;Ljava/lang/reflect/Method;[Ljava/lang/Object;)Ljava/lang/Object; @ 15 c2
Event: 1065.952 Thread 0x000001abdbb15760 DEOPT PACKING pc=0x000001abb65bcbe4 sp=0x0000006cbd0f96f0
Event: 1065.952 Thread 0x000001abdbb15760 DEOPT UNPACKING pc=0x000001abb5c34422 sp=0x0000006cbd0f9698 mode 2
Event: 1066.751 Thread 0x000001abdbb15760 Uncommon trap: trap_request=0xfffffff4 fr.pc=0x000001abb65d3e3c relative=0x0000000000006cfc
Event: 1066.751 Thread 0x000001abdbb15760 Uncommon trap: reason=null_check action=make_not_entrant pc=0x000001abb65d3e3c method=java.lang.Class.reflectionData()Ljava/lang/Class$ReflectionData; @ 18 c2
Event: 1066.751 Thread 0x000001abdbb15760 DEOPT PACKING pc=0x000001abb65d3e3c sp=0x0000006cbd0f8920
Event: 1066.751 Thread 0x000001abdbb15760 DEOPT UNPACKING pc=0x000001abb5c34422 sp=0x0000006cbd0f87b8 mode 2

Classes loaded (20 events):
Event: 1035.966 Loading class java/util/AbstractCollectionBeanInfo
Event: 1035.966 Loading class java/util/AbstractCollectionBeanInfo done
Event: 1035.967 Loading class java/util/AbstractCollectionBeanInfo
Event: 1035.967 Loading class java/util/AbstractCollectionBeanInfo done
Event: 1036.011 Loading class java/util/AbstractCollectionCustomizer
Event: 1036.011 Loading class java/util/AbstractCollectionCustomizer done
Event: 1036.012 Loading class java/util/AbstractCollectionCustomizer
Event: 1036.012 Loading class java/util/AbstractCollectionCustomizer done
Event: 1041.416 Loading class sun/reflect/generics/tree/LongSignature
Event: 1041.416 Loading class sun/reflect/generics/tree/LongSignature done
Event: 1045.816 Loading class java/util/LinkedList$LLSpliterator
Event: 1045.819 Loading class java/util/LinkedList$LLSpliterator done
Event: 1059.987 Loading class java/util/TreeMap$ValueSpliterator
Event: 1059.987 Loading class java/util/TreeMap$ValueSpliterator done
Event: 1067.889 Loading class java/text/MessageFormat
Event: 1067.936 Loading class java/text/MessageFormat done
Event: 1067.936 Loading class java/text/MessageFormat$Field
Event: 1067.937 Loading class java/text/MessageFormat$Field done
Event: 1068.060 Loading class java/io/FileReader
Event: 1068.060 Loading class java/io/FileReader done

Classes unloaded (0 events):
No events

Classes redefined (0 events):
No events

Internal exceptions (20 events):
Event: 1039.089 Thread 0x000001abdbb15760 Exception <a 'java/lang/ClassNotFoundException'{0x00000000e9d5ba68}: org/gradle/api/internal/artifacts/dsl/dependencies/DefaultDependencyHandlerCustomizer> (0x00000000e9d5ba68) 
thrown [s\src\hotspot\share\classfile\systemDictionary.cpp, line 313]
Event: 1039.294 Thread 0x000001abdbb15760 Exception <a 'java/lang/ClassNotFoundException'{0x00000000e9db8800}: org/gradle/api/internal/artifacts/dsl/dependencies/DefaultDependencyHandler_DecoratedCustomizer> (0x00000000e9db8800) 
thrown [s\src\hotspot\share\classfile\systemDictionary.cpp, line 313]
Event: 1040.456 Thread 0x000001abdbb15760 Exception <a 'java/lang/ClassNotFoundException'{0x00000000e9b1d9b8}: org/gradle/api/internal/tasks/DefaultTaskContainer_DecoratedBeanInfo> (0x00000000e9b1d9b8) 
thrown [s\src\hotspot\share\classfile\systemDictionary.cpp, line 313]
Event: 1040.501 Thread 0x000001abdbb15760 Exception <a 'java/lang/ClassNotFoundException'{0x00000000e9b319a0}: org/gradle/api/internal/tasks/DefaultTaskContainerBeanInfo> (0x00000000e9b319a0) 
thrown [s\src\hotspot\share\classfile\systemDictionary.cpp, line 313]
Event: 1040.555 Thread 0x000001abdbb15760 Exception <a 'java/lang/ClassNotFoundException'{0x00000000e9b45c58}: org/gradle/api/internal/tasks/DefaultTaskCollectionBeanInfo> (0x00000000e9b45c58) 
thrown [s\src\hotspot\share\classfile\systemDictionary.cpp, line 313]
Event: 1040.615 Thread 0x000001abdbb15760 Exception <a 'java/lang/ClassNotFoundException'{0x00000000e9b59ef8}: org/gradle/api/internal/DefaultNamedDomainObjectSetBeanInfo> (0x00000000e9b59ef8) 
thrown [s\src\hotspot\share\classfile\systemDictionary.cpp, line 313]
Event: 1040.647 Thread 0x000001abdbb15760 Exception <a 'java/lang/ClassNotFoundException'{0x00000000e9b6e178}: org/gradle/api/internal/DefaultNamedDomainObjectSetCustomizer> (0x00000000e9b6e178) 
thrown [s\src\hotspot\share\classfile\systemDictionary.cpp, line 313]
Event: 1040.917 Thread 0x000001abdbb15760 Exception <a 'java/lang/ClassNotFoundException'{0x00000000e9bfd640}: org/gradle/api/internal/tasks/DefaultTaskCollectionCustomizer> (0x00000000e9bfd640) 
thrown [s\src\hotspot\share\classfile\systemDictionary.cpp, line 313]
Event: 1041.080 Thread 0x000001abdbb15760 Exception <a 'java/lang/ClassNotFoundException'{0x00000000e9ab4eb8}: org/gradle/api/internal/tasks/DefaultTaskContainerCustomizer> (0x00000000e9ab4eb8) 
thrown [s\src\hotspot\share\classfile\systemDictionary.cpp, line 313]
Event: 1042.010 Thread 0x000001abdbb15760 Exception <a 'java/lang/ClassNotFoundException'{0x00000000e9896300}: org/gradle/api/internal/tasks/DefaultTaskContainer_DecoratedCustomizer> (0x00000000e9896300) 
thrown [s\src\hotspot\share\classfile\systemDictionary.cpp, line 313]
Event: 1043.348 Thread 0x000001abdbb15760 Exception <a 'java/lang/NoSuchMethodError'{0x00000000e97b9f58}: 'int java.lang.invoke.DirectMethodHandle$Holder.invokeSpecial(java.lang.Object, java.lang.Object, java.lang.Object, java.lang.Object, java.lang.Object)'> (0x00000000e97b9f58) 
thrown [s\src\hotspot\share\interpreter\linkResolver.cpp, line 773]
Event: 1043.597 Thread 0x000001abdbb15760 Exception <a 'java/lang/NoSuchMethodError'{0x00000000e97f3208}: 'void java.lang.invoke.DirectMethodHandle$Holder.invokeInterface(java.lang.Object, java.lang.Object, java.lang.Object, java.lang.Object)'> (0x00000000e97f3208) 
thrown [s\src\hotspot\share\interpreter\linkResolver.cpp, line 773]
Event: 1044.597 Thread 0x000001abdbb15760 Exception <a 'java/lang/NoSuchMethodError'{0x00000000e96fa310}: 'java.lang.Object java.lang.invoke.DirectMethodHandle$Holder.invokeStatic(java.lang.Object, int, java.lang.Object)'> (0x00000000e96fa310) 
thrown [s\src\hotspot\share\interpreter\linkResolver.cpp, line 773]
Event: 1045.709 Thread 0x000001abdbb15760 Implicit null exception at 0x000001abb64d0ef9 to 0x000001abb64d0f24
Event: 1045.709 Thread 0x000001abdbb15760 Implicit null exception at 0x000001abb647199b to 0x000001abb6472788
Event: 1052.353 Thread 0x000001abdbb15760 Exception <a 'java/lang/NoSuchMethodError'{0x00000000e8e89460}: 'void java.lang.invoke.DirectMethodHandle$Holder.invokeStatic(java.lang.Object, int, java.lang.Object)'> (0x00000000e8e89460) 
thrown [s\src\hotspot\share\interpreter\linkResolver.cpp, line 773]
Event: 1059.987 Thread 0x000001abdbb15760 Exception <a 'java/lang/IncompatibleClassChangeError'{0x00000000efb8df18}: Found class java.lang.Object, but interface was expected> (0x00000000efb8df18) 
thrown [s\src\hotspot\share\interpreter\linkResolver.cpp, line 840]
Event: 1062.388 Thread 0x000001abdbb15760 Implicit null exception at 0x000001abb64a0161 to 0x000001abb64a68ac
Event: 1063.693 Thread 0x000001abdbb15760 Exception <a 'java/lang/NoSuchMethodError'{0x00000000ef6d41c8}: 'int java.lang.invoke.DirectMethodHandle$Holder.invokeSpecialIFC(java.lang.Object, java.lang.Object, java.lang.Object, java.lang.Object, java.lang.Object)'> (0x00000000ef6d41c8) 
thrown [s\src\hotspot\share\interpreter\linkResolver.cpp, line 773]
Event: 1066.751 Thread 0x000001abdbb15760 Implicit null exception at 0x000001abb65cd2ee to 0x000001abb65d3e20

ZGC Phase Switch (0 events):
No events

VM Operations (20 events):
Event: 1060.813 Executing safepoint VM operation: Cleanup
Event: 1060.813 Executing safepoint VM operation: Cleanup done
Event: 1062.836 Executing safepoint VM operation: Cleanup
Event: 1062.867 Executing safepoint VM operation: Cleanup done
Event: 1063.879 Executing safepoint VM operation: Cleanup
Event: 1063.910 Executing safepoint VM operation: Cleanup done
Event: 1064.920 Executing safepoint VM operation: Cleanup
Event: 1064.935 Executing safepoint VM operation: Cleanup done
Event: 1066.948 Executing safepoint VM operation: Cleanup
Event: 1066.948 Executing safepoint VM operation: Cleanup done
Event: 1067.948 Executing safepoint VM operation: Cleanup
Event: 1067.978 Executing safepoint VM operation: Cleanup done
Event: 1068.993 Executing safepoint VM operation: Cleanup
Event: 1069.039 Executing safepoint VM operation: Cleanup done
Event: 1070.041 Executing safepoint VM operation: Cleanup
Event: 1070.355 Executing safepoint VM operation: Cleanup done
Event: 1072.369 Executing safepoint VM operation: Cleanup
Event: 1072.385 Executing safepoint VM operation: Cleanup done
Event: 1073.386 Executing safepoint VM operation: Cleanup
Event: 1073.402 Executing safepoint VM operation: Cleanup done

Memory protections (0 events):
No events

Nmethod flushes (20 events):
Event: 249.549 Thread 0x000001abc04b6cc0 flushing  nmethod 0x000001abae809690
Event: 249.549 Thread 0x000001abc04b6cc0 flushing  nmethod 0x000001abae80a110
Event: 249.549 Thread 0x000001abc04b6cc0 flushing  nmethod 0x000001abae80b110
Event: 249.549 Thread 0x000001abc04b6cc0 flushing  nmethod 0x000001abae826190
Event: 249.549 Thread 0x000001abc04b6cc0 flushing  nmethod 0x000001abae826610
Event: 249.549 Thread 0x000001abc04b6cc0 flushing  nmethod 0x000001abae827710
Event: 249.549 Thread 0x000001abc04b6cc0 flushing  nmethod 0x000001abae829b10
Event: 249.549 Thread 0x000001abc04b6cc0 flushing  nmethod 0x000001abae82a710
Event: 249.549 Thread 0x000001abc04b6cc0 flushing  nmethod 0x000001abae842d10
Event: 249.549 Thread 0x000001abc04b6cc0 flushing  nmethod 0x000001abae843a90
Event: 249.549 Thread 0x000001abc04b6cc0 flushing  nmethod 0x000001abae872690
Event: 249.549 Thread 0x000001abc04b6cc0 flushing  nmethod 0x000001abae882810
Event: 249.549 Thread 0x000001abc04b6cc0 flushing  nmethod 0x000001abae883690
Event: 249.549 Thread 0x000001abc04b6cc0 flushing  nmethod 0x000001abae8a3b10
Event: 249.549 Thread 0x000001abc04b6cc0 flushing  nmethod 0x000001abae8cad10
Event: 249.549 Thread 0x000001abc04b6cc0 flushing  nmethod 0x000001abae913090
Event: 249.549 Thread 0x000001abc04b6cc0 flushing  nmethod 0x000001abae916090
Event: 249.549 Thread 0x000001abc04b6cc0 flushing  nmethod 0x000001abae99a910
Event: 249.549 Thread 0x000001abc04b6cc0 flushing  nmethod 0x000001abaeb60690
Event: 249.549 Thread 0x000001abc04b6cc0 flushing  nmethod 0x000001abaebad710

Events (20 events):
Event: 107.967 Thread 0x000001abdc088010 Thread exited: 0x000001abdc088010
Event: 141.050 Thread 0x000001abdbb15760 Thread added: 0x000001abdc0e7cb0
Event: 142.865 Thread 0x000001abdbb15760 Thread added: 0x000001abdc0e6270
Event: 158.016 Thread 0x000001abdbb15760 Thread added: 0x000001abdc0e8340
Event: 158.274 Thread 0x000001abdbb15760 Thread added: 0x000001abdc0e89d0
Event: 181.332 Thread 0x000001abdbb15760 Thread added: 0x000001abdc0e5be0
Event: 188.268 Thread 0x000001abdbb15760 Thread added: 0x000001abdc0e6f90
Event: 211.778 Thread 0x000001abdbb15760 Thread added: 0x000001abdc0e7620
Event: 216.582 Thread 0x000001abdbb15760 Thread added: 0x000001abdc0e5550
Event: 277.876 Thread 0x000001abdbb15760 Thread added: 0x000001abda8ba9a0
Event: 285.289 Thread 0x000001abdbb15760 Thread added: 0x000001abda8bb030
Event: 353.906 Thread 0x000001abdbd75900 Thread exited: 0x000001abdbd75900
Event: 392.679 Thread 0x000001abdbd75270 Thread added: 0x000001abda8bb6c0
Event: 452.307 Thread 0x000001abdbb15760 Thread added: 0x000001abda8b8f60
Event: 798.137 Thread 0x000001abdbb15760 Thread added: 0x000001abda8b9c80
Event: 798.146 Thread 0x000001abdbb15760 Thread added: 0x000001abda8ba310
Event: 798.147 Thread 0x000001abdbb15760 Thread added: 0x000001abdbd75900
Event: 977.180 Thread 0x000001abdbb15760 Thread added: 0x000001abdc481df0
Event: 999.632 Thread 0x000001abdbb15760 Thread added: 0x000001abdc484550
Event: 1022.193 Thread 0x000001abdbb15760 Thread added: 0x000001abdc485270


Dynamic libraries:
0x00007ff622c60000 - 0x00007ff622c6e000 	C:\Users\user\.vscode\extensions\redhat.java-1.56.0-win32-x64\jre\21.0.12.1-win32-x86_64\bin\java.exe
0x00007ffb3f1c0000 - 0x00007ffb3f427000 	C:\WINDOWS\SYSTEM32\ntdll.dll
0x00007ffb3cf60000 - 0x00007ffb3d02b000 	C:\WINDOWS\System32\KERNEL32.DLL
0x00007ffb3c940000 - 0x00007ffb3cd42000 	C:\WINDOWS\System32\KERNELBASE.dll
0x00007ffb3c7e0000 - 0x00007ffb3c92c000 	C:\WINDOWS\System32\ucrtbase.dll
0x00007ffb10310000 - 0x00007ffb10328000 	C:\Users\user\.vscode\extensions\redhat.java-1.56.0-win32-x64\jre\21.0.12.1-win32-x86_64\bin\jli.dll
0x00007ffb3d030000 - 0x00007ffb3d1ff000 	C:\WINDOWS\System32\USER32.dll
0x00007ffb3c6f0000 - 0x00007ffb3c717000 	C:\WINDOWS\System32\win32u.dll
0x00007ffb3db90000 - 0x00007ffb3dbbb000 	C:\WINDOWS\System32\GDI32.dll
0x00007ffb3c3c0000 - 0x00007ffb3c4e9000 	C:\WINDOWS\System32\gdi32full.dll
0x00007ffb3c640000 - 0x00007ffb3c6e3000 	C:\WINDOWS\System32\msvcp_win.dll
0x00007ffb10330000 - 0x00007ffb1034e000 	C:\Users\user\.vscode\extensions\redhat.java-1.56.0-win32-x64\jre\21.0.12.1-win32-x86_64\bin\VCRUNTIME140.dll
0x00007ffb1ccf0000 - 0x00007ffb1cf80000 	C:\WINDOWS\WinSxS\amd64_microsoft.windows.common-controls_6595b64144ccf1df_6.0.26100.9278_none_3e0d1ba8e3303201\COMCTL32.dll
0x00007ffb3f040000 - 0x00007ffb3f0e9000 	C:\WINDOWS\System32\msvcrt.dll
0x00007ffb3d210000 - 0x00007ffb3d241000 	C:\WINDOWS\System32\IMM32.DLL
0x00007ffb16400000 - 0x00007ffb1640c000 	C:\Users\user\.vscode\extensions\redhat.java-1.56.0-win32-x64\jre\21.0.12.1-win32-x86_64\bin\vcruntime140_1.dll
0x00007ffaa32c0000 - 0x00007ffaa334d000 	C:\Users\user\.vscode\extensions\redhat.java-1.56.0-win32-x64\jre\21.0.12.1-win32-x86_64\bin\msvcp140.dll
0x00007ffaa0530000 - 0x00007ffaa12d2000 	C:\Users\user\.vscode\extensions\redhat.java-1.56.0-win32-x64\jre\21.0.12.1-win32-x86_64\bin\server\jvm.dll
0x00007ffb3df50000 - 0x00007ffb3e00c000 	C:\WINDOWS\System32\ADVAPI32.dll
0x00007ffb3e020000 - 0x00007ffb3e0c9000 	C:\WINDOWS\System32\sechost.dll
0x00007ffb3ed80000 - 0x00007ffb3ee98000 	C:\WINDOWS\System32\RPCRT4.dll
0x00007ffb3ecf0000 - 0x00007ffb3ed70000 	C:\WINDOWS\System32\WS2_32.dll
0x00007ffb3c210000 - 0x00007ffb3c26e000 	C:\WINDOWS\SYSTEM32\POWRPROF.dll
0x00007ffb35850000 - 0x00007ffb35886000 	C:\WINDOWS\SYSTEM32\WINMM.dll
0x00007ffb35890000 - 0x00007ffb3589b000 	C:\WINDOWS\SYSTEM32\VERSION.dll
0x00007ffb3c1f0000 - 0x00007ffb3c205000 	C:\WINDOWS\SYSTEM32\UMPDC.dll
0x00007ffb3b090000 - 0x00007ffb3b0ab000 	C:\WINDOWS\SYSTEM32\kernel.appcore.dll
0x00007ffb03da0000 - 0x00007ffb03daa000 	C:\Users\user\.vscode\extensions\redhat.java-1.56.0-win32-x64\jre\21.0.12.1-win32-x86_64\bin\jimage.dll
0x00007ffb31850000 - 0x00007ffb31a9c000 	C:\WINDOWS\SYSTEM32\DBGHELP.DLL
0x00007ffb3dbc0000 - 0x00007ffb3df45000 	C:\WINDOWS\System32\combase.dll
0x00007ffb3d980000 - 0x00007ffb3da59000 	C:\WINDOWS\System32\OLEAUT32.dll
0x00007ffb240a0000 - 0x00007ffb240db000 	C:\WINDOWS\SYSTEM32\dbgcore.DLL
0x00007ffb3c580000 - 0x00007ffb3c62c000 	C:\WINDOWS\System32\bcryptPrimitives.dll
0x00007ffb2c310000 - 0x00007ffb2c31f000 	C:\Users\user\.vscode\extensions\redhat.java-1.56.0-win32-x64\jre\21.0.12.1-win32-x86_64\bin\instrument.dll
0x00007ffb03d80000 - 0x00007ffb03da0000 	C:\Users\user\.vscode\extensions\redhat.java-1.56.0-win32-x64\jre\21.0.12.1-win32-x86_64\bin\java.dll
0x00007ffb3e0d0000 - 0x00007ffb3e868000 	C:\WINDOWS\System32\SHELL32.dll
0x00007ffb39e10000 - 0x00007ffb3a6be000 	C:\WINDOWS\SYSTEM32\windows.storage.dll
0x00007ffb3d880000 - 0x00007ffb3d97b000 	C:\WINDOWS\System32\SHCORE.dll
0x00007ffb3e870000 - 0x00007ffb3e8d6000 	C:\WINDOWS\System32\shlwapi.dll
0x00007ffb3c2e0000 - 0x00007ffb3c309000 	C:\WINDOWS\SYSTEM32\profapi.dll
0x00007ffb16460000 - 0x00007ffb16478000 	C:\Users\user\.vscode\extensions\redhat.java-1.56.0-win32-x64\jre\21.0.12.1-win32-x86_64\bin\zip.dll
0x00007ffb16450000 - 0x00007ffb16460000 	C:\Users\user\.vscode\extensions\redhat.java-1.56.0-win32-x64\jre\21.0.12.1-win32-x86_64\bin\net.dll
0x00007ffb31ef0000 - 0x00007ffb3201a000 	C:\WINDOWS\SYSTEM32\WINHTTP.dll
0x00007ffb3b650000 - 0x00007ffb3b6bc000 	C:\WINDOWS\system32\mswsock.dll
0x00007ffb16430000 - 0x00007ffb16446000 	C:\Users\user\.vscode\extensions\redhat.java-1.56.0-win32-x64\jre\21.0.12.1-win32-x86_64\bin\nio.dll
0x00007ffb2c300000 - 0x00007ffb2c310000 	C:\Users\user\.vscode\extensions\redhat.java-1.56.0-win32-x64\jre\21.0.12.1-win32-x86_64\bin\verify.dll
0x00007ffb32bf0000 - 0x00007ffb32c17000 	C:\Users\user\.gradle\native\660c5614fbf4a5f2a75b1949f50a0caf5cd603558e7d8a26e50b933a0cfb79d1\windows-amd64\native-platform.dll
0x00007ffad3ce0000 - 0x00007ffad3d57000 	C:\Users\user\.gradle\native\0.2.8\x86_64-windows-gnu\gradle-fileevents.dll
0x00007ffb32a90000 - 0x00007ffb32a9a000 	C:\Users\user\.vscode\extensions\redhat.java-1.56.0-win32-x64\jre\21.0.12.1-win32-x86_64\bin\management.dll
0x00007ffb32a80000 - 0x00007ffb32a8c000 	C:\Users\user\.vscode\extensions\redhat.java-1.56.0-win32-x64\jre\21.0.12.1-win32-x86_64\bin\management_ext.dll
0x00007ffb3cf30000 - 0x00007ffb3cf38000 	C:\WINDOWS\System32\PSAPI.DLL
0x00007ffb3aa70000 - 0x00007ffb3aaa3000 	C:\WINDOWS\SYSTEM32\IPHLPAPI.DLL
0x00007ffb3d7d0000 - 0x00007ffb3d7da000 	C:\WINDOWS\System32\NSI.dll
0x00007ffb2bbb0000 - 0x00007ffb2bbb9000 	C:\Users\user\.vscode\extensions\redhat.java-1.56.0-win32-x64\jre\21.0.12.1-win32-x86_64\bin\extnet.dll
0x00007ffb3b940000 - 0x00007ffb3b95b000 	C:\WINDOWS\SYSTEM32\CRYPTSP.dll
0x00007ffb3aff0000 - 0x00007ffb3b029000 	C:\WINDOWS\system32\rsaenh.dll
0x00007ffb3b700000 - 0x00007ffb3b734000 	C:\WINDOWS\SYSTEM32\USERENV.dll
0x00007ffb3c2b0000 - 0x00007ffb3c2da000 	C:\WINDOWS\SYSTEM32\bcrypt.dll
0x00007ffb3b960000 - 0x00007ffb3b96c000 	C:\WINDOWS\SYSTEM32\CRYPTBASE.dll
0x00007ffa8ae80000 - 0x00007ffa8ae8e000 	C:\Users\user\.vscode\extensions\redhat.java-1.56.0-win32-x64\jre\21.0.12.1-win32-x86_64\bin\sunmscapi.dll
0x00007ffb3cd50000 - 0x00007ffb3cece000 	C:\WINDOWS\System32\CRYPT32.dll
0x00007ffb3bb80000 - 0x00007ffb3bbb0000 	C:\WINDOWS\SYSTEM32\ncrypt.dll
0x00007ffb3bb30000 - 0x00007ffb3bb6f000 	C:\WINDOWS\SYSTEM32\NTASN1.dll
0x00007ffb37310000 - 0x00007ffb37318000 	C:\WINDOWS\system32\wshunix.dll

JVMTI agents:
C:\Users\user\.gradle\wrapper\dists\gradle-9.5.1-bin\iq79hdu3mqx29lgffhp8bfmx\gradle-9.5.1\lib\agents\gradle-instrumentation-agent-9.5.1.jar path:C:\Users\user\.vscode\extensions\redhat.java-1.56.0-win32-x64\jre\21.0.12.1-win32-x86_64\bin\instrument.dll, loaded, initialized, instrumentlib options:none

dbghelp: loaded successfully - version: 4.0.5 - missing functions: none
symbol engine: initialized successfully - sym options: 0x614 - pdb path: .;C:\Users\user\.vscode\extensions\redhat.java-1.56.0-win32-x64\jre\21.0.12.1-win32-x86_64\bin;C:\WINDOWS\SYSTEM32;C:\WINDOWS\WinSxS\amd64_microsoft.windows.common-controls_6595b64144ccf1df_6.0.26100.9278_none_3e0d1ba8e3303201;C:\Users\user\.vscode\extensions\redhat.java-1.56.0-win32-x64\jre\21.0.12.1-win32-x86_64\bin\server;C:\Users\user\.gradle\native\660c5614fbf4a5f2a75b1949f50a0caf5cd603558e7d8a26e50b933a0cfb79d1\windows-amd64;C:\Users\user\.gradle\native\0.2.8\x86_64-windows-gnu

VM Arguments:
jvm_args: --add-opens=java.base/java.lang=ALL-UNNAMED --add-opens=java.base/java.lang.invoke=ALL-UNNAMED --add-opens=java.base/java.util=ALL-UNNAMED --add-opens=java.prefs/java.util.prefs=ALL-UNNAMED --add-exports=jdk.compiler/com.sun.tools.javac.api=ALL-UNNAMED --add-exports=jdk.compiler/com.sun.tools.javac.util=ALL-UNNAMED --add-opens=java.base/java.nio.charset=ALL-UNNAMED --add-opens=java.base/java.net=ALL-UNNAMED --add-opens=java.base/java.util.concurrent=ALL-UNNAMED --add-opens=java.base/java.util.concurrent.atomic=ALL-UNNAMED --add-opens=java.xml/javax.xml.namespace=ALL-UNNAMED --add-opens=java.base/java.time=ALL-UNNAMED -XX:MaxMetaspaceSize=384m -XX:+HeapDumpOnOutOfMemoryError -Xms256m -Xmx512m -Dfile.encoding=UTF-8 -Duser.country=419 -Duser.language=es -Duser.variant -javaagent:C:\Users\user\.gradle\wrapper\dists\gradle-9.5.1-bin\iq79hdu3mqx29lgffhp8bfmx\gradle-9.5.1\lib\agents\gradle-instrumentation-agent-9.5.1.jar 
java_command: org.gradle.launcher.daemon.bootstrap.GradleDaemon 9.5.1
java_class_path (initial): C:\Users\user\.gradle\wrapper\dists\gradle-9.5.1-bin\iq79hdu3mqx29lgffhp8bfmx\gradle-9.5.1\lib\gradle-daemon-main-9.5.1.jar
Launcher Type: SUN_STANDARD

[Global flags]
     intx CICompilerCount                          = 3                                         {product} {ergonomic}
   size_t CompressedClassSpaceSize                 = 335544320                                 {product} {ergonomic}
     uint ConcGCThreads                            = 1                                         {product} {ergonomic}
     uint G1ConcRefinementThreads                  = 4                                         {product} {ergonomic}
   size_t G1HeapRegionSize                         = 1048576                                   {product} {ergonomic}
    uintx GCDrainStackTargetSize                   = 64                                        {product} {ergonomic}
     bool HeapDumpOnOutOfMemoryError               = true                                   {manageable} {command line}
   size_t InitialHeapSize                          = 268435456                                 {product} {command line}
   size_t MarkStackSize                            = 4194304                                   {product} {ergonomic}
   size_t MaxHeapSize                              = 536870912                                 {product} {command line}
   size_t MaxMetaspaceSize                         = 402653184                                 {product} {command line}
   size_t MaxNewSize                               = 321912832                                 {product} {ergonomic}
   size_t MinHeapDeltaBytes                        = 1048576                                   {product} {ergonomic}
   size_t MinHeapSize                              = 268435456                                 {product} {command line}
    uintx NonNMethodCodeHeapSize                   = 5832780                                {pd product} {ergonomic}
    uintx NonProfiledCodeHeapSize                  = 122912730                              {pd product} {ergonomic}
    uintx ProfiledCodeHeapSize                     = 122912730                              {pd product} {ergonomic}
    uintx ReservedCodeCacheSize                    = 251658240                              {pd product} {ergonomic}
     bool SegmentedCodeCache                       = true                                      {product} {ergonomic}
   size_t SoftMaxHeapSize                          = 536870912                              {manageable} {ergonomic}
     bool UseCompressedOops                        = true                           {product lp64_product} {ergonomic}
     bool UseG1GC                                  = true                                      {product} {ergonomic}
     bool UseLargePagesIndividualAllocation        = false                                  {pd product} {ergonomic}

Logging:
Log output configuration:
 #0: stdout all=warning uptime,level,tags foldmultilines=false
 #1: stderr all=off uptime,level,tags foldmultilines=false

Release file:
JAVA_VERSION="21.0.12.1" 
MODULES="java.base java.compiler java.datatransfer java.xml java.prefs java.desktop java.instrument java.logging java.management java.security.sasl java.naming java.rmi java.management.rmi java.net.http java.scripting java.security.jgss java.transaction.xa java.sql java.sql.rowset java.xml.crypto java.se java.smartcardio jdk.accessibility jdk.internal.jvmstat jdk.attach jdk.charsets jdk.internal.opt jdk.zipfs jdk.compiler jdk.crypto.ec jdk.crypto.cryptoki jdk.crypto.mscapi jdk.dynalink jdk.internal.ed jdk.editpad jdk.hotspot.agent jdk.httpserver jdk.internal.le jdk.internal.vm.ci jdk.internal.vm.compiler jdk.internal.vm.compiler.management jdk.jartool jdk.javadoc jdk.jcmd jdk.management jdk.management.agent jdk.jconsole jdk.jdeps jdk.jdwp.agent jdk.jdi jdk.jfr jdk.jshell jdk.jsobject jdk.jstatd jdk.localedata jdk.management.jfr jdk.naming.dns jdk.naming.rmi jdk.net jdk.nio.mapmode jdk.random jdk.sctp jdk.security.auth jdk.security.jgss jdk.unsupported jdk.unsupported.desktop jdk.xml.dom" 

Environment Variables:
JAVA_HOME=C:\Program Files\Java\jdk-17
PATH=C:\Program Files\Common Files\Oracle\Java\javapath;C:\Program Files (x86)\Common Files\Oracle\Java\java8path;C:\Program Files (x86)\Common Files\Oracle\Java\javapath;C:\Python313\Scripts\;C:\Python313\;C:\WINDOWS\system32;C:\WINDOWS;C:\WINDOWS\System32\Wbem;C:\WINDOWS\System32\WindowsPowerShell\v1.0\;C:\WINDOWS\System32\OpenSSH\;C:\Program Files\nodejs\;C:\ProgramData\chocolatey\bin;%ANDROID_HOME%\platform-tools;%ANDROID_HOME%\emulator;C:\Python313\Scripts;C:\Users\user\AppData\Local\Programs\Python\Python313\Scripts;C:\mingw64\bin;C:\xampp\php;C:\ProgramData\ComposerSetup\bin;C:\Program Files\Git\cmd;C:\Program Files (x86)\Nmap\;C:\Program Files\Nmap\;C:\Program Files\PostgreSQL\17\bin;;C:\WINDOWS\system32\config\systemprofile\AppData\Local\Muse Hub\lib;C:\Program Files\Docker\Docker\resources\bin;C:\Users\user\AppData\Local\agy\bin;C:\Users\user\AppData\Local\Microsoft\WindowsApps;C:\Users\user\AppData\Roaming\npm;C:\Users\user\AppData\Local\Programs\Microsoft VS Code\bin;C:\Program Files\Java\jdk-17\bin;C:\mingw64\bin;C:\Users\user\AppData\Roaming\Composer\vendor\bin;C:\Program Files (x86)\Nmap;C:\Users\user\AppData\Local\Programs\Antigravity\bin;C:\Users\user\AppData\Local\Muse Hub\lib;C:\Users\user\.lmstudio\bin;C:\Users\user\AppData\Local\Microsoft\WindowsApps;C:\Users\user\AppData\Local\Programs\Antigravity IDE\bin
USERNAME=user
OS=Windows_NT
PROCESSOR_IDENTIFIER=AMD64 Family 23 Model 24 Stepping 1, AuthenticAMD
TMP=C:\Users\user\AppData\Local\Temp
TEMP=C:\Users\user\AppData\Local\Temp




Periodic native trim disabled

---------------  S Y S T E M  ---------------

OS:
 Windows 11 , 64 bit Build 26100 (10.0.26100.9444)
OS uptime: 0 days 1:11 hours
Hyper-V role detected

CPU: total 4 (initial active 4) (4 cores per cpu, 2 threads per core) family 23 model 24 stepping 1 microcode 0x8108109, cx8, cmov, fxsr, ht, mmx, 3dnowpref, sse, sse2, sse3, ssse3, sse4a, sse4.1, sse4.2, popcnt, lzcnt, tsc, tscinvbit, avx, avx2, aes, clmul, bmi1, bmi2, adx, sha, fma, vzeroupper, clflush, clflushopt, hv, rdtscp, f16c
Processor Information for the first 4 processors :
  Max Mhz: 2600, Current Mhz: 2600, Mhz Limit: 2600

Memory: 4k page, system-wide physical 18369M (157M free)
TotalPageFile size 48770M (AvailPageFile size 2M)
current process WorkingSet (physical memory assigned to process): 272M, peak: 287M
current process commit charge ("private bytes"): 471M, peak: 484M

vm_info: OpenJDK 64-Bit Server VM (21.0.12.1+1-LTS) for windows-amd64 JRE (21.0.12.1+1-LTS), built on 2026-08-18T00:00:00Z by "admin" with MS VC++ 17.12 (VS2022)

END.
